V "4.8.10.0"
R
U 0
U 0
U 0
U 0
C 364
R
U 0
U 0
U 0
U 0
C 364
R
C 365
M "SimpleExample"
R
P 0x0
C 7
= 0x7f94870ee408
R
P 0x7f94870ee408
U 2
C 351
R
P 0x7f94870ee408
C 361
R
P 0x7f94870ee408
C 8
R
C 3
= 0x7f94865331c8
R
P 0x7f94865331c8
C 7
= 0x7f94870ee408
R
P 0x7f94865331c8
C 4
R
P 0x7f94870ee408
U 2
C 351
R
P 0x7f94870ee408
C 361
R
P 0x7f94870ee408
C 571
= 0x7f94866065b8
R
P 0x7f94870ee408
C 361
R
P 0x7f94870ee408
P 0x7f94866065b8
C 572
R
P 0x7f94870ee408
C 361
R
P 0x7f94870ee408
C 33
= 0x7f94871132d8
R
P 0x7f94870ee408
C 361
R
P 0x7f94870ee408
P 0x7f94871132d8
C 274
R
P 0x7f94870ee408
C 361
R
P 0x7f94870ee408
P 0x7f94871132d8
C 9
R
P 0x7f94870ee408
C 361
R
P 0x7f94870ee408
S "x"
C 30
R
P 0x7f94870ee408
C 361
R
P 0x7f94870ee408
$ |x|
C 219
R
P 0x7f94870ee408
C 361
R
P 0x7f94870ee408
$ |x|
P 0x7f94871132d8
C 51
= 0x7f9487113bf8
R
P 0x7f94870ee408
C 361
R
P 0x7f94870ee408
P 0x7f9487113bf8
C 274
R
P 0x7f94870ee408
C 361
R
P 0x7f94870ee408
P 0x7f9487113bf8
C 271
= 0x7f94871132d8
R
P 0x7f94870ee408
C 361
R
P 0x7f94870ee408
P 0x7f94871132d8
C 226
R
P 0x7f94870ee408
C 361
R
P 0x7f94870ee408
P 0x7f9487113bf8
C 277
R
P 0x7f94870ee408
C 361
R
P 0x7f94870ee408
P 0x7f9487113bf8
C 276
R
P 0x7f94870ee408
C 361
R
P 0x7f94870ee408
P 0x7f9487113bf8
C 275
R
P 0x7f94870ee408
C 361
R
P 0x7f94870ee408
P 0x7f9487113bf8
C 9
R
P 0x7f94870ee408
C 361
R
P 0x7f94870ee408
S "y"
C 30
R
P 0x7f94870ee408
C 361
R
P 0x7f94870ee408
$ |y|
C 219
R
P 0x7f94870ee408
C 361
R
P 0x7f94870ee408
$ |y|
P 0x7f94871132d8
C 51
= 0x7f9487113c18
R
P 0x7f94870ee408
C 361
R
P 0x7f94870ee408
P 0x7f9487113c18
C 274
R
P 0x7f94870ee408
C 361
R
P 0x7f94870ee408
P 0x7f9487113c18
C 271
= 0x7f94871132d8
R
P 0x7f94870ee408
C 361
R
P 0x7f94870ee408
P 0x7f94871132d8
C 226
R
P 0x7f94870ee408
C 361
R
P 0x7f94870ee408
P 0x7f9487113c18
C 277
R
P 0x7f94870ee408
C 361
R
P 0x7f94870ee408
P 0x7f9487113c18
C 276
R
P 0x7f94870ee408
C 361
R
P 0x7f94870ee408
P 0x7f9487113c18
C 275
R
P 0x7f94870ee408
C 361
R
P 0x7f94870ee408
P 0x7f9487113c18
C 9
R
P 0x7f94870ee408
C 361
R
P 0x7f94870ee408
U 2
P 0x7f9487113bf8
P 0x7f9487113c18
p 2
C 67
= 0x7f9487119ce8
R
P 0x7f94870ee408
C 361
R
P 0x7f94870ee408
P 0x7f9487119ce8
C 274
R
P 0x7f94870ee408
C 361
R
P 0x7f94870ee408
P 0x7f9487119ce8
C 271
= 0x7f94871132d8
R
P 0x7f94870ee408
C 361
R
P 0x7f94870ee408
P 0x7f94871132d8
C 226
R
P 0x7f94870ee408
C 361
R
P 0x7f94870ee408
P 0x7f9487119ce8
C 277
R
P 0x7f94870ee408
C 361
R
P 0x7f94870ee408
P 0x7f9487119ce8
C 276
R
P 0x7f94870ee408
C 361
R
P 0x7f94870ee408
P 0x7f9487119ce8
C 275
R
P 0x7f94870ee408
C 361
R
P 0x7f94870ee408
P 0x7f9487119ce8
C 9
R
P 0x7f94870ee408
C 361
R
P 0x7f94870ee408
I 10
P 0x7f94871132d8
C 154
= 0x7f9487113c38
R
P 0x7f94870ee408
C 361
R
P 0x7f94870ee408
P 0x7f9487113c38
C 275
R
P 0x7f94870ee408
C 361
R
P 0x7f94870ee408
P 0x7f9487113c38
C 9
R
P 0x7f94870ee408
C 361
R
P 0x7f94870ee408
P 0x7f9487119ce8
P 0x7f9487113c38
C 58
= 0x7f9487119d20
R
P 0x7f94870ee408
C 361
R
P 0x7f94870ee408
P 0x7f9487119d20
C 275
R
P 0x7f94870ee408
C 361
R
P 0x7f94870ee408
P 0x7f9487119d20
C 9
R
P 0x7f94870ee408
C 361
R
P 0x7f94870ee408
I 0
P 0x7f94871132d8
C 154
= 0x7f9487113c58
R
P 0x7f94870ee408
C 361
R
P 0x7f94870ee408
P 0x7f9487113c58
C 275
R
P 0x7f94870ee408
C 361
R
P 0x7f94870ee408
P 0x7f9487113c58
C 9
R
P 0x7f94870ee408
C 361
R
P 0x7f94870ee408
P 0x7f9487113bf8
P 0x7f9487113c58
C 78
= 0x7f9487119d58
R
P 0x7f94870ee408
C 361
R
P 0x7f94870ee408
P 0x7f9487119d58
C 275
R
P 0x7f94870ee408
C 361
R
P 0x7f94870ee408
P 0x7f9487119d58
C 9
R
P 0x7f94870ee408
C 361
R
P 0x7f94870ee408
I 0
P 0x7f94871132d8
C 154
= 0x7f9487113c58
R
P 0x7f94870ee408
C 361
R
P 0x7f94870ee408
P 0x7f9487113c58
C 275
R
P 0x7f94870ee408
C 361
R
P 0x7f94870ee408
P 0x7f9487113c58
C 9
R
P 0x7f94870ee408
C 361
R
P 0x7f94870ee408
P 0x7f9487113c18
P 0x7f9487113c58
C 78
= 0x7f9487119d90
R
P 0x7f94870ee408
C 361
R
P 0x7f94870ee408
P 0x7f9487119d90
C 275
R
P 0x7f94870ee408
C 361
R
P 0x7f94870ee408
P 0x7f9487119d90
C 9
R
P 0x7f94870ee408
C 361
R
P 0x7f94870ee408
P 0x7f94866065b8
P 0x7f9487119d20
C 574
R
P 0x7f94870ee408
C 361
R
P 0x7f94870ee408
P 0x7f94866065b8
P 0x7f9487119d58
C 574
R
P 0x7f94870ee408
C 361
R
P 0x7f94870ee408
P 0x7f94866065b8
P 0x7f9487119d90
C 574
R
P 0x7f94870ee408
C 361
R
P 0x7f94870ee408
P 0x7f94866065b8
P 0x7f9487113bf8
C 577
R
P 0x7f94870ee408
C 361
R
P 0x7f94870ee408
P 0x7f94866065b8
P 0x7f9487113c18
C 577
R
P 0x7f94870ee408
C 361
R
P 0x7f94870ee408
P 0x7f94866065b8
U 0
p 0
C 581
R
P 0x7f94870ee408
C 361
R
P 0x7f94870ee408
P 0x7f94866065b8
U 0
C 587
= 0x7f9487113c38
R
P 0x7f94870ee408
C 361
R
P 0x7f94870ee408
P 0x7f9487113c38
C 274
R
P 0x7f94870ee408
C 361
R
P 0x7f94870ee408
P 0x7f9487113c38
C 271
= 0x7f94871132d8
R
P 0x7f94870ee408
C 361
R
P 0x7f94870ee408
P 0x7f94871132d8
C 226
R
P 0x7f94870ee408
C 361
R
P 0x7f94870ee408
P 0x7f9487113c38
C 277
R
P 0x7f94870ee408
C 361
R
P 0x7f94870ee408
P 0x7f9487113c38
C 276
R
P 0x7f94870ee408
C 361
R
P 0x7f94870ee408
P 0x7f9487113c38
C 275
R
P 0x7f94870ee408
C 361
R
P 0x7f94870ee408
P 0x7f9487113c38
C 9
R
P 0x7f94870ee408
C 361
R
P 0x7f94870ee408
P 0x7f9487113c38
C 280
R
P 0x7f94870ee408
C 361
R
P 0x7f94870ee408
P 0x7f94866065b8
U 1
C 587
= 0x7f9487113c58
R
P 0x7f94870ee408
C 361
R
P 0x7f94870ee408
P 0x7f9487113c58
C 274
R
P 0x7f94870ee408
C 361
R
P 0x7f94870ee408
P 0x7f9487113c58
C 271
= 0x7f94871132d8
R
P 0x7f94870ee408
C 361
R
P 0x7f94870ee408
P 0x7f94871132d8
C 226
R
P 0x7f94870ee408
C 361
R
P 0x7f94870ee408
P 0x7f9487113c58
C 277
R
P 0x7f94870ee408
C 361
R
P 0x7f94870ee408
P 0x7f9487113c58
C 276
R
P 0x7f94870ee408
C 361
R
P 0x7f94870ee408
P 0x7f9487113c58
C 275
R
P 0x7f94870ee408
C 361
R
P 0x7f94870ee408
P 0x7f9487113c58
C 9
R
P 0x7f94870ee408
C 361
R
P 0x7f94870ee408
P 0x7f9487113c58
C 280
R
P 0x7f94870ee408
C 361
R
P 0x7f94870ee408
S "f"
C 30
R
P 0x7f94870ee408
C 361
R
P 0x7f94870ee408
$ |f|
C 219
R
P 0x7f94870ee408
C 361
R
P 0x7f94870ee408
S "x"
C 30
R
P 0x7f94870ee408
C 361
R
P 0x7f94870ee408
$ |x|
C 219
R
P 0x7f94870ee408
C 361
R
P 0x7f94870ee408
S "y"
C 30
R
P 0x7f94870ee408
C 361
R
P 0x7f94870ee408
$ |y|
C 219
R
P 0x7f94870ee408
C 361
R
P 0x7f94870ee408
C 32
= 0x7f9487113218
R
P 0x7f94870ee408
C 361
R
P 0x7f94870ee408
P 0x7f9487113218
C 274
R
P 0x7f94870ee408
C 361
R
P 0x7f94870ee408
P 0x7f9487113218
C 9
R
P 0x7f94870ee408
C 361
R
P 0x7f94870ee408
$ |f|
U 2
P 0x7f9487113218
P 0x7f9487113218
p 2
P 0x7f9487113218
C 49
= 0x7f9487117f18
R
P 0x7f94870ee408
C 361
R
P 0x7f94870ee408
P 0x7f9487117f18
C 274
R
P 0x7f94870ee408
C 361
R
P 0x7f94870ee408
P 0x7f9487117f18
C 9
R
P 0x7f94870ee408
C 361
R
P 0x7f94870ee408
$ |x|
P 0x7f9487113218
C 51
= 0x7f9487114058
R
P 0x7f94870ee408
C 361
R
P 0x7f94870ee408
P 0x7f9487114058
C 274
R
P 0x7f94870ee408
C 361
R
P 0x7f94870ee408
P 0x7f9487114058
C 271
= 0x7f9487113218
R
P 0x7f94870ee408
C 361
R
P 0x7f94870ee408
P 0x7f9487113218
C 226
R
P 0x7f94870ee408
C 361
R
P 0x7f94870ee408
P 0x7f9487114058
C 277
R
P 0x7f94870ee408
C 361
R
P 0x7f94870ee408
P 0x7f9487114058
C 276
R
P 0x7f94870ee408
C 361
R
P 0x7f94870ee408
P 0x7f9487114058
C 275
R
P 0x7f94870ee408
C 361
R
P 0x7f94870ee408
P 0x7f9487114058
C 9
R
P 0x7f94870ee408
C 361
R
P 0x7f94870ee408
$ |y|
P 0x7f9487113218
C 51
= 0x7f9487114078
R
P 0x7f94870ee408
C 361
R
P 0x7f94870ee408
P 0x7f9487114078
C 274
R
P 0x7f94870ee408
C 361
R
P 0x7f94870ee408
P 0x7f9487114078
C 271
= 0x7f9487113218
R
P 0x7f94870ee408
C 361
R
P 0x7f94870ee408
P 0x7f9487113218
C 226
R
P 0x7f94870ee408
C 361
R
P 0x7f94870ee408
P 0x7f9487114078
C 277
R
P 0x7f94870ee408
C 361
R
P 0x7f94870ee408
P 0x7f9487114078
C 276
R
P 0x7f94870ee408
C 361
R
P 0x7f94870ee408
P 0x7f9487114078
C 275
R
P 0x7f94870ee408
C 361
R
P 0x7f94870ee408
P 0x7f9487114078
C 9
R
P 0x7f94870ee408
C 361
R
P 0x7f94870ee408
P 0x7f9487117f18
U 2
P 0x7f9487114058
P 0x7f9487114078
p 2
C 50
= 0x7f948711a148
R
P 0x7f94870ee408
C 361
R
P 0x7f94870ee408
P 0x7f948711a148
C 274
R
P 0x7f94870ee408
C 361
R
P 0x7f94870ee408
P 0x7f948711a148
C 271
= 0x7f9487113218
R
P 0x7f94870ee408
C 361
R
P 0x7f94870ee408
P 0x7f9487113218
C 226
R
P 0x7f94870ee408
C 361
R
P 0x7f94870ee408
P 0x7f948711a148
C 277
R
P 0x7f94870ee408
C 361
R
P 0x7f94870ee408
P 0x7f948711a148
C 276
R
P 0x7f94870ee408
C 361
R
P 0x7f94870ee408
P 0x7f948711a148
C 275
R
P 0x7f94870ee408
C 361
R
P 0x7f94870ee408
P 0x7f948711a148
C 9
R
P 0x7f94870ee408
C 361
R
P 0x7f94870ee408
S "cp"
P 0x7f9487113218
C 53
= 0x7f9487114038
R
P 0x7f94870ee408
C 361
R
P 0x7f94870ee408
P 0x7f9487114038
C 274
R
P 0x7f94870ee408
C 361
R
P 0x7f94870ee408
P 0x7f9487114038
C 271
= 0x7f9487113218
R
P 0x7f94870ee408
C 361
R
P 0x7f94870ee408
P 0x7f9487113218
C 226
R
P 0x7f94870ee408
C 361
R
P 0x7f94870ee408
P 0x7f9487114038
C 277
R
P 0x7f94870ee408
C 361
R
P 0x7f94870ee408
P 0x7f9487114038
C 276
R
P 0x7f94870ee408
C 361
R
P 0x7f94870ee408
P 0x7f9487114038
C 275
R
P 0x7f94870ee408
C 361
R
P 0x7f94870ee408
P 0x7f9487114038
C 9
R
P 0x7f94870ee408
C 361
R
P 0x7f94870ee408
S "fp"
U 1
P 0x7f9487113218
p 1
P 0x7f9487113218
C 52
= 0x7f948711a180
R
P 0x7f94870ee408
C 361
R
P 0x7f94870ee408
P 0x7f948711a180
C 274
R
P 0x7f94870ee408
C 361
R
P 0x7f94870ee408
P 0x7f948711a180
C 9
R
P 0x7f94870ee408
C 361
R
P 0x7f94870ee408
P 0x7f948711a180
U 1
P 0x7f9487114038
p 1
C 50
= 0x7f94871156b8
R
P 0x7f94870ee408
C 361
R
P 0x7f94870ee408
P 0x7f94871156b8
C 274
R
P 0x7f94870ee408
C 361
R
P 0x7f94870ee408
P 0x7f94871156b8
C 271
= 0x7f9487113218
R
P 0x7f94870ee408
C 361
R
P 0x7f94870ee408
P 0x7f9487113218
C 226
R
P 0x7f94870ee408
C 361
R
P 0x7f94870ee408
P 0x7f94871156b8
C 277
R
P 0x7f94870ee408
C 361
R
P 0x7f94870ee408
P 0x7f94871156b8
C 276
R
P 0x7f94870ee408
C 361
R
P 0x7f94870ee408
P 0x7f94871156b8
C 275
R
P 0x7f94870ee408
C 361
R
P 0x7f94870ee408
P 0x7f94871156b8
C 9
R
P 0x7f94870ee408
C 361
R
P 0x7f94870ee408
P 0x7f948711a148
P 0x7f948711a148
C 58
= 0x7f948711a1b8
R
P 0x7f94870ee408
C 361
R
P 0x7f94870ee408
P 0x7f948711a1b8
C 275
R
P 0x7f94870ee408
C 361
R
P 0x7f94870ee408
P 0x7f948711a1b8
C 9
R
P 0x7f94870ee408
C 361
R
P 0x7f94870ee408
P 0x7f948711a148
P 0x7f94871156b8
C 58
= 0x7f948711a1f0
R
P 0x7f94870ee408
C 361
R
P 0x7f94870ee408
P 0x7f948711a1f0
C 275
R
P 0x7f94870ee408
C 361
R
P 0x7f94870ee408
P 0x7f948711a1f0
C 9
R
P 0x7f94870ee408
C 361
R
P 0x7f94870ee408
I 1
I 0
I 0
C 370
= 0x7f9486488f08
R
P 0x7f94870ee408
C 361
R
P 0x7f94870ee408
P 0x7f9486488f08
C 371
R
P 0x7f94870ee408
C 361
R
P 0x7f94870ee408
P 0x7f9486488f08
P 0x7f948711a1b8
C 374
R
P 0x7f94870ee408
C 361
R
P 0x7f94870ee408
P 0x7f9486488f08
P 0x7f948711a1f0
C 374
R
P 0x7f94870ee408
C 361
R
P 0x7f94870ee408
P 0x7f9486488f08
C 385
R
P 0x7f94870ee408
C 361
R
P 0x7f94870ee408
C 431
= 0x7f948a54a098
R
P 0x7f94870ee408
C 361
R
P 0x7f94870ee408
P 0x7f948a54a098
C 440
R
P 0x7f94870ee408
C 361
R
P 0x7f94870ee408
P 0x7f9486488f08
C 378
R
P 0x7f94870ee408
C 361
R
P 0x7f94870ee408
P 0x7f9486488f08
U 0
C 379
= 0x7f948711a1b8
R
P 0x7f94870ee408
C 361
R
P 0x7f94870ee408
P 0x7f948711a1b8
C 274
R
P 0x7f94870ee408
C 361
R
P 0x7f94870ee408
P 0x7f948711a1b8
C 271
= 0x7f9487113218
R
P 0x7f94870ee408
C 361
R
P 0x7f94870ee408
P 0x7f9487113218
C 226
R
P 0x7f94870ee408
C 361
R
P 0x7f94870ee408
P 0x7f948711a1b8
C 277
R
P 0x7f94870ee408
C 361
R
P 0x7f94870ee408
P 0x7f948711a1b8
C 276
R
P 0x7f94870ee408
C 361
R
P 0x7f94870ee408
P 0x7f948711a1b8
C 275
R
P 0x7f94870ee408
C 361
R
P 0x7f94870ee408
P 0x7f948711a1b8
C 9
R
P 0x7f94870ee408
C 361
R
P 0x7f94870ee408
P 0x7f9486488f08
U 1
C 379
= 0x7f948711a1f0
R
P 0x7f94870ee408
C 361
R
P 0x7f94870ee408
P 0x7f948711a1f0
C 274
R
P 0x7f94870ee408
C 361
R
P 0x7f94870ee408
P 0x7f948711a1f0
C 271
= 0x7f9487113218
R
P 0x7f94870ee408
C 361
R
P 0x7f94870ee408
P 0x7f9487113218
C 226
R
P 0x7f94870ee408
C 361
R
P 0x7f94870ee408
P 0x7f948711a1f0
C 277
R
P 0x7f94870ee408
C 361
R
P 0x7f94870ee408
P 0x7f948711a1f0
C 276
R
P 0x7f94870ee408
C 361
R
P 0x7f94870ee408
P 0x7f948711a1f0
C 275
R
P 0x7f94870ee408
C 361
R
P 0x7f94870ee408
P 0x7f948711a1f0
C 9
R
P 0x7f94870ee408
C 361
R
P 0x7f94870ee408
P 0x7f948a54a098
P 0x7f948711a1b8
C 447
R
P 0x7f94870ee408
C 361
R
P 0x7f94870ee408
P 0x7f948a54a098
P 0x7f948711a1f0
C 447
R
P 0x7f94870ee408
C 361
R
P 0x7f94870ee408
P 0x7f948a54a098
C 458
R
P 0x7f94870ee408
C 361
R
P 0x7f94870ee408
S "simplify"
C 387
= 0x7f948c0856c8
R
P 0x7f94870ee408
C 361
R
P 0x7f94870ee408
P 0x7f948c0856c8
C 388
R
P 0x7f94870ee408
C 361
R
P 0x7f94870ee408
P 0x7f9486488f08
C 385
R
P 0x7f94870ee408
C 361
R
P 0x7f94870ee408
P 0x7f948c0856c8
P 0x7f9486488f08
C 424
= 0x7f948c085838
R
P 0x7f94870ee408
C 361
R
P 0x7f94870ee408
P 0x7f948c085838
C 426
R
P 0x7f94870ee408
C 361
R
P 0x7f94870ee408
P 0x7f948c085838
C 428
R
P 0x7f94870ee408
C 361
R
P 0x7f94870ee408
P 0x7f948c085838
C 429
R
P 0x7f94870ee408
C 361
R
P 0x7f94870ee408
P 0x7f948c085838
U 0
C 430
= 0x7f948c085728
R
P 0x7f94870ee408
C 361
R
P 0x7f94870ee408
P 0x7f948c085728
C 371
R
P 0x7f94870ee408
C 361
R
P 0x7f94870ee408
P 0x7f948c085728
C 381
R
P 0x7f94870ee408
C 361
R
P 0x7f94870ee408
P 0x7f948c085728
C 382
R
P 0x7f94870ee408
C 361
R
P 0x7f94870ee408
P 0x7f948c085838
C 429
R
P 0x7f94870ee408
C 361
R
P 0x7f94870ee408
P 0x7f948c085838
C 429
R
P 0x7f94870ee408
C 361
R
P 0x7f94870ee408
P 0x7f948c085838
U 0
C 430
= 0x7f948c085798
R
P 0x7f94870ee408
C 361
R
P 0x7f94870ee408
P 0x7f948c085798
C 371
R
P 0x7f94870ee408
C 361
R
P 0x7f94870ee408
P 0x7f948c085798
C 381
R
P 0x7f94870ee408
C 361
R
P 0x7f94870ee408
P 0x7f948c085838
C 429
R
P 0x7f94870ee408
C 361
R
P 0x7f94870ee408
P 0x7f948c085838
U 0
C 430
= 0x7f948c08b848
R
P 0x7f94870ee408
C 361
R
P 0x7f94870ee408
P 0x7f948c08b848
C 371
R
P 0x7f94870ee408
C 361
R
P 0x7f94870ee408
P 0x7f948c08b848
C 382
R
P 0x7f94870ee408
C 361
R
P 0x7f94870ee408
S "smt"
C 387
= 0x7f948c08ba08
R
P 0x7f94870ee408
C 361
R
P 0x7f94870ee408
P 0x7f948c08ba08
C 388
R
P 0x7f94870ee408
C 361
R
P 0x7f94870ee408
P 0x7f9486488f08
C 385
R
P 0x7f94870ee408
C 361
R
P 0x7f94870ee408
P 0x7f948c08ba08
P 0x7f9486488f08
C 424
= 0x7f948c09faf8
R
P 0x7f94870ee408
C 361
R
P 0x7f94870ee408
P 0x7f948c09faf8
C 426
R
P 0x7f94870ee408
C 361
R
P 0x7f94870ee408
P 0x7f948c09faf8
C 428
R
P 0x7f94870ee408
C 361
R
P 0x7f94870ee408
P 0x7f948c09faf8
C 429
R
P 0x7f94870ee408
C 361
R
P 0x7f94870ee408
P 0x7f948c09faf8
U 0
C 430
= 0x7f948c0856f8
R
P 0x7f94870ee408
C 361
R
P 0x7f94870ee408
P 0x7f948c0856f8
C 371
R
P 0x7f94870ee408
C 361
R
P 0x7f94870ee408
P 0x7f948c0856f8
C 381
R
P 0x7f94870ee408
C 361
R
P 0x7f94870ee408
P 0x7f948c09faf8
C 429
R
P 0x7f94870ee408
C 361
R
P 0x7f94870ee408
P 0x7f948c09faf8
C 429
R
P 0x7f94870ee408
C 361
R
P 0x7f94870ee408
P 0x7f948c09faf8
U 0
C 430
= 0x7f948c08ba78
R
P 0x7f94870ee408
C 361
R
P 0x7f94870ee408
P 0x7f948c08ba78
C 371
R
P 0x7f94870ee408
C 361
R
P 0x7f94870ee408
P 0x7f948c08ba78
C 381
R
P 0x7f94870ee408
C 361
R
P 0x7f94870ee408
U 32
C 35
= 0x7f9487113718
R
P 0x7f94870ee408
C 361
R
P 0x7f94870ee408
P 0x7f9487113718
C 274
R
P 0x7f94870ee408
C 361
R
P 0x7f94870ee408
P 0x7f9487113718
C 9
R
P 0x7f94870ee408
C 361
R
P 0x7f94870ee408
I 1
P 0x7f9487113718
C 154
= 0x7f94871140b8
R
P 0x7f94870ee408
C 361
R
P 0x7f94870ee408
P 0x7f94871140b8
C 274
R
P 0x7f94870ee408
C 361
R
P 0x7f94870ee408
P 0x7f94871140b8
C 271
= 0x7f9487113718
R
P 0x7f94870ee408
C 361
R
P 0x7f94870ee408
P 0x7f9487113718
C 226
R
P 0x7f94870ee408
C 361
R
P 0x7f94870ee408
P 0x7f94871140b8
C 277
R
P 0x7f94870ee408
C 361
R
P 0x7f94870ee408
P 0x7f94871140b8
C 276
R
P 0x7f94870ee408
C 361
R
P 0x7f94870ee408
P 0x7f94871140b8
C 275
R
P 0x7f94870ee408
C 361
R
P 0x7f94870ee408
P 0x7f94871140b8
C 9
R
P 0x7f94870ee408
C 361
R
P 0x7f94870ee408
U 32
C 35
= 0x7f9487113718
R
P 0x7f94870ee408
C 361
R
P 0x7f94870ee408
P 0x7f9487113718
C 274
R
P 0x7f94870ee408
C 361
R
P 0x7f94870ee408
P 0x7f9487113718
C 9
R
P 0x7f94870ee408
C 361
R
P 0x7f94870ee408
I 2
P 0x7f9487113718
C 154
= 0x7f9487114118
R
P 0x7f94870ee408
C 361
R
P 0x7f94870ee408
P 0x7f9487114118
C 274
R
P 0x7f94870ee408
C 361
R
P 0x7f94870ee408
P 0x7f9487114118
C 271
= 0x7f9487113718
R
P 0x7f94870ee408
C 361
R
P 0x7f94870ee408
P 0x7f9487113718
C 226
R
P 0x7f94870ee408
C 361
R
P 0x7f94870ee408
P 0x7f9487114118
C 277
R
P 0x7f94870ee408
C 361
R
P 0x7f94870ee408
P 0x7f9487114118
C 276
R
P 0x7f94870ee408
C 361
R
P 0x7f94870ee408
P 0x7f9487114118
C 275
R
P 0x7f94870ee408
C 361
R
P 0x7f94870ee408
P 0x7f9487114118
C 9
R
P 0x7f94870ee408
C 361
R
P 0x7f94870ee408
P 0x7f94871140b8
P 0x7f9487114118
C 58
= 0x7f948711a228
R
P 0x7f94870ee408
C 361
R
P 0x7f94870ee408
P 0x7f948711a228
C 275
R
P 0x7f94870ee408
C 361
R
P 0x7f94870ee408
P 0x7f948711a228
C 9
R
P 0x7f94870ee408
C 361
R
P 0x7f94870ee408
P 0x7f9486488f08
P 0x7f948711a228
C 374
R
P 0x7f94870ee408
C 361
R
P 0x7f94870ee408
S "smt"
C 387
= 0x7f948c0ab228
R
P 0x7f94870ee408
C 361
R
P 0x7f94870ee408
P 0x7f948c0ab228
C 388
R
P 0x7f94870ee408
C 361
R
P 0x7f94870ee408
P 0x7f9486488f08
C 385
R
P 0x7f94870ee408
C 361
R
P 0x7f94870ee408
P 0x7f948c0ab228
P 0x7f9486488f08
C 424
= 0x7f948c0ab318
R
P 0x7f94870ee408
C 361
R
P 0x7f94870ee408
P 0x7f948c0ab318
C 426
R
P 0x7f94870ee408
C 361
R
P 0x7f94870ee408
P 0x7f948c0ab318
C 428
R
P 0x7f94870ee408
C 361
R
P 0x7f94870ee408
P 0x7f948c0ab318
C 429
R
P 0x7f94870ee408
C 361
R
P 0x7f94870ee408
P 0x7f948c0ab318
U 0
C 430
= 0x7f948648c078
R
P 0x7f94870ee408
C 361
R
P 0x7f94870ee408
P 0x7f948648c078
C 371
R
P 0x7f94870ee408
C 361
R
P 0x7f94870ee408
P 0x7f948648c078
C 381
R
P 0x7f94870ee408
C 361
R
P 0x7f94870ee408
P 0x7f948648c078
C 382
R
P 0x7f94870ee408
C 361
R
P 0x7f94870ee408
P 0x7f948c0ab318
C 429
R
P 0x7f94870ee408
C 361
R
P 0x7f94870ee408
P 0x7f948c0ab318
C 429
R
P 0x7f94870ee408
C 361
R
P 0x7f94870ee408
P 0x7f948c0ab318
U 0
C 430
= 0x7f948648bfe8
R
P 0x7f94870ee408
C 361
R
P 0x7f94870ee408
P 0x7f948648bfe8
C 371
R
P 0x7f94870ee408
C 361
R
P 0x7f94870ee408
P 0x7f948648bfe8
C 382
R
P 0x7f94870ee408
C 361
R
P 0x7f94870ee408
I 1
I 1
I 0
C 370
= 0x7f948648c018
R
P 0x7f94870ee408
C 361
R
P 0x7f94870ee408
P 0x7f948648c018
C 371
R
P 0x7f94870ee408
C 361
R
P 0x7f94870ee408
S "smt"
C 387
= 0x7f948648c488
R
P 0x7f94870ee408
C 361
R
P 0x7f94870ee408
P 0x7f948648c488
C 388
R
P 0x7f94870ee408
C 361
R
P 0x7f94870ee408
P 0x7f948648c018
C 385
R
P 0x7f94870ee408
C 361
R
P 0x7f94870ee408
P 0x7f948648c488
P 0x7f948648c018
C 424
= 0x7f948648c528
R
P 0x7f94870ee408
C 361
R
P 0x7f94870ee408
P 0x7f948648c528
C 426
R
P 0x7f94870ee408
C 361
R
P 0x7f94870ee408
P 0x7f948648c528
C 428
R
P 0x7f94870ee408
C 361
R
P 0x7f94870ee408
P 0x7f948648c528
C 429
R
P 0x7f94870ee408
C 361
R
P 0x7f94870ee408
P 0x7f948648c528
U 0
C 430
= 0x7f9486496908
R
P 0x7f94870ee408
C 361
R
P 0x7f94870ee408
P 0x7f9486496908
C 371
R
P 0x7f94870ee408
C 361
R
P 0x7f94870ee408
P 0x7f9486496908
C 381
R
P 0x7f94870ee408
C 361
R
P 0x7f94870ee408
P 0x7f948648c528
C 429
R
P 0x7f94870ee408
C 361
R
P 0x7f94870ee408
P 0x7f948648c528
C 429
R
P 0x7f94870ee408
C 361
R
P 0x7f94870ee408
P 0x7f948648c528
U 0
C 430
= 0x7f9486498cd8
R
P 0x7f94870ee408
C 361
R
P 0x7f94870ee408
P 0x7f9486498cd8
C 371
R
P 0x7f94870ee408
C 361
R
P 0x7f94870ee408
P 0x7f9486498cd8
C 381
R
P 0x7f94870ee408
C 361
R
P 0x7f94870ee408
I 1
I 1
I 0
C 370
= 0x7f9486498d08
R
P 0x7f94870ee408
C 361
R
P 0x7f94870ee408
P 0x7f9486498d08
C 371
R
P 0x7f94870ee408
C 361
R
P 0x7f94870ee408
C 57
= 0x7f9487113298
R
P 0x7f94870ee408
C 361
R
P 0x7f94870ee408
P 0x7f9487113298
C 275
R
P 0x7f94870ee408
C 361
R
P 0x7f94870ee408
P 0x7f9487113298
C 9
R
P 0x7f94870ee408
C 361
R
P 0x7f94870ee408
P 0x7f9486498d08
P 0x7f9487113298
C 374
R
P 0x7f94870ee408
C 361
R
P 0x7f94870ee408
S "smt"
C 387
= 0x7f9486498d38
R
P 0x7f94870ee408
C 361
R
P 0x7f94870ee408
P 0x7f9486498d38
C 388
R
P 0x7f94870ee408
C 361
R
P 0x7f94870ee408
P 0x7f9486498d08
C 385
R
P 0x7f94870ee408
C 361
R
P 0x7f94870ee408
P 0x7f9486498d38
P 0x7f9486498d08
C 424
= 0x7f948648c9c8
R
P 0x7f94870ee408
C 361
R
P 0x7f94870ee408
P 0x7f948648c9c8
C 426
R
P 0x7f94870ee408
C 361
R
P 0x7f94870ee408
P 0x7f948648c9c8
C 428
R
P 0x7f94870ee408
C 361
R
P 0x7f94870ee408
P 0x7f948648c9c8
C 429
R
P 0x7f94870ee408
C 361
R
P 0x7f94870ee408
P 0x7f948648c9c8
U 0
C 430
= 0x7f9486496958
R
P 0x7f94870ee408
C 361
R
P 0x7f94870ee408
P 0x7f9486496958
C 371
R
P 0x7f94870ee408
C 361
R
P 0x7f94870ee408
P 0x7f9486496958
C 381
R
P 0x7f94870ee408
C 361
R
P 0x7f94870ee408
P 0x7f9486496958
C 382
R
P 0x7f94870ee408
C 361
R
P 0x7f94870ee408
P 0x7f948648c9c8
C 429
R
P 0x7f94870ee408
C 361
R
P 0x7f94870ee408
P 0x7f948648c9c8
C 429
R
P 0x7f94870ee408
C 361
R
P 0x7f94870ee408
P 0x7f948648c9c8
U 0
C 430
= 0x7f948648c938
R
P 0x7f94870ee408
C 361
R
P 0x7f94870ee408
P 0x7f948648c938
C 371
R
P 0x7f94870ee408
C 361
R
P 0x7f94870ee408
P 0x7f948648c938
C 382
R
P 0x7f94870ee408
C 361
R
P 0x7f94870ee408
I 1
I 1
I 0
C 370
= 0x7f948648c968
R
P 0x7f94870ee408
C 361
R
P 0x7f94870ee408
P 0x7f948648c968
C 371
R
P 0x7f94870ee408
C 361
R
P 0x7f94870ee408
S "x"
C 30
R
P 0x7f94870ee408
C 361
R
P 0x7f94870ee408
$ |x|
C 219
R
P 0x7f94870ee408
C 361
R
P 0x7f94870ee408
$ |x|
P 0x7f94871132d8
C 51
= 0x7f9487113bf8
R
P 0x7f94870ee408
C 361
R
P 0x7f94870ee408
P 0x7f9487113bf8
C 274
R
P 0x7f94870ee408
C 361
R
P 0x7f94870ee408
P 0x7f9487113bf8
C 271
= 0x7f94871132d8
R
P 0x7f94870ee408
C 361
R
P 0x7f94870ee408
P 0x7f94871132d8
C 226
R
P 0x7f94870ee408
C 361
R
P 0x7f94870ee408
P 0x7f9487113bf8
C 277
R
P 0x7f94870ee408
C 361
R
P 0x7f94870ee408
P 0x7f9487113bf8
C 276
R
P 0x7f94870ee408
C 361
R
P 0x7f94870ee408
P 0x7f9487113bf8
C 275
R
P 0x7f94870ee408
C 361
R
P 0x7f94870ee408
P 0x7f9487113bf8
C 9
R
P 0x7f94870ee408
C 361
R
P 0x7f94870ee408
S "y"
C 30
R
P 0x7f94870ee408
C 361
R
P 0x7f94870ee408
$ |y|
C 219
R
P 0x7f94870ee408
C 361
R
P 0x7f94870ee408
$ |y|
P 0x7f94871132d8
C 51
= 0x7f9487113c18
R
P 0x7f94870ee408
C 361
R
P 0x7f94870ee408
P 0x7f9487113c18
C 274
R
P 0x7f94870ee408
C 361
R
P 0x7f94870ee408
P 0x7f9487113c18
C 271
= 0x7f94871132d8
R
P 0x7f94870ee408
C 361
R
P 0x7f94870ee408
P 0x7f94871132d8
C 226
R
P 0x7f94870ee408
C 361
R
P 0x7f94870ee408
P 0x7f9487113c18
C 277
R
P 0x7f94870ee408
C 361
R
P 0x7f94870ee408
P 0x7f9487113c18
C 276
R
P 0x7f94870ee408
C 361
R
P 0x7f94870ee408
P 0x7f9487113c18
C 275
R
P 0x7f94870ee408
C 361
R
P 0x7f94870ee408
P 0x7f9487113c18
C 9
R
P 0x7f94870ee408
C 361
R
P 0x7f94870ee408
I 1
P 0x7f94871132d8
C 154
= 0x7f9487113eb8
R
P 0x7f94870ee408
C 361
R
P 0x7f94870ee408
P 0x7f9487113eb8
C 274
R
P 0x7f94870ee408
C 361
R
P 0x7f94870ee408
P 0x7f9487113eb8
C 271
= 0x7f94871132d8
R
P 0x7f94870ee408
C 361
R
P 0x7f94870ee408
P 0x7f94871132d8
C 226
R
P 0x7f94870ee408
C 361
R
P 0x7f94870ee408
P 0x7f9487113eb8
C 277
R
P 0x7f94870ee408
C 361
R
P 0x7f94870ee408
P 0x7f9487113eb8
C 276
R
P 0x7f94870ee408
C 361
R
P 0x7f94870ee408
P 0x7f9487113eb8
C 275
R
P 0x7f94870ee408
C 361
R
P 0x7f94870ee408
P 0x7f9487113eb8
C 9
R
P 0x7f94870ee408
C 361
R
P 0x7f94870ee408
P 0x7f9487113bf8
P 0x7f9487113eb8
C 58
= 0x7f948711a260
R
P 0x7f94870ee408
C 361
R
P 0x7f94870ee408
P 0x7f948711a260
C 275
R
P 0x7f94870ee408
C 361
R
P 0x7f94870ee408
P 0x7f948711a260
C 9
R
P 0x7f94870ee408
C 361
R
P 0x7f94870ee408
P 0x7f948648c968
P 0x7f948711a260
C 374
R
P 0x7f94870ee408
C 361
R
P 0x7f94870ee408
I 2
P 0x7f94871132d8
C 154
= 0x7f9487114138
R
P 0x7f94870ee408
C 361
R
P 0x7f94870ee408
P 0x7f9487114138
C 274
R
P 0x7f94870ee408
C 361
R
P 0x7f94870ee408
P 0x7f9487114138
C 271
= 0x7f94871132d8
R
P 0x7f94870ee408
C 361
R
P 0x7f94870ee408
P 0x7f94871132d8
C 226
R
P 0x7f94870ee408
C 361
R
P 0x7f94870ee408
P 0x7f9487114138
C 277
R
P 0x7f94870ee408
C 361
R
P 0x7f94870ee408
P 0x7f9487114138
C 276
R
P 0x7f94870ee408
C 361
R
P 0x7f94870ee408
P 0x7f9487114138
C 275
R
P 0x7f94870ee408
C 361
R
P 0x7f94870ee408
P 0x7f9487114138
C 9
R
P 0x7f94870ee408
C 361
R
P 0x7f94870ee408
P 0x7f9487113c18
P 0x7f9487114138
C 58
= 0x7f948711a298
R
P 0x7f94870ee408
C 361
R
P 0x7f94870ee408
P 0x7f948711a298
C 275
R
P 0x7f94870ee408
C 361
R
P 0x7f94870ee408
P 0x7f948711a298
C 9
R
P 0x7f94870ee408
C 361
R
P 0x7f94870ee408
P 0x7f948648c968
P 0x7f948711a298
C 374
R
P 0x7f94870ee408
C 361
R
P 0x7f94870ee408
P 0x7f9487113bf8
P 0x7f9487113c18
C 58
= 0x7f948711a2d0
R
P 0x7f94870ee408
C 361
R
P 0x7f94870ee408
P 0x7f948711a2d0
C 275
R
P 0x7f94870ee408
C 361
R
P 0x7f94870ee408
P 0x7f948711a2d0
C 9
R
P 0x7f94870ee408
C 361
R
P 0x7f94870ee408
P 0x7f948648c968
P 0x7f948711a2d0
C 374
R
P 0x7f94870ee408
C 361
R
P 0x7f94870ee408
S "smt"
C 387
= 0x7f948648c998
R
P 0x7f94870ee408
C 361
R
P 0x7f94870ee408
P 0x7f948648c998
C 388
R
P 0x7f94870ee408
C 361
R
P 0x7f94870ee408
P 0x7f948648c968
C 385
R
P 0x7f94870ee408
C 361
R
P 0x7f94870ee408
P 0x7f948648c998
P 0x7f948648c968
C 424
= 0x7f9486496b68
R
P 0x7f94870ee408
C 361
R
P 0x7f94870ee408
P 0x7f9486496b68
C 426
R
P 0x7f94870ee408
C 361
R
P 0x7f94870ee408
P 0x7f9486496b68
C 428
R
P 0x7f94870ee408
C 361
R
P 0x7f94870ee408
P 0x7f9486496b68
C 429
R
P 0x7f94870ee408
C 361
R
P 0x7f94870ee408
P 0x7f9486496b68
U 0
C 430
= 0x7f9486496a48
R
P 0x7f94870ee408
C 361
R
P 0x7f94870ee408
P 0x7f9486496a48
C 371
R
P 0x7f94870ee408
C 361
R
P 0x7f94870ee408
P 0x7f9486496a48
C 381
R
P 0x7f94870ee408
C 361
R
P 0x7f94870ee408
P 0x7f9486496a48
C 382
R
P 0x7f94870ee408
C 361
R
P 0x7f94870ee408
P 0x7f9486496b68
C 429
R
P 0x7f94870ee408
C 361
R
P 0x7f94870ee408
P 0x7f9486496b68
C 429
R
P 0x7f94870ee408
C 361
R
P 0x7f94870ee408
P 0x7f9486496b68
U 0
C 430
= 0x7f9486496a18
R
P 0x7f94870ee408
C 361
R
P 0x7f94870ee408
P 0x7f9486496a18
C 371
R
P 0x7f94870ee408
C 361
R
P 0x7f94870ee408
P 0x7f9486496a18
C 382
R
P 0x7f94870ee408
C 361
R
P 0x7f94870ee408
S "x"
C 30
R
P 0x7f94870ee408
C 361
R
P 0x7f94870ee408
$ |x|
C 219
R
P 0x7f94870ee408
C 361
R
P 0x7f94870ee408
C 34
= 0x7f94871132b8
R
P 0x7f94870ee408
C 361
R
P 0x7f94870ee408
P 0x7f94871132b8
C 274
R
P 0x7f94870ee408
C 361
R
P 0x7f94870ee408
P 0x7f94871132b8
C 9
R
P 0x7f94870ee408
C 361
R
P 0x7f94870ee408
$ |x|
P 0x7f94871132b8
C 51
= 0x7f94871141b8
R
P 0x7f94870ee408
C 361
R
P 0x7f94870ee408
P 0x7f94871141b8
C 274
R
P 0x7f94870ee408
C 361
R
P 0x7f94870ee408
P 0x7f94871141b8
C 271
= 0x7f94871132b8
R
P 0x7f94870ee408
C 361
R
P 0x7f94870ee408
P 0x7f94871132b8
C 226
R
P 0x7f94870ee408
C 361
R
P 0x7f94870ee408
P 0x7f94871141b8
C 277
R
P 0x7f94870ee408
C 361
R
P 0x7f94870ee408
P 0x7f94871141b8
C 276
R
P 0x7f94870ee408
C 361
R
P 0x7f94870ee408
P 0x7f94871141b8
C 275
R
P 0x7f94870ee408
C 361
R
P 0x7f94870ee408
P 0x7f94871141b8
C 9
R
P 0x7f94870ee408
C 361
R
P 0x7f94870ee408
S "y"
C 30
R
P 0x7f94870ee408
C 361
R
P 0x7f94870ee408
$ |y|
C 219
R
P 0x7f94870ee408
C 361
R
P 0x7f94870ee408
C 34
= 0x7f94871132b8
R
P 0x7f94870ee408
C 361
R
P 0x7f94870ee408
P 0x7f94871132b8
C 274
R
P 0x7f94870ee408
C 361
R
P 0x7f94870ee408
P 0x7f94871132b8
C 9
R
P 0x7f94870ee408
C 361
R
P 0x7f94870ee408
$ |y|
P 0x7f94871132b8
C 51
= 0x7f94871141d8
R
P 0x7f94870ee408
C 361
R
P 0x7f94870ee408
P 0x7f94871141d8
C 274
R
P 0x7f94870ee408
C 361
R
P 0x7f94870ee408
P 0x7f94871141d8
C 271
= 0x7f94871132b8
R
P 0x7f94870ee408
C 361
R
P 0x7f94870ee408
P 0x7f94871132b8
C 226
R
P 0x7f94870ee408
C 361
R
P 0x7f94870ee408
P 0x7f94871141d8
C 277
R
P 0x7f94870ee408
C 361
R
P 0x7f94870ee408
P 0x7f94871141d8
C 276
R
P 0x7f94870ee408
C 361
R
P 0x7f94870ee408
P 0x7f94871141d8
C 275
R
P 0x7f94870ee408
C 361
R
P 0x7f94870ee408
P 0x7f94871141d8
C 9
R
P 0x7f94870ee408
C 361
R
P 0x7f94870ee408
I 1
I 0
I 0
C 370
= 0x7f9486496c28
R
P 0x7f94870ee408
C 361
R
P 0x7f94870ee408
P 0x7f9486496c28
C 371
R
P 0x7f94870ee408
C 361
R
P 0x7f94870ee408
I 10
I 1
C 153
= 0x7f94871141f8
R
P 0x7f94870ee408
C 361
R
P 0x7f94870ee408
P 0x7f94871141f8
C 275
R
P 0x7f94870ee408
C 361
R
P 0x7f94870ee408
P 0x7f94871141f8
C 9
R
P 0x7f94870ee408
C 361
R
P 0x7f94870ee408
P 0x7f94871141b8
P 0x7f94871141f8
C 77
= 0x7f948711a308
R
P 0x7f94870ee408
C 361
R
P 0x7f94870ee408
P 0x7f948711a308
C 275
R
P 0x7f94870ee408
C 361
R
P 0x7f94870ee408
P 0x7f948711a308
C 9
R
P 0x7f94870ee408
C 361
R
P 0x7f94870ee408
P 0x7f9486496c28
P 0x7f948711a308
C 374
R
P 0x7f94870ee408
C 361
R
P 0x7f94870ee408
I 1
I 1
C 153
= 0x7f9487114018
R
P 0x7f94870ee408
C 361
R
P 0x7f94870ee408
P 0x7f9487114018
C 275
R
P 0x7f94870ee408
C 361
R
P 0x7f94870ee408
P 0x7f9487114018
C 9
R
P 0x7f94870ee408
C 361
R
P 0x7f94870ee408
U 2
P 0x7f94871141b8
P 0x7f9487114018
p 2
C 67
= 0x7f948711a340
R
P 0x7f94870ee408
C 361
R
P 0x7f94870ee408
P 0x7f948711a340
C 274
R
P 0x7f94870ee408
C 361
R
P 0x7f94870ee408
P 0x7f948711a340
C 271
= 0x7f94871132b8
R
P 0x7f94870ee408
C 361
R
P 0x7f94870ee408
P 0x7f94871132b8
C 226
R
P 0x7f94870ee408
C 361
R
P 0x7f94870ee408
P 0x7f948711a340
C 277
R
P 0x7f94870ee408
C 361
R
P 0x7f94870ee408
P 0x7f948711a340
C 276
R
P 0x7f94870ee408
C 361
R
P 0x7f94870ee408
P 0x7f948711a340
C 275
R
P 0x7f94870ee408
C 361
R
P 0x7f94870ee408
P 0x7f948711a340
C 9
R
P 0x7f94870ee408
C 361
R
P 0x7f94870ee408
P 0x7f94871141d8
P 0x7f948711a340
C 58
= 0x7f948711a570
R
P 0x7f94870ee408
C 361
R
P 0x7f94870ee408
P 0x7f948711a570
C 275
R
P 0x7f94870ee408
C 361
R
P 0x7f94870ee408
P 0x7f948711a570
C 9
R
P 0x7f94870ee408
C 361
R
P 0x7f94870ee408
P 0x7f9486496c28
P 0x7f948711a570
C 374
R
P 0x7f94870ee408
C 361
R
P 0x7f94870ee408
I 1
I 1
C 153
= 0x7f9487114018
R
P 0x7f94870ee408
C 361
R
P 0x7f94870ee408
P 0x7f9487114018
C 275
R
P 0x7f94870ee408
C 361
R
P 0x7f94870ee408
P 0x7f9487114018
C 9
R
P 0x7f94870ee408
C 361
R
P 0x7f94870ee408
P 0x7f94871141d8
P 0x7f9487114018
C 77
= 0x7f948711a5a8
R
P 0x7f94870ee408
C 361
R
P 0x7f94870ee408
P 0x7f948711a5a8
C 275
R
P 0x7f94870ee408
C 361
R
P 0x7f94870ee408
P 0x7f948711a5a8
C 9
R
P 0x7f94870ee408
C 361
R
P 0x7f94870ee408
P 0x7f9486496c28
P 0x7f948711a5a8
C 374
R
P 0x7f94870ee408
C 361
R
P 0x7f94870ee408
S "simplify"
C 387
= 0x7f948648d708
R
P 0x7f94870ee408
C 361
R
P 0x7f94870ee408
P 0x7f948648d708
C 388
R
P 0x7f94870ee408
C 361
R
P 0x7f94870ee408
P 0x7f9486496c28
C 385
R
P 0x7f94870ee408
C 361
R
P 0x7f94870ee408
P 0x7f948648d708
P 0x7f9486496c28
C 424
= 0x7f948648d808
R
P 0x7f94870ee408
C 361
R
P 0x7f94870ee408
P 0x7f948648d808
C 426
R
P 0x7f94870ee408
C 361
R
P 0x7f94870ee408
P 0x7f948648d808
C 428
R
P 0x7f94870ee408
C 361
R
P 0x7f94870ee408
P 0x7f948648d808
C 429
R
P 0x7f94870ee408
C 361
R
P 0x7f94870ee408
P 0x7f948648d808
U 0
C 430
= 0x7f948648d7c8
R
P 0x7f94870ee408
C 361
R
P 0x7f94870ee408
P 0x7f948648d7c8
C 371
R
P 0x7f94870ee408
C 361
R
P 0x7f94870ee408
P 0x7f948648d7c8
C 381
R
P 0x7f94870ee408
C 361
R
P 0x7f94870ee408
P 0x7f948648d7c8
C 382
R
P 0x7f94870ee408
C 361
R
P 0x7f94870ee408
P 0x7f948648d808
C 429
R
P 0x7f94870ee408
C 361
R
P 0x7f94870ee408
P 0x7f948648d808
C 429
R
P 0x7f94870ee408
C 361
R
P 0x7f94870ee408
P 0x7f948648d808
U 0
C 430
= 0x7f948648d8c8
R
P 0x7f94870ee408
C 361
R
P 0x7f94870ee408
P 0x7f948648d8c8
C 371
R
P 0x7f94870ee408
C 361
R
P 0x7f94870ee408
P 0x7f948648d8c8
C 381
R
P 0x7f94870ee408
C 361
R
P 0x7f94870ee408
P 0x7f948648d808
C 429
R
P 0x7f94870ee408
C 361
R
P 0x7f94870ee408
P 0x7f948648d808
U 0
C 430
= 0x7f948648d8f8
R
P 0x7f94870ee408
C 361
R
P 0x7f94870ee408
P 0x7f948648d8f8
C 371
R
P 0x7f94870ee408
C 361
R
P 0x7f94870ee408
P 0x7f948648d8f8
C 382
R
P 0x7f94870ee408
C 361
R
P 0x7f94870ee408
S "simplify"
C 387
= 0x7f948648e788
R
P 0x7f94870ee408
C 361
R
P 0x7f94870ee408
P 0x7f948648e788
C 388
R
P 0x7f94870ee408
C 361
R
P 0x7f94870ee408
S "solve-eqs"
C 387
= 0x7f948648f798
R
P 0x7f94870ee408
C 361
R
P 0x7f94870ee408
P 0x7f948648f798
C 388
R
P 0x7f94870ee408
C 361
R
P 0x7f94870ee408
P 0x7f948648e788
P 0x7f948648f798
C 393
= 0x7f948648f838
R
P 0x7f94870ee408
C 361
R
P 0x7f94870ee408
P 0x7f948648f838
C 388
R
P 0x7f94870ee408
C 361
R
P 0x7f94870ee408
P 0x7f9486496c28
C 385
R
P 0x7f94870ee408
C 361
R
P 0x7f94870ee408
P 0x7f948648f838
P 0x7f9486496c28
C 424
= 0x7f948648f8d8
R
P 0x7f94870ee408
C 361
R
P 0x7f94870ee408
P 0x7f948648f8d8
C 426
R
P 0x7f94870ee408
C 361
R
P 0x7f94870ee408
P 0x7f948648f8d8
C 428
R
P 0x7f94870ee408
C 361
R
P 0x7f94870ee408
P 0x7f948648f8d8
C 429
R
P 0x7f94870ee408
C 361
R
P 0x7f94870ee408
P 0x7f948648f8d8
U 0
C 430
= 0x7f948648de38
R
P 0x7f94870ee408
C 361
R
P 0x7f94870ee408
P 0x7f948648de38
C 371
R
P 0x7f94870ee408
C 361
R
P 0x7f94870ee408
P 0x7f948648de38
C 381
R
P 0x7f94870ee408
C 361
R
P 0x7f94870ee408
P 0x7f948648de38
C 382
R
P 0x7f94870ee408
C 361
R
P 0x7f94870ee408
P 0x7f948648f8d8
C 429
R
P 0x7f94870ee408
C 361
R
P 0x7f94870ee408
P 0x7f948648f8d8
C 429
R
P 0x7f94870ee408
C 361
R
P 0x7f94870ee408
P 0x7f948648f8d8
U 0
C 430
= 0x7f948648f7c8
R
P 0x7f94870ee408
C 361
R
P 0x7f94870ee408
P 0x7f948648f7c8
C 371
R
P 0x7f94870ee408
C 361
R
P 0x7f94870ee408
P 0x7f948648f7c8
C 381
R
P 0x7f94870ee408
C 361
R
P 0x7f94870ee408
P 0x7f948648f8d8
C 429
R
P 0x7f94870ee408
C 361
R
P 0x7f94870ee408
P 0x7f948648f8d8
U 0
C 430
= 0x7f948648e588
R
P 0x7f94870ee408
C 361
R
P 0x7f94870ee408
P 0x7f948648e588
C 371
R
P 0x7f94870ee408
C 361
R
P 0x7f94870ee408
P 0x7f948648e588
C 382
R
P 0x7f94870ee408
C 361
R
P 0x7f94870ee408
C 431
= 0x7f948648e5b8
R
P 0x7f94870ee408
C 361
R
P 0x7f94870ee408
P 0x7f948648e5b8
C 440
R
P 0x7f94870ee408
C 361
R
P 0x7f94870ee408
P 0x7f948648f8d8
C 429
R
P 0x7f94870ee408
C 361
R
P 0x7f94870ee408
P 0x7f948648f8d8
U 0
C 430
= 0x7f948648e668
R
P 0x7f94870ee408
C 361
R
P 0x7f94870ee408
P 0x7f948648e668
C 371
R
P 0x7f94870ee408
C 361
R
P 0x7f94870ee408
P 0x7f948648e668
C 378
R
P 0x7f94870ee408
C 361
R
P 0x7f94870ee408
P 0x7f948648e668
U 0
C 379
= 0x7f9487115d48
R
P 0x7f94870ee408
C 361
R
P 0x7f94870ee408
P 0x7f9487115d48
C 274
R
P 0x7f94870ee408
C 361
R
P 0x7f94870ee408
P 0x7f9487115d48
C 271
= 0x7f9487113218
R
P 0x7f94870ee408
C 361
R
P 0x7f94870ee408
P 0x7f9487113218
C 226
R
P 0x7f94870ee408
C 361
R
P 0x7f94870ee408
P 0x7f9487115d48
C 277
R
P 0x7f94870ee408
C 361
R
P 0x7f94870ee408
P 0x7f9487115d48
C 276
R
P 0x7f94870ee408
C 361
R
P 0x7f94870ee408
P 0x7f9487115d48
C 275
R
P 0x7f94870ee408
C 361
R
P 0x7f94870ee408
P 0x7f9487115d48
C 9
R
P 0x7f94870ee408
C 361
R
P 0x7f94870ee408
P 0x7f948648e668
U 1
C 379
= 0x7f9487115da8
R
P 0x7f94870ee408
C 361
R
P 0x7f94870ee408
P 0x7f9487115da8
C 274
R
P 0x7f94870ee408
C 361
R
P 0x7f94870ee408
P 0x7f9487115da8
C 271
= 0x7f9487113218
R
P 0x7f94870ee408
C 361
R
P 0x7f94870ee408
P 0x7f9487113218
C 226
R
P 0x7f94870ee408
C 361
R
P 0x7f94870ee408
P 0x7f9487115da8
C 277
R
P 0x7f94870ee408
C 361
R
P 0x7f94870ee408
P 0x7f9487115da8
C 276
R
P 0x7f94870ee408
C 361
R
P 0x7f94870ee408
P 0x7f9487115da8
C 275
R
P 0x7f94870ee408
C 361
R
P 0x7f94870ee408
P 0x7f9487115da8
C 9
R
P 0x7f94870ee408
C 361
R
P 0x7f94870ee408
P 0x7f948648e5b8
P 0x7f9487115d48
C 447
R
P 0x7f94870ee408
C 361
R
P 0x7f94870ee408
P 0x7f948648e5b8
P 0x7f9487115da8
C 447
R
P 0x7f94870ee408
C 361
R
P 0x7f94870ee408
P 0x7f948648e5b8
C 458
R
P 0x7f94870ee408
C 361
R
P 0x7f94870ee408
P 0x7f948648e5b8
C 463
= 0x7f948c221b68
R
P 0x7f94870ee408
C 361
R
P 0x7f94870ee408
P 0x7f948c221b68
C 319
R
P 0x7f94870ee408
C 361
R
P 0x7f94870ee408
P 0x7f948c221b68
C 356
R
P 0x7f94870ee408
C 361
R
P 0x7f94870ee408
I 42
I 43
C 153
= 0x7f9487114278
R
P 0x7f94870ee408
C 361
R
P 0x7f94870ee408
P 0x7f9487114278
C 275
R
P 0x7f94870ee408
C 361
R
P 0x7f94870ee408
P 0x7f9487114278
C 9
R
P 0x7f94870ee408
C 361
R
P 0x7f94870ee408
P 0x7f9487114278
C 284
= 0x7f9487114298
R
P 0x7f94870ee408
C 361
R
P 0x7f94870ee408
P 0x7f9487114298
C 275
R
P 0x7f94870ee408
C 361
R
P 0x7f94870ee408
P 0x7f9487114298
C 9
R
P 0x7f94870ee408
C 361
R
P 0x7f94870ee408
P 0x7f9487114278
C 285
= 0x7f94871142b8
R
P 0x7f94870ee408
C 361
R
P 0x7f94870ee408
P 0x7f94871142b8
C 275
R
P 0x7f94870ee408
C 361
R
P 0x7f94870ee408
P 0x7f94871142b8
C 9
R
P 0x7f94870ee408
C 361
R
P 0x7f94870ee408
P 0x7f9487114298
C 280
R
P 0x7f94870ee408
C 361
R
P 0x7f94870ee408
P 0x7f94871142b8
C 280
R
P 0x7f94870ee408
C 361
R
P 0x7f94870ee408
P 0x7f9487114298
C 280
R
P 0x7f94870ee408
C 361
R
P 0x7f94870ee408
P 0x7f94871142b8
C 280
R
P 0x7f94870ee408
C 361
R
P 0x7f94870ee408
P 0x7f9487114278
U 3
C 282
R
P 0x7f94870ee408
C 361
R
P 0x7f94870ee408
C 34
= 0x7f94871132b8
R
P 0x7f94870ee408
C 361
R
P 0x7f94870ee408
P 0x7f94871132b8
C 274
R
P 0x7f94870ee408
C 361
R
P 0x7f94870ee408
P 0x7f94871132b8
C 9
R
P 0x7f94870ee408
C 361
R
P 0x7f94870ee408
S "-1231231232/234234333"
P 0x7f94871132b8
C 152
= 0x7f94871142d8
R
P 0x7f94870ee408
C 361
R
P 0x7f94870ee408
P 0x7f94871142d8
C 275
R
P 0x7f94870ee408
C 361
R
P 0x7f94870ee408
P 0x7f94871142d8
C 9
R
P 0x7f94870ee408
C 361
R
P 0x7f94870ee408
P 0x7f94871142d8
C 284
= 0x7f94871142f8
R
P 0x7f94870ee408
C 361
R
P 0x7f94870ee408
P 0x7f94871142f8
C 275
R
P 0x7f94870ee408
C 361
R
P 0x7f94870ee408
P 0x7f94871142f8
C 9
R
P 0x7f94870ee408
C 361
R
P 0x7f94870ee408
P 0x7f94871142f8
C 280
R
P 0x7f94870ee408
C 361
R
P 0x7f94870ee408
P 0x7f94871142d8
C 285
= 0x7f9487114318
R
P 0x7f94870ee408
C 361
R
P 0x7f94870ee408
P 0x7f9487114318
C 275
R
P 0x7f94870ee408
C 361
R
P 0x7f94870ee408
P 0x7f9487114318
C 9
R
P 0x7f94870ee408
C 361
R
P 0x7f94870ee408
P 0x7f9487114318
C 280
R
P 0x7f94870ee408
C 361
R
P 0x7f94870ee408
S "-123123234234234234231232/234234333"
P 0x7f94871132b8
C 152
= 0x7f9487114338
R
P 0x7f94870ee408
C 361
R
P 0x7f94870ee408
P 0x7f9487114338
C 275
R
P 0x7f94870ee408
C 361
R
P 0x7f94870ee408
P 0x7f9487114338
C 9
R
P 0x7f94870ee408
C 361
R
P 0x7f94870ee408
P 0x7f9487114338
C 284
= 0x7f9487114358
R
P 0x7f94870ee408
C 361
R
P 0x7f94870ee408
P 0x7f9487114358
C 275
R
P 0x7f94870ee408
C 361
R
P 0x7f94870ee408
P 0x7f9487114358
C 9
R
P 0x7f94870ee408
C 361
R
P 0x7f94870ee408
P 0x7f9487114358
C 280
R
P 0x7f94870ee408
C 361
R
P 0x7f94870ee408
P 0x7f9487114338
C 285
= 0x7f9487114318
R
P 0x7f94870ee408
C 361
R
P 0x7f94870ee408
P 0x7f9487114318
C 275
R
P 0x7f94870ee408
C 361
R
P 0x7f94870ee408
P 0x7f9487114318
C 9
R
P 0x7f94870ee408
C 361
R
P 0x7f94870ee408
P 0x7f9487114318
C 280
R
P 0x7f94870ee408
C 361
R
P 0x7f94870ee408
S "-234234333"
P 0x7f94871132b8
C 152
= 0x7f9487114378
R
P 0x7f94870ee408
C 361
R
P 0x7f94870ee408
P 0x7f9487114378
C 275
R
P 0x7f94870ee408
C 361
R
P 0x7f94870ee408
P 0x7f9487114378
C 9
R
P 0x7f94870ee408
C 361
R
P 0x7f94870ee408
P 0x7f9487114378
C 284
= 0x7f9487114398
R
P 0x7f94870ee408
C 361
R
P 0x7f94870ee408
P 0x7f9487114398
C 275
R
P 0x7f94870ee408
C 361
R
P 0x7f94870ee408
P 0x7f9487114398
C 9
R
P 0x7f94870ee408
C 361
R
P 0x7f94870ee408
P 0x7f9487114398
C 280
R
P 0x7f94870ee408
C 361
R
P 0x7f94870ee408
P 0x7f9487114378
C 285
= 0x7f9487113eb8
R
P 0x7f94870ee408
C 361
R
P 0x7f94870ee408
P 0x7f9487113eb8
C 275
R
P 0x7f94870ee408
C 361
R
P 0x7f94870ee408
P 0x7f9487113eb8
C 9
R
P 0x7f94870ee408
C 361
R
P 0x7f94870ee408
P 0x7f9487113eb8
C 280
R
P 0x7f94870ee408
C 361
R
P 0x7f94870ee408
S "234234333/2"
P 0x7f94871132b8
C 152
= 0x7f94871143b8
R
P 0x7f94870ee408
C 361
R
P 0x7f94870ee408
P 0x7f94871143b8
C 275
R
P 0x7f94870ee408
C 361
R
P 0x7f94870ee408
P 0x7f94871143b8
C 9
R
P 0x7f94870ee408
C 361
R
P 0x7f94870ee408
P 0x7f94871143b8
C 284
= 0x7f9487114318
R
P 0x7f94870ee408
C 361
R
P 0x7f94870ee408
P 0x7f9487114318
C 275
R
P 0x7f94870ee408
C 361
R
P 0x7f94870ee408
P 0x7f9487114318
C 9
R
P 0x7f94870ee408
C 361
R
P 0x7f94870ee408
P 0x7f9487114318
C 280
R
P 0x7f94870ee408
C 361
R
P 0x7f94870ee408
P 0x7f94871143b8
C 285
= 0x7f9487114138
R
P 0x7f94870ee408
C 361
R
P 0x7f94870ee408
P 0x7f9487114138
C 275
R
P 0x7f94870ee408
C 361
R
P 0x7f94870ee408
P 0x7f9487114138
C 9
R
P 0x7f94870ee408
C 361
R
P 0x7f94870ee408
P 0x7f9487114138
C 280
R
P 0x7f94870ee408
C 361
R
P 0x7f94870ee408
S "1234567890987654321"
P 0x7f94871132d8
C 152
= 0x7f94871143d8
R
P 0x7f94870ee408
C 361
R
P 0x7f94870ee408
P 0x7f94871143d8
C 275
R
P 0x7f94870ee408
C 361
R
P 0x7f94870ee408
P 0x7f94871143d8
C 9
R
P 0x7f94870ee408
C 361
R
P 0x7f94870ee408
P 0x7f94871143d8
C 280
R
P 0x7f94870ee408
C 361
R
P 0x7f94870ee408
U 128
C 35
= 0x7f94871143f8
R
P 0x7f94870ee408
C 361
R
P 0x7f94870ee408
P 0x7f94871143f8
C 274
R
P 0x7f94870ee408
C 361
R
P 0x7f94870ee408
P 0x7f94871143f8
C 9
R
P 0x7f94870ee408
C 361
R
P 0x7f94870ee408
S "1234567890987654321"
P 0x7f94871143f8
C 152
= 0x7f9487114418
R
P 0x7f94870ee408
C 361
R
P 0x7f94870ee408
P 0x7f9487114418
C 274
R
P 0x7f94870ee408
C 361
R
P 0x7f94870ee408
P 0x7f9487114418
C 271
= 0x7f94871143f8
R
P 0x7f94870ee408
C 361
R
P 0x7f94870ee408
P 0x7f94871143f8
C 226
R
P 0x7f94870ee408
C 361
R
P 0x7f94870ee408
P 0x7f9487114418
C 277
R
P 0x7f94870ee408
C 361
R
P 0x7f94870ee408
P 0x7f9487114418
C 276
R
P 0x7f94870ee408
C 361
R
P 0x7f94870ee408
P 0x7f9487114418
C 275
R
P 0x7f94870ee408
C 361
R
P 0x7f94870ee408
P 0x7f9487114418
C 9
R
P 0x7f94870ee408
C 361
R
P 0x7f94870ee408
P 0x7f9487114418
C 280
R
P 0x7f94870ee408
C 361
R
P 0x7f94870ee408
U 32
C 35
= 0x7f9487113718
R
P 0x7f94870ee408
C 361
R
P 0x7f94870ee408
P 0x7f9487113718
C 274
R
P 0x7f94870ee408
C 361
R
P 0x7f94870ee408
P 0x7f9487113718
C 9
R
P 0x7f94870ee408
C 361
R
P 0x7f94870ee408
S "1234567890987654321"
P 0x7f9487113718
C 152
= 0x7f9487114438
R
P 0x7f94870ee408
C 361
R
P 0x7f94870ee408
P 0x7f9487114438
C 274
R
P 0x7f94870ee408
C 361
R
P 0x7f94870ee408
P 0x7f9487114438
C 271
= 0x7f9487113718
R
P 0x7f94870ee408
C 361
R
P 0x7f94870ee408
P 0x7f9487113718
C 226
R
P 0x7f94870ee408
C 361
R
P 0x7f94870ee408
P 0x7f9487114438
C 277
R
P 0x7f94870ee408
C 361
R
P 0x7f94870ee408
P 0x7f9487114438
C 276
R
P 0x7f94870ee408
C 361
R
P 0x7f94870ee408
P 0x7f9487114438
C 275
R
P 0x7f94870ee408
C 361
R
P 0x7f94870ee408
P 0x7f9487114438
C 9
R
P 0x7f94870ee408
C 361
R
P 0x7f94870ee408
P 0x7f9487114438
C 280
R
P 0x7f94870ee408
C 361
R
P 0x7f94870ee408
S "1/2"
P 0x7f94871132d8
C 152
R
P 0x7f94870ee408
C 361
R
P 0x7f94870ee408
U 12
C 363
R
P 0x7f94870ee408
C 32
= 0x7f9487113218
R
P 0x7f94870ee408
C 361
R
P 0x7f94870ee408
P 0x7f9487113218
C 274
R
P 0x7f94870ee408
C 361
R
P 0x7f94870ee408
P 0x7f9487113218
C 9
R
P 0x7f94870ee408
C 361
R
P 0x7f94870ee408
S "f"
C 30
R
P 0x7f94870ee408
C 361
R
P 0x7f94870ee408
$ |f|
C 219
R
P 0x7f94870ee408
C 361
R
P 0x7f94870ee408
$ |f|
U 2
P 0x7f9487113218
P 0x7f9487113218
p 2
P 0x7f9487113218
C 49
= 0x7f9487117f18
R
P 0x7f94870ee408
C 361
R
P 0x7f94870ee408
P 0x7f9487117f18
C 274
R
P 0x7f94870ee408
C 361
R
P 0x7f94870ee408
P 0x7f9487117f18
C 9
R
P 0x7f94870ee408
C 361
R
P 0x7f94870ee408
S "q"
C 30
R
P 0x7f94870ee408
C 361
R
P 0x7f94870ee408
$ |q|
C 219
R
P 0x7f94870ee408
C 361
R
P 0x7f94870ee408
$ |q|
U 2
P 0x7f9487113218
P 0x7f9487113218
p 2
P 0x7f9487113218
C 49
= 0x7f9487118018
R
P 0x7f94870ee408
C 361
R
P 0x7f94870ee408
P 0x7f9487118018
C 274
R
P 0x7f94870ee408
C 361
R
P 0x7f94870ee408
P 0x7f9487118018
C 9
R
P 0x7f94870ee408
C 361
R
P 0x7f94870ee408
I 42
C 29
R
P 0x7f94870ee408
C 361
R
P 0x7f94870ee408
# 42
C 219
R
P 0x7f94870ee408
C 361
R
P 0x7f94870ee408
S "abc"
C 30
R
P 0x7f94870ee408
C 361
R
P 0x7f94870ee408
$ |abc|
C 219
R
P 0x7f94870ee408
C 361
R
P 0x7f94870ee408
U 32
C 35
= 0x7f9487113718
R
P 0x7f94870ee408
C 361
R
P 0x7f94870ee408
P 0x7f9487113718
C 274
R
P 0x7f94870ee408
C 361
R
P 0x7f94870ee408
P 0x7f9487113718
C 9
R
P 0x7f94870ee408
C 361
R
P 0x7f94870ee408
P 0x7f9487113718
C 227
R
P 0x7f94870ee408
C 361
R
P 0x7f94870ee408
I 1
P 0x7f94871132d8
C 154
= 0x7f9487113eb8
R
P 0x7f94870ee408
C 361
R
P 0x7f94870ee408
P 0x7f9487113eb8
C 275
R
P 0x7f94870ee408
C 361
R
P 0x7f94870ee408
P 0x7f9487113eb8
C 9
R
P 0x7f94870ee408
C 361
R
P 0x7f94870ee408
I 2
P 0x7f94871132d8
C 154
= 0x7f9487114138
R
P 0x7f94870ee408
C 361
R
P 0x7f94870ee408
P 0x7f9487114138
C 275
R
P 0x7f94870ee408
C 361
R
P 0x7f94870ee408
P 0x7f9487114138
C 9
R
P 0x7f94870ee408
C 361
R
P 0x7f94870ee408
U 2
P 0x7f9487113eb8
P 0x7f9487114138
p 2
C 67
= 0x7f948711a6f8
R
P 0x7f94870ee408
C 361
R
P 0x7f94870ee408
P 0x7f948711a6f8
C 274
R
P 0x7f94870ee408
C 361
R
P 0x7f94870ee408
P 0x7f948711a6f8
C 271
= 0x7f94871132d8
R
P 0x7f94870ee408
C 361
R
P 0x7f94870ee408
P 0x7f94871132d8
C 226
R
P 0x7f94870ee408
C 361
R
P 0x7f94870ee408
P 0x7f948711a6f8
C 277
R
P 0x7f94870ee408
C 361
R
P 0x7f94870ee408
P 0x7f948711a6f8
C 276
R
P 0x7f94870ee408
C 361
R
P 0x7f94870ee408
P 0x7f948711a6f8
C 275
R
P 0x7f94870ee408
C 361
R
P 0x7f94870ee408
P 0x7f948711a6f8
C 9
R
P 0x7f94870ee408
C 361
R
P 0x7f94870ee408
P 0x7f948711a6f8
C 266
R
P 0x7f94870ee408
C 361
R
P 0x7f94870ee408
P 0x7f948711a6f8
U 0
C 267
= 0x7f9487113eb8
R
P 0x7f94870ee408
C 361
R
P 0x7f94870ee408
P 0x7f9487113eb8
C 274
R
P 0x7f94870ee408
C 361
R
P 0x7f94870ee408
P 0x7f9487113eb8
C 271
= 0x7f94871132d8
R
P 0x7f94870ee408
C 361
R
P 0x7f94870ee408
P 0x7f94871132d8
C 226
R
P 0x7f94870ee408
C 361
R
P 0x7f94870ee408
P 0x7f9487113eb8
C 277
R
P 0x7f94870ee408
C 361
R
P 0x7f94870ee408
P 0x7f9487113eb8
C 276
R
P 0x7f94870ee408
C 361
R
P 0x7f94870ee408
P 0x7f9487113eb8
C 275
R
P 0x7f94870ee408
C 361
R
P 0x7f94870ee408
P 0x7f9487113eb8
C 9
R
P 0x7f94870ee408
C 361
R
P 0x7f94870ee408
P 0x7f948711a6f8
U 1
C 267
= 0x7f9487114138
R
P 0x7f94870ee408
C 361
R
P 0x7f94870ee408
P 0x7f9487114138
C 274
R
P 0x7f94870ee408
C 361
R
P 0x7f94870ee408
P 0x7f9487114138
C 271
= 0x7f94871132d8
R
P 0x7f94870ee408
C 361
R
P 0x7f94870ee408
P 0x7f94871132d8
C 226
R
P 0x7f94870ee408
C 361
R
P 0x7f94870ee408
P 0x7f9487114138
C 277
R
P 0x7f94870ee408
C 361
R
P 0x7f94870ee408
P 0x7f9487114138
C 276
R
P 0x7f94870ee408
C 361
R
P 0x7f94870ee408
P 0x7f9487114138
C 275
R
P 0x7f94870ee408
C 361
R
P 0x7f94870ee408
P 0x7f9487114138
C 9
R
P 0x7f94870ee408
C 361
R
P 0x7f94870ee408
P 0x7f9487114138
C 271
= 0x7f94871132d8
R
P 0x7f94870ee408
C 361
R
P 0x7f94870ee408
P 0x7f94871132d8
C 226
R
P 0x7f94870ee408
C 361
R
P 0x7f94870ee408
P 0x7f94871132d8
C 274
R
P 0x7f94870ee408
C 361
R
P 0x7f94870ee408
P 0x7f94871132d8
C 9
R
P 0x7f94870ee408
C 361
R
P 0x7f94870ee408
I 42
P 0x7f94871132d8
C 154
= 0x7f9487114298
R
P 0x7f94870ee408
C 361
R
P 0x7f94870ee408
P 0x7f9487114298
C 275
R
P 0x7f94870ee408
C 361
R
P 0x7f94870ee408
P 0x7f9487114298
C 9
R
P 0x7f94870ee408
C 361
R
P 0x7f94870ee408
C 56
= 0x7f9487113278
R
P 0x7f94870ee408
C 361
R
P 0x7f94870ee408
P 0x7f9487113278
C 275
R
P 0x7f94870ee408
C 361
R
P 0x7f94870ee408
P 0x7f9487113278
C 9
R
P 0x7f94870ee408
C 361
R
P 0x7f94870ee408
C 56
= 0x7f9487113278
R
P 0x7f94870ee408
C 361
R
P 0x7f94870ee408
P 0x7f9487113278
C 275
R
P 0x7f94870ee408
C 361
R
P 0x7f94870ee408
P 0x7f9487113278
C 9
R
P 0x7f94870ee408
C 361
R
P 0x7f94870ee408
C 57
= 0x7f9487113298
R
P 0x7f94870ee408
C 361
R
P 0x7f94870ee408
P 0x7f9487113298
C 275
R
P 0x7f94870ee408
C 361
R
P 0x7f94870ee408
P 0x7f9487113298
C 9
R
P 0x7f94870ee408
C 361
R
P 0x7f94870ee408
C 57
= 0x7f9487113298
R
P 0x7f94870ee408
C 361
R
P 0x7f94870ee408
P 0x7f9487113298
C 275
R
P 0x7f94870ee408
C 361
R
P 0x7f94870ee408
P 0x7f9487113298
C 9
R
P 0x7f94870ee408
C 361
R
P 0x7f94870ee408
P 0x7f9487113278
C 60
= 0x7f94871160a8
R
P 0x7f94870ee408
C 361
R
P 0x7f94870ee408
P 0x7f94871160a8
C 275
R
P 0x7f94870ee408
C 361
R
P 0x7f94870ee408
P 0x7f94871160a8
C 9
R
P 0x7f94870ee408
C 361
R
P 0x7f94870ee408
P 0x7f9487113278
C 60
= 0x7f94871160a8
R
P 0x7f94870ee408
C 361
R
P 0x7f94870ee408
P 0x7f94871160a8
C 275
R
P 0x7f94870ee408
C 361
R
P 0x7f94870ee408
P 0x7f94871160a8
C 9
R
P 0x7f94870ee408
C 361
R
P 0x7f94870ee408
P 0x7f9487113298
C 60
= 0x7f94871160d8
R
P 0x7f94870ee408
C 361
R
P 0x7f94870ee408
P 0x7f94871160d8
C 275
R
P 0x7f94870ee408
C 361
R
P 0x7f94870ee408
P 0x7f94871160d8
C 9
R
P 0x7f94870ee408
C 361
R
P 0x7f94870ee408
P 0x7f9487113298
C 60
= 0x7f94871160d8
R
P 0x7f94870ee408
C 361
R
P 0x7f94870ee408
P 0x7f94871160d8
C 275
R
P 0x7f94870ee408
C 361
R
P 0x7f94870ee408
P 0x7f94871160d8
C 9
R
P 0x7f94870ee408
C 361
M "SudokuExample"
R
P 0x7f94870ee408
S "x_1_1"
C 30
R
P 0x7f94870ee408
C 361
R
P 0x7f94870ee408
$ |x_1_1|
C 219
R
P 0x7f94870ee408
C 361
R
P 0x7f94870ee408
$ |x_1_1|
P 0x7f94871132d8
C 51
= 0x7f9487114458
R
P 0x7f94870ee408
C 361
R
P 0x7f94870ee408
P 0x7f9487114458
C 274
R
P 0x7f94870ee408
C 361
R
P 0x7f94870ee408
P 0x7f9487114458
C 271
= 0x7f94871132d8
R
P 0x7f94870ee408
C 361
R
P 0x7f94870ee408
P 0x7f94871132d8
C 226
R
P 0x7f94870ee408
C 361
R
P 0x7f94870ee408
P 0x7f9487114458
C 277
R
P 0x7f94870ee408
C 361
R
P 0x7f94870ee408
P 0x7f9487114458
C 276
R
P 0x7f94870ee408
C 361
R
P 0x7f94870ee408
P 0x7f9487114458
C 275
R
P 0x7f94870ee408
C 361
R
P 0x7f94870ee408
P 0x7f9487114458
C 9
R
P 0x7f94870ee408
C 361
R
P 0x7f94870ee408
S "x_1_2"
C 30
R
P 0x7f94870ee408
C 361
R
P 0x7f94870ee408
$ |x_1_2|
C 219
R
P 0x7f94870ee408
C 361
R
P 0x7f94870ee408
$ |x_1_2|
P 0x7f94871132d8
C 51
= 0x7f9487114478
R
P 0x7f94870ee408
C 361
R
P 0x7f94870ee408
P 0x7f9487114478
C 274
R
P 0x7f94870ee408
C 361
R
P 0x7f94870ee408
P 0x7f9487114478
C 271
= 0x7f94871132d8
R
P 0x7f94870ee408
C 361
R
P 0x7f94870ee408
P 0x7f94871132d8
C 226
R
P 0x7f94870ee408
C 361
R
P 0x7f94870ee408
P 0x7f9487114478
C 277
R
P 0x7f94870ee408
C 361
R
P 0x7f94870ee408
P 0x7f9487114478
C 276
R
P 0x7f94870ee408
C 361
R
P 0x7f94870ee408
P 0x7f9487114478
C 275
R
P 0x7f94870ee408
C 361
R
P 0x7f94870ee408
P 0x7f9487114478
C 9
R
P 0x7f94870ee408
C 361
R
P 0x7f94870ee408
S "x_1_3"
C 30
R
P 0x7f94870ee408
C 361
R
P 0x7f94870ee408
$ |x_1_3|
C 219
R
P 0x7f94870ee408
C 361
R
P 0x7f94870ee408
$ |x_1_3|
P 0x7f94871132d8
C 51
= 0x7f9487114498
R
P 0x7f94870ee408
C 361
R
P 0x7f94870ee408
P 0x7f9487114498
C 274
R
P 0x7f94870ee408
C 361
R
P 0x7f94870ee408
P 0x7f9487114498
C 271
= 0x7f94871132d8
R
P 0x7f94870ee408
C 361
R
P 0x7f94870ee408
P 0x7f94871132d8
C 226
R
P 0x7f94870ee408
C 361
R
P 0x7f94870ee408
P 0x7f9487114498
C 277
R
P 0x7f94870ee408
C 361
R
P 0x7f94870ee408
P 0x7f9487114498
C 276
R
P 0x7f94870ee408
C 361
R
P 0x7f94870ee408
P 0x7f9487114498
C 275
R
P 0x7f94870ee408
C 361
R
P 0x7f94870ee408
P 0x7f9487114498
C 9
R
P 0x7f94870ee408
C 361
R
P 0x7f94870ee408
S "x_1_4"
C 30
R
P 0x7f94870ee408
C 361
R
P 0x7f94870ee408
$ |x_1_4|
C 219
R
P 0x7f94870ee408
C 361
R
P 0x7f94870ee408
$ |x_1_4|
P 0x7f94871132d8
C 51
= 0x7f94871144b8
R
P 0x7f94870ee408
C 361
R
P 0x7f94870ee408
P 0x7f94871144b8
C 274
R
P 0x7f94870ee408
C 361
R
P 0x7f94870ee408
P 0x7f94871144b8
C 271
= 0x7f94871132d8
R
P 0x7f94870ee408
C 361
R
P 0x7f94870ee408
P 0x7f94871132d8
C 226
R
P 0x7f94870ee408
C 361
R
P 0x7f94870ee408
P 0x7f94871144b8
C 277
R
P 0x7f94870ee408
C 361
R
P 0x7f94870ee408
P 0x7f94871144b8
C 276
R
P 0x7f94870ee408
C 361
R
P 0x7f94870ee408
P 0x7f94871144b8
C 275
R
P 0x7f94870ee408
C 361
R
P 0x7f94870ee408
P 0x7f94871144b8
C 9
R
P 0x7f94870ee408
C 361
R
P 0x7f94870ee408
S "x_1_5"
C 30
R
P 0x7f94870ee408
C 361
R
P 0x7f94870ee408
$ |x_1_5|
C 219
R
P 0x7f94870ee408
C 361
R
P 0x7f94870ee408
$ |x_1_5|
P 0x7f94871132d8
C 51
= 0x7f94871144d8
R
P 0x7f94870ee408
C 361
R
P 0x7f94870ee408
P 0x7f94871144d8
C 274
R
P 0x7f94870ee408
C 361
R
P 0x7f94870ee408
P 0x7f94871144d8
C 271
= 0x7f94871132d8
R
P 0x7f94870ee408
C 361
R
P 0x7f94870ee408
P 0x7f94871132d8
C 226
R
P 0x7f94870ee408
C 361
R
P 0x7f94870ee408
P 0x7f94871144d8
C 277
R
P 0x7f94870ee408
C 361
R
P 0x7f94870ee408
P 0x7f94871144d8
C 276
R
P 0x7f94870ee408
C 361
R
P 0x7f94870ee408
P 0x7f94871144d8
C 275
R
P 0x7f94870ee408
C 361
R
P 0x7f94870ee408
P 0x7f94871144d8
C 9
R
P 0x7f94870ee408
C 361
R
P 0x7f94870ee408
S "x_1_6"
C 30
R
P 0x7f94870ee408
C 361
R
P 0x7f94870ee408
$ |x_1_6|
C 219
R
P 0x7f94870ee408
C 361
R
P 0x7f94870ee408
$ |x_1_6|
P 0x7f94871132d8
C 51
= 0x7f94871144f8
R
P 0x7f94870ee408
C 361
R
P 0x7f94870ee408
P 0x7f94871144f8
C 274
R
P 0x7f94870ee408
C 361
R
P 0x7f94870ee408
P 0x7f94871144f8
C 271
= 0x7f94871132d8
R
P 0x7f94870ee408
C 361
R
P 0x7f94870ee408
P 0x7f94871132d8
C 226
R
P 0x7f94870ee408
C 361
R
P 0x7f94870ee408
P 0x7f94871144f8
C 277
R
P 0x7f94870ee408
C 361
R
P 0x7f94870ee408
P 0x7f94871144f8
C 276
R
P 0x7f94870ee408
C 361
R
P 0x7f94870ee408
P 0x7f94871144f8
C 275
R
P 0x7f94870ee408
C 361
R
P 0x7f94870ee408
P 0x7f94871144f8
C 9
R
P 0x7f94870ee408
C 361
R
P 0x7f94870ee408
S "x_1_7"
C 30
R
P 0x7f94870ee408
C 361
R
P 0x7f94870ee408
$ |x_1_7|
C 219
R
P 0x7f94870ee408
C 361
R
P 0x7f94870ee408
$ |x_1_7|
P 0x7f94871132d8
C 51
= 0x7f9487114518
R
P 0x7f94870ee408
C 361
R
P 0x7f94870ee408
P 0x7f9487114518
C 274
R
P 0x7f94870ee408
C 361
R
P 0x7f94870ee408
P 0x7f9487114518
C 271
= 0x7f94871132d8
R
P 0x7f94870ee408
C 361
R
P 0x7f94870ee408
P 0x7f94871132d8
C 226
R
P 0x7f94870ee408
C 361
R
P 0x7f94870ee408
P 0x7f9487114518
C 277
R
P 0x7f94870ee408
C 361
R
P 0x7f94870ee408
P 0x7f9487114518
C 276
R
P 0x7f94870ee408
C 361
R
P 0x7f94870ee408
P 0x7f9487114518
C 275
R
P 0x7f94870ee408
C 361
R
P 0x7f94870ee408
P 0x7f9487114518
C 9
R
P 0x7f94870ee408
C 361
R
P 0x7f94870ee408
S "x_1_8"
C 30
R
P 0x7f94870ee408
C 361
R
P 0x7f94870ee408
$ |x_1_8|
C 219
R
P 0x7f94870ee408
C 361
R
P 0x7f94870ee408
$ |x_1_8|
P 0x7f94871132d8
C 51
= 0x7f9487114538
R
P 0x7f94870ee408
C 361
R
P 0x7f94870ee408
P 0x7f9487114538
C 274
R
P 0x7f94870ee408
C 361
R
P 0x7f94870ee408
P 0x7f9487114538
C 271
= 0x7f94871132d8
R
P 0x7f94870ee408
C 361
R
P 0x7f94870ee408
P 0x7f94871132d8
C 226
R
P 0x7f94870ee408
C 361
R
P 0x7f94870ee408
P 0x7f9487114538
C 277
R
P 0x7f94870ee408
C 361
R
P 0x7f94870ee408
P 0x7f9487114538
C 276
R
P 0x7f94870ee408
C 361
R
P 0x7f94870ee408
P 0x7f9487114538
C 275
R
P 0x7f94870ee408
C 361
R
P 0x7f94870ee408
P 0x7f9487114538
C 9
R
P 0x7f94870ee408
C 361
R
P 0x7f94870ee408
S "x_1_9"
C 30
R
P 0x7f94870ee408
C 361
R
P 0x7f94870ee408
$ |x_1_9|
C 219
R
P 0x7f94870ee408
C 361
R
P 0x7f94870ee408
$ |x_1_9|
P 0x7f94871132d8
C 51
= 0x7f9487114558
R
P 0x7f94870ee408
C 361
R
P 0x7f94870ee408
P 0x7f9487114558
C 274
R
P 0x7f94870ee408
C 361
R
P 0x7f94870ee408
P 0x7f9487114558
C 271
= 0x7f94871132d8
R
P 0x7f94870ee408
C 361
R
P 0x7f94870ee408
P 0x7f94871132d8
C 226
R
P 0x7f94870ee408
C 361
R
P 0x7f94870ee408
P 0x7f9487114558
C 277
R
P 0x7f94870ee408
C 361
R
P 0x7f94870ee408
P 0x7f9487114558
C 276
R
P 0x7f94870ee408
C 361
R
P 0x7f94870ee408
P 0x7f9487114558
C 275
R
P 0x7f94870ee408
C 361
R
P 0x7f94870ee408
P 0x7f9487114558
C 9
R
P 0x7f94870ee408
C 361
R
P 0x7f94870ee408
S "x_2_1"
C 30
R
P 0x7f94870ee408
C 361
R
P 0x7f94870ee408
$ |x_2_1|
C 219
R
P 0x7f94870ee408
C 361
R
P 0x7f94870ee408
$ |x_2_1|
P 0x7f94871132d8
C 51
= 0x7f9487114578
R
P 0x7f94870ee408
C 361
R
P 0x7f94870ee408
P 0x7f9487114578
C 274
R
P 0x7f94870ee408
C 361
R
P 0x7f94870ee408
P 0x7f9487114578
C 271
= 0x7f94871132d8
R
P 0x7f94870ee408
C 361
R
P 0x7f94870ee408
P 0x7f94871132d8
C 226
R
P 0x7f94870ee408
C 361
R
P 0x7f94870ee408
P 0x7f9487114578
C 277
R
P 0x7f94870ee408
C 361
R
P 0x7f94870ee408
P 0x7f9487114578
C 276
R
P 0x7f94870ee408
C 361
R
P 0x7f94870ee408
P 0x7f9487114578
C 275
R
P 0x7f94870ee408
C 361
R
P 0x7f94870ee408
P 0x7f9487114578
C 9
R
P 0x7f94870ee408
C 361
R
P 0x7f94870ee408
S "x_2_2"
C 30
R
P 0x7f94870ee408
C 361
R
P 0x7f94870ee408
$ |x_2_2|
C 219
R
P 0x7f94870ee408
C 361
R
P 0x7f94870ee408
$ |x_2_2|
P 0x7f94871132d8
C 51
= 0x7f9487114598
R
P 0x7f94870ee408
C 361
R
P 0x7f94870ee408
P 0x7f9487114598
C 274
R
P 0x7f94870ee408
C 361
R
P 0x7f94870ee408
P 0x7f9487114598
C 271
= 0x7f94871132d8
R
P 0x7f94870ee408
C 361
R
P 0x7f94870ee408
P 0x7f94871132d8
C 226
R
P 0x7f94870ee408
C 361
R
P 0x7f94870ee408
P 0x7f9487114598
C 277
R
P 0x7f94870ee408
C 361
R
P 0x7f94870ee408
P 0x7f9487114598
C 276
R
P 0x7f94870ee408
C 361
R
P 0x7f94870ee408
P 0x7f9487114598
C 275
R
P 0x7f94870ee408
C 361
R
P 0x7f94870ee408
P 0x7f9487114598
C 9
R
P 0x7f94870ee408
C 361
R
P 0x7f94870ee408
S "x_2_3"
C 30
R
P 0x7f94870ee408
C 361
R
P 0x7f94870ee408
$ |x_2_3|
C 219
R
P 0x7f94870ee408
C 361
R
P 0x7f94870ee408
$ |x_2_3|
P 0x7f94871132d8
C 51
= 0x7f94871145b8
R
P 0x7f94870ee408
C 361
R
P 0x7f94870ee408
P 0x7f94871145b8
C 274
R
P 0x7f94870ee408
C 361
R
P 0x7f94870ee408
P 0x7f94871145b8
C 271
= 0x7f94871132d8
R
P 0x7f94870ee408
C 361
R
P 0x7f94870ee408
P 0x7f94871132d8
C 226
R
P 0x7f94870ee408
C 361
R
P 0x7f94870ee408
P 0x7f94871145b8
C 277
R
P 0x7f94870ee408
C 361
R
P 0x7f94870ee408
P 0x7f94871145b8
C 276
R
P 0x7f94870ee408
C 361
R
P 0x7f94870ee408
P 0x7f94871145b8
C 275
R
P 0x7f94870ee408
C 361
R
P 0x7f94870ee408
P 0x7f94871145b8
C 9
R
P 0x7f94870ee408
C 361
R
P 0x7f94870ee408
S "x_2_4"
C 30
R
P 0x7f94870ee408
C 361
R
P 0x7f94870ee408
$ |x_2_4|
C 219
R
P 0x7f94870ee408
C 361
R
P 0x7f94870ee408
$ |x_2_4|
P 0x7f94871132d8
C 51
= 0x7f94871145d8
R
P 0x7f94870ee408
C 361
R
P 0x7f94870ee408
P 0x7f94871145d8
C 274
R
P 0x7f94870ee408
C 361
R
P 0x7f94870ee408
P 0x7f94871145d8
C 271
= 0x7f94871132d8
R
P 0x7f94870ee408
C 361
R
P 0x7f94870ee408
P 0x7f94871132d8
C 226
R
P 0x7f94870ee408
C 361
R
P 0x7f94870ee408
P 0x7f94871145d8
C 277
R
P 0x7f94870ee408
C 361
R
P 0x7f94870ee408
P 0x7f94871145d8
C 276
R
P 0x7f94870ee408
C 361
R
P 0x7f94870ee408
P 0x7f94871145d8
C 275
R
P 0x7f94870ee408
C 361
R
P 0x7f94870ee408
P 0x7f94871145d8
C 9
R
P 0x7f94870ee408
C 361
R
P 0x7f94870ee408
S "x_2_5"
C 30
R
P 0x7f94870ee408
C 361
R
P 0x7f94870ee408
$ |x_2_5|
C 219
R
P 0x7f94870ee408
C 361
R
P 0x7f94870ee408
$ |x_2_5|
P 0x7f94871132d8
C 51
= 0x7f94871145f8
R
P 0x7f94870ee408
C 361
R
P 0x7f94870ee408
P 0x7f94871145f8
C 274
R
P 0x7f94870ee408
C 361
R
P 0x7f94870ee408
P 0x7f94871145f8
C 271
= 0x7f94871132d8
R
P 0x7f94870ee408
C 361
R
P 0x7f94870ee408
P 0x7f94871132d8
C 226
R
P 0x7f94870ee408
C 361
R
P 0x7f94870ee408
P 0x7f94871145f8
C 277
R
P 0x7f94870ee408
C 361
R
P 0x7f94870ee408
P 0x7f94871145f8
C 276
R
P 0x7f94870ee408
C 361
R
P 0x7f94870ee408
P 0x7f94871145f8
C 275
R
P 0x7f94870ee408
C 361
R
P 0x7f94870ee408
P 0x7f94871145f8
C 9
R
P 0x7f94870ee408
C 361
R
P 0x7f94870ee408
S "x_2_6"
C 30
R
P 0x7f94870ee408
C 361
R
P 0x7f94870ee408
$ |x_2_6|
C 219
R
P 0x7f94870ee408
C 361
R
P 0x7f94870ee408
$ |x_2_6|
P 0x7f94871132d8
C 51
= 0x7f9487114618
R
P 0x7f94870ee408
C 361
R
P 0x7f94870ee408
P 0x7f9487114618
C 274
R
P 0x7f94870ee408
C 361
R
P 0x7f94870ee408
P 0x7f9487114618
C 271
= 0x7f94871132d8
R
P 0x7f94870ee408
C 361
R
P 0x7f94870ee408
P 0x7f94871132d8
C 226
R
P 0x7f94870ee408
C 361
R
P 0x7f94870ee408
P 0x7f9487114618
C 277
R
P 0x7f94870ee408
C 361
R
P 0x7f94870ee408
P 0x7f9487114618
C 276
R
P 0x7f94870ee408
C 361
R
P 0x7f94870ee408
P 0x7f9487114618
C 275
R
P 0x7f94870ee408
C 361
R
P 0x7f94870ee408
P 0x7f9487114618
C 9
R
P 0x7f94870ee408
C 361
R
P 0x7f94870ee408
S "x_2_7"
C 30
R
P 0x7f94870ee408
C 361
R
P 0x7f94870ee408
$ |x_2_7|
C 219
R
P 0x7f94870ee408
C 361
R
P 0x7f94870ee408
$ |x_2_7|
P 0x7f94871132d8
C 51
= 0x7f9487114638
R
P 0x7f94870ee408
C 361
R
P 0x7f94870ee408
P 0x7f9487114638
C 274
R
P 0x7f94870ee408
C 361
R
P 0x7f94870ee408
P 0x7f9487114638
C 271
= 0x7f94871132d8
R
P 0x7f94870ee408
C 361
R
P 0x7f94870ee408
P 0x7f94871132d8
C 226
R
P 0x7f94870ee408
C 361
R
P 0x7f94870ee408
P 0x7f9487114638
C 277
R
P 0x7f94870ee408
C 361
R
P 0x7f94870ee408
P 0x7f9487114638
C 276
R
P 0x7f94870ee408
C 361
R
P 0x7f94870ee408
P 0x7f9487114638
C 275
R
P 0x7f94870ee408
C 361
R
P 0x7f94870ee408
P 0x7f9487114638
C 9
R
P 0x7f94870ee408
C 361
R
P 0x7f94870ee408
S "x_2_8"
C 30
R
P 0x7f94870ee408
C 361
R
P 0x7f94870ee408
$ |x_2_8|
C 219
R
P 0x7f94870ee408
C 361
R
P 0x7f94870ee408
$ |x_2_8|
P 0x7f94871132d8
C 51
= 0x7f9487114658
R
P 0x7f94870ee408
C 361
R
P 0x7f94870ee408
P 0x7f9487114658
C 274
R
P 0x7f94870ee408
C 361
R
P 0x7f94870ee408
P 0x7f9487114658
C 271
= 0x7f94871132d8
R
P 0x7f94870ee408
C 361
R
P 0x7f94870ee408
P 0x7f94871132d8
C 226
R
P 0x7f94870ee408
C 361
R
P 0x7f94870ee408
P 0x7f9487114658
C 277
R
P 0x7f94870ee408
C 361
R
P 0x7f94870ee408
P 0x7f9487114658
C 276
R
P 0x7f94870ee408
C 361
R
P 0x7f94870ee408
P 0x7f9487114658
C 275
R
P 0x7f94870ee408
C 361
R
P 0x7f94870ee408
P 0x7f9487114658
C 9
R
P 0x7f94870ee408
C 361
R
P 0x7f94870ee408
S "x_2_9"
C 30
R
P 0x7f94870ee408
C 361
R
P 0x7f94870ee408
$ |x_2_9|
C 219
R
P 0x7f94870ee408
C 361
R
P 0x7f94870ee408
$ |x_2_9|
P 0x7f94871132d8
C 51
= 0x7f9487114678
R
P 0x7f94870ee408
C 361
R
P 0x7f94870ee408
P 0x7f9487114678
C 274
R
P 0x7f94870ee408
C 361
R
P 0x7f94870ee408
P 0x7f9487114678
C 271
= 0x7f94871132d8
R
P 0x7f94870ee408
C 361
R
P 0x7f94870ee408
P 0x7f94871132d8
C 226
R
P 0x7f94870ee408
C 361
R
P 0x7f94870ee408
P 0x7f9487114678
C 277
R
P 0x7f94870ee408
C 361
R
P 0x7f94870ee408
P 0x7f9487114678
C 276
R
P 0x7f94870ee408
C 361
R
P 0x7f94870ee408
P 0x7f9487114678
C 275
R
P 0x7f94870ee408
C 361
R
P 0x7f94870ee408
P 0x7f9487114678
C 9
R
P 0x7f94870ee408
C 361
R
P 0x7f94870ee408
S "x_3_1"
C 30
R
P 0x7f94870ee408
C 361
R
P 0x7f94870ee408
$ |x_3_1|
C 219
R
P 0x7f94870ee408
C 361
R
P 0x7f94870ee408
$ |x_3_1|
P 0x7f94871132d8
C 51
= 0x7f9487114698
R
P 0x7f94870ee408
C 361
R
P 0x7f94870ee408
P 0x7f9487114698
C 274
R
P 0x7f94870ee408
C 361
R
P 0x7f94870ee408
P 0x7f9487114698
C 271
= 0x7f94871132d8
R
P 0x7f94870ee408
C 361
R
P 0x7f94870ee408
P 0x7f94871132d8
C 226
R
P 0x7f94870ee408
C 361
R
P 0x7f94870ee408
P 0x7f9487114698
C 277
R
P 0x7f94870ee408
C 361
R
P 0x7f94870ee408
P 0x7f9487114698
C 276
R
P 0x7f94870ee408
C 361
R
P 0x7f94870ee408
P 0x7f9487114698
C 275
R
P 0x7f94870ee408
C 361
R
P 0x7f94870ee408
P 0x7f9487114698
C 9
R
P 0x7f94870ee408
C 361
R
P 0x7f94870ee408
S "x_3_2"
C 30
R
P 0x7f94870ee408
C 361
R
P 0x7f94870ee408
$ |x_3_2|
C 219
R
P 0x7f94870ee408
C 361
R
P 0x7f94870ee408
$ |x_3_2|
P 0x7f94871132d8
C 51
= 0x7f94871146b8
R
P 0x7f94870ee408
C 361
R
P 0x7f94870ee408
P 0x7f94871146b8
C 274
R
P 0x7f94870ee408
C 361
R
P 0x7f94870ee408
P 0x7f94871146b8
C 271
= 0x7f94871132d8
R
P 0x7f94870ee408
C 361
R
P 0x7f94870ee408
P 0x7f94871132d8
C 226
R
P 0x7f94870ee408
C 361
R
P 0x7f94870ee408
P 0x7f94871146b8
C 277
R
P 0x7f94870ee408
C 361
R
P 0x7f94870ee408
P 0x7f94871146b8
C 276
R
P 0x7f94870ee408
C 361
R
P 0x7f94870ee408
P 0x7f94871146b8
C 275
R
P 0x7f94870ee408
C 361
R
P 0x7f94870ee408
P 0x7f94871146b8
C 9
R
P 0x7f94870ee408
C 361
R
P 0x7f94870ee408
S "x_3_3"
C 30
R
P 0x7f94870ee408
C 361
R
P 0x7f94870ee408
$ |x_3_3|
C 219
R
P 0x7f94870ee408
C 361
R
P 0x7f94870ee408
$ |x_3_3|
P 0x7f94871132d8
C 51
= 0x7f94871146d8
R
P 0x7f94870ee408
C 361
R
P 0x7f94870ee408
P 0x7f94871146d8
C 274
R
P 0x7f94870ee408
C 361
R
P 0x7f94870ee408
P 0x7f94871146d8
C 271
= 0x7f94871132d8
R
P 0x7f94870ee408
C 361
R
P 0x7f94870ee408
P 0x7f94871132d8
C 226
R
P 0x7f94870ee408
C 361
R
P 0x7f94870ee408
P 0x7f94871146d8
C 277
R
P 0x7f94870ee408
C 361
R
P 0x7f94870ee408
P 0x7f94871146d8
C 276
R
P 0x7f94870ee408
C 361
R
P 0x7f94870ee408
P 0x7f94871146d8
C 275
R
P 0x7f94870ee408
C 361
R
P 0x7f94870ee408
P 0x7f94871146d8
C 9
R
P 0x7f94870ee408
C 361
R
P 0x7f94870ee408
S "x_3_4"
C 30
R
P 0x7f94870ee408
C 361
R
P 0x7f94870ee408
$ |x_3_4|
C 219
R
P 0x7f94870ee408
C 361
R
P 0x7f94870ee408
$ |x_3_4|
P 0x7f94871132d8
C 51
= 0x7f94871146f8
R
P 0x7f94870ee408
C 361
R
P 0x7f94870ee408
P 0x7f94871146f8
C 274
R
P 0x7f94870ee408
C 361
R
P 0x7f94870ee408
P 0x7f94871146f8
C 271
= 0x7f94871132d8
R
P 0x7f94870ee408
C 361
R
P 0x7f94870ee408
P 0x7f94871132d8
C 226
R
P 0x7f94870ee408
C 361
R
P 0x7f94870ee408
P 0x7f94871146f8
C 277
R
P 0x7f94870ee408
C 361
R
P 0x7f94870ee408
P 0x7f94871146f8
C 276
R
P 0x7f94870ee408
C 361
R
P 0x7f94870ee408
P 0x7f94871146f8
C 275
R
P 0x7f94870ee408
C 361
R
P 0x7f94870ee408
P 0x7f94871146f8
C 9
R
P 0x7f94870ee408
C 361
R
P 0x7f94870ee408
S "x_3_5"
C 30
R
P 0x7f94870ee408
C 361
R
P 0x7f94870ee408
$ |x_3_5|
C 219
R
P 0x7f94870ee408
C 361
R
P 0x7f94870ee408
$ |x_3_5|
P 0x7f94871132d8
C 51
= 0x7f9487114718
R
P 0x7f94870ee408
C 361
R
P 0x7f94870ee408
P 0x7f9487114718
C 274
R
P 0x7f94870ee408
C 361
R
P 0x7f94870ee408
P 0x7f9487114718
C 271
= 0x7f94871132d8
R
P 0x7f94870ee408
C 361
R
P 0x7f94870ee408
P 0x7f94871132d8
C 226
R
P 0x7f94870ee408
C 361
R
P 0x7f94870ee408
P 0x7f9487114718
C 277
R
P 0x7f94870ee408
C 361
R
P 0x7f94870ee408
P 0x7f9487114718
C 276
R
P 0x7f94870ee408
C 361
R
P 0x7f94870ee408
P 0x7f9487114718
C 275
R
P 0x7f94870ee408
C 361
R
P 0x7f94870ee408
P 0x7f9487114718
C 9
R
P 0x7f94870ee408
C 361
R
P 0x7f94870ee408
S "x_3_6"
C 30
R
P 0x7f94870ee408
C 361
R
P 0x7f94870ee408
$ |x_3_6|
C 219
R
P 0x7f94870ee408
C 361
R
P 0x7f94870ee408
$ |x_3_6|
P 0x7f94871132d8
C 51
= 0x7f9487114738
R
P 0x7f94870ee408
C 361
R
P 0x7f94870ee408
P 0x7f9487114738
C 274
R
P 0x7f94870ee408
C 361
R
P 0x7f94870ee408
P 0x7f9487114738
C 271
= 0x7f94871132d8
R
P 0x7f94870ee408
C 361
R
P 0x7f94870ee408
P 0x7f94871132d8
C 226
R
P 0x7f94870ee408
C 361
R
P 0x7f94870ee408
P 0x7f9487114738
C 277
R
P 0x7f94870ee408
C 361
R
P 0x7f94870ee408
P 0x7f9487114738
C 276
R
P 0x7f94870ee408
C 361
R
P 0x7f94870ee408
P 0x7f9487114738
C 275
R
P 0x7f94870ee408
C 361
R
P 0x7f94870ee408
P 0x7f9487114738
C 9
R
P 0x7f94870ee408
C 361
R
P 0x7f94870ee408
S "x_3_7"
C 30
R
P 0x7f94870ee408
C 361
R
P 0x7f94870ee408
$ |x_3_7|
C 219
R
P 0x7f94870ee408
C 361
R
P 0x7f94870ee408
$ |x_3_7|
P 0x7f94871132d8
C 51
= 0x7f9487114758
R
P 0x7f94870ee408
C 361
R
P 0x7f94870ee408
P 0x7f9487114758
C 274
R
P 0x7f94870ee408
C 361
R
P 0x7f94870ee408
P 0x7f9487114758
C 271
= 0x7f94871132d8
R
P 0x7f94870ee408
C 361
R
P 0x7f94870ee408
P 0x7f94871132d8
C 226
R
P 0x7f94870ee408
C 361
R
P 0x7f94870ee408
P 0x7f9487114758
C 277
R
P 0x7f94870ee408
C 361
R
P 0x7f94870ee408
P 0x7f9487114758
C 276
R
P 0x7f94870ee408
C 361
R
P 0x7f94870ee408
P 0x7f9487114758
C 275
R
P 0x7f94870ee408
C 361
R
P 0x7f94870ee408
P 0x7f9487114758
C 9
R
P 0x7f94870ee408
C 361
R
P 0x7f94870ee408
S "x_3_8"
C 30
R
P 0x7f94870ee408
C 361
R
P 0x7f94870ee408
$ |x_3_8|
C 219
R
P 0x7f94870ee408
C 361
R
P 0x7f94870ee408
$ |x_3_8|
P 0x7f94871132d8
C 51
= 0x7f9487114778
R
P 0x7f94870ee408
C 361
R
P 0x7f94870ee408
P 0x7f9487114778
C 274
R
P 0x7f94870ee408
C 361
R
P 0x7f94870ee408
P 0x7f9487114778
C 271
= 0x7f94871132d8
R
P 0x7f94870ee408
C 361
R
P 0x7f94870ee408
P 0x7f94871132d8
C 226
R
P 0x7f94870ee408
C 361
R
P 0x7f94870ee408
P 0x7f9487114778
C 277
R
P 0x7f94870ee408
C 361
R
P 0x7f94870ee408
P 0x7f9487114778
C 276
R
P 0x7f94870ee408
C 361
R
P 0x7f94870ee408
P 0x7f9487114778
C 275
R
P 0x7f94870ee408
C 361
R
P 0x7f94870ee408
P 0x7f9487114778
C 9
R
P 0x7f94870ee408
C 361
R
P 0x7f94870ee408
S "x_3_9"
C 30
R
P 0x7f94870ee408
C 361
R
P 0x7f94870ee408
$ |x_3_9|
C 219
R
P 0x7f94870ee408
C 361
R
P 0x7f94870ee408
$ |x_3_9|
P 0x7f94871132d8
C 51
= 0x7f9487114798
R
P 0x7f94870ee408
C 361
R
P 0x7f94870ee408
P 0x7f9487114798
C 274
R
P 0x7f94870ee408
C 361
R
P 0x7f94870ee408
P 0x7f9487114798
C 271
= 0x7f94871132d8
R
P 0x7f94870ee408
C 361
R
P 0x7f94870ee408
P 0x7f94871132d8
C 226
R
P 0x7f94870ee408
C 361
R
P 0x7f94870ee408
P 0x7f9487114798
C 277
R
P 0x7f94870ee408
C 361
R
P 0x7f94870ee408
P 0x7f9487114798
C 276
R
P 0x7f94870ee408
C 361
R
P 0x7f94870ee408
P 0x7f9487114798
C 275
R
P 0x7f94870ee408
C 361
R
P 0x7f94870ee408
P 0x7f9487114798
C 9
R
P 0x7f94870ee408
C 361
R
P 0x7f94870ee408
S "x_4_1"
C 30
R
P 0x7f94870ee408
C 361
R
P 0x7f94870ee408
$ |x_4_1|
C 219
R
P 0x7f94870ee408
C 361
R
P 0x7f94870ee408
$ |x_4_1|
P 0x7f94871132d8
C 51
= 0x7f94871147b8
R
P 0x7f94870ee408
C 361
R
P 0x7f94870ee408
P 0x7f94871147b8
C 274
R
P 0x7f94870ee408
C 361
R
P 0x7f94870ee408
P 0x7f94871147b8
C 271
= 0x7f94871132d8
R
P 0x7f94870ee408
C 361
R
P 0x7f94870ee408
P 0x7f94871132d8
C 226
R
P 0x7f94870ee408
C 361
R
P 0x7f94870ee408
P 0x7f94871147b8
C 277
R
P 0x7f94870ee408
C 361
R
P 0x7f94870ee408
P 0x7f94871147b8
C 276
R
P 0x7f94870ee408
C 361
R
P 0x7f94870ee408
P 0x7f94871147b8
C 275
R
P 0x7f94870ee408
C 361
R
P 0x7f94870ee408
P 0x7f94871147b8
C 9
R
P 0x7f94870ee408
C 361
R
P 0x7f94870ee408
S "x_4_2"
C 30
R
P 0x7f94870ee408
C 361
R
P 0x7f94870ee408
$ |x_4_2|
C 219
R
P 0x7f94870ee408
C 361
R
P 0x7f94870ee408
$ |x_4_2|
P 0x7f94871132d8
C 51
= 0x7f94871147d8
R
P 0x7f94870ee408
C 361
R
P 0x7f94870ee408
P 0x7f94871147d8
C 274
R
P 0x7f94870ee408
C 361
R
P 0x7f94870ee408
P 0x7f94871147d8
C 271
= 0x7f94871132d8
R
P 0x7f94870ee408
C 361
R
P 0x7f94870ee408
P 0x7f94871132d8
C 226
R
P 0x7f94870ee408
C 361
R
P 0x7f94870ee408
P 0x7f94871147d8
C 277
R
P 0x7f94870ee408
C 361
R
P 0x7f94870ee408
P 0x7f94871147d8
C 276
R
P 0x7f94870ee408
C 361
R
P 0x7f94870ee408
P 0x7f94871147d8
C 275
R
P 0x7f94870ee408
C 361
R
P 0x7f94870ee408
P 0x7f94871147d8
C 9
R
P 0x7f94870ee408
C 361
R
P 0x7f94870ee408
S "x_4_3"
C 30
R
P 0x7f94870ee408
C 361
R
P 0x7f94870ee408
$ |x_4_3|
C 219
R
P 0x7f94870ee408
C 361
R
P 0x7f94870ee408
$ |x_4_3|
P 0x7f94871132d8
C 51
= 0x7f94871147f8
R
P 0x7f94870ee408
C 361
R
P 0x7f94870ee408
P 0x7f94871147f8
C 274
R
P 0x7f94870ee408
C 361
R
P 0x7f94870ee408
P 0x7f94871147f8
C 271
= 0x7f94871132d8
R
P 0x7f94870ee408
C 361
R
P 0x7f94870ee408
P 0x7f94871132d8
C 226
R
P 0x7f94870ee408
C 361
R
P 0x7f94870ee408
P 0x7f94871147f8
C 277
R
P 0x7f94870ee408
C 361
R
P 0x7f94870ee408
P 0x7f94871147f8
C 276
R
P 0x7f94870ee408
C 361
R
P 0x7f94870ee408
P 0x7f94871147f8
C 275
R
P 0x7f94870ee408
C 361
R
P 0x7f94870ee408
P 0x7f94871147f8
C 9
R
P 0x7f94870ee408
C 361
R
P 0x7f94870ee408
S "x_4_4"
C 30
R
P 0x7f94870ee408
C 361
R
P 0x7f94870ee408
$ |x_4_4|
C 219
R
P 0x7f94870ee408
C 361
R
P 0x7f94870ee408
$ |x_4_4|
P 0x7f94871132d8
C 51
= 0x7f9487114818
R
P 0x7f94870ee408
C 361
R
P 0x7f94870ee408
P 0x7f9487114818
C 274
R
P 0x7f94870ee408
C 361
R
P 0x7f94870ee408
P 0x7f9487114818
C 271
= 0x7f94871132d8
R
P 0x7f94870ee408
C 361
R
P 0x7f94870ee408
P 0x7f94871132d8
C 226
R
P 0x7f94870ee408
C 361
R
P 0x7f94870ee408
P 0x7f9487114818
C 277
R
P 0x7f94870ee408
C 361
R
P 0x7f94870ee408
P 0x7f9487114818
C 276
R
P 0x7f94870ee408
C 361
R
P 0x7f94870ee408
P 0x7f9487114818
C 275
R
P 0x7f94870ee408
C 361
R
P 0x7f94870ee408
P 0x7f9487114818
C 9
R
P 0x7f94870ee408
C 361
R
P 0x7f94870ee408
S "x_4_5"
C 30
R
P 0x7f94870ee408
C 361
R
P 0x7f94870ee408
$ |x_4_5|
C 219
R
P 0x7f94870ee408
C 361
R
P 0x7f94870ee408
$ |x_4_5|
P 0x7f94871132d8
C 51
= 0x7f9487114838
R
P 0x7f94870ee408
C 361
R
P 0x7f94870ee408
P 0x7f9487114838
C 274
R
P 0x7f94870ee408
C 361
R
P 0x7f94870ee408
P 0x7f9487114838
C 271
= 0x7f94871132d8
R
P 0x7f94870ee408
C 361
R
P 0x7f94870ee408
P 0x7f94871132d8
C 226
R
P 0x7f94870ee408
C 361
R
P 0x7f94870ee408
P 0x7f9487114838
C 277
R
P 0x7f94870ee408
C 361
R
P 0x7f94870ee408
P 0x7f9487114838
C 276
R
P 0x7f94870ee408
C 361
R
P 0x7f94870ee408
P 0x7f9487114838
C 275
R
P 0x7f94870ee408
C 361
R
P 0x7f94870ee408
P 0x7f9487114838
C 9
R
P 0x7f94870ee408
C 361
R
P 0x7f94870ee408
S "x_4_6"
C 30
R
P 0x7f94870ee408
C 361
R
P 0x7f94870ee408
$ |x_4_6|
C 219
R
P 0x7f94870ee408
C 361
R
P 0x7f94870ee408
$ |x_4_6|
P 0x7f94871132d8
C 51
= 0x7f9487114858
R
P 0x7f94870ee408
C 361
R
P 0x7f94870ee408
P 0x7f9487114858
C 274
R
P 0x7f94870ee408
C 361
R
P 0x7f94870ee408
P 0x7f9487114858
C 271
= 0x7f94871132d8
R
P 0x7f94870ee408
C 361
R
P 0x7f94870ee408
P 0x7f94871132d8
C 226
R
P 0x7f94870ee408
C 361
R
P 0x7f94870ee408
P 0x7f9487114858
C 277
R
P 0x7f94870ee408
C 361
R
P 0x7f94870ee408
P 0x7f9487114858
C 276
R
P 0x7f94870ee408
C 361
R
P 0x7f94870ee408
P 0x7f9487114858
C 275
R
P 0x7f94870ee408
C 361
R
P 0x7f94870ee408
P 0x7f9487114858
C 9
R
P 0x7f94870ee408
C 361
R
P 0x7f94870ee408
S "x_4_7"
C 30
R
P 0x7f94870ee408
C 361
R
P 0x7f94870ee408
$ |x_4_7|
C 219
R
P 0x7f94870ee408
C 361
R
P 0x7f94870ee408
$ |x_4_7|
P 0x7f94871132d8
C 51
= 0x7f9487114878
R
P 0x7f94870ee408
C 361
R
P 0x7f94870ee408
P 0x7f9487114878
C 274
R
P 0x7f94870ee408
C 361
R
P 0x7f94870ee408
P 0x7f9487114878
C 271
= 0x7f94871132d8
R
P 0x7f94870ee408
C 361
R
P 0x7f94870ee408
P 0x7f94871132d8
C 226
R
P 0x7f94870ee408
C 361
R
P 0x7f94870ee408
P 0x7f9487114878
C 277
R
P 0x7f94870ee408
C 361
R
P 0x7f94870ee408
P 0x7f9487114878
C 276
R
P 0x7f94870ee408
C 361
R
P 0x7f94870ee408
P 0x7f9487114878
C 275
R
P 0x7f94870ee408
C 361
R
P 0x7f94870ee408
P 0x7f9487114878
C 9
R
P 0x7f94870ee408
C 361
R
P 0x7f94870ee408
S "x_4_8"
C 30
R
P 0x7f94870ee408
C 361
R
P 0x7f94870ee408
$ |x_4_8|
C 219
R
P 0x7f94870ee408
C 361
R
P 0x7f94870ee408
$ |x_4_8|
P 0x7f94871132d8
C 51
= 0x7f9487114898
R
P 0x7f94870ee408
C 361
R
P 0x7f94870ee408
P 0x7f9487114898
C 274
R
P 0x7f94870ee408
C 361
R
P 0x7f94870ee408
P 0x7f9487114898
C 271
= 0x7f94871132d8
R
P 0x7f94870ee408
C 361
R
P 0x7f94870ee408
P 0x7f94871132d8
C 226
R
P 0x7f94870ee408
C 361
R
P 0x7f94870ee408
P 0x7f9487114898
C 277
R
P 0x7f94870ee408
C 361
R
P 0x7f94870ee408
P 0x7f9487114898
C 276
R
P 0x7f94870ee408
C 361
R
P 0x7f94870ee408
P 0x7f9487114898
C 275
R
P 0x7f94870ee408
C 361
R
P 0x7f94870ee408
P 0x7f9487114898
C 9
R
P 0x7f94870ee408
C 361
R
P 0x7f94870ee408
S "x_4_9"
C 30
R
P 0x7f94870ee408
C 361
R
P 0x7f94870ee408
$ |x_4_9|
C 219
R
P 0x7f94870ee408
C 361
R
P 0x7f94870ee408
$ |x_4_9|
P 0x7f94871132d8
C 51
= 0x7f94871148b8
R
P 0x7f94870ee408
C 361
R
P 0x7f94870ee408
P 0x7f94871148b8
C 274
R
P 0x7f94870ee408
C 361
R
P 0x7f94870ee408
P 0x7f94871148b8
C 271
= 0x7f94871132d8
R
P 0x7f94870ee408
C 361
R
P 0x7f94870ee408
P 0x7f94871132d8
C 226
R
P 0x7f94870ee408
C 361
R
P 0x7f94870ee408
P 0x7f94871148b8
C 277
R
P 0x7f94870ee408
C 361
R
P 0x7f94870ee408
P 0x7f94871148b8
C 276
R
P 0x7f94870ee408
C 361
R
P 0x7f94870ee408
P 0x7f94871148b8
C 275
R
P 0x7f94870ee408
C 361
R
P 0x7f94870ee408
P 0x7f94871148b8
C 9
R
P 0x7f94870ee408
C 361
R
P 0x7f94870ee408
S "x_5_1"
C 30
R
P 0x7f94870ee408
C 361
R
P 0x7f94870ee408
$ |x_5_1|
C 219
R
P 0x7f94870ee408
C 361
R
P 0x7f94870ee408
$ |x_5_1|
P 0x7f94871132d8
C 51
= 0x7f94871148d8
R
P 0x7f94870ee408
C 361
R
P 0x7f94870ee408
P 0x7f94871148d8
C 274
R
P 0x7f94870ee408
C 361
R
P 0x7f94870ee408
P 0x7f94871148d8
C 271
= 0x7f94871132d8
R
P 0x7f94870ee408
C 361
R
P 0x7f94870ee408
P 0x7f94871132d8
C 226
R
P 0x7f94870ee408
C 361
R
P 0x7f94870ee408
P 0x7f94871148d8
C 277
R
P 0x7f94870ee408
C 361
R
P 0x7f94870ee408
P 0x7f94871148d8
C 276
R
P 0x7f94870ee408
C 361
R
P 0x7f94870ee408
P 0x7f94871148d8
C 275
R
P 0x7f94870ee408
C 361
R
P 0x7f94870ee408
P 0x7f94871148d8
C 9
R
P 0x7f94870ee408
C 361
R
P 0x7f94870ee408
S "x_5_2"
C 30
R
P 0x7f94870ee408
C 361
R
P 0x7f94870ee408
$ |x_5_2|
C 219
R
P 0x7f94870ee408
C 361
R
P 0x7f94870ee408
$ |x_5_2|
P 0x7f94871132d8
C 51
= 0x7f94871148f8
R
P 0x7f94870ee408
C 361
R
P 0x7f94870ee408
P 0x7f94871148f8
C 274
R
P 0x7f94870ee408
C 361
R
P 0x7f94870ee408
P 0x7f94871148f8
C 271
= 0x7f94871132d8
R
P 0x7f94870ee408
C 361
R
P 0x7f94870ee408
P 0x7f94871132d8
C 226
R
P 0x7f94870ee408
C 361
R
P 0x7f94870ee408
P 0x7f94871148f8
C 277
R
P 0x7f94870ee408
C 361
R
P 0x7f94870ee408
P 0x7f94871148f8
C 276
R
P 0x7f94870ee408
C 361
R
P 0x7f94870ee408
P 0x7f94871148f8
C 275
R
P 0x7f94870ee408
C 361
R
P 0x7f94870ee408
P 0x7f94871148f8
C 9
R
P 0x7f94870ee408
C 361
R
P 0x7f94870ee408
S "x_5_3"
C 30
R
P 0x7f94870ee408
C 361
R
P 0x7f94870ee408
$ |x_5_3|
C 219
R
P 0x7f94870ee408
C 361
R
P 0x7f94870ee408
$ |x_5_3|
P 0x7f94871132d8
C 51
= 0x7f9487114918
R
P 0x7f94870ee408
C 361
R
P 0x7f94870ee408
P 0x7f9487114918
C 274
R
P 0x7f94870ee408
C 361
R
P 0x7f94870ee408
P 0x7f9487114918
C 271
= 0x7f94871132d8
R
P 0x7f94870ee408
C 361
R
P 0x7f94870ee408
P 0x7f94871132d8
C 226
R
P 0x7f94870ee408
C 361
R
P 0x7f94870ee408
P 0x7f9487114918
C 277
R
P 0x7f94870ee408
C 361
R
P 0x7f94870ee408
P 0x7f9487114918
C 276
R
P 0x7f94870ee408
C 361
R
P 0x7f94870ee408
P 0x7f9487114918
C 275
R
P 0x7f94870ee408
C 361
R
P 0x7f94870ee408
P 0x7f9487114918
C 9
R
P 0x7f94870ee408
C 361
R
P 0x7f94870ee408
S "x_5_4"
C 30
R
P 0x7f94870ee408
C 361
R
P 0x7f94870ee408
$ |x_5_4|
C 219
R
P 0x7f94870ee408
C 361
R
P 0x7f94870ee408
$ |x_5_4|
P 0x7f94871132d8
C 51
= 0x7f9487114938
R
P 0x7f94870ee408
C 361
R
P 0x7f94870ee408
P 0x7f9487114938
C 274
R
P 0x7f94870ee408
C 361
R
P 0x7f94870ee408
P 0x7f9487114938
C 271
= 0x7f94871132d8
R
P 0x7f94870ee408
C 361
R
P 0x7f94870ee408
P 0x7f94871132d8
C 226
R
P 0x7f94870ee408
C 361
R
P 0x7f94870ee408
P 0x7f9487114938
C 277
R
P 0x7f94870ee408
C 361
R
P 0x7f94870ee408
P 0x7f9487114938
C 276
R
P 0x7f94870ee408
C 361
R
P 0x7f94870ee408
P 0x7f9487114938
C 275
R
P 0x7f94870ee408
C 361
R
P 0x7f94870ee408
P 0x7f9487114938
C 9
R
P 0x7f94870ee408
C 361
R
P 0x7f94870ee408
S "x_5_5"
C 30
R
P 0x7f94870ee408
C 361
R
P 0x7f94870ee408
$ |x_5_5|
C 219
R
P 0x7f94870ee408
C 361
R
P 0x7f94870ee408
$ |x_5_5|
P 0x7f94871132d8
C 51
= 0x7f9487114958
R
P 0x7f94870ee408
C 361
R
P 0x7f94870ee408
P 0x7f9487114958
C 274
R
P 0x7f94870ee408
C 361
R
P 0x7f94870ee408
P 0x7f9487114958
C 271
= 0x7f94871132d8
R
P 0x7f94870ee408
C 361
R
P 0x7f94870ee408
P 0x7f94871132d8
C 226
R
P 0x7f94870ee408
C 361
R
P 0x7f94870ee408
P 0x7f9487114958
C 277
R
P 0x7f94870ee408
C 361
R
P 0x7f94870ee408
P 0x7f9487114958
C 276
R
P 0x7f94870ee408
C 361
R
P 0x7f94870ee408
P 0x7f9487114958
C 275
R
P 0x7f94870ee408
C 361
R
P 0x7f94870ee408
P 0x7f9487114958
C 9
R
P 0x7f94870ee408
C 361
R
P 0x7f94870ee408
S "x_5_6"
C 30
R
P 0x7f94870ee408
C 361
R
P 0x7f94870ee408
$ |x_5_6|
C 219
R
P 0x7f94870ee408
C 361
R
P 0x7f94870ee408
$ |x_5_6|
P 0x7f94871132d8
C 51
= 0x7f9487114978
R
P 0x7f94870ee408
C 361
R
P 0x7f94870ee408
P 0x7f9487114978
C 274
R
P 0x7f94870ee408
C 361
R
P 0x7f94870ee408
P 0x7f9487114978
C 271
= 0x7f94871132d8
R
P 0x7f94870ee408
C 361
R
P 0x7f94870ee408
P 0x7f94871132d8
C 226
R
P 0x7f94870ee408
C 361
R
P 0x7f94870ee408
P 0x7f9487114978
C 277
R
P 0x7f94870ee408
C 361
R
P 0x7f94870ee408
P 0x7f9487114978
C 276
R
P 0x7f94870ee408
C 361
R
P 0x7f94870ee408
P 0x7f9487114978
C 275
R
P 0x7f94870ee408
C 361
R
P 0x7f94870ee408
P 0x7f9487114978
C 9
R
P 0x7f94870ee408
C 361
R
P 0x7f94870ee408
S "x_5_7"
C 30
R
P 0x7f94870ee408
C 361
R
P 0x7f94870ee408
$ |x_5_7|
C 219
R
P 0x7f94870ee408
C 361
R
P 0x7f94870ee408
$ |x_5_7|
P 0x7f94871132d8
C 51
= 0x7f9487114998
R
P 0x7f94870ee408
C 361
R
P 0x7f94870ee408
P 0x7f9487114998
C 274
R
P 0x7f94870ee408
C 361
R
P 0x7f94870ee408
P 0x7f9487114998
C 271
= 0x7f94871132d8
R
P 0x7f94870ee408
C 361
R
P 0x7f94870ee408
P 0x7f94871132d8
C 226
R
P 0x7f94870ee408
C 361
R
P 0x7f94870ee408
P 0x7f9487114998
C 277
R
P 0x7f94870ee408
C 361
R
P 0x7f94870ee408
P 0x7f9487114998
C 276
R
P 0x7f94870ee408
C 361
R
P 0x7f94870ee408
P 0x7f9487114998
C 275
R
P 0x7f94870ee408
C 361
R
P 0x7f94870ee408
P 0x7f9487114998
C 9
R
P 0x7f94870ee408
C 361
R
P 0x7f94870ee408
S "x_5_8"
C 30
R
P 0x7f94870ee408
C 361
R
P 0x7f94870ee408
$ |x_5_8|
C 219
R
P 0x7f94870ee408
C 361
R
P 0x7f94870ee408
$ |x_5_8|
P 0x7f94871132d8
C 51
= 0x7f94871149b8
R
P 0x7f94870ee408
C 361
R
P 0x7f94870ee408
P 0x7f94871149b8
C 274
R
P 0x7f94870ee408
C 361
R
P 0x7f94870ee408
P 0x7f94871149b8
C 271
= 0x7f94871132d8
R
P 0x7f94870ee408
C 361
R
P 0x7f94870ee408
P 0x7f94871132d8
C 226
R
P 0x7f94870ee408
C 361
R
P 0x7f94870ee408
P 0x7f94871149b8
C 277
R
P 0x7f94870ee408
C 361
R
P 0x7f94870ee408
P 0x7f94871149b8
C 276
R
P 0x7f94870ee408
C 361
R
P 0x7f94870ee408
P 0x7f94871149b8
C 275
R
P 0x7f94870ee408
C 361
R
P 0x7f94870ee408
P 0x7f94871149b8
C 9
R
P 0x7f94870ee408
C 361
R
P 0x7f94870ee408
S "x_5_9"
C 30
R
P 0x7f94870ee408
C 361
R
P 0x7f94870ee408
$ |x_5_9|
C 219
R
P 0x7f94870ee408
C 361
R
P 0x7f94870ee408
$ |x_5_9|
P 0x7f94871132d8
C 51
= 0x7f94871149d8
R
P 0x7f94870ee408
C 361
R
P 0x7f94870ee408
P 0x7f94871149d8
C 274
R
P 0x7f94870ee408
C 361
R
P 0x7f94870ee408
P 0x7f94871149d8
C 271
= 0x7f94871132d8
R
P 0x7f94870ee408
C 361
R
P 0x7f94870ee408
P 0x7f94871132d8
C 226
R
P 0x7f94870ee408
C 361
R
P 0x7f94870ee408
P 0x7f94871149d8
C 277
R
P 0x7f94870ee408
C 361
R
P 0x7f94870ee408
P 0x7f94871149d8
C 276
R
P 0x7f94870ee408
C 361
R
P 0x7f94870ee408
P 0x7f94871149d8
C 275
R
P 0x7f94870ee408
C 361
R
P 0x7f94870ee408
P 0x7f94871149d8
C 9
R
P 0x7f94870ee408
C 361
R
P 0x7f94870ee408
S "x_6_1"
C 30
R
P 0x7f94870ee408
C 361
R
P 0x7f94870ee408
$ |x_6_1|
C 219
R
P 0x7f94870ee408
C 361
R
P 0x7f94870ee408
$ |x_6_1|
P 0x7f94871132d8
C 51
= 0x7f94871149f8
R
P 0x7f94870ee408
C 361
R
P 0x7f94870ee408
P 0x7f94871149f8
C 274
R
P 0x7f94870ee408
C 361
R
P 0x7f94870ee408
P 0x7f94871149f8
C 271
= 0x7f94871132d8
R
P 0x7f94870ee408
C 361
R
P 0x7f94870ee408
P 0x7f94871132d8
C 226
R
P 0x7f94870ee408
C 361
R
P 0x7f94870ee408
P 0x7f94871149f8
C 277
R
P 0x7f94870ee408
C 361
R
P 0x7f94870ee408
P 0x7f94871149f8
C 276
R
P 0x7f94870ee408
C 361
R
P 0x7f94870ee408
P 0x7f94871149f8
C 275
R
P 0x7f94870ee408
C 361
R
P 0x7f94870ee408
P 0x7f94871149f8
C 9
R
P 0x7f94870ee408
C 361
R
P 0x7f94870ee408
S "x_6_2"
C 30
R
P 0x7f94870ee408
C 361
R
P 0x7f94870ee408
$ |x_6_2|
C 219
R
P 0x7f94870ee408
C 361
R
P 0x7f94870ee408
$ |x_6_2|
P 0x7f94871132d8
C 51
= 0x7f9487114a18
R
P 0x7f94870ee408
C 361
R
P 0x7f94870ee408
P 0x7f9487114a18
C 274
R
P 0x7f94870ee408
C 361
R
P 0x7f94870ee408
P 0x7f9487114a18
C 271
= 0x7f94871132d8
R
P 0x7f94870ee408
C 361
R
P 0x7f94870ee408
P 0x7f94871132d8
C 226
R
P 0x7f94870ee408
C 361
R
P 0x7f94870ee408
P 0x7f9487114a18
C 277
R
P 0x7f94870ee408
C 361
R
P 0x7f94870ee408
P 0x7f9487114a18
C 276
R
P 0x7f94870ee408
C 361
R
P 0x7f94870ee408
P 0x7f9487114a18
C 275
R
P 0x7f94870ee408
C 361
R
P 0x7f94870ee408
P 0x7f9487114a18
C 9
R
P 0x7f94870ee408
C 361
R
P 0x7f94870ee408
S "x_6_3"
C 30
R
P 0x7f94870ee408
C 361
R
P 0x7f94870ee408
$ |x_6_3|
C 219
R
P 0x7f94870ee408
C 361
R
P 0x7f94870ee408
$ |x_6_3|
P 0x7f94871132d8
C 51
= 0x7f9487114a38
R
P 0x7f94870ee408
C 361
R
P 0x7f94870ee408
P 0x7f9487114a38
C 274
R
P 0x7f94870ee408
C 361
R
P 0x7f94870ee408
P 0x7f9487114a38
C 271
= 0x7f94871132d8
R
P 0x7f94870ee408
C 361
R
P 0x7f94870ee408
P 0x7f94871132d8
C 226
R
P 0x7f94870ee408
C 361
R
P 0x7f94870ee408
P 0x7f9487114a38
C 277
R
P 0x7f94870ee408
C 361
R
P 0x7f94870ee408
P 0x7f9487114a38
C 276
R
P 0x7f94870ee408
C 361
R
P 0x7f94870ee408
P 0x7f9487114a38
C 275
R
P 0x7f94870ee408
C 361
R
P 0x7f94870ee408
P 0x7f9487114a38
C 9
R
P 0x7f94870ee408
C 361
R
P 0x7f94870ee408
S "x_6_4"
C 30
R
P 0x7f94870ee408
C 361
R
P 0x7f94870ee408
$ |x_6_4|
C 219
R
P 0x7f94870ee408
C 361
R
P 0x7f94870ee408
$ |x_6_4|
P 0x7f94871132d8
C 51
= 0x7f9487114a58
R
P 0x7f94870ee408
C 361
R
P 0x7f94870ee408
P 0x7f9487114a58
C 274
R
P 0x7f94870ee408
C 361
R
P 0x7f94870ee408
P 0x7f9487114a58
C 271
= 0x7f94871132d8
R
P 0x7f94870ee408
C 361
R
P 0x7f94870ee408
P 0x7f94871132d8
C 226
R
P 0x7f94870ee408
C 361
R
P 0x7f94870ee408
P 0x7f9487114a58
C 277
R
P 0x7f94870ee408
C 361
R
P 0x7f94870ee408
P 0x7f9487114a58
C 276
R
P 0x7f94870ee408
C 361
R
P 0x7f94870ee408
P 0x7f9487114a58
C 275
R
P 0x7f94870ee408
C 361
R
P 0x7f94870ee408
P 0x7f9487114a58
C 9
R
P 0x7f94870ee408
C 361
R
P 0x7f94870ee408
S "x_6_5"
C 30
R
P 0x7f94870ee408
C 361
R
P 0x7f94870ee408
$ |x_6_5|
C 219
R
P 0x7f94870ee408
C 361
R
P 0x7f94870ee408
$ |x_6_5|
P 0x7f94871132d8
C 51
= 0x7f9487114a78
R
P 0x7f94870ee408
C 361
R
P 0x7f94870ee408
P 0x7f9487114a78
C 274
R
P 0x7f94870ee408
C 361
R
P 0x7f94870ee408
P 0x7f9487114a78
C 271
= 0x7f94871132d8
R
P 0x7f94870ee408
C 361
R
P 0x7f94870ee408
P 0x7f94871132d8
C 226
R
P 0x7f94870ee408
C 361
R
P 0x7f94870ee408
P 0x7f9487114a78
C 277
R
P 0x7f94870ee408
C 361
R
P 0x7f94870ee408
P 0x7f9487114a78
C 276
R
P 0x7f94870ee408
C 361
R
P 0x7f94870ee408
P 0x7f9487114a78
C 275
R
P 0x7f94870ee408
C 361
R
P 0x7f94870ee408
P 0x7f9487114a78
C 9
R
P 0x7f94870ee408
C 361
R
P 0x7f94870ee408
S "x_6_6"
C 30
R
P 0x7f94870ee408
C 361
R
P 0x7f94870ee408
$ |x_6_6|
C 219
R
P 0x7f94870ee408
C 361
R
P 0x7f94870ee408
$ |x_6_6|
P 0x7f94871132d8
C 51
= 0x7f9487114a98
R
P 0x7f94870ee408
C 361
R
P 0x7f94870ee408
P 0x7f9487114a98
C 274
R
P 0x7f94870ee408
C 361
R
P 0x7f94870ee408
P 0x7f9487114a98
C 271
= 0x7f94871132d8
R
P 0x7f94870ee408
C 361
R
P 0x7f94870ee408
P 0x7f94871132d8
C 226
R
P 0x7f94870ee408
C 361
R
P 0x7f94870ee408
P 0x7f9487114a98
C 277
R
P 0x7f94870ee408
C 361
R
P 0x7f94870ee408
P 0x7f9487114a98
C 276
R
P 0x7f94870ee408
C 361
R
P 0x7f94870ee408
P 0x7f9487114a98
C 275
R
P 0x7f94870ee408
C 361
R
P 0x7f94870ee408
P 0x7f9487114a98
C 9
R
P 0x7f94870ee408
C 361
R
P 0x7f94870ee408
S "x_6_7"
C 30
R
P 0x7f94870ee408
C 361
R
P 0x7f94870ee408
$ |x_6_7|
C 219
R
P 0x7f94870ee408
C 361
R
P 0x7f94870ee408
$ |x_6_7|
P 0x7f94871132d8
C 51
= 0x7f9487114ab8
R
P 0x7f94870ee408
C 361
R
P 0x7f94870ee408
P 0x7f9487114ab8
C 274
R
P 0x7f94870ee408
C 361
R
P 0x7f94870ee408
P 0x7f9487114ab8
C 271
= 0x7f94871132d8
R
P 0x7f94870ee408
C 361
R
P 0x7f94870ee408
P 0x7f94871132d8
C 226
R
P 0x7f94870ee408
C 361
R
P 0x7f94870ee408
P 0x7f9487114ab8
C 277
R
P 0x7f94870ee408
C 361
R
P 0x7f94870ee408
P 0x7f9487114ab8
C 276
R
P 0x7f94870ee408
C 361
R
P 0x7f94870ee408
P 0x7f9487114ab8
C 275
R
P 0x7f94870ee408
C 361
R
P 0x7f94870ee408
P 0x7f9487114ab8
C 9
R
P 0x7f94870ee408
C 361
R
P 0x7f94870ee408
S "x_6_8"
C 30
R
P 0x7f94870ee408
C 361
R
P 0x7f94870ee408
$ |x_6_8|
C 219
R
P 0x7f94870ee408
C 361
R
P 0x7f94870ee408
$ |x_6_8|
P 0x7f94871132d8
C 51
= 0x7f9487114ad8
R
P 0x7f94870ee408
C 361
R
P 0x7f94870ee408
P 0x7f9487114ad8
C 274
R
P 0x7f94870ee408
C 361
R
P 0x7f94870ee408
P 0x7f9487114ad8
C 271
= 0x7f94871132d8
R
P 0x7f94870ee408
C 361
R
P 0x7f94870ee408
P 0x7f94871132d8
C 226
R
P 0x7f94870ee408
C 361
R
P 0x7f94870ee408
P 0x7f9487114ad8
C 277
R
P 0x7f94870ee408
C 361
R
P 0x7f94870ee408
P 0x7f9487114ad8
C 276
R
P 0x7f94870ee408
C 361
R
P 0x7f94870ee408
P 0x7f9487114ad8
C 275
R
P 0x7f94870ee408
C 361
R
P 0x7f94870ee408
P 0x7f9487114ad8
C 9
R
P 0x7f94870ee408
C 361
R
P 0x7f94870ee408
S "x_6_9"
C 30
R
P 0x7f94870ee408
C 361
R
P 0x7f94870ee408
$ |x_6_9|
C 219
R
P 0x7f94870ee408
C 361
R
P 0x7f94870ee408
$ |x_6_9|
P 0x7f94871132d8
C 51
= 0x7f9487114af8
R
P 0x7f94870ee408
C 361
R
P 0x7f94870ee408
P 0x7f9487114af8
C 274
R
P 0x7f94870ee408
C 361
R
P 0x7f94870ee408
P 0x7f9487114af8
C 271
= 0x7f94871132d8
R
P 0x7f94870ee408
C 361
R
P 0x7f94870ee408
P 0x7f94871132d8
C 226
R
P 0x7f94870ee408
C 361
R
P 0x7f94870ee408
P 0x7f9487114af8
C 277
R
P 0x7f94870ee408
C 361
R
P 0x7f94870ee408
P 0x7f9487114af8
C 276
R
P 0x7f94870ee408
C 361
R
P 0x7f94870ee408
P 0x7f9487114af8
C 275
R
P 0x7f94870ee408
C 361
R
P 0x7f94870ee408
P 0x7f9487114af8
C 9
R
P 0x7f94870ee408
C 361
R
P 0x7f94870ee408
S "x_7_1"
C 30
R
P 0x7f94870ee408
C 361
R
P 0x7f94870ee408
$ |x_7_1|
C 219
R
P 0x7f94870ee408
C 361
R
P 0x7f94870ee408
$ |x_7_1|
P 0x7f94871132d8
C 51
= 0x7f9487114b18
R
P 0x7f94870ee408
C 361
R
P 0x7f94870ee408
P 0x7f9487114b18
C 274
R
P 0x7f94870ee408
C 361
R
P 0x7f94870ee408
P 0x7f9487114b18
C 271
= 0x7f94871132d8
R
P 0x7f94870ee408
C 361
R
P 0x7f94870ee408
P 0x7f94871132d8
C 226
R
P 0x7f94870ee408
C 361
R
P 0x7f94870ee408
P 0x7f9487114b18
C 277
R
P 0x7f94870ee408
C 361
R
P 0x7f94870ee408
P 0x7f9487114b18
C 276
R
P 0x7f94870ee408
C 361
R
P 0x7f94870ee408
P 0x7f9487114b18
C 275
R
P 0x7f94870ee408
C 361
R
P 0x7f94870ee408
P 0x7f9487114b18
C 9
R
P 0x7f94870ee408
C 361
R
P 0x7f94870ee408
S "x_7_2"
C 30
R
P 0x7f94870ee408
C 361
R
P 0x7f94870ee408
$ |x_7_2|
C 219
R
P 0x7f94870ee408
C 361
R
P 0x7f94870ee408
$ |x_7_2|
P 0x7f94871132d8
C 51
= 0x7f9487114b38
R
P 0x7f94870ee408
C 361
R
P 0x7f94870ee408
P 0x7f9487114b38
C 274
R
P 0x7f94870ee408
C 361
R
P 0x7f94870ee408
P 0x7f9487114b38
C 271
= 0x7f94871132d8
R
P 0x7f94870ee408
C 361
R
P 0x7f94870ee408
P 0x7f94871132d8
C 226
R
P 0x7f94870ee408
C 361
R
P 0x7f94870ee408
P 0x7f9487114b38
C 277
R
P 0x7f94870ee408
C 361
R
P 0x7f94870ee408
P 0x7f9487114b38
C 276
R
P 0x7f94870ee408
C 361
R
P 0x7f94870ee408
P 0x7f9487114b38
C 275
R
P 0x7f94870ee408
C 361
R
P 0x7f94870ee408
P 0x7f9487114b38
C 9
R
P 0x7f94870ee408
C 361
R
P 0x7f94870ee408
S "x_7_3"
C 30
R
P 0x7f94870ee408
C 361
R
P 0x7f94870ee408
$ |x_7_3|
C 219
R
P 0x7f94870ee408
C 361
R
P 0x7f94870ee408
$ |x_7_3|
P 0x7f94871132d8
C 51
= 0x7f9487114b58
R
P 0x7f94870ee408
C 361
R
P 0x7f94870ee408
P 0x7f9487114b58
C 274
R
P 0x7f94870ee408
C 361
R
P 0x7f94870ee408
P 0x7f9487114b58
C 271
= 0x7f94871132d8
R
P 0x7f94870ee408
C 361
R
P 0x7f94870ee408
P 0x7f94871132d8
C 226
R
P 0x7f94870ee408
C 361
R
P 0x7f94870ee408
P 0x7f9487114b58
C 277
R
P 0x7f94870ee408
C 361
R
P 0x7f94870ee408
P 0x7f9487114b58
C 276
R
P 0x7f94870ee408
C 361
R
P 0x7f94870ee408
P 0x7f9487114b58
C 275
R
P 0x7f94870ee408
C 361
R
P 0x7f94870ee408
P 0x7f9487114b58
C 9
R
P 0x7f94870ee408
C 361
R
P 0x7f94870ee408
S "x_7_4"
C 30
R
P 0x7f94870ee408
C 361
R
P 0x7f94870ee408
$ |x_7_4|
C 219
R
P 0x7f94870ee408
C 361
R
P 0x7f94870ee408
$ |x_7_4|
P 0x7f94871132d8
C 51
= 0x7f9487114b78
R
P 0x7f94870ee408
C 361
R
P 0x7f94870ee408
P 0x7f9487114b78
C 274
R
P 0x7f94870ee408
C 361
R
P 0x7f94870ee408
P 0x7f9487114b78
C 271
= 0x7f94871132d8
R
P 0x7f94870ee408
C 361
R
P 0x7f94870ee408
P 0x7f94871132d8
C 226
R
P 0x7f94870ee408
C 361
R
P 0x7f94870ee408
P 0x7f9487114b78
C 277
R
P 0x7f94870ee408
C 361
R
P 0x7f94870ee408
P 0x7f9487114b78
C 276
R
P 0x7f94870ee408
C 361
R
P 0x7f94870ee408
P 0x7f9487114b78
C 275
R
P 0x7f94870ee408
C 361
R
P 0x7f94870ee408
P 0x7f9487114b78
C 9
R
P 0x7f94870ee408
C 361
R
P 0x7f94870ee408
S "x_7_5"
C 30
R
P 0x7f94870ee408
C 361
R
P 0x7f94870ee408
$ |x_7_5|
C 219
R
P 0x7f94870ee408
C 361
R
P 0x7f94870ee408
$ |x_7_5|
P 0x7f94871132d8
C 51
= 0x7f9487114b98
R
P 0x7f94870ee408
C 361
R
P 0x7f94870ee408
P 0x7f9487114b98
C 274
R
P 0x7f94870ee408
C 361
R
P 0x7f94870ee408
P 0x7f9487114b98
C 271
= 0x7f94871132d8
R
P 0x7f94870ee408
C 361
R
P 0x7f94870ee408
P 0x7f94871132d8
C 226
R
P 0x7f94870ee408
C 361
R
P 0x7f94870ee408
P 0x7f9487114b98
C 277
R
P 0x7f94870ee408
C 361
R
P 0x7f94870ee408
P 0x7f9487114b98
C 276
R
P 0x7f94870ee408
C 361
R
P 0x7f94870ee408
P 0x7f9487114b98
C 275
R
P 0x7f94870ee408
C 361
R
P 0x7f94870ee408
P 0x7f9487114b98
C 9
R
P 0x7f94870ee408
C 361
R
P 0x7f94870ee408
S "x_7_6"
C 30
R
P 0x7f94870ee408
C 361
R
P 0x7f94870ee408
$ |x_7_6|
C 219
R
P 0x7f94870ee408
C 361
R
P 0x7f94870ee408
$ |x_7_6|
P 0x7f94871132d8
C 51
= 0x7f9487114bb8
R
P 0x7f94870ee408
C 361
R
P 0x7f94870ee408
P 0x7f9487114bb8
C 274
R
P 0x7f94870ee408
C 361
R
P 0x7f94870ee408
P 0x7f9487114bb8
C 271
= 0x7f94871132d8
R
P 0x7f94870ee408
C 361
R
P 0x7f94870ee408
P 0x7f94871132d8
C 226
R
P 0x7f94870ee408
C 361
R
P 0x7f94870ee408
P 0x7f9487114bb8
C 277
R
P 0x7f94870ee408
C 361
R
P 0x7f94870ee408
P 0x7f9487114bb8
C 276
R
P 0x7f94870ee408
C 361
R
P 0x7f94870ee408
P 0x7f9487114bb8
C 275
R
P 0x7f94870ee408
C 361
R
P 0x7f94870ee408
P 0x7f9487114bb8
C 9
R
P 0x7f94870ee408
C 361
R
P 0x7f94870ee408
S "x_7_7"
C 30
R
P 0x7f94870ee408
C 361
R
P 0x7f94870ee408
$ |x_7_7|
C 219
R
P 0x7f94870ee408
C 361
R
P 0x7f94870ee408
$ |x_7_7|
P 0x7f94871132d8
C 51
= 0x7f9487114bd8
R
P 0x7f94870ee408
C 361
R
P 0x7f94870ee408
P 0x7f9487114bd8
C 274
R
P 0x7f94870ee408
C 361
R
P 0x7f94870ee408
P 0x7f9487114bd8
C 271
= 0x7f94871132d8
R
P 0x7f94870ee408
C 361
R
P 0x7f94870ee408
P 0x7f94871132d8
C 226
R
P 0x7f94870ee408
C 361
R
P 0x7f94870ee408
P 0x7f9487114bd8
C 277
R
P 0x7f94870ee408
C 361
R
P 0x7f94870ee408
P 0x7f9487114bd8
C 276
R
P 0x7f94870ee408
C 361
R
P 0x7f94870ee408
P 0x7f9487114bd8
C 275
R
P 0x7f94870ee408
C 361
R
P 0x7f94870ee408
P 0x7f9487114bd8
C 9
R
P 0x7f94870ee408
C 361
R
P 0x7f94870ee408
S "x_7_8"
C 30
R
P 0x7f94870ee408
C 361
R
P 0x7f94870ee408
$ |x_7_8|
C 219
R
P 0x7f94870ee408
C 361
R
P 0x7f94870ee408
$ |x_7_8|
P 0x7f94871132d8
C 51
= 0x7f9487114bf8
R
P 0x7f94870ee408
C 361
R
P 0x7f94870ee408
P 0x7f9487114bf8
C 274
R
P 0x7f94870ee408
C 361
R
P 0x7f94870ee408
P 0x7f9487114bf8
C 271
= 0x7f94871132d8
R
P 0x7f94870ee408
C 361
R
P 0x7f94870ee408
P 0x7f94871132d8
C 226
R
P 0x7f94870ee408
C 361
R
P 0x7f94870ee408
P 0x7f9487114bf8
C 277
R
P 0x7f94870ee408
C 361
R
P 0x7f94870ee408
P 0x7f9487114bf8
C 276
R
P 0x7f94870ee408
C 361
R
P 0x7f94870ee408
P 0x7f9487114bf8
C 275
R
P 0x7f94870ee408
C 361
R
P 0x7f94870ee408
P 0x7f9487114bf8
C 9
R
P 0x7f94870ee408
C 361
R
P 0x7f94870ee408
S "x_7_9"
C 30
R
P 0x7f94870ee408
C 361
R
P 0x7f94870ee408
$ |x_7_9|
C 219
R
P 0x7f94870ee408
C 361
R
P 0x7f94870ee408
$ |x_7_9|
P 0x7f94871132d8
C 51
= 0x7f9487114c18
R
P 0x7f94870ee408
C 361
R
P 0x7f94870ee408
P 0x7f9487114c18
C 274
R
P 0x7f94870ee408
C 361
R
P 0x7f94870ee408
P 0x7f9487114c18
C 271
= 0x7f94871132d8
R
P 0x7f94870ee408
C 361
R
P 0x7f94870ee408
P 0x7f94871132d8
C 226
R
P 0x7f94870ee408
C 361
R
P 0x7f94870ee408
P 0x7f9487114c18
C 277
R
P 0x7f94870ee408
C 361
R
P 0x7f94870ee408
P 0x7f9487114c18
C 276
R
P 0x7f94870ee408
C 361
R
P 0x7f94870ee408
P 0x7f9487114c18
C 275
R
P 0x7f94870ee408
C 361
R
P 0x7f94870ee408
P 0x7f9487114c18
C 9
R
P 0x7f94870ee408
C 361
R
P 0x7f94870ee408
S "x_8_1"
C 30
R
P 0x7f94870ee408
C 361
R
P 0x7f94870ee408
$ |x_8_1|
C 219
R
P 0x7f94870ee408
C 361
R
P 0x7f94870ee408
$ |x_8_1|
P 0x7f94871132d8
C 51
= 0x7f9487114c38
R
P 0x7f94870ee408
C 361
R
P 0x7f94870ee408
P 0x7f9487114c38
C 274
R
P 0x7f94870ee408
C 361
R
P 0x7f94870ee408
P 0x7f9487114c38
C 271
= 0x7f94871132d8
R
P 0x7f94870ee408
C 361
R
P 0x7f94870ee408
P 0x7f94871132d8
C 226
R
P 0x7f94870ee408
C 361
R
P 0x7f94870ee408
P 0x7f9487114c38
C 277
R
P 0x7f94870ee408
C 361
R
P 0x7f94870ee408
P 0x7f9487114c38
C 276
R
P 0x7f94870ee408
C 361
R
P 0x7f94870ee408
P 0x7f9487114c38
C 275
R
P 0x7f94870ee408
C 361
R
P 0x7f94870ee408
P 0x7f9487114c38
C 9
R
P 0x7f94870ee408
C 361
R
P 0x7f94870ee408
S "x_8_2"
C 30
R
P 0x7f94870ee408
C 361
R
P 0x7f94870ee408
$ |x_8_2|
C 219
R
P 0x7f94870ee408
C 361
R
P 0x7f94870ee408
$ |x_8_2|
P 0x7f94871132d8
C 51
= 0x7f9487114c58
R
P 0x7f94870ee408
C 361
R
P 0x7f94870ee408
P 0x7f9487114c58
C 274
R
P 0x7f94870ee408
C 361
R
P 0x7f94870ee408
P 0x7f9487114c58
C 271
= 0x7f94871132d8
R
P 0x7f94870ee408
C 361
R
P 0x7f94870ee408
P 0x7f94871132d8
C 226
R
P 0x7f94870ee408
C 361
R
P 0x7f94870ee408
P 0x7f9487114c58
C 277
R
P 0x7f94870ee408
C 361
R
P 0x7f94870ee408
P 0x7f9487114c58
C 276
R
P 0x7f94870ee408
C 361
R
P 0x7f94870ee408
P 0x7f9487114c58
C 275
R
P 0x7f94870ee408
C 361
R
P 0x7f94870ee408
P 0x7f9487114c58
C 9
R
P 0x7f94870ee408
C 361
R
P 0x7f94870ee408
S "x_8_3"
C 30
R
P 0x7f94870ee408
C 361
R
P 0x7f94870ee408
$ |x_8_3|
C 219
R
P 0x7f94870ee408
C 361
R
P 0x7f94870ee408
$ |x_8_3|
P 0x7f94871132d8
C 51
= 0x7f9487114c78
R
P 0x7f94870ee408
C 361
R
P 0x7f94870ee408
P 0x7f9487114c78
C 274
R
P 0x7f94870ee408
C 361
R
P 0x7f94870ee408
P 0x7f9487114c78
C 271
= 0x7f94871132d8
R
P 0x7f94870ee408
C 361
R
P 0x7f94870ee408
P 0x7f94871132d8
C 226
R
P 0x7f94870ee408
C 361
R
P 0x7f94870ee408
P 0x7f9487114c78
C 277
R
P 0x7f94870ee408
C 361
R
P 0x7f94870ee408
P 0x7f9487114c78
C 276
R
P 0x7f94870ee408
C 361
R
P 0x7f94870ee408
P 0x7f9487114c78
C 275
R
P 0x7f94870ee408
C 361
R
P 0x7f94870ee408
P 0x7f9487114c78
C 9
R
P 0x7f94870ee408
C 361
R
P 0x7f94870ee408
S "x_8_4"
C 30
R
P 0x7f94870ee408
C 361
R
P 0x7f94870ee408
$ |x_8_4|
C 219
R
P 0x7f94870ee408
C 361
R
P 0x7f94870ee408
$ |x_8_4|
P 0x7f94871132d8
C 51
= 0x7f9487114c98
R
P 0x7f94870ee408
C 361
R
P 0x7f94870ee408
P 0x7f9487114c98
C 274
R
P 0x7f94870ee408
C 361
R
P 0x7f94870ee408
P 0x7f9487114c98
C 271
= 0x7f94871132d8
R
P 0x7f94870ee408
C 361
R
P 0x7f94870ee408
P 0x7f94871132d8
C 226
R
P 0x7f94870ee408
C 361
R
P 0x7f94870ee408
P 0x7f9487114c98
C 277
R
P 0x7f94870ee408
C 361
R
P 0x7f94870ee408
P 0x7f9487114c98
C 276
R
P 0x7f94870ee408
C 361
R
P 0x7f94870ee408
P 0x7f9487114c98
C 275
R
P 0x7f94870ee408
C 361
R
P 0x7f94870ee408
P 0x7f9487114c98
C 9
R
P 0x7f94870ee408
C 361
R
P 0x7f94870ee408
S "x_8_5"
C 30
R
P 0x7f94870ee408
C 361
R
P 0x7f94870ee408
$ |x_8_5|
C 219
R
P 0x7f94870ee408
C 361
R
P 0x7f94870ee408
$ |x_8_5|
P 0x7f94871132d8
C 51
= 0x7f9487114cb8
R
P 0x7f94870ee408
C 361
R
P 0x7f94870ee408
P 0x7f9487114cb8
C 274
R
P 0x7f94870ee408
C 361
R
P 0x7f94870ee408
P 0x7f9487114cb8
C 271
= 0x7f94871132d8
R
P 0x7f94870ee408
C 361
R
P 0x7f94870ee408
P 0x7f94871132d8
C 226
R
P 0x7f94870ee408
C 361
R
P 0x7f94870ee408
P 0x7f9487114cb8
C 277
R
P 0x7f94870ee408
C 361
R
P 0x7f94870ee408
P 0x7f9487114cb8
C 276
R
P 0x7f94870ee408
C 361
R
P 0x7f94870ee408
P 0x7f9487114cb8
C 275
R
P 0x7f94870ee408
C 361
R
P 0x7f94870ee408
P 0x7f9487114cb8
C 9
R
P 0x7f94870ee408
C 361
R
P 0x7f94870ee408
S "x_8_6"
C 30
R
P 0x7f94870ee408
C 361
R
P 0x7f94870ee408
$ |x_8_6|
C 219
R
P 0x7f94870ee408
C 361
R
P 0x7f94870ee408
$ |x_8_6|
P 0x7f94871132d8
C 51
= 0x7f9487114cd8
R
P 0x7f94870ee408
C 361
R
P 0x7f94870ee408
P 0x7f9487114cd8
C 274
R
P 0x7f94870ee408
C 361
R
P 0x7f94870ee408
P 0x7f9487114cd8
C 271
= 0x7f94871132d8
R
P 0x7f94870ee408
C 361
R
P 0x7f94870ee408
P 0x7f94871132d8
C 226
R
P 0x7f94870ee408
C 361
R
P 0x7f94870ee408
P 0x7f9487114cd8
C 277
R
P 0x7f94870ee408
C 361
R
P 0x7f94870ee408
P 0x7f9487114cd8
C 276
R
P 0x7f94870ee408
C 361
R
P 0x7f94870ee408
P 0x7f9487114cd8
C 275
R
P 0x7f94870ee408
C 361
R
P 0x7f94870ee408
P 0x7f9487114cd8
C 9
R
P 0x7f94870ee408
C 361
R
P 0x7f94870ee408
S "x_8_7"
C 30
R
P 0x7f94870ee408
C 361
R
P 0x7f94870ee408
$ |x_8_7|
C 219
R
P 0x7f94870ee408
C 361
R
P 0x7f94870ee408
$ |x_8_7|
P 0x7f94871132d8
C 51
= 0x7f9487114cf8
R
P 0x7f94870ee408
C 361
R
P 0x7f94870ee408
P 0x7f9487114cf8
C 274
R
P 0x7f94870ee408
C 361
R
P 0x7f94870ee408
P 0x7f9487114cf8
C 271
= 0x7f94871132d8
R
P 0x7f94870ee408
C 361
R
P 0x7f94870ee408
P 0x7f94871132d8
C 226
R
P 0x7f94870ee408
C 361
R
P 0x7f94870ee408
P 0x7f9487114cf8
C 277
R
P 0x7f94870ee408
C 361
R
P 0x7f94870ee408
P 0x7f9487114cf8
C 276
R
P 0x7f94870ee408
C 361
R
P 0x7f94870ee408
P 0x7f9487114cf8
C 275
R
P 0x7f94870ee408
C 361
R
P 0x7f94870ee408
P 0x7f9487114cf8
C 9
R
P 0x7f94870ee408
C 361
R
P 0x7f94870ee408
S "x_8_8"
C 30
R
P 0x7f94870ee408
C 361
R
P 0x7f94870ee408
$ |x_8_8|
C 219
R
P 0x7f94870ee408
C 361
R
P 0x7f94870ee408
$ |x_8_8|
P 0x7f94871132d8
C 51
= 0x7f9487114d18
R
P 0x7f94870ee408
C 361
R
P 0x7f94870ee408
P 0x7f9487114d18
C 274
R
P 0x7f94870ee408
C 361
R
P 0x7f94870ee408
P 0x7f9487114d18
C 271
= 0x7f94871132d8
R
P 0x7f94870ee408
C 361
R
P 0x7f94870ee408
P 0x7f94871132d8
C 226
R
P 0x7f94870ee408
C 361
R
P 0x7f94870ee408
P 0x7f9487114d18
C 277
R
P 0x7f94870ee408
C 361
R
P 0x7f94870ee408
P 0x7f9487114d18
C 276
R
P 0x7f94870ee408
C 361
R
P 0x7f94870ee408
P 0x7f9487114d18
C 275
R
P 0x7f94870ee408
C 361
R
P 0x7f94870ee408
P 0x7f9487114d18
C 9
R
P 0x7f94870ee408
C 361
R
P 0x7f94870ee408
S "x_8_9"
C 30
R
P 0x7f94870ee408
C 361
R
P 0x7f94870ee408
$ |x_8_9|
C 219
R
P 0x7f94870ee408
C 361
R
P 0x7f94870ee408
$ |x_8_9|
P 0x7f94871132d8
C 51
= 0x7f9487114d38
R
P 0x7f94870ee408
C 361
R
P 0x7f94870ee408
P 0x7f9487114d38
C 274
R
P 0x7f94870ee408
C 361
R
P 0x7f94870ee408
P 0x7f9487114d38
C 271
= 0x7f94871132d8
R
P 0x7f94870ee408
C 361
R
P 0x7f94870ee408
P 0x7f94871132d8
C 226
R
P 0x7f94870ee408
C 361
R
P 0x7f94870ee408
P 0x7f9487114d38
C 277
R
P 0x7f94870ee408
C 361
R
P 0x7f94870ee408
P 0x7f9487114d38
C 276
R
P 0x7f94870ee408
C 361
R
P 0x7f94870ee408
P 0x7f9487114d38
C 275
R
P 0x7f94870ee408
C 361
R
P 0x7f94870ee408
P 0x7f9487114d38
C 9
R
P 0x7f94870ee408
C 361
R
P 0x7f94870ee408
S "x_9_1"
C 30
R
P 0x7f94870ee408
C 361
R
P 0x7f94870ee408
$ |x_9_1|
C 219
R
P 0x7f94870ee408
C 361
R
P 0x7f94870ee408
$ |x_9_1|
P 0x7f94871132d8
C 51
= 0x7f9487114d58
R
P 0x7f94870ee408
C 361
R
P 0x7f94870ee408
P 0x7f9487114d58
C 274
R
P 0x7f94870ee408
C 361
R
P 0x7f94870ee408
P 0x7f9487114d58
C 271
= 0x7f94871132d8
R
P 0x7f94870ee408
C 361
R
P 0x7f94870ee408
P 0x7f94871132d8
C 226
R
P 0x7f94870ee408
C 361
R
P 0x7f94870ee408
P 0x7f9487114d58
C 277
R
P 0x7f94870ee408
C 361
R
P 0x7f94870ee408
P 0x7f9487114d58
C 276
R
P 0x7f94870ee408
C 361
R
P 0x7f94870ee408
P 0x7f9487114d58
C 275
R
P 0x7f94870ee408
C 361
R
P 0x7f94870ee408
P 0x7f9487114d58
C 9
R
P 0x7f94870ee408
C 361
R
P 0x7f94870ee408
S "x_9_2"
C 30
R
P 0x7f94870ee408
C 361
R
P 0x7f94870ee408
$ |x_9_2|
C 219
R
P 0x7f94870ee408
C 361
R
P 0x7f94870ee408
$ |x_9_2|
P 0x7f94871132d8
C 51
= 0x7f9487114d78
R
P 0x7f94870ee408
C 361
R
P 0x7f94870ee408
P 0x7f9487114d78
C 274
R
P 0x7f94870ee408
C 361
R
P 0x7f94870ee408
P 0x7f9487114d78
C 271
= 0x7f94871132d8
R
P 0x7f94870ee408
C 361
R
P 0x7f94870ee408
P 0x7f94871132d8
C 226
R
P 0x7f94870ee408
C 361
R
P 0x7f94870ee408
P 0x7f9487114d78
C 277
R
P 0x7f94870ee408
C 361
R
P 0x7f94870ee408
P 0x7f9487114d78
C 276
R
P 0x7f94870ee408
C 361
R
P 0x7f94870ee408
P 0x7f9487114d78
C 275
R
P 0x7f94870ee408
C 361
R
P 0x7f94870ee408
P 0x7f9487114d78
C 9
R
P 0x7f94870ee408
C 361
R
P 0x7f94870ee408
S "x_9_3"
C 30
R
P 0x7f94870ee408
C 361
R
P 0x7f94870ee408
$ |x_9_3|
C 219
R
P 0x7f94870ee408
C 361
R
P 0x7f94870ee408
$ |x_9_3|
P 0x7f94871132d8
C 51
= 0x7f9487114d98
R
P 0x7f94870ee408
C 361
R
P 0x7f94870ee408
P 0x7f9487114d98
C 274
R
P 0x7f94870ee408
C 361
R
P 0x7f94870ee408
P 0x7f9487114d98
C 271
= 0x7f94871132d8
R
P 0x7f94870ee408
C 361
R
P 0x7f94870ee408
P 0x7f94871132d8
C 226
R
P 0x7f94870ee408
C 361
R
P 0x7f94870ee408
P 0x7f9487114d98
C 277
R
P 0x7f94870ee408
C 361
R
P 0x7f94870ee408
P 0x7f9487114d98
C 276
R
P 0x7f94870ee408
C 361
R
P 0x7f94870ee408
P 0x7f9487114d98
C 275
R
P 0x7f94870ee408
C 361
R
P 0x7f94870ee408
P 0x7f9487114d98
C 9
R
P 0x7f94870ee408
C 361
R
P 0x7f94870ee408
S "x_9_4"
C 30
R
P 0x7f94870ee408
C 361
R
P 0x7f94870ee408
$ |x_9_4|
C 219
R
P 0x7f94870ee408
C 361
R
P 0x7f94870ee408
$ |x_9_4|
P 0x7f94871132d8
C 51
= 0x7f9487114db8
R
P 0x7f94870ee408
C 361
R
P 0x7f94870ee408
P 0x7f9487114db8
C 274
R
P 0x7f94870ee408
C 361
R
P 0x7f94870ee408
P 0x7f9487114db8
C 271
= 0x7f94871132d8
R
P 0x7f94870ee408
C 361
R
P 0x7f94870ee408
P 0x7f94871132d8
C 226
R
P 0x7f94870ee408
C 361
R
P 0x7f94870ee408
P 0x7f9487114db8
C 277
R
P 0x7f94870ee408
C 361
R
P 0x7f94870ee408
P 0x7f9487114db8
C 276
R
P 0x7f94870ee408
C 361
R
P 0x7f94870ee408
P 0x7f9487114db8
C 275
R
P 0x7f94870ee408
C 361
R
P 0x7f94870ee408
P 0x7f9487114db8
C 9
R
P 0x7f94870ee408
C 361
R
P 0x7f94870ee408
S "x_9_5"
C 30
R
P 0x7f94870ee408
C 361
R
P 0x7f94870ee408
$ |x_9_5|
C 219
R
P 0x7f94870ee408
C 361
R
P 0x7f94870ee408
$ |x_9_5|
P 0x7f94871132d8
C 51
= 0x7f9487114dd8
R
P 0x7f94870ee408
C 361
R
P 0x7f94870ee408
P 0x7f9487114dd8
C 274
R
P 0x7f94870ee408
C 361
R
P 0x7f94870ee408
P 0x7f9487114dd8
C 271
= 0x7f94871132d8
R
P 0x7f94870ee408
C 361
R
P 0x7f94870ee408
P 0x7f94871132d8
C 226
R
P 0x7f94870ee408
C 361
R
P 0x7f94870ee408
P 0x7f9487114dd8
C 277
R
P 0x7f94870ee408
C 361
R
P 0x7f94870ee408
P 0x7f9487114dd8
C 276
R
P 0x7f94870ee408
C 361
R
P 0x7f94870ee408
P 0x7f9487114dd8
C 275
R
P 0x7f94870ee408
C 361
R
P 0x7f94870ee408
P 0x7f9487114dd8
C 9
R
P 0x7f94870ee408
C 361
R
P 0x7f94870ee408
S "x_9_6"
C 30
R
P 0x7f94870ee408
C 361
R
P 0x7f94870ee408
$ |x_9_6|
C 219
R
P 0x7f94870ee408
C 361
R
P 0x7f94870ee408
$ |x_9_6|
P 0x7f94871132d8
C 51
= 0x7f9487114df8
R
P 0x7f94870ee408
C 361
R
P 0x7f94870ee408
P 0x7f9487114df8
C 274
R
P 0x7f94870ee408
C 361
R
P 0x7f94870ee408
P 0x7f9487114df8
C 271
= 0x7f94871132d8
R
P 0x7f94870ee408
C 361
R
P 0x7f94870ee408
P 0x7f94871132d8
C 226
R
P 0x7f94870ee408
C 361
R
P 0x7f94870ee408
P 0x7f9487114df8
C 277
R
P 0x7f94870ee408
C 361
R
P 0x7f94870ee408
P 0x7f9487114df8
C 276
R
P 0x7f94870ee408
C 361
R
P 0x7f94870ee408
P 0x7f9487114df8
C 275
R
P 0x7f94870ee408
C 361
R
P 0x7f94870ee408
P 0x7f9487114df8
C 9
R
P 0x7f94870ee408
C 361
R
P 0x7f94870ee408
S "x_9_7"
C 30
R
P 0x7f94870ee408
C 361
R
P 0x7f94870ee408
$ |x_9_7|
C 219
R
P 0x7f94870ee408
C 361
R
P 0x7f94870ee408
$ |x_9_7|
P 0x7f94871132d8
C 51
= 0x7f9487114e18
R
P 0x7f94870ee408
C 361
R
P 0x7f94870ee408
P 0x7f9487114e18
C 274
R
P 0x7f94870ee408
C 361
R
P 0x7f94870ee408
P 0x7f9487114e18
C 271
= 0x7f94871132d8
R
P 0x7f94870ee408
C 361
R
P 0x7f94870ee408
P 0x7f94871132d8
C 226
R
P 0x7f94870ee408
C 361
R
P 0x7f94870ee408
P 0x7f9487114e18
C 277
R
P 0x7f94870ee408
C 361
R
P 0x7f94870ee408
P 0x7f9487114e18
C 276
R
P 0x7f94870ee408
C 361
R
P 0x7f94870ee408
P 0x7f9487114e18
C 275
R
P 0x7f94870ee408
C 361
R
P 0x7f94870ee408
P 0x7f9487114e18
C 9
R
P 0x7f94870ee408
C 361
R
P 0x7f94870ee408
S "x_9_8"
C 30
R
P 0x7f94870ee408
C 361
R
P 0x7f94870ee408
$ |x_9_8|
C 219
R
P 0x7f94870ee408
C 361
R
P 0x7f94870ee408
$ |x_9_8|
P 0x7f94871132d8
C 51
= 0x7f9487114e38
R
P 0x7f94870ee408
C 361
R
P 0x7f94870ee408
P 0x7f9487114e38
C 274
R
P 0x7f94870ee408
C 361
R
P 0x7f94870ee408
P 0x7f9487114e38
C 271
= 0x7f94871132d8
R
P 0x7f94870ee408
C 361
R
P 0x7f94870ee408
P 0x7f94871132d8
C 226
R
P 0x7f94870ee408
C 361
R
P 0x7f94870ee408
P 0x7f9487114e38
C 277
R
P 0x7f94870ee408
C 361
R
P 0x7f94870ee408
P 0x7f9487114e38
C 276
R
P 0x7f94870ee408
C 361
R
P 0x7f94870ee408
P 0x7f9487114e38
C 275
R
P 0x7f94870ee408
C 361
R
P 0x7f94870ee408
P 0x7f9487114e38
C 9
R
P 0x7f94870ee408
C 361
R
P 0x7f94870ee408
S "x_9_9"
C 30
R
P 0x7f94870ee408
C 361
R
P 0x7f94870ee408
$ |x_9_9|
C 219
R
P 0x7f94870ee408
C 361
R
P 0x7f94870ee408
$ |x_9_9|
P 0x7f94871132d8
C 51
= 0x7f9487114e58
R
P 0x7f94870ee408
C 361
R
P 0x7f94870ee408
P 0x7f9487114e58
C 274
R
P 0x7f94870ee408
C 361
R
P 0x7f94870ee408
P 0x7f9487114e58
C 271
= 0x7f94871132d8
R
P 0x7f94870ee408
C 361
R
P 0x7f94870ee408
P 0x7f94871132d8
C 226
R
P 0x7f94870ee408
C 361
R
P 0x7f94870ee408
P 0x7f9487114e58
C 277
R
P 0x7f94870ee408
C 361
R
P 0x7f94870ee408
P 0x7f9487114e58
C 276
R
P 0x7f94870ee408
C 361
R
P 0x7f94870ee408
P 0x7f9487114e58
C 275
R
P 0x7f94870ee408
C 361
R
P 0x7f94870ee408
P 0x7f9487114e58
C 9
R
P 0x7f94870ee408
C 361
R
P 0x7f94870ee408
I 1
P 0x7f94871132d8
C 154
= 0x7f9487113eb8
R
P 0x7f94870ee408
C 361
R
P 0x7f94870ee408
P 0x7f9487113eb8
C 275
R
P 0x7f94870ee408
C 361
R
P 0x7f94870ee408
P 0x7f9487113eb8
C 9
R
P 0x7f94870ee408
C 361
R
P 0x7f94870ee408
P 0x7f9487113eb8
P 0x7f9487114458
C 76
= 0x7f948711a730
R
P 0x7f94870ee408
C 361
R
P 0x7f94870ee408
P 0x7f948711a730
C 275
R
P 0x7f94870ee408
C 361
R
P 0x7f94870ee408
P 0x7f948711a730
C 9
R
P 0x7f94870ee408
C 361
R
P 0x7f94870ee408
I 9
P 0x7f94871132d8
C 154
= 0x7f9487114e78
R
P 0x7f94870ee408
C 361
R
P 0x7f94870ee408
P 0x7f9487114e78
C 275
R
P 0x7f94870ee408
C 361
R
P 0x7f94870ee408
P 0x7f9487114e78
C 9
R
P 0x7f94870ee408
C 361
R
P 0x7f94870ee408
P 0x7f9487114458
P 0x7f9487114e78
C 76
= 0x7f948711a768
R
P 0x7f94870ee408
C 361
R
P 0x7f94870ee408
P 0x7f948711a768
C 275
R
P 0x7f94870ee408
C 361
R
P 0x7f94870ee408
P 0x7f948711a768
C 9
R
P 0x7f94870ee408
C 361
R
P 0x7f94870ee408
U 2
P 0x7f948711a730
P 0x7f948711a768
p 2
C 65
= 0x7f948711a7a0
R
P 0x7f94870ee408
C 361
R
P 0x7f94870ee408
P 0x7f948711a7a0
C 275
R
P 0x7f94870ee408
C 361
R
P 0x7f94870ee408
P 0x7f948711a7a0
C 9
R
P 0x7f94870ee408
C 361
R
P 0x7f94870ee408
I 1
P 0x7f94871132d8
C 154
= 0x7f9487113eb8
R
P 0x7f94870ee408
C 361
R
P 0x7f94870ee408
P 0x7f9487113eb8
C 275
R
P 0x7f94870ee408
C 361
R
P 0x7f94870ee408
P 0x7f9487113eb8
C 9
R
P 0x7f94870ee408
C 361
R
P 0x7f94870ee408
P 0x7f9487113eb8
P 0x7f9487114478
C 76
= 0x7f948711a7d8
R
P 0x7f94870ee408
C 361
R
P 0x7f94870ee408
P 0x7f948711a7d8
C 275
R
P 0x7f94870ee408
C 361
R
P 0x7f94870ee408
P 0x7f948711a7d8
C 9
R
P 0x7f94870ee408
C 361
R
P 0x7f94870ee408
I 9
P 0x7f94871132d8
C 154
= 0x7f9487114e78
R
P 0x7f94870ee408
C 361
R
P 0x7f94870ee408
P 0x7f9487114e78
C 275
R
P 0x7f94870ee408
C 361
R
P 0x7f94870ee408
P 0x7f9487114e78
C 9
R
P 0x7f94870ee408
C 361
R
P 0x7f94870ee408
P 0x7f9487114478
P 0x7f9487114e78
C 76
= 0x7f948711a810
R
P 0x7f94870ee408
C 361
R
P 0x7f94870ee408
P 0x7f948711a810
C 275
R
P 0x7f94870ee408
C 361
R
P 0x7f94870ee408
P 0x7f948711a810
C 9
R
P 0x7f94870ee408
C 361
R
P 0x7f94870ee408
U 2
P 0x7f948711a7d8
P 0x7f948711a810
p 2
C 65
= 0x7f948711a848
R
P 0x7f94870ee408
C 361
R
P 0x7f94870ee408
P 0x7f948711a848
C 275
R
P 0x7f94870ee408
C 361
R
P 0x7f94870ee408
P 0x7f948711a848
C 9
R
P 0x7f94870ee408
C 361
R
P 0x7f94870ee408
I 1
P 0x7f94871132d8
C 154
= 0x7f9487113eb8
R
P 0x7f94870ee408
C 361
R
P 0x7f94870ee408
P 0x7f9487113eb8
C 275
R
P 0x7f94870ee408
C 361
R
P 0x7f94870ee408
P 0x7f9487113eb8
C 9
R
P 0x7f94870ee408
C 361
R
P 0x7f94870ee408
P 0x7f9487113eb8
P 0x7f9487114498
C 76
= 0x7f948711a880
R
P 0x7f94870ee408
C 361
R
P 0x7f94870ee408
P 0x7f948711a880
C 275
R
P 0x7f94870ee408
C 361
R
P 0x7f94870ee408
P 0x7f948711a880
C 9
R
P 0x7f94870ee408
C 361
R
P 0x7f94870ee408
I 9
P 0x7f94871132d8
C 154
= 0x7f9487114e78
R
P 0x7f94870ee408
C 361
R
P 0x7f94870ee408
P 0x7f9487114e78
C 275
R
P 0x7f94870ee408
C 361
R
P 0x7f94870ee408
P 0x7f9487114e78
C 9
R
P 0x7f94870ee408
C 361
R
P 0x7f94870ee408
P 0x7f9487114498
P 0x7f9487114e78
C 76
= 0x7f948711a8b8
R
P 0x7f94870ee408
C 361
R
P 0x7f94870ee408
P 0x7f948711a8b8
C 275
R
P 0x7f94870ee408
C 361
R
P 0x7f94870ee408
P 0x7f948711a8b8
C 9
R
P 0x7f94870ee408
C 361
R
P 0x7f94870ee408
U 2
P 0x7f948711a880
P 0x7f948711a8b8
p 2
C 65
= 0x7f948711a8f0
R
P 0x7f94870ee408
C 361
R
P 0x7f94870ee408
P 0x7f948711a8f0
C 275
R
P 0x7f94870ee408
C 361
R
P 0x7f94870ee408
P 0x7f948711a8f0
C 9
R
P 0x7f94870ee408
C 361
R
P 0x7f94870ee408
I 1
P 0x7f94871132d8
C 154
= 0x7f9487113eb8
R
P 0x7f94870ee408
C 361
R
P 0x7f94870ee408
P 0x7f9487113eb8
C 275
R
P 0x7f94870ee408
C 361
R
P 0x7f94870ee408
P 0x7f9487113eb8
C 9
R
P 0x7f94870ee408
C 361
R
P 0x7f94870ee408
P 0x7f9487113eb8
P 0x7f94871144b8
C 76
= 0x7f948711a928
R
P 0x7f94870ee408
C 361
R
P 0x7f94870ee408
P 0x7f948711a928
C 275
R
P 0x7f94870ee408
C 361
R
P 0x7f94870ee408
P 0x7f948711a928
C 9
R
P 0x7f94870ee408
C 361
R
P 0x7f94870ee408
I 9
P 0x7f94871132d8
C 154
= 0x7f9487114e78
R
P 0x7f94870ee408
C 361
R
P 0x7f94870ee408
P 0x7f9487114e78
C 275
R
P 0x7f94870ee408
C 361
R
P 0x7f94870ee408
P 0x7f9487114e78
C 9
R
P 0x7f94870ee408
C 361
R
P 0x7f94870ee408
P 0x7f94871144b8
P 0x7f9487114e78
C 76
= 0x7f948711a960
R
P 0x7f94870ee408
C 361
R
P 0x7f94870ee408
P 0x7f948711a960
C 275
R
P 0x7f94870ee408
C 361
R
P 0x7f94870ee408
P 0x7f948711a960
C 9
R
P 0x7f94870ee408
C 361
R
P 0x7f94870ee408
U 2
P 0x7f948711a928
P 0x7f948711a960
p 2
C 65
= 0x7f948711a998
R
P 0x7f94870ee408
C 361
R
P 0x7f94870ee408
P 0x7f948711a998
C 275
R
P 0x7f94870ee408
C 361
R
P 0x7f94870ee408
P 0x7f948711a998
C 9
R
P 0x7f94870ee408
C 361
R
P 0x7f94870ee408
I 1
P 0x7f94871132d8
C 154
= 0x7f9487113eb8
R
P 0x7f94870ee408
C 361
R
P 0x7f94870ee408
P 0x7f9487113eb8
C 275
R
P 0x7f94870ee408
C 361
R
P 0x7f94870ee408
P 0x7f9487113eb8
C 9
R
P 0x7f94870ee408
C 361
R
P 0x7f94870ee408
P 0x7f9487113eb8
P 0x7f94871144d8
C 76
= 0x7f948711a9d0
R
P 0x7f94870ee408
C 361
R
P 0x7f94870ee408
P 0x7f948711a9d0
C 275
R
P 0x7f94870ee408
C 361
R
P 0x7f94870ee408
P 0x7f948711a9d0
C 9
R
P 0x7f94870ee408
C 361
R
P 0x7f94870ee408
I 9
P 0x7f94871132d8
C 154
= 0x7f9487114e78
R
P 0x7f94870ee408
C 361
R
P 0x7f94870ee408
P 0x7f9487114e78
C 275
R
P 0x7f94870ee408
C 361
R
P 0x7f94870ee408
P 0x7f9487114e78
C 9
R
P 0x7f94870ee408
C 361
R
P 0x7f94870ee408
P 0x7f94871144d8
P 0x7f9487114e78
C 76
= 0x7f948711aa08
R
P 0x7f94870ee408
C 361
R
P 0x7f94870ee408
P 0x7f948711aa08
C 275
R
P 0x7f94870ee408
C 361
R
P 0x7f94870ee408
P 0x7f948711aa08
C 9
R
P 0x7f94870ee408
C 361
R
P 0x7f94870ee408
U 2
P 0x7f948711a9d0
P 0x7f948711aa08
p 2
C 65
= 0x7f948711aa40
R
P 0x7f94870ee408
C 361
R
P 0x7f94870ee408
P 0x7f948711aa40
C 275
R
P 0x7f94870ee408
C 361
R
P 0x7f94870ee408
P 0x7f948711aa40
C 9
R
P 0x7f94870ee408
C 361
R
P 0x7f94870ee408
I 1
P 0x7f94871132d8
C 154
= 0x7f9487113eb8
R
P 0x7f94870ee408
C 361
R
P 0x7f94870ee408
P 0x7f9487113eb8
C 275
R
P 0x7f94870ee408
C 361
R
P 0x7f94870ee408
P 0x7f9487113eb8
C 9
R
P 0x7f94870ee408
C 361
R
P 0x7f94870ee408
P 0x7f9487113eb8
P 0x7f94871144f8
C 76
= 0x7f948711aa78
R
P 0x7f94870ee408
C 361
R
P 0x7f94870ee408
P 0x7f948711aa78
C 275
R
P 0x7f94870ee408
C 361
R
P 0x7f94870ee408
P 0x7f948711aa78
C 9
R
P 0x7f94870ee408
C 361
R
P 0x7f94870ee408
I 9
P 0x7f94871132d8
C 154
= 0x7f9487114e78
R
P 0x7f94870ee408
C 361
R
P 0x7f94870ee408
P 0x7f9487114e78
C 275
R
P 0x7f94870ee408
C 361
R
P 0x7f94870ee408
P 0x7f9487114e78
C 9
R
P 0x7f94870ee408
C 361
R
P 0x7f94870ee408
P 0x7f94871144f8
P 0x7f9487114e78
C 76
= 0x7f948711aab0
R
P 0x7f94870ee408
C 361
R
P 0x7f94870ee408
P 0x7f948711aab0
C 275
R
P 0x7f94870ee408
C 361
R
P 0x7f94870ee408
P 0x7f948711aab0
C 9
R
P 0x7f94870ee408
C 361
R
P 0x7f94870ee408
U 2
P 0x7f948711aa78
P 0x7f948711aab0
p 2
C 65
= 0x7f948711aae8
R
P 0x7f94870ee408
C 361
R
P 0x7f94870ee408
P 0x7f948711aae8
C 275
R
P 0x7f94870ee408
C 361
R
P 0x7f94870ee408
P 0x7f948711aae8
C 9
R
P 0x7f94870ee408
C 361
R
P 0x7f94870ee408
I 1
P 0x7f94871132d8
C 154
= 0x7f9487113eb8
R
P 0x7f94870ee408
C 361
R
P 0x7f94870ee408
P 0x7f9487113eb8
C 275
R
P 0x7f94870ee408
C 361
R
P 0x7f94870ee408
P 0x7f9487113eb8
C 9
R
P 0x7f94870ee408
C 361
R
P 0x7f94870ee408
P 0x7f9487113eb8
P 0x7f9487114518
C 76
= 0x7f948711ab20
R
P 0x7f94870ee408
C 361
R
P 0x7f94870ee408
P 0x7f948711ab20
C 275
R
P 0x7f94870ee408
C 361
R
P 0x7f94870ee408
P 0x7f948711ab20
C 9
R
P 0x7f94870ee408
C 361
R
P 0x7f94870ee408
I 9
P 0x7f94871132d8
C 154
= 0x7f9487114e78
R
P 0x7f94870ee408
C 361
R
P 0x7f94870ee408
P 0x7f9487114e78
C 275
R
P 0x7f94870ee408
C 361
R
P 0x7f94870ee408
P 0x7f9487114e78
C 9
R
P 0x7f94870ee408
C 361
R
P 0x7f94870ee408
P 0x7f9487114518
P 0x7f9487114e78
C 76
= 0x7f948711ab58
R
P 0x7f94870ee408
C 361
R
P 0x7f94870ee408
P 0x7f948711ab58
C 275
R
P 0x7f94870ee408
C 361
R
P 0x7f94870ee408
P 0x7f948711ab58
C 9
R
P 0x7f94870ee408
C 361
R
P 0x7f94870ee408
U 2
P 0x7f948711ab20
P 0x7f948711ab58
p 2
C 65
= 0x7f948711ab90
R
P 0x7f94870ee408
C 361
R
P 0x7f94870ee408
P 0x7f948711ab90
C 275
R
P 0x7f94870ee408
C 361
R
P 0x7f94870ee408
P 0x7f948711ab90
C 9
R
P 0x7f94870ee408
C 361
R
P 0x7f94870ee408
I 1
P 0x7f94871132d8
C 154
= 0x7f9487113eb8
R
P 0x7f94870ee408
C 361
R
P 0x7f94870ee408
P 0x7f9487113eb8
C 275
R
P 0x7f94870ee408
C 361
R
P 0x7f94870ee408
P 0x7f9487113eb8
C 9
R
P 0x7f94870ee408
C 361
R
P 0x7f94870ee408
P 0x7f9487113eb8
P 0x7f9487114538
C 76
= 0x7f948711abc8
R
P 0x7f94870ee408
C 361
R
P 0x7f94870ee408
P 0x7f948711abc8
C 275
R
P 0x7f94870ee408
C 361
R
P 0x7f94870ee408
P 0x7f948711abc8
C 9
R
P 0x7f94870ee408
C 361
R
P 0x7f94870ee408
I 9
P 0x7f94871132d8
C 154
= 0x7f9487114e78
R
P 0x7f94870ee408
C 361
R
P 0x7f94870ee408
P 0x7f9487114e78
C 275
R
P 0x7f94870ee408
C 361
R
P 0x7f94870ee408
P 0x7f9487114e78
C 9
R
P 0x7f94870ee408
C 361
R
P 0x7f94870ee408
P 0x7f9487114538
P 0x7f9487114e78
C 76
= 0x7f948711ac00
R
P 0x7f94870ee408
C 361
R
P 0x7f94870ee408
P 0x7f948711ac00
C 275
R
P 0x7f94870ee408
C 361
R
P 0x7f94870ee408
P 0x7f948711ac00
C 9
R
P 0x7f94870ee408
C 361
R
P 0x7f94870ee408
U 2
P 0x7f948711abc8
P 0x7f948711ac00
p 2
C 65
= 0x7f948711ac38
R
P 0x7f94870ee408
C 361
R
P 0x7f94870ee408
P 0x7f948711ac38
C 275
R
P 0x7f94870ee408
C 361
R
P 0x7f94870ee408
P 0x7f948711ac38
C 9
R
P 0x7f94870ee408
C 361
R
P 0x7f94870ee408
I 1
P 0x7f94871132d8
C 154
= 0x7f9487113eb8
R
P 0x7f94870ee408
C 361
R
P 0x7f94870ee408
P 0x7f9487113eb8
C 275
R
P 0x7f94870ee408
C 361
R
P 0x7f94870ee408
P 0x7f9487113eb8
C 9
R
P 0x7f94870ee408
C 361
R
P 0x7f94870ee408
P 0x7f9487113eb8
P 0x7f9487114558
C 76
= 0x7f948711ac70
R
P 0x7f94870ee408
C 361
R
P 0x7f94870ee408
P 0x7f948711ac70
C 275
R
P 0x7f94870ee408
C 361
R
P 0x7f94870ee408
P 0x7f948711ac70
C 9
R
P 0x7f94870ee408
C 361
R
P 0x7f94870ee408
I 9
P 0x7f94871132d8
C 154
= 0x7f9487114e78
R
P 0x7f94870ee408
C 361
R
P 0x7f94870ee408
P 0x7f9487114e78
C 275
R
P 0x7f94870ee408
C 361
R
P 0x7f94870ee408
P 0x7f9487114e78
C 9
R
P 0x7f94870ee408
C 361
R
P 0x7f94870ee408
P 0x7f9487114558
P 0x7f9487114e78
C 76
= 0x7f948711aca8
R
P 0x7f94870ee408
C 361
R
P 0x7f94870ee408
P 0x7f948711aca8
C 275
R
P 0x7f94870ee408
C 361
R
P 0x7f94870ee408
P 0x7f948711aca8
C 9
R
P 0x7f94870ee408
C 361
R
P 0x7f94870ee408
U 2
P 0x7f948711ac70
P 0x7f948711aca8
p 2
C 65
= 0x7f948711ace0
R
P 0x7f94870ee408
C 361
R
P 0x7f94870ee408
P 0x7f948711ace0
C 275
R
P 0x7f94870ee408
C 361
R
P 0x7f94870ee408
P 0x7f948711ace0
C 9
R
P 0x7f94870ee408
C 361
R
P 0x7f94870ee408
I 1
P 0x7f94871132d8
C 154
= 0x7f9487113eb8
R
P 0x7f94870ee408
C 361
R
P 0x7f94870ee408
P 0x7f9487113eb8
C 275
R
P 0x7f94870ee408
C 361
R
P 0x7f94870ee408
P 0x7f9487113eb8
C 9
R
P 0x7f94870ee408
C 361
R
P 0x7f94870ee408
P 0x7f9487113eb8
P 0x7f9487114578
C 76
= 0x7f948711ad18
R
P 0x7f94870ee408
C 361
R
P 0x7f94870ee408
P 0x7f948711ad18
C 275
R
P 0x7f94870ee408
C 361
R
P 0x7f94870ee408
P 0x7f948711ad18
C 9
R
P 0x7f94870ee408
C 361
R
P 0x7f94870ee408
I 9
P 0x7f94871132d8
C 154
= 0x7f9487114e78
R
P 0x7f94870ee408
C 361
R
P 0x7f94870ee408
P 0x7f9487114e78
C 275
R
P 0x7f94870ee408
C 361
R
P 0x7f94870ee408
P 0x7f9487114e78
C 9
R
P 0x7f94870ee408
C 361
R
P 0x7f94870ee408
P 0x7f9487114578
P 0x7f9487114e78
C 76
= 0x7f948711ad50
R
P 0x7f94870ee408
C 361
R
P 0x7f94870ee408
P 0x7f948711ad50
C 275
R
P 0x7f94870ee408
C 361
R
P 0x7f94870ee408
P 0x7f948711ad50
C 9
R
P 0x7f94870ee408
C 361
R
P 0x7f94870ee408
U 2
P 0x7f948711ad18
P 0x7f948711ad50
p 2
C 65
= 0x7f948711ad88
R
P 0x7f94870ee408
C 361
R
P 0x7f94870ee408
P 0x7f948711ad88
C 275
R
P 0x7f94870ee408
C 361
R
P 0x7f94870ee408
P 0x7f948711ad88
C 9
R
P 0x7f94870ee408
C 361
R
P 0x7f94870ee408
I 1
P 0x7f94871132d8
C 154
= 0x7f9487113eb8
R
P 0x7f94870ee408
C 361
R
P 0x7f94870ee408
P 0x7f9487113eb8
C 275
R
P 0x7f94870ee408
C 361
R
P 0x7f94870ee408
P 0x7f9487113eb8
C 9
R
P 0x7f94870ee408
C 361
R
P 0x7f94870ee408
P 0x7f9487113eb8
P 0x7f9487114598
C 76
= 0x7f948711adc0
R
P 0x7f94870ee408
C 361
R
P 0x7f94870ee408
P 0x7f948711adc0
C 275
R
P 0x7f94870ee408
C 361
R
P 0x7f94870ee408
P 0x7f948711adc0
C 9
R
P 0x7f94870ee408
C 361
R
P 0x7f94870ee408
I 9
P 0x7f94871132d8
C 154
= 0x7f9487114e78
R
P 0x7f94870ee408
C 361
R
P 0x7f94870ee408
P 0x7f9487114e78
C 275
R
P 0x7f94870ee408
C 361
R
P 0x7f94870ee408
P 0x7f9487114e78
C 9
R
P 0x7f94870ee408
C 361
R
P 0x7f94870ee408
P 0x7f9487114598
P 0x7f9487114e78
C 76
= 0x7f948711adf8
R
P 0x7f94870ee408
C 361
R
P 0x7f94870ee408
P 0x7f948711adf8
C 275
R
P 0x7f94870ee408
C 361
R
P 0x7f94870ee408
P 0x7f948711adf8
C 9
R
P 0x7f94870ee408
C 361
R
P 0x7f94870ee408
U 2
P 0x7f948711adc0
P 0x7f948711adf8
p 2
C 65
= 0x7f948711ae30
R
P 0x7f94870ee408
C 361
R
P 0x7f94870ee408
P 0x7f948711ae30
C 275
R
P 0x7f94870ee408
C 361
R
P 0x7f94870ee408
P 0x7f948711ae30
C 9
R
P 0x7f94870ee408
C 361
R
P 0x7f94870ee408
I 1
P 0x7f94871132d8
C 154
= 0x7f9487113eb8
R
P 0x7f94870ee408
C 361
R
P 0x7f94870ee408
P 0x7f9487113eb8
C 275
R
P 0x7f94870ee408
C 361
R
P 0x7f94870ee408
P 0x7f9487113eb8
C 9
R
P 0x7f94870ee408
C 361
R
P 0x7f94870ee408
P 0x7f9487113eb8
P 0x7f94871145b8
C 76
= 0x7f948711ae68
R
P 0x7f94870ee408
C 361
R
P 0x7f94870ee408
P 0x7f948711ae68
C 275
R
P 0x7f94870ee408
C 361
R
P 0x7f94870ee408
P 0x7f948711ae68
C 9
R
P 0x7f94870ee408
C 361
R
P 0x7f94870ee408
I 9
P 0x7f94871132d8
C 154
= 0x7f9487114e78
R
P 0x7f94870ee408
C 361
R
P 0x7f94870ee408
P 0x7f9487114e78
C 275
R
P 0x7f94870ee408
C 361
R
P 0x7f94870ee408
P 0x7f9487114e78
C 9
R
P 0x7f94870ee408
C 361
R
P 0x7f94870ee408
P 0x7f94871145b8
P 0x7f9487114e78
C 76
= 0x7f948711aea0
R
P 0x7f94870ee408
C 361
R
P 0x7f94870ee408
P 0x7f948711aea0
C 275
R
P 0x7f94870ee408
C 361
R
P 0x7f94870ee408
P 0x7f948711aea0
C 9
R
P 0x7f94870ee408
C 361
R
P 0x7f94870ee408
U 2
P 0x7f948711ae68
P 0x7f948711aea0
p 2
C 65
= 0x7f948711aed8
R
P 0x7f94870ee408
C 361
R
P 0x7f94870ee408
P 0x7f948711aed8
C 275
R
P 0x7f94870ee408
C 361
R
P 0x7f94870ee408
P 0x7f948711aed8
C 9
R
P 0x7f94870ee408
C 361
R
P 0x7f94870ee408
I 1
P 0x7f94871132d8
C 154
= 0x7f9487113eb8
R
P 0x7f94870ee408
C 361
R
P 0x7f94870ee408
P 0x7f9487113eb8
C 275
R
P 0x7f94870ee408
C 361
R
P 0x7f94870ee408
P 0x7f9487113eb8
C 9
R
P 0x7f94870ee408
C 361
R
P 0x7f94870ee408
P 0x7f9487113eb8
P 0x7f94871145d8
C 76
= 0x7f948711af10
R
P 0x7f94870ee408
C 361
R
P 0x7f94870ee408
P 0x7f948711af10
C 275
R
P 0x7f94870ee408
C 361
R
P 0x7f94870ee408
P 0x7f948711af10
C 9
R
P 0x7f94870ee408
C 361
R
P 0x7f94870ee408
I 9
P 0x7f94871132d8
C 154
= 0x7f9487114e78
R
P 0x7f94870ee408
C 361
R
P 0x7f94870ee408
P 0x7f9487114e78
C 275
R
P 0x7f94870ee408
C 361
R
P 0x7f94870ee408
P 0x7f9487114e78
C 9
R
P 0x7f94870ee408
C 361
R
P 0x7f94870ee408
P 0x7f94871145d8
P 0x7f9487114e78
C 76
= 0x7f948711af48
R
P 0x7f94870ee408
C 361
R
P 0x7f94870ee408
P 0x7f948711af48
C 275
R
P 0x7f94870ee408
C 361
R
P 0x7f94870ee408
P 0x7f948711af48
C 9
R
P 0x7f94870ee408
C 361
R
P 0x7f94870ee408
U 2
P 0x7f948711af10
P 0x7f948711af48
p 2
C 65
= 0x7f948711af80
R
P 0x7f94870ee408
C 361
R
P 0x7f94870ee408
P 0x7f948711af80
C 275
R
P 0x7f94870ee408
C 361
R
P 0x7f94870ee408
P 0x7f948711af80
C 9
R
P 0x7f94870ee408
C 361
R
P 0x7f94870ee408
I 1
P 0x7f94871132d8
C 154
= 0x7f9487113eb8
R
P 0x7f94870ee408
C 361
R
P 0x7f94870ee408
P 0x7f9487113eb8
C 275
R
P 0x7f94870ee408
C 361
R
P 0x7f94870ee408
P 0x7f9487113eb8
C 9
R
P 0x7f94870ee408
C 361
R
P 0x7f94870ee408
P 0x7f9487113eb8
P 0x7f94871145f8
C 76
= 0x7f948711afb8
R
P 0x7f94870ee408
C 361
R
P 0x7f94870ee408
P 0x7f948711afb8
C 275
R
P 0x7f94870ee408
C 361
R
P 0x7f94870ee408
P 0x7f948711afb8
C 9
R
P 0x7f94870ee408
C 361
R
P 0x7f94870ee408
I 9
P 0x7f94871132d8
C 154
= 0x7f9487114e78
R
P 0x7f94870ee408
C 361
R
P 0x7f94870ee408
P 0x7f9487114e78
C 275
R
P 0x7f94870ee408
C 361
R
P 0x7f94870ee408
P 0x7f9487114e78
C 9
R
P 0x7f94870ee408
C 361
R
P 0x7f94870ee408
P 0x7f94871145f8
P 0x7f9487114e78
C 76
= 0x7f948711aff0
R
P 0x7f94870ee408
C 361
R
P 0x7f94870ee408
P 0x7f948711aff0
C 275
R
P 0x7f94870ee408
C 361
R
P 0x7f94870ee408
P 0x7f948711aff0
C 9
R
P 0x7f94870ee408
C 361
R
P 0x7f94870ee408
U 2
P 0x7f948711afb8
P 0x7f948711aff0
p 2
C 65
= 0x7f948711b028
R
P 0x7f94870ee408
C 361
R
P 0x7f94870ee408
P 0x7f948711b028
C 275
R
P 0x7f94870ee408
C 361
R
P 0x7f94870ee408
P 0x7f948711b028
C 9
R
P 0x7f94870ee408
C 361
R
P 0x7f94870ee408
I 1
P 0x7f94871132d8
C 154
= 0x7f9487113eb8
R
P 0x7f94870ee408
C 361
R
P 0x7f94870ee408
P 0x7f9487113eb8
C 275
R
P 0x7f94870ee408
C 361
R
P 0x7f94870ee408
P 0x7f9487113eb8
C 9
R
P 0x7f94870ee408
C 361
R
P 0x7f94870ee408
P 0x7f9487113eb8
P 0x7f9487114618
C 76
= 0x7f948711b060
R
P 0x7f94870ee408
C 361
R
P 0x7f94870ee408
P 0x7f948711b060
C 275
R
P 0x7f94870ee408
C 361
R
P 0x7f94870ee408
P 0x7f948711b060
C 9
R
P 0x7f94870ee408
C 361
R
P 0x7f94870ee408
I 9
P 0x7f94871132d8
C 154
= 0x7f9487114e78
R
P 0x7f94870ee408
C 361
R
P 0x7f94870ee408
P 0x7f9487114e78
C 275
R
P 0x7f94870ee408
C 361
R
P 0x7f94870ee408
P 0x7f9487114e78
C 9
R
P 0x7f94870ee408
C 361
R
P 0x7f94870ee408
P 0x7f9487114618
P 0x7f9487114e78
C 76
= 0x7f948711b098
R
P 0x7f94870ee408
C 361
R
P 0x7f94870ee408
P 0x7f948711b098
C 275
R
P 0x7f94870ee408
C 361
R
P 0x7f94870ee408
P 0x7f948711b098
C 9
R
P 0x7f94870ee408
C 361
R
P 0x7f94870ee408
U 2
P 0x7f948711b060
P 0x7f948711b098
p 2
C 65
= 0x7f948711b0d0
R
P 0x7f94870ee408
C 361
R
P 0x7f94870ee408
P 0x7f948711b0d0
C 275
R
P 0x7f94870ee408
C 361
R
P 0x7f94870ee408
P 0x7f948711b0d0
C 9
R
P 0x7f94870ee408
C 361
R
P 0x7f94870ee408
I 1
P 0x7f94871132d8
C 154
= 0x7f9487113eb8
R
P 0x7f94870ee408
C 361
R
P 0x7f94870ee408
P 0x7f9487113eb8
C 275
R
P 0x7f94870ee408
C 361
R
P 0x7f94870ee408
P 0x7f9487113eb8
C 9
R
P 0x7f94870ee408
C 361
R
P 0x7f94870ee408
P 0x7f9487113eb8
P 0x7f9487114638
C 76
= 0x7f948711b108
R
P 0x7f94870ee408
C 361
R
P 0x7f94870ee408
P 0x7f948711b108
C 275
R
P 0x7f94870ee408
C 361
R
P 0x7f94870ee408
P 0x7f948711b108
C 9
R
P 0x7f94870ee408
C 361
R
P 0x7f94870ee408
I 9
P 0x7f94871132d8
C 154
= 0x7f9487114e78
R
P 0x7f94870ee408
C 361
R
P 0x7f94870ee408
P 0x7f9487114e78
C 275
R
P 0x7f94870ee408
C 361
R
P 0x7f94870ee408
P 0x7f9487114e78
C 9
R
P 0x7f94870ee408
C 361
R
P 0x7f94870ee408
P 0x7f9487114638
P 0x7f9487114e78
C 76
= 0x7f948711b140
R
P 0x7f94870ee408
C 361
R
P 0x7f94870ee408
P 0x7f948711b140
C 275
R
P 0x7f94870ee408
C 361
R
P 0x7f94870ee408
P 0x7f948711b140
C 9
R
P 0x7f94870ee408
C 361
R
P 0x7f94870ee408
U 2
P 0x7f948711b108
P 0x7f948711b140
p 2
C 65
= 0x7f948711b178
R
P 0x7f94870ee408
C 361
R
P 0x7f94870ee408
P 0x7f948711b178
C 275
R
P 0x7f94870ee408
C 361
R
P 0x7f94870ee408
P 0x7f948711b178
C 9
R
P 0x7f94870ee408
C 361
R
P 0x7f94870ee408
I 1
P 0x7f94871132d8
C 154
= 0x7f9487113eb8
R
P 0x7f94870ee408
C 361
R
P 0x7f94870ee408
P 0x7f9487113eb8
C 275
R
P 0x7f94870ee408
C 361
R
P 0x7f94870ee408
P 0x7f9487113eb8
C 9
R
P 0x7f94870ee408
C 361
R
P 0x7f94870ee408
P 0x7f9487113eb8
P 0x7f9487114658
C 76
= 0x7f948711b1b0
R
P 0x7f94870ee408
C 361
R
P 0x7f94870ee408
P 0x7f948711b1b0
C 275
R
P 0x7f94870ee408
C 361
R
P 0x7f94870ee408
P 0x7f948711b1b0
C 9
R
P 0x7f94870ee408
C 361
R
P 0x7f94870ee408
I 9
P 0x7f94871132d8
C 154
= 0x7f9487114e78
R
P 0x7f94870ee408
C 361
R
P 0x7f94870ee408
P 0x7f9487114e78
C 275
R
P 0x7f94870ee408
C 361
R
P 0x7f94870ee408
P 0x7f9487114e78
C 9
R
P 0x7f94870ee408
C 361
R
P 0x7f94870ee408
P 0x7f9487114658
P 0x7f9487114e78
C 76
= 0x7f948711b1e8
R
P 0x7f94870ee408
C 361
R
P 0x7f94870ee408
P 0x7f948711b1e8
C 275
R
P 0x7f94870ee408
C 361
R
P 0x7f94870ee408
P 0x7f948711b1e8
C 9
R
P 0x7f94870ee408
C 361
R
P 0x7f94870ee408
U 2
P 0x7f948711b1b0
P 0x7f948711b1e8
p 2
C 65
= 0x7f948711b220
R
P 0x7f94870ee408
C 361
R
P 0x7f94870ee408
P 0x7f948711b220
C 275
R
P 0x7f94870ee408
C 361
R
P 0x7f94870ee408
P 0x7f948711b220
C 9
R
P 0x7f94870ee408
C 361
R
P 0x7f94870ee408
I 1
P 0x7f94871132d8
C 154
= 0x7f9487113eb8
R
P 0x7f94870ee408
C 361
R
P 0x7f94870ee408
P 0x7f9487113eb8
C 275
R
P 0x7f94870ee408
C 361
R
P 0x7f94870ee408
P 0x7f9487113eb8
C 9
R
P 0x7f94870ee408
C 361
R
P 0x7f94870ee408
P 0x7f9487113eb8
P 0x7f9487114678
C 76
= 0x7f948711b258
R
P 0x7f94870ee408
C 361
R
P 0x7f94870ee408
P 0x7f948711b258
C 275
R
P 0x7f94870ee408
C 361
R
P 0x7f94870ee408
P 0x7f948711b258
C 9
R
P 0x7f94870ee408
C 361
R
P 0x7f94870ee408
I 9
P 0x7f94871132d8
C 154
= 0x7f9487114e78
R
P 0x7f94870ee408
C 361
R
P 0x7f94870ee408
P 0x7f9487114e78
C 275
R
P 0x7f94870ee408
C 361
R
P 0x7f94870ee408
P 0x7f9487114e78
C 9
R
P 0x7f94870ee408
C 361
R
P 0x7f94870ee408
P 0x7f9487114678
P 0x7f9487114e78
C 76
= 0x7f948711b290
R
P 0x7f94870ee408
C 361
R
P 0x7f94870ee408
P 0x7f948711b290
C 275
R
P 0x7f94870ee408
C 361
R
P 0x7f94870ee408
P 0x7f948711b290
C 9
R
P 0x7f94870ee408
C 361
R
P 0x7f94870ee408
U 2
P 0x7f948711b258
P 0x7f948711b290
p 2
C 65
= 0x7f948711b2c8
R
P 0x7f94870ee408
C 361
R
P 0x7f94870ee408
P 0x7f948711b2c8
C 275
R
P 0x7f94870ee408
C 361
R
P 0x7f94870ee408
P 0x7f948711b2c8
C 9
R
P 0x7f94870ee408
C 361
R
P 0x7f94870ee408
I 1
P 0x7f94871132d8
C 154
= 0x7f9487113eb8
R
P 0x7f94870ee408
C 361
R
P 0x7f94870ee408
P 0x7f9487113eb8
C 275
R
P 0x7f94870ee408
C 361
R
P 0x7f94870ee408
P 0x7f9487113eb8
C 9
R
P 0x7f94870ee408
C 361
R
P 0x7f94870ee408
P 0x7f9487113eb8
P 0x7f9487114698
C 76
= 0x7f948711b300
R
P 0x7f94870ee408
C 361
R
P 0x7f94870ee408
P 0x7f948711b300
C 275
R
P 0x7f94870ee408
C 361
R
P 0x7f94870ee408
P 0x7f948711b300
C 9
R
P 0x7f94870ee408
C 361
R
P 0x7f94870ee408
I 9
P 0x7f94871132d8
C 154
= 0x7f9487114e78
R
P 0x7f94870ee408
C 361
R
P 0x7f94870ee408
P 0x7f9487114e78
C 275
R
P 0x7f94870ee408
C 361
R
P 0x7f94870ee408
P 0x7f9487114e78
C 9
R
P 0x7f94870ee408
C 361
R
P 0x7f94870ee408
P 0x7f9487114698
P 0x7f9487114e78
C 76
= 0x7f948711b338
R
P 0x7f94870ee408
C 361
R
P 0x7f94870ee408
P 0x7f948711b338
C 275
R
P 0x7f94870ee408
C 361
R
P 0x7f94870ee408
P 0x7f948711b338
C 9
R
P 0x7f94870ee408
C 361
R
P 0x7f94870ee408
U 2
P 0x7f948711b300
P 0x7f948711b338
p 2
C 65
= 0x7f948711b370
R
P 0x7f94870ee408
C 361
R
P 0x7f94870ee408
P 0x7f948711b370
C 275
R
P 0x7f94870ee408
C 361
R
P 0x7f94870ee408
P 0x7f948711b370
C 9
R
P 0x7f94870ee408
C 361
R
P 0x7f94870ee408
I 1
P 0x7f94871132d8
C 154
= 0x7f9487113eb8
R
P 0x7f94870ee408
C 361
R
P 0x7f94870ee408
P 0x7f9487113eb8
C 275
R
P 0x7f94870ee408
C 361
R
P 0x7f94870ee408
P 0x7f9487113eb8
C 9
R
P 0x7f94870ee408
C 361
R
P 0x7f94870ee408
P 0x7f9487113eb8
P 0x7f94871146b8
C 76
= 0x7f948711b3a8
R
P 0x7f94870ee408
C 361
R
P 0x7f94870ee408
P 0x7f948711b3a8
C 275
R
P 0x7f94870ee408
C 361
R
P 0x7f94870ee408
P 0x7f948711b3a8
C 9
R
P 0x7f94870ee408
C 361
R
P 0x7f94870ee408
I 9
P 0x7f94871132d8
C 154
= 0x7f9487114e78
R
P 0x7f94870ee408
C 361
R
P 0x7f94870ee408
P 0x7f9487114e78
C 275
R
P 0x7f94870ee408
C 361
R
P 0x7f94870ee408
P 0x7f9487114e78
C 9
R
P 0x7f94870ee408
C 361
R
P 0x7f94870ee408
P 0x7f94871146b8
P 0x7f9487114e78
C 76
= 0x7f948711b3e0
R
P 0x7f94870ee408
C 361
R
P 0x7f94870ee408
P 0x7f948711b3e0
C 275
R
P 0x7f94870ee408
C 361
R
P 0x7f94870ee408
P 0x7f948711b3e0
C 9
R
P 0x7f94870ee408
C 361
R
P 0x7f94870ee408
U 2
P 0x7f948711b3a8
P 0x7f948711b3e0
p 2
C 65
= 0x7f948711b418
R
P 0x7f94870ee408
C 361
R
P 0x7f94870ee408
P 0x7f948711b418
C 275
R
P 0x7f94870ee408
C 361
R
P 0x7f94870ee408
P 0x7f948711b418
C 9
R
P 0x7f94870ee408
C 361
R
P 0x7f94870ee408
I 1
P 0x7f94871132d8
C 154
= 0x7f9487113eb8
R
P 0x7f94870ee408
C 361
R
P 0x7f94870ee408
P 0x7f9487113eb8
C 275
R
P 0x7f94870ee408
C 361
R
P 0x7f94870ee408
P 0x7f9487113eb8
C 9
R
P 0x7f94870ee408
C 361
R
P 0x7f94870ee408
P 0x7f9487113eb8
P 0x7f94871146d8
C 76
= 0x7f948711b450
R
P 0x7f94870ee408
C 361
R
P 0x7f94870ee408
P 0x7f948711b450
C 275
R
P 0x7f94870ee408
C 361
R
P 0x7f94870ee408
P 0x7f948711b450
C 9
R
P 0x7f94870ee408
C 361
R
P 0x7f94870ee408
I 9
P 0x7f94871132d8
C 154
= 0x7f9487114e78
R
P 0x7f94870ee408
C 361
R
P 0x7f94870ee408
P 0x7f9487114e78
C 275
R
P 0x7f94870ee408
C 361
R
P 0x7f94870ee408
P 0x7f9487114e78
C 9
R
P 0x7f94870ee408
C 361
R
P 0x7f94870ee408
P 0x7f94871146d8
P 0x7f9487114e78
C 76
= 0x7f948711b488
R
P 0x7f94870ee408
C 361
R
P 0x7f94870ee408
P 0x7f948711b488
C 275
R
P 0x7f94870ee408
C 361
R
P 0x7f94870ee408
P 0x7f948711b488
C 9
R
P 0x7f94870ee408
C 361
R
P 0x7f94870ee408
U 2
P 0x7f948711b450
P 0x7f948711b488
p 2
C 65
= 0x7f948711b4c0
R
P 0x7f94870ee408
C 361
R
P 0x7f94870ee408
P 0x7f948711b4c0
C 275
R
P 0x7f94870ee408
C 361
R
P 0x7f94870ee408
P 0x7f948711b4c0
C 9
R
P 0x7f94870ee408
C 361
R
P 0x7f94870ee408
I 1
P 0x7f94871132d8
C 154
= 0x7f9487113eb8
R
P 0x7f94870ee408
C 361
R
P 0x7f94870ee408
P 0x7f9487113eb8
C 275
R
P 0x7f94870ee408
C 361
R
P 0x7f94870ee408
P 0x7f9487113eb8
C 9
R
P 0x7f94870ee408
C 361
R
P 0x7f94870ee408
P 0x7f9487113eb8
P 0x7f94871146f8
C 76
= 0x7f948711b4f8
R
P 0x7f94870ee408
C 361
R
P 0x7f94870ee408
P 0x7f948711b4f8
C 275
R
P 0x7f94870ee408
C 361
R
P 0x7f94870ee408
P 0x7f948711b4f8
C 9
R
P 0x7f94870ee408
C 361
R
P 0x7f94870ee408
I 9
P 0x7f94871132d8
C 154
= 0x7f9487114e78
R
P 0x7f94870ee408
C 361
R
P 0x7f94870ee408
P 0x7f9487114e78
C 275
R
P 0x7f94870ee408
C 361
R
P 0x7f94870ee408
P 0x7f9487114e78
C 9
R
P 0x7f94870ee408
C 361
R
P 0x7f94870ee408
P 0x7f94871146f8
P 0x7f9487114e78
C 76
= 0x7f948711b530
R
P 0x7f94870ee408
C 361
R
P 0x7f94870ee408
P 0x7f948711b530
C 275
R
P 0x7f94870ee408
C 361
R
P 0x7f94870ee408
P 0x7f948711b530
C 9
R
P 0x7f94870ee408
C 361
R
P 0x7f94870ee408
U 2
P 0x7f948711b4f8
P 0x7f948711b530
p 2
C 65
= 0x7f948711b568
R
P 0x7f94870ee408
C 361
R
P 0x7f94870ee408
P 0x7f948711b568
C 275
R
P 0x7f94870ee408
C 361
R
P 0x7f94870ee408
P 0x7f948711b568
C 9
R
P 0x7f94870ee408
C 361
R
P 0x7f94870ee408
I 1
P 0x7f94871132d8
C 154
= 0x7f9487113eb8
R
P 0x7f94870ee408
C 361
R
P 0x7f94870ee408
P 0x7f9487113eb8
C 275
R
P 0x7f94870ee408
C 361
R
P 0x7f94870ee408
P 0x7f9487113eb8
C 9
R
P 0x7f94870ee408
C 361
R
P 0x7f94870ee408
P 0x7f9487113eb8
P 0x7f9487114718
C 76
= 0x7f948711b5a0
R
P 0x7f94870ee408
C 361
R
P 0x7f94870ee408
P 0x7f948711b5a0
C 275
R
P 0x7f94870ee408
C 361
R
P 0x7f94870ee408
P 0x7f948711b5a0
C 9
R
P 0x7f94870ee408
C 361
R
P 0x7f94870ee408
I 9
P 0x7f94871132d8
C 154
= 0x7f9487114e78
R
P 0x7f94870ee408
C 361
R
P 0x7f94870ee408
P 0x7f9487114e78
C 275
R
P 0x7f94870ee408
C 361
R
P 0x7f94870ee408
P 0x7f9487114e78
C 9
R
P 0x7f94870ee408
C 361
R
P 0x7f94870ee408
P 0x7f9487114718
P 0x7f9487114e78
C 76
= 0x7f948711b5d8
R
P 0x7f94870ee408
C 361
R
P 0x7f94870ee408
P 0x7f948711b5d8
C 275
R
P 0x7f94870ee408
C 361
R
P 0x7f94870ee408
P 0x7f948711b5d8
C 9
R
P 0x7f94870ee408
C 361
R
P 0x7f94870ee408
U 2
P 0x7f948711b5a0
P 0x7f948711b5d8
p 2
C 65
= 0x7f948711b610
R
P 0x7f94870ee408
C 361
R
P 0x7f94870ee408
P 0x7f948711b610
C 275
R
P 0x7f94870ee408
C 361
R
P 0x7f94870ee408
P 0x7f948711b610
C 9
R
P 0x7f94870ee408
C 361
R
P 0x7f94870ee408
I 1
P 0x7f94871132d8
C 154
= 0x7f9487113eb8
R
P 0x7f94870ee408
C 361
R
P 0x7f94870ee408
P 0x7f9487113eb8
C 275
R
P 0x7f94870ee408
C 361
R
P 0x7f94870ee408
P 0x7f9487113eb8
C 9
R
P 0x7f94870ee408
C 361
R
P 0x7f94870ee408
P 0x7f9487113eb8
P 0x7f9487114738
C 76
= 0x7f948711b648
R
P 0x7f94870ee408
C 361
R
P 0x7f94870ee408
P 0x7f948711b648
C 275
R
P 0x7f94870ee408
C 361
R
P 0x7f94870ee408
P 0x7f948711b648
C 9
R
P 0x7f94870ee408
C 361
R
P 0x7f94870ee408
I 9
P 0x7f94871132d8
C 154
= 0x7f9487114e78
R
P 0x7f94870ee408
C 361
R
P 0x7f94870ee408
P 0x7f9487114e78
C 275
R
P 0x7f94870ee408
C 361
R
P 0x7f94870ee408
P 0x7f9487114e78
C 9
R
P 0x7f94870ee408
C 361
R
P 0x7f94870ee408
P 0x7f9487114738
P 0x7f9487114e78
C 76
= 0x7f948711b680
R
P 0x7f94870ee408
C 361
R
P 0x7f94870ee408
P 0x7f948711b680
C 275
R
P 0x7f94870ee408
C 361
R
P 0x7f94870ee408
P 0x7f948711b680
C 9
R
P 0x7f94870ee408
C 361
R
P 0x7f94870ee408
U 2
P 0x7f948711b648
P 0x7f948711b680
p 2
C 65
= 0x7f948711b6b8
R
P 0x7f94870ee408
C 361
R
P 0x7f94870ee408
P 0x7f948711b6b8
C 275
R
P 0x7f94870ee408
C 361
R
P 0x7f94870ee408
P 0x7f948711b6b8
C 9
R
P 0x7f94870ee408
C 361
R
P 0x7f94870ee408
I 1
P 0x7f94871132d8
C 154
= 0x7f9487113eb8
R
P 0x7f94870ee408
C 361
R
P 0x7f94870ee408
P 0x7f9487113eb8
C 275
R
P 0x7f94870ee408
C 361
R
P 0x7f94870ee408
P 0x7f9487113eb8
C 9
R
P 0x7f94870ee408
C 361
R
P 0x7f94870ee408
P 0x7f9487113eb8
P 0x7f9487114758
C 76
= 0x7f948711b6f0
R
P 0x7f94870ee408
C 361
R
P 0x7f94870ee408
P 0x7f948711b6f0
C 275
R
P 0x7f94870ee408
C 361
R
P 0x7f94870ee408
P 0x7f948711b6f0
C 9
R
P 0x7f94870ee408
C 361
R
P 0x7f94870ee408
I 9
P 0x7f94871132d8
C 154
= 0x7f9487114e78
R
P 0x7f94870ee408
C 361
R
P 0x7f94870ee408
P 0x7f9487114e78
C 275
R
P 0x7f94870ee408
C 361
R
P 0x7f94870ee408
P 0x7f9487114e78
C 9
R
P 0x7f94870ee408
C 361
R
P 0x7f94870ee408
P 0x7f9487114758
P 0x7f9487114e78
C 76
= 0x7f948711b728
R
P 0x7f94870ee408
C 361
R
P 0x7f94870ee408
P 0x7f948711b728
C 275
R
P 0x7f94870ee408
C 361
R
P 0x7f94870ee408
P 0x7f948711b728
C 9
R
P 0x7f94870ee408
C 361
R
P 0x7f94870ee408
U 2
P 0x7f948711b6f0
P 0x7f948711b728
p 2
C 65
= 0x7f948711b760
R
P 0x7f94870ee408
C 361
R
P 0x7f94870ee408
P 0x7f948711b760
C 275
R
P 0x7f94870ee408
C 361
R
P 0x7f94870ee408
P 0x7f948711b760
C 9
R
P 0x7f94870ee408
C 361
R
P 0x7f94870ee408
I 1
P 0x7f94871132d8
C 154
= 0x7f9487113eb8
R
P 0x7f94870ee408
C 361
R
P 0x7f94870ee408
P 0x7f9487113eb8
C 275
R
P 0x7f94870ee408
C 361
R
P 0x7f94870ee408
P 0x7f9487113eb8
C 9
R
P 0x7f94870ee408
C 361
R
P 0x7f94870ee408
P 0x7f9487113eb8
P 0x7f9487114778
C 76
= 0x7f948711b798
R
P 0x7f94870ee408
C 361
R
P 0x7f94870ee408
P 0x7f948711b798
C 275
R
P 0x7f94870ee408
C 361
R
P 0x7f94870ee408
P 0x7f948711b798
C 9
R
P 0x7f94870ee408
C 361
R
P 0x7f94870ee408
I 9
P 0x7f94871132d8
C 154
= 0x7f9487114e78
R
P 0x7f94870ee408
C 361
R
P 0x7f94870ee408
P 0x7f9487114e78
C 275
R
P 0x7f94870ee408
C 361
R
P 0x7f94870ee408
P 0x7f9487114e78
C 9
R
P 0x7f94870ee408
C 361
R
P 0x7f94870ee408
P 0x7f9487114778
P 0x7f9487114e78
C 76
= 0x7f94888ea018
R
P 0x7f94870ee408
C 361
R
P 0x7f94870ee408
P 0x7f94888ea018
C 275
R
P 0x7f94870ee408
C 361
R
P 0x7f94870ee408
P 0x7f94888ea018
C 9
R
P 0x7f94870ee408
C 361
R
P 0x7f94870ee408
U 2
P 0x7f948711b798
P 0x7f94888ea018
p 2
C 65
= 0x7f94888ea050
R
P 0x7f94870ee408
C 361
R
P 0x7f94870ee408
P 0x7f94888ea050
C 275
R
P 0x7f94870ee408
C 361
R
P 0x7f94870ee408
P 0x7f94888ea050
C 9
R
P 0x7f94870ee408
C 361
R
P 0x7f94870ee408
I 1
P 0x7f94871132d8
C 154
= 0x7f9487113eb8
R
P 0x7f94870ee408
C 361
R
P 0x7f94870ee408
P 0x7f9487113eb8
C 275
R
P 0x7f94870ee408
C 361
R
P 0x7f94870ee408
P 0x7f9487113eb8
C 9
R
P 0x7f94870ee408
C 361
R
P 0x7f94870ee408
P 0x7f9487113eb8
P 0x7f9487114798
C 76
= 0x7f94888ea088
R
P 0x7f94870ee408
C 361
R
P 0x7f94870ee408
P 0x7f94888ea088
C 275
R
P 0x7f94870ee408
C 361
R
P 0x7f94870ee408
P 0x7f94888ea088
C 9
R
P 0x7f94870ee408
C 361
R
P 0x7f94870ee408
I 9
P 0x7f94871132d8
C 154
= 0x7f9487114e78
R
P 0x7f94870ee408
C 361
R
P 0x7f94870ee408
P 0x7f9487114e78
C 275
R
P 0x7f94870ee408
C 361
R
P 0x7f94870ee408
P 0x7f9487114e78
C 9
R
P 0x7f94870ee408
C 361
R
P 0x7f94870ee408
P 0x7f9487114798
P 0x7f9487114e78
C 76
= 0x7f94888ea0c0
R
P 0x7f94870ee408
C 361
R
P 0x7f94870ee408
P 0x7f94888ea0c0
C 275
R
P 0x7f94870ee408
C 361
R
P 0x7f94870ee408
P 0x7f94888ea0c0
C 9
R
P 0x7f94870ee408
C 361
R
P 0x7f94870ee408
U 2
P 0x7f94888ea088
P 0x7f94888ea0c0
p 2
C 65
= 0x7f94888ea0f8
R
P 0x7f94870ee408
C 361
R
P 0x7f94870ee408
P 0x7f94888ea0f8
C 275
R
P 0x7f94870ee408
C 361
R
P 0x7f94870ee408
P 0x7f94888ea0f8
C 9
R
P 0x7f94870ee408
C 361
R
P 0x7f94870ee408
I 1
P 0x7f94871132d8
C 154
= 0x7f9487113eb8
R
P 0x7f94870ee408
C 361
R
P 0x7f94870ee408
P 0x7f9487113eb8
C 275
R
P 0x7f94870ee408
C 361
R
P 0x7f94870ee408
P 0x7f9487113eb8
C 9
R
P 0x7f94870ee408
C 361
R
P 0x7f94870ee408
P 0x7f9487113eb8
P 0x7f94871147b8
C 76
= 0x7f94888ea130
R
P 0x7f94870ee408
C 361
R
P 0x7f94870ee408
P 0x7f94888ea130
C 275
R
P 0x7f94870ee408
C 361
R
P 0x7f94870ee408
P 0x7f94888ea130
C 9
R
P 0x7f94870ee408
C 361
R
P 0x7f94870ee408
I 9
P 0x7f94871132d8
C 154
= 0x7f9487114e78
R
P 0x7f94870ee408
C 361
R
P 0x7f94870ee408
P 0x7f9487114e78
C 275
R
P 0x7f94870ee408
C 361
R
P 0x7f94870ee408
P 0x7f9487114e78
C 9
R
P 0x7f94870ee408
C 361
R
P 0x7f94870ee408
P 0x7f94871147b8
P 0x7f9487114e78
C 76
= 0x7f94888ea168
R
P 0x7f94870ee408
C 361
R
P 0x7f94870ee408
P 0x7f94888ea168
C 275
R
P 0x7f94870ee408
C 361
R
P 0x7f94870ee408
P 0x7f94888ea168
C 9
R
P 0x7f94870ee408
C 361
R
P 0x7f94870ee408
U 2
P 0x7f94888ea130
P 0x7f94888ea168
p 2
C 65
= 0x7f94888ea1a0
R
P 0x7f94870ee408
C 361
R
P 0x7f94870ee408
P 0x7f94888ea1a0
C 275
R
P 0x7f94870ee408
C 361
R
P 0x7f94870ee408
P 0x7f94888ea1a0
C 9
R
P 0x7f94870ee408
C 361
R
P 0x7f94870ee408
I 1
P 0x7f94871132d8
C 154
= 0x7f9487113eb8
R
P 0x7f94870ee408
C 361
R
P 0x7f94870ee408
P 0x7f9487113eb8
C 275
R
P 0x7f94870ee408
C 361
R
P 0x7f94870ee408
P 0x7f9487113eb8
C 9
R
P 0x7f94870ee408
C 361
R
P 0x7f94870ee408
P 0x7f9487113eb8
P 0x7f94871147d8
C 76
= 0x7f94888ea1d8
R
P 0x7f94870ee408
C 361
R
P 0x7f94870ee408
P 0x7f94888ea1d8
C 275
R
P 0x7f94870ee408
C 361
R
P 0x7f94870ee408
P 0x7f94888ea1d8
C 9
R
P 0x7f94870ee408
C 361
R
P 0x7f94870ee408
I 9
P 0x7f94871132d8
C 154
= 0x7f9487114e78
R
P 0x7f94870ee408
C 361
R
P 0x7f94870ee408
P 0x7f9487114e78
C 275
R
P 0x7f94870ee408
C 361
R
P 0x7f94870ee408
P 0x7f9487114e78
C 9
R
P 0x7f94870ee408
C 361
R
P 0x7f94870ee408
P 0x7f94871147d8
P 0x7f9487114e78
C 76
= 0x7f94888ea210
R
P 0x7f94870ee408
C 361
R
P 0x7f94870ee408
P 0x7f94888ea210
C 275
R
P 0x7f94870ee408
C 361
R
P 0x7f94870ee408
P 0x7f94888ea210
C 9
R
P 0x7f94870ee408
C 361
R
P 0x7f94870ee408
U 2
P 0x7f94888ea1d8
P 0x7f94888ea210
p 2
C 65
= 0x7f94888ea248
R
P 0x7f94870ee408
C 361
R
P 0x7f94870ee408
P 0x7f94888ea248
C 275
R
P 0x7f94870ee408
C 361
R
P 0x7f94870ee408
P 0x7f94888ea248
C 9
R
P 0x7f94870ee408
C 361
R
P 0x7f94870ee408
I 1
P 0x7f94871132d8
C 154
= 0x7f9487113eb8
R
P 0x7f94870ee408
C 361
R
P 0x7f94870ee408
P 0x7f9487113eb8
C 275
R
P 0x7f94870ee408
C 361
R
P 0x7f94870ee408
P 0x7f9487113eb8
C 9
R
P 0x7f94870ee408
C 361
R
P 0x7f94870ee408
P 0x7f9487113eb8
P 0x7f94871147f8
C 76
= 0x7f94888ea280
R
P 0x7f94870ee408
C 361
R
P 0x7f94870ee408
P 0x7f94888ea280
C 275
R
P 0x7f94870ee408
C 361
R
P 0x7f94870ee408
P 0x7f94888ea280
C 9
R
P 0x7f94870ee408
C 361
R
P 0x7f94870ee408
I 9
P 0x7f94871132d8
C 154
= 0x7f9487114e78
R
P 0x7f94870ee408
C 361
R
P 0x7f94870ee408
P 0x7f9487114e78
C 275
R
P 0x7f94870ee408
C 361
R
P 0x7f94870ee408
P 0x7f9487114e78
C 9
R
P 0x7f94870ee408
C 361
R
P 0x7f94870ee408
P 0x7f94871147f8
P 0x7f9487114e78
C 76
= 0x7f94888ea2b8
R
P 0x7f94870ee408
C 361
R
P 0x7f94870ee408
P 0x7f94888ea2b8
C 275
R
P 0x7f94870ee408
C 361
R
P 0x7f94870ee408
P 0x7f94888ea2b8
C 9
R
P 0x7f94870ee408
C 361
R
P 0x7f94870ee408
U 2
P 0x7f94888ea280
P 0x7f94888ea2b8
p 2
C 65
= 0x7f94888ea2f0
R
P 0x7f94870ee408
C 361
R
P 0x7f94870ee408
P 0x7f94888ea2f0
C 275
R
P 0x7f94870ee408
C 361
R
P 0x7f94870ee408
P 0x7f94888ea2f0
C 9
R
P 0x7f94870ee408
C 361
R
P 0x7f94870ee408
I 1
P 0x7f94871132d8
C 154
= 0x7f9487113eb8
R
P 0x7f94870ee408
C 361
R
P 0x7f94870ee408
P 0x7f9487113eb8
C 275
R
P 0x7f94870ee408
C 361
R
P 0x7f94870ee408
P 0x7f9487113eb8
C 9
R
P 0x7f94870ee408
C 361
R
P 0x7f94870ee408
P 0x7f9487113eb8
P 0x7f9487114818
C 76
= 0x7f94888ea328
R
P 0x7f94870ee408
C 361
R
P 0x7f94870ee408
P 0x7f94888ea328
C 275
R
P 0x7f94870ee408
C 361
R
P 0x7f94870ee408
P 0x7f94888ea328
C 9
R
P 0x7f94870ee408
C 361
R
P 0x7f94870ee408
I 9
P 0x7f94871132d8
C 154
= 0x7f9487114e78
R
P 0x7f94870ee408
C 361
R
P 0x7f94870ee408
P 0x7f9487114e78
C 275
R
P 0x7f94870ee408
C 361
R
P 0x7f94870ee408
P 0x7f9487114e78
C 9
R
P 0x7f94870ee408
C 361
R
P 0x7f94870ee408
P 0x7f9487114818
P 0x7f9487114e78
C 76
= 0x7f94888ea360
R
P 0x7f94870ee408
C 361
R
P 0x7f94870ee408
P 0x7f94888ea360
C 275
R
P 0x7f94870ee408
C 361
R
P 0x7f94870ee408
P 0x7f94888ea360
C 9
R
P 0x7f94870ee408
C 361
R
P 0x7f94870ee408
U 2
P 0x7f94888ea328
P 0x7f94888ea360
p 2
C 65
= 0x7f94888ea398
R
P 0x7f94870ee408
C 361
R
P 0x7f94870ee408
P 0x7f94888ea398
C 275
R
P 0x7f94870ee408
C 361
R
P 0x7f94870ee408
P 0x7f94888ea398
C 9
R
P 0x7f94870ee408
C 361
R
P 0x7f94870ee408
I 1
P 0x7f94871132d8
C 154
= 0x7f9487113eb8
R
P 0x7f94870ee408
C 361
R
P 0x7f94870ee408
P 0x7f9487113eb8
C 275
R
P 0x7f94870ee408
C 361
R
P 0x7f94870ee408
P 0x7f9487113eb8
C 9
R
P 0x7f94870ee408
C 361
R
P 0x7f94870ee408
P 0x7f9487113eb8
P 0x7f9487114838
C 76
= 0x7f94888ea3d0
R
P 0x7f94870ee408
C 361
R
P 0x7f94870ee408
P 0x7f94888ea3d0
C 275
R
P 0x7f94870ee408
C 361
R
P 0x7f94870ee408
P 0x7f94888ea3d0
C 9
R
P 0x7f94870ee408
C 361
R
P 0x7f94870ee408
I 9
P 0x7f94871132d8
C 154
= 0x7f9487114e78
R
P 0x7f94870ee408
C 361
R
P 0x7f94870ee408
P 0x7f9487114e78
C 275
R
P 0x7f94870ee408
C 361
R
P 0x7f94870ee408
P 0x7f9487114e78
C 9
R
P 0x7f94870ee408
C 361
R
P 0x7f94870ee408
P 0x7f9487114838
P 0x7f9487114e78
C 76
= 0x7f94888ea408
R
P 0x7f94870ee408
C 361
R
P 0x7f94870ee408
P 0x7f94888ea408
C 275
R
P 0x7f94870ee408
C 361
R
P 0x7f94870ee408
P 0x7f94888ea408
C 9
R
P 0x7f94870ee408
C 361
R
P 0x7f94870ee408
U 2
P 0x7f94888ea3d0
P 0x7f94888ea408
p 2
C 65
= 0x7f94888ea440
R
P 0x7f94870ee408
C 361
R
P 0x7f94870ee408
P 0x7f94888ea440
C 275
R
P 0x7f94870ee408
C 361
R
P 0x7f94870ee408
P 0x7f94888ea440
C 9
R
P 0x7f94870ee408
C 361
R
P 0x7f94870ee408
I 1
P 0x7f94871132d8
C 154
= 0x7f9487113eb8
R
P 0x7f94870ee408
C 361
R
P 0x7f94870ee408
P 0x7f9487113eb8
C 275
R
P 0x7f94870ee408
C 361
R
P 0x7f94870ee408
P 0x7f9487113eb8
C 9
R
P 0x7f94870ee408
C 361
R
P 0x7f94870ee408
P 0x7f9487113eb8
P 0x7f9487114858
C 76
= 0x7f94888ea478
R
P 0x7f94870ee408
C 361
R
P 0x7f94870ee408
P 0x7f94888ea478
C 275
R
P 0x7f94870ee408
C 361
R
P 0x7f94870ee408
P 0x7f94888ea478
C 9
R
P 0x7f94870ee408
C 361
R
P 0x7f94870ee408
I 9
P 0x7f94871132d8
C 154
= 0x7f9487114e78
R
P 0x7f94870ee408
C 361
R
P 0x7f94870ee408
P 0x7f9487114e78
C 275
R
P 0x7f94870ee408
C 361
R
P 0x7f94870ee408
P 0x7f9487114e78
C 9
R
P 0x7f94870ee408
C 361
R
P 0x7f94870ee408
P 0x7f9487114858
P 0x7f9487114e78
C 76
= 0x7f94888ea4b0
R
P 0x7f94870ee408
C 361
R
P 0x7f94870ee408
P 0x7f94888ea4b0
C 275
R
P 0x7f94870ee408
C 361
R
P 0x7f94870ee408
P 0x7f94888ea4b0
C 9
R
P 0x7f94870ee408
C 361
R
P 0x7f94870ee408
U 2
P 0x7f94888ea478
P 0x7f94888ea4b0
p 2
C 65
= 0x7f94888ea4e8
R
P 0x7f94870ee408
C 361
R
P 0x7f94870ee408
P 0x7f94888ea4e8
C 275
R
P 0x7f94870ee408
C 361
R
P 0x7f94870ee408
P 0x7f94888ea4e8
C 9
R
P 0x7f94870ee408
C 361
R
P 0x7f94870ee408
I 1
P 0x7f94871132d8
C 154
= 0x7f9487113eb8
R
P 0x7f94870ee408
C 361
R
P 0x7f94870ee408
P 0x7f9487113eb8
C 275
R
P 0x7f94870ee408
C 361
R
P 0x7f94870ee408
P 0x7f9487113eb8
C 9
R
P 0x7f94870ee408
C 361
R
P 0x7f94870ee408
P 0x7f9487113eb8
P 0x7f9487114878
C 76
= 0x7f94888ea520
R
P 0x7f94870ee408
C 361
R
P 0x7f94870ee408
P 0x7f94888ea520
C 275
R
P 0x7f94870ee408
C 361
R
P 0x7f94870ee408
P 0x7f94888ea520
C 9
R
P 0x7f94870ee408
C 361
R
P 0x7f94870ee408
I 9
P 0x7f94871132d8
C 154
= 0x7f9487114e78
R
P 0x7f94870ee408
C 361
R
P 0x7f94870ee408
P 0x7f9487114e78
C 275
R
P 0x7f94870ee408
C 361
R
P 0x7f94870ee408
P 0x7f9487114e78
C 9
R
P 0x7f94870ee408
C 361
R
P 0x7f94870ee408
P 0x7f9487114878
P 0x7f9487114e78
C 76
= 0x7f94888ea558
R
P 0x7f94870ee408
C 361
R
P 0x7f94870ee408
P 0x7f94888ea558
C 275
R
P 0x7f94870ee408
C 361
R
P 0x7f94870ee408
P 0x7f94888ea558
C 9
R
P 0x7f94870ee408
C 361
R
P 0x7f94870ee408
U 2
P 0x7f94888ea520
P 0x7f94888ea558
p 2
C 65
= 0x7f94888ea590
R
P 0x7f94870ee408
C 361
R
P 0x7f94870ee408
P 0x7f94888ea590
C 275
R
P 0x7f94870ee408
C 361
R
P 0x7f94870ee408
P 0x7f94888ea590
C 9
R
P 0x7f94870ee408
C 361
R
P 0x7f94870ee408
I 1
P 0x7f94871132d8
C 154
= 0x7f9487113eb8
R
P 0x7f94870ee408
C 361
R
P 0x7f94870ee408
P 0x7f9487113eb8
C 275
R
P 0x7f94870ee408
C 361
R
P 0x7f94870ee408
P 0x7f9487113eb8
C 9
R
P 0x7f94870ee408
C 361
R
P 0x7f94870ee408
P 0x7f9487113eb8
P 0x7f9487114898
C 76
= 0x7f94888ea5c8
R
P 0x7f94870ee408
C 361
R
P 0x7f94870ee408
P 0x7f94888ea5c8
C 275
R
P 0x7f94870ee408
C 361
R
P 0x7f94870ee408
P 0x7f94888ea5c8
C 9
R
P 0x7f94870ee408
C 361
R
P 0x7f94870ee408
I 9
P 0x7f94871132d8
C 154
= 0x7f9487114e78
R
P 0x7f94870ee408
C 361
R
P 0x7f94870ee408
P 0x7f9487114e78
C 275
R
P 0x7f94870ee408
C 361
R
P 0x7f94870ee408
P 0x7f9487114e78
C 9
R
P 0x7f94870ee408
C 361
R
P 0x7f94870ee408
P 0x7f9487114898
P 0x7f9487114e78
C 76
= 0x7f94888ea600
R
P 0x7f94870ee408
C 361
R
P 0x7f94870ee408
P 0x7f94888ea600
C 275
R
P 0x7f94870ee408
C 361
R
P 0x7f94870ee408
P 0x7f94888ea600
C 9
R
P 0x7f94870ee408
C 361
R
P 0x7f94870ee408
U 2
P 0x7f94888ea5c8
P 0x7f94888ea600
p 2
C 65
= 0x7f94888ea638
R
P 0x7f94870ee408
C 361
R
P 0x7f94870ee408
P 0x7f94888ea638
C 275
R
P 0x7f94870ee408
C 361
R
P 0x7f94870ee408
P 0x7f94888ea638
C 9
R
P 0x7f94870ee408
C 361
R
P 0x7f94870ee408
I 1
P 0x7f94871132d8
C 154
= 0x7f9487113eb8
R
P 0x7f94870ee408
C 361
R
P 0x7f94870ee408
P 0x7f9487113eb8
C 275
R
P 0x7f94870ee408
C 361
R
P 0x7f94870ee408
P 0x7f9487113eb8
C 9
R
P 0x7f94870ee408
C 361
R
P 0x7f94870ee408
P 0x7f9487113eb8
P 0x7f94871148b8
C 76
= 0x7f94888ea670
R
P 0x7f94870ee408
C 361
R
P 0x7f94870ee408
P 0x7f94888ea670
C 275
R
P 0x7f94870ee408
C 361
R
P 0x7f94870ee408
P 0x7f94888ea670
C 9
R
P 0x7f94870ee408
C 361
R
P 0x7f94870ee408
I 9
P 0x7f94871132d8
C 154
= 0x7f9487114e78
R
P 0x7f94870ee408
C 361
R
P 0x7f94870ee408
P 0x7f9487114e78
C 275
R
P 0x7f94870ee408
C 361
R
P 0x7f94870ee408
P 0x7f9487114e78
C 9
R
P 0x7f94870ee408
C 361
R
P 0x7f94870ee408
P 0x7f94871148b8
P 0x7f9487114e78
C 76
= 0x7f94888ea6a8
R
P 0x7f94870ee408
C 361
R
P 0x7f94870ee408
P 0x7f94888ea6a8
C 275
R
P 0x7f94870ee408
C 361
R
P 0x7f94870ee408
P 0x7f94888ea6a8
C 9
R
P 0x7f94870ee408
C 361
R
P 0x7f94870ee408
U 2
P 0x7f94888ea670
P 0x7f94888ea6a8
p 2
C 65
= 0x7f94888ea6e0
R
P 0x7f94870ee408
C 361
R
P 0x7f94870ee408
P 0x7f94888ea6e0
C 275
R
P 0x7f94870ee408
C 361
R
P 0x7f94870ee408
P 0x7f94888ea6e0
C 9
R
P 0x7f94870ee408
C 361
R
P 0x7f94870ee408
I 1
P 0x7f94871132d8
C 154
= 0x7f9487113eb8
R
P 0x7f94870ee408
C 361
R
P 0x7f94870ee408
P 0x7f9487113eb8
C 275
R
P 0x7f94870ee408
C 361
R
P 0x7f94870ee408
P 0x7f9487113eb8
C 9
R
P 0x7f94870ee408
C 361
R
P 0x7f94870ee408
P 0x7f9487113eb8
P 0x7f94871148d8
C 76
= 0x7f94888ea718
R
P 0x7f94870ee408
C 361
R
P 0x7f94870ee408
P 0x7f94888ea718
C 275
R
P 0x7f94870ee408
C 361
R
P 0x7f94870ee408
P 0x7f94888ea718
C 9
R
P 0x7f94870ee408
C 361
R
P 0x7f94870ee408
I 9
P 0x7f94871132d8
C 154
= 0x7f9487114e78
R
P 0x7f94870ee408
C 361
R
P 0x7f94870ee408
P 0x7f9487114e78
C 275
R
P 0x7f94870ee408
C 361
R
P 0x7f94870ee408
P 0x7f9487114e78
C 9
R
P 0x7f94870ee408
C 361
R
P 0x7f94870ee408
P 0x7f94871148d8
P 0x7f9487114e78
C 76
= 0x7f94888ea750
R
P 0x7f94870ee408
C 361
R
P 0x7f94870ee408
P 0x7f94888ea750
C 275
R
P 0x7f94870ee408
C 361
R
P 0x7f94870ee408
P 0x7f94888ea750
C 9
R
P 0x7f94870ee408
C 361
R
P 0x7f94870ee408
U 2
P 0x7f94888ea718
P 0x7f94888ea750
p 2
C 65
= 0x7f94888ea788
R
P 0x7f94870ee408
C 361
R
P 0x7f94870ee408
P 0x7f94888ea788
C 275
R
P 0x7f94870ee408
C 361
R
P 0x7f94870ee408
P 0x7f94888ea788
C 9
R
P 0x7f94870ee408
C 361
R
P 0x7f94870ee408
I 1
P 0x7f94871132d8
C 154
= 0x7f9487113eb8
R
P 0x7f94870ee408
C 361
R
P 0x7f94870ee408
P 0x7f9487113eb8
C 275
R
P 0x7f94870ee408
C 361
R
P 0x7f94870ee408
P 0x7f9487113eb8
C 9
R
P 0x7f94870ee408
C 361
R
P 0x7f94870ee408
P 0x7f9487113eb8
P 0x7f94871148f8
C 76
= 0x7f94888ea7c0
R
P 0x7f94870ee408
C 361
R
P 0x7f94870ee408
P 0x7f94888ea7c0
C 275
R
P 0x7f94870ee408
C 361
R
P 0x7f94870ee408
P 0x7f94888ea7c0
C 9
R
P 0x7f94870ee408
C 361
R
P 0x7f94870ee408
I 9
P 0x7f94871132d8
C 154
= 0x7f9487114e78
R
P 0x7f94870ee408
C 361
R
P 0x7f94870ee408
P 0x7f9487114e78
C 275
R
P 0x7f94870ee408
C 361
R
P 0x7f94870ee408
P 0x7f9487114e78
C 9
R
P 0x7f94870ee408
C 361
R
P 0x7f94870ee408
P 0x7f94871148f8
P 0x7f9487114e78
C 76
= 0x7f94888ea7f8
R
P 0x7f94870ee408
C 361
R
P 0x7f94870ee408
P 0x7f94888ea7f8
C 275
R
P 0x7f94870ee408
C 361
R
P 0x7f94870ee408
P 0x7f94888ea7f8
C 9
R
P 0x7f94870ee408
C 361
R
P 0x7f94870ee408
U 2
P 0x7f94888ea7c0
P 0x7f94888ea7f8
p 2
C 65
= 0x7f94888ea830
R
P 0x7f94870ee408
C 361
R
P 0x7f94870ee408
P 0x7f94888ea830
C 275
R
P 0x7f94870ee408
C 361
R
P 0x7f94870ee408
P 0x7f94888ea830
C 9
R
P 0x7f94870ee408
C 361
R
P 0x7f94870ee408
I 1
P 0x7f94871132d8
C 154
= 0x7f9487113eb8
R
P 0x7f94870ee408
C 361
R
P 0x7f94870ee408
P 0x7f9487113eb8
C 275
R
P 0x7f94870ee408
C 361
R
P 0x7f94870ee408
P 0x7f9487113eb8
C 9
R
P 0x7f94870ee408
C 361
R
P 0x7f94870ee408
P 0x7f9487113eb8
P 0x7f9487114918
C 76
= 0x7f94888ea868
R
P 0x7f94870ee408
C 361
R
P 0x7f94870ee408
P 0x7f94888ea868
C 275
R
P 0x7f94870ee408
C 361
R
P 0x7f94870ee408
P 0x7f94888ea868
C 9
R
P 0x7f94870ee408
C 361
R
P 0x7f94870ee408
I 9
P 0x7f94871132d8
C 154
= 0x7f9487114e78
R
P 0x7f94870ee408
C 361
R
P 0x7f94870ee408
P 0x7f9487114e78
C 275
R
P 0x7f94870ee408
C 361
R
P 0x7f94870ee408
P 0x7f9487114e78
C 9
R
P 0x7f94870ee408
C 361
R
P 0x7f94870ee408
P 0x7f9487114918
P 0x7f9487114e78
C 76
= 0x7f94888ea8a0
R
P 0x7f94870ee408
C 361
R
P 0x7f94870ee408
P 0x7f94888ea8a0
C 275
R
P 0x7f94870ee408
C 361
R
P 0x7f94870ee408
P 0x7f94888ea8a0
C 9
R
P 0x7f94870ee408
C 361
R
P 0x7f94870ee408
U 2
P 0x7f94888ea868
P 0x7f94888ea8a0
p 2
C 65
= 0x7f94888ea8d8
R
P 0x7f94870ee408
C 361
R
P 0x7f94870ee408
P 0x7f94888ea8d8
C 275
R
P 0x7f94870ee408
C 361
R
P 0x7f94870ee408
P 0x7f94888ea8d8
C 9
R
P 0x7f94870ee408
C 361
R
P 0x7f94870ee408
I 1
P 0x7f94871132d8
C 154
= 0x7f9487113eb8
R
P 0x7f94870ee408
C 361
R
P 0x7f94870ee408
P 0x7f9487113eb8
C 275
R
P 0x7f94870ee408
C 361
R
P 0x7f94870ee408
P 0x7f9487113eb8
C 9
R
P 0x7f94870ee408
C 361
R
P 0x7f94870ee408
P 0x7f9487113eb8
P 0x7f9487114938
C 76
= 0x7f94888ea910
R
P 0x7f94870ee408
C 361
R
P 0x7f94870ee408
P 0x7f94888ea910
C 275
R
P 0x7f94870ee408
C 361
R
P 0x7f94870ee408
P 0x7f94888ea910
C 9
R
P 0x7f94870ee408
C 361
R
P 0x7f94870ee408
I 9
P 0x7f94871132d8
C 154
= 0x7f9487114e78
R
P 0x7f94870ee408
C 361
R
P 0x7f94870ee408
P 0x7f9487114e78
C 275
R
P 0x7f94870ee408
C 361
R
P 0x7f94870ee408
P 0x7f9487114e78
C 9
R
P 0x7f94870ee408
C 361
R
P 0x7f94870ee408
P 0x7f9487114938
P 0x7f9487114e78
C 76
= 0x7f94888ea948
R
P 0x7f94870ee408
C 361
R
P 0x7f94870ee408
P 0x7f94888ea948
C 275
R
P 0x7f94870ee408
C 361
R
P 0x7f94870ee408
P 0x7f94888ea948
C 9
R
P 0x7f94870ee408
C 361
R
P 0x7f94870ee408
U 2
P 0x7f94888ea910
P 0x7f94888ea948
p 2
C 65
= 0x7f94888ea980
R
P 0x7f94870ee408
C 361
R
P 0x7f94870ee408
P 0x7f94888ea980
C 275
R
P 0x7f94870ee408
C 361
R
P 0x7f94870ee408
P 0x7f94888ea980
C 9
R
P 0x7f94870ee408
C 361
R
P 0x7f94870ee408
I 1
P 0x7f94871132d8
C 154
= 0x7f9487113eb8
R
P 0x7f94870ee408
C 361
R
P 0x7f94870ee408
P 0x7f9487113eb8
C 275
R
P 0x7f94870ee408
C 361
R
P 0x7f94870ee408
P 0x7f9487113eb8
C 9
R
P 0x7f94870ee408
C 361
R
P 0x7f94870ee408
P 0x7f9487113eb8
P 0x7f9487114958
C 76
= 0x7f94888ea9b8
R
P 0x7f94870ee408
C 361
R
P 0x7f94870ee408
P 0x7f94888ea9b8
C 275
R
P 0x7f94870ee408
C 361
R
P 0x7f94870ee408
P 0x7f94888ea9b8
C 9
R
P 0x7f94870ee408
C 361
R
P 0x7f94870ee408
I 9
P 0x7f94871132d8
C 154
= 0x7f9487114e78
R
P 0x7f94870ee408
C 361
R
P 0x7f94870ee408
P 0x7f9487114e78
C 275
R
P 0x7f94870ee408
C 361
R
P 0x7f94870ee408
P 0x7f9487114e78
C 9
R
P 0x7f94870ee408
C 361
R
P 0x7f94870ee408
P 0x7f9487114958
P 0x7f9487114e78
C 76
= 0x7f94888ea9f0
R
P 0x7f94870ee408
C 361
R
P 0x7f94870ee408
P 0x7f94888ea9f0
C 275
R
P 0x7f94870ee408
C 361
R
P 0x7f94870ee408
P 0x7f94888ea9f0
C 9
R
P 0x7f94870ee408
C 361
R
P 0x7f94870ee408
U 2
P 0x7f94888ea9b8
P 0x7f94888ea9f0
p 2
C 65
= 0x7f94888eaa28
R
P 0x7f94870ee408
C 361
R
P 0x7f94870ee408
P 0x7f94888eaa28
C 275
R
P 0x7f94870ee408
C 361
R
P 0x7f94870ee408
P 0x7f94888eaa28
C 9
R
P 0x7f94870ee408
C 361
R
P 0x7f94870ee408
I 1
P 0x7f94871132d8
C 154
= 0x7f9487113eb8
R
P 0x7f94870ee408
C 361
R
P 0x7f94870ee408
P 0x7f9487113eb8
C 275
R
P 0x7f94870ee408
C 361
R
P 0x7f94870ee408
P 0x7f9487113eb8
C 9
R
P 0x7f94870ee408
C 361
R
P 0x7f94870ee408
P 0x7f9487113eb8
P 0x7f9487114978
C 76
= 0x7f94888eaa60
R
P 0x7f94870ee408
C 361
R
P 0x7f94870ee408
P 0x7f94888eaa60
C 275
R
P 0x7f94870ee408
C 361
R
P 0x7f94870ee408
P 0x7f94888eaa60
C 9
R
P 0x7f94870ee408
C 361
R
P 0x7f94870ee408
I 9
P 0x7f94871132d8
C 154
= 0x7f9487114e78
R
P 0x7f94870ee408
C 361
R
P 0x7f94870ee408
P 0x7f9487114e78
C 275
R
P 0x7f94870ee408
C 361
R
P 0x7f94870ee408
P 0x7f9487114e78
C 9
R
P 0x7f94870ee408
C 361
R
P 0x7f94870ee408
P 0x7f9487114978
P 0x7f9487114e78
C 76
= 0x7f94888eaa98
R
P 0x7f94870ee408
C 361
R
P 0x7f94870ee408
P 0x7f94888eaa98
C 275
R
P 0x7f94870ee408
C 361
R
P 0x7f94870ee408
P 0x7f94888eaa98
C 9
R
P 0x7f94870ee408
C 361
R
P 0x7f94870ee408
U 2
P 0x7f94888eaa60
P 0x7f94888eaa98
p 2
C 65
= 0x7f94888eaad0
R
P 0x7f94870ee408
C 361
R
P 0x7f94870ee408
P 0x7f94888eaad0
C 275
R
P 0x7f94870ee408
C 361
R
P 0x7f94870ee408
P 0x7f94888eaad0
C 9
R
P 0x7f94870ee408
C 361
R
P 0x7f94870ee408
I 1
P 0x7f94871132d8
C 154
= 0x7f9487113eb8
R
P 0x7f94870ee408
C 361
R
P 0x7f94870ee408
P 0x7f9487113eb8
C 275
R
P 0x7f94870ee408
C 361
R
P 0x7f94870ee408
P 0x7f9487113eb8
C 9
R
P 0x7f94870ee408
C 361
R
P 0x7f94870ee408
P 0x7f9487113eb8
P 0x7f9487114998
C 76
= 0x7f94888eab08
R
P 0x7f94870ee408
C 361
R
P 0x7f94870ee408
P 0x7f94888eab08
C 275
R
P 0x7f94870ee408
C 361
R
P 0x7f94870ee408
P 0x7f94888eab08
C 9
R
P 0x7f94870ee408
C 361
R
P 0x7f94870ee408
I 9
P 0x7f94871132d8
C 154
= 0x7f9487114e78
R
P 0x7f94870ee408
C 361
R
P 0x7f94870ee408
P 0x7f9487114e78
C 275
R
P 0x7f94870ee408
C 361
R
P 0x7f94870ee408
P 0x7f9487114e78
C 9
R
P 0x7f94870ee408
C 361
R
P 0x7f94870ee408
P 0x7f9487114998
P 0x7f9487114e78
C 76
= 0x7f94888eab40
R
P 0x7f94870ee408
C 361
R
P 0x7f94870ee408
P 0x7f94888eab40
C 275
R
P 0x7f94870ee408
C 361
R
P 0x7f94870ee408
P 0x7f94888eab40
C 9
R
P 0x7f94870ee408
C 361
R
P 0x7f94870ee408
U 2
P 0x7f94888eab08
P 0x7f94888eab40
p 2
C 65
= 0x7f94888eab78
R
P 0x7f94870ee408
C 361
R
P 0x7f94870ee408
P 0x7f94888eab78
C 275
R
P 0x7f94870ee408
C 361
R
P 0x7f94870ee408
P 0x7f94888eab78
C 9
R
P 0x7f94870ee408
C 361
R
P 0x7f94870ee408
I 1
P 0x7f94871132d8
C 154
= 0x7f9487113eb8
R
P 0x7f94870ee408
C 361
R
P 0x7f94870ee408
P 0x7f9487113eb8
C 275
R
P 0x7f94870ee408
C 361
R
P 0x7f94870ee408
P 0x7f9487113eb8
C 9
R
P 0x7f94870ee408
C 361
R
P 0x7f94870ee408
P 0x7f9487113eb8
P 0x7f94871149b8
C 76
= 0x7f94888eabb0
R
P 0x7f94870ee408
C 361
R
P 0x7f94870ee408
P 0x7f94888eabb0
C 275
R
P 0x7f94870ee408
C 361
R
P 0x7f94870ee408
P 0x7f94888eabb0
C 9
R
P 0x7f94870ee408
C 361
R
P 0x7f94870ee408
I 9
P 0x7f94871132d8
C 154
= 0x7f9487114e78
R
P 0x7f94870ee408
C 361
R
P 0x7f94870ee408
P 0x7f9487114e78
C 275
R
P 0x7f94870ee408
C 361
R
P 0x7f94870ee408
P 0x7f9487114e78
C 9
R
P 0x7f94870ee408
C 361
R
P 0x7f94870ee408
P 0x7f94871149b8
P 0x7f9487114e78
C 76
= 0x7f94888eabe8
R
P 0x7f94870ee408
C 361
R
P 0x7f94870ee408
P 0x7f94888eabe8
C 275
R
P 0x7f94870ee408
C 361
R
P 0x7f94870ee408
P 0x7f94888eabe8
C 9
R
P 0x7f94870ee408
C 361
R
P 0x7f94870ee408
U 2
P 0x7f94888eabb0
P 0x7f94888eabe8
p 2
C 65
= 0x7f94888eac20
R
P 0x7f94870ee408
C 361
R
P 0x7f94870ee408
P 0x7f94888eac20
C 275
R
P 0x7f94870ee408
C 361
R
P 0x7f94870ee408
P 0x7f94888eac20
C 9
R
P 0x7f94870ee408
C 361
R
P 0x7f94870ee408
I 1
P 0x7f94871132d8
C 154
= 0x7f9487113eb8
R
P 0x7f94870ee408
C 361
R
P 0x7f94870ee408
P 0x7f9487113eb8
C 275
R
P 0x7f94870ee408
C 361
R
P 0x7f94870ee408
P 0x7f9487113eb8
C 9
R
P 0x7f94870ee408
C 361
R
P 0x7f94870ee408
P 0x7f9487113eb8
P 0x7f94871149d8
C 76
= 0x7f94888eac58
R
P 0x7f94870ee408
C 361
R
P 0x7f94870ee408
P 0x7f94888eac58
C 275
R
P 0x7f94870ee408
C 361
R
P 0x7f94870ee408
P 0x7f94888eac58
C 9
R
P 0x7f94870ee408
C 361
R
P 0x7f94870ee408
I 9
P 0x7f94871132d8
C 154
= 0x7f9487114e78
R
P 0x7f94870ee408
C 361
R
P 0x7f94870ee408
P 0x7f9487114e78
C 275
R
P 0x7f94870ee408
C 361
R
P 0x7f94870ee408
P 0x7f9487114e78
C 9
R
P 0x7f94870ee408
C 361
R
P 0x7f94870ee408
P 0x7f94871149d8
P 0x7f9487114e78
C 76
= 0x7f94888eac90
R
P 0x7f94870ee408
C 361
R
P 0x7f94870ee408
P 0x7f94888eac90
C 275
R
P 0x7f94870ee408
C 361
R
P 0x7f94870ee408
P 0x7f94888eac90
C 9
R
P 0x7f94870ee408
C 361
R
P 0x7f94870ee408
U 2
P 0x7f94888eac58
P 0x7f94888eac90
p 2
C 65
= 0x7f94888eacc8
R
P 0x7f94870ee408
C 361
R
P 0x7f94870ee408
P 0x7f94888eacc8
C 275
R
P 0x7f94870ee408
C 361
R
P 0x7f94870ee408
P 0x7f94888eacc8
C 9
R
P 0x7f94870ee408
C 361
R
P 0x7f94870ee408
I 1
P 0x7f94871132d8
C 154
= 0x7f9487113eb8
R
P 0x7f94870ee408
C 361
R
P 0x7f94870ee408
P 0x7f9487113eb8
C 275
R
P 0x7f94870ee408
C 361
R
P 0x7f94870ee408
P 0x7f9487113eb8
C 9
R
P 0x7f94870ee408
C 361
R
P 0x7f94870ee408
P 0x7f9487113eb8
P 0x7f94871149f8
C 76
= 0x7f94888ead00
R
P 0x7f94870ee408
C 361
R
P 0x7f94870ee408
P 0x7f94888ead00
C 275
R
P 0x7f94870ee408
C 361
R
P 0x7f94870ee408
P 0x7f94888ead00
C 9
R
P 0x7f94870ee408
C 361
R
P 0x7f94870ee408
I 9
P 0x7f94871132d8
C 154
= 0x7f9487114e78
R
P 0x7f94870ee408
C 361
R
P 0x7f94870ee408
P 0x7f9487114e78
C 275
R
P 0x7f94870ee408
C 361
R
P 0x7f94870ee408
P 0x7f9487114e78
C 9
R
P 0x7f94870ee408
C 361
R
P 0x7f94870ee408
P 0x7f94871149f8
P 0x7f9487114e78
C 76
= 0x7f94888ead38
R
P 0x7f94870ee408
C 361
R
P 0x7f94870ee408
P 0x7f94888ead38
C 275
R
P 0x7f94870ee408
C 361
R
P 0x7f94870ee408
P 0x7f94888ead38
C 9
R
P 0x7f94870ee408
C 361
R
P 0x7f94870ee408
U 2
P 0x7f94888ead00
P 0x7f94888ead38
p 2
C 65
= 0x7f94888ead70
R
P 0x7f94870ee408
C 361
R
P 0x7f94870ee408
P 0x7f94888ead70
C 275
R
P 0x7f94870ee408
C 361
R
P 0x7f94870ee408
P 0x7f94888ead70
C 9
R
P 0x7f94870ee408
C 361
R
P 0x7f94870ee408
I 1
P 0x7f94871132d8
C 154
= 0x7f9487113eb8
R
P 0x7f94870ee408
C 361
R
P 0x7f94870ee408
P 0x7f9487113eb8
C 275
R
P 0x7f94870ee408
C 361
R
P 0x7f94870ee408
P 0x7f9487113eb8
C 9
R
P 0x7f94870ee408
C 361
R
P 0x7f94870ee408
P 0x7f9487113eb8
P 0x7f9487114a18
C 76
= 0x7f94888eada8
R
P 0x7f94870ee408
C 361
R
P 0x7f94870ee408
P 0x7f94888eada8
C 275
R
P 0x7f94870ee408
C 361
R
P 0x7f94870ee408
P 0x7f94888eada8
C 9
R
P 0x7f94870ee408
C 361
R
P 0x7f94870ee408
I 9
P 0x7f94871132d8
C 154
= 0x7f9487114e78
R
P 0x7f94870ee408
C 361
R
P 0x7f94870ee408
P 0x7f9487114e78
C 275
R
P 0x7f94870ee408
C 361
R
P 0x7f94870ee408
P 0x7f9487114e78
C 9
R
P 0x7f94870ee408
C 361
R
P 0x7f94870ee408
P 0x7f9487114a18
P 0x7f9487114e78
C 76
= 0x7f94888eade0
R
P 0x7f94870ee408
C 361
R
P 0x7f94870ee408
P 0x7f94888eade0
C 275
R
P 0x7f94870ee408
C 361
R
P 0x7f94870ee408
P 0x7f94888eade0
C 9
R
P 0x7f94870ee408
C 361
R
P 0x7f94870ee408
U 2
P 0x7f94888eada8
P 0x7f94888eade0
p 2
C 65
= 0x7f94888eae18
R
P 0x7f94870ee408
C 361
R
P 0x7f94870ee408
P 0x7f94888eae18
C 275
R
P 0x7f94870ee408
C 361
R
P 0x7f94870ee408
P 0x7f94888eae18
C 9
R
P 0x7f94870ee408
C 361
R
P 0x7f94870ee408
I 1
P 0x7f94871132d8
C 154
= 0x7f9487113eb8
R
P 0x7f94870ee408
C 361
R
P 0x7f94870ee408
P 0x7f9487113eb8
C 275
R
P 0x7f94870ee408
C 361
R
P 0x7f94870ee408
P 0x7f9487113eb8
C 9
R
P 0x7f94870ee408
C 361
R
P 0x7f94870ee408
P 0x7f9487113eb8
P 0x7f9487114a38
C 76
= 0x7f94888eae50
R
P 0x7f94870ee408
C 361
R
P 0x7f94870ee408
P 0x7f94888eae50
C 275
R
P 0x7f94870ee408
C 361
R
P 0x7f94870ee408
P 0x7f94888eae50
C 9
R
P 0x7f94870ee408
C 361
R
P 0x7f94870ee408
I 9
P 0x7f94871132d8
C 154
= 0x7f9487114e78
R
P 0x7f94870ee408
C 361
R
P 0x7f94870ee408
P 0x7f9487114e78
C 275
R
P 0x7f94870ee408
C 361
R
P 0x7f94870ee408
P 0x7f9487114e78
C 9
R
P 0x7f94870ee408
C 361
R
P 0x7f94870ee408
P 0x7f9487114a38
P 0x7f9487114e78
C 76
= 0x7f94888eae88
R
P 0x7f94870ee408
C 361
R
P 0x7f94870ee408
P 0x7f94888eae88
C 275
R
P 0x7f94870ee408
C 361
R
P 0x7f94870ee408
P 0x7f94888eae88
C 9
R
P 0x7f94870ee408
C 361
R
P 0x7f94870ee408
U 2
P 0x7f94888eae50
P 0x7f94888eae88
p 2
C 65
= 0x7f94888eaec0
R
P 0x7f94870ee408
C 361
R
P 0x7f94870ee408
P 0x7f94888eaec0
C 275
R
P 0x7f94870ee408
C 361
R
P 0x7f94870ee408
P 0x7f94888eaec0
C 9
R
P 0x7f94870ee408
C 361
R
P 0x7f94870ee408
I 1
P 0x7f94871132d8
C 154
= 0x7f9487113eb8
R
P 0x7f94870ee408
C 361
R
P 0x7f94870ee408
P 0x7f9487113eb8
C 275
R
P 0x7f94870ee408
C 361
R
P 0x7f94870ee408
P 0x7f9487113eb8
C 9
R
P 0x7f94870ee408
C 361
R
P 0x7f94870ee408
P 0x7f9487113eb8
P 0x7f9487114a58
C 76
= 0x7f94888eaef8
R
P 0x7f94870ee408
C 361
R
P 0x7f94870ee408
P 0x7f94888eaef8
C 275
R
P 0x7f94870ee408
C 361
R
P 0x7f94870ee408
P 0x7f94888eaef8
C 9
R
P 0x7f94870ee408
C 361
R
P 0x7f94870ee408
I 9
P 0x7f94871132d8
C 154
= 0x7f9487114e78
R
P 0x7f94870ee408
C 361
R
P 0x7f94870ee408
P 0x7f9487114e78
C 275
R
P 0x7f94870ee408
C 361
R
P 0x7f94870ee408
P 0x7f9487114e78
C 9
R
P 0x7f94870ee408
C 361
R
P 0x7f94870ee408
P 0x7f9487114a58
P 0x7f9487114e78
C 76
= 0x7f94888eaf30
R
P 0x7f94870ee408
C 361
R
P 0x7f94870ee408
P 0x7f94888eaf30
C 275
R
P 0x7f94870ee408
C 361
R
P 0x7f94870ee408
P 0x7f94888eaf30
C 9
R
P 0x7f94870ee408
C 361
R
P 0x7f94870ee408
U 2
P 0x7f94888eaef8
P 0x7f94888eaf30
p 2
C 65
= 0x7f94888eaf68
R
P 0x7f94870ee408
C 361
R
P 0x7f94870ee408
P 0x7f94888eaf68
C 275
R
P 0x7f94870ee408
C 361
R
P 0x7f94870ee408
P 0x7f94888eaf68
C 9
R
P 0x7f94870ee408
C 361
R
P 0x7f94870ee408
I 1
P 0x7f94871132d8
C 154
= 0x7f9487113eb8
R
P 0x7f94870ee408
C 361
R
P 0x7f94870ee408
P 0x7f9487113eb8
C 275
R
P 0x7f94870ee408
C 361
R
P 0x7f94870ee408
P 0x7f9487113eb8
C 9
R
P 0x7f94870ee408
C 361
R
P 0x7f94870ee408
P 0x7f9487113eb8
P 0x7f9487114a78
C 76
= 0x7f94888eafa0
R
P 0x7f94870ee408
C 361
R
P 0x7f94870ee408
P 0x7f94888eafa0
C 275
R
P 0x7f94870ee408
C 361
R
P 0x7f94870ee408
P 0x7f94888eafa0
C 9
R
P 0x7f94870ee408
C 361
R
P 0x7f94870ee408
I 9
P 0x7f94871132d8
C 154
= 0x7f9487114e78
R
P 0x7f94870ee408
C 361
R
P 0x7f94870ee408
P 0x7f9487114e78
C 275
R
P 0x7f94870ee408
C 361
R
P 0x7f94870ee408
P 0x7f9487114e78
C 9
R
P 0x7f94870ee408
C 361
R
P 0x7f94870ee408
P 0x7f9487114a78
P 0x7f9487114e78
C 76
= 0x7f94888eafd8
R
P 0x7f94870ee408
C 361
R
P 0x7f94870ee408
P 0x7f94888eafd8
C 275
R
P 0x7f94870ee408
C 361
R
P 0x7f94870ee408
P 0x7f94888eafd8
C 9
R
P 0x7f94870ee408
C 361
R
P 0x7f94870ee408
U 2
P 0x7f94888eafa0
P 0x7f94888eafd8
p 2
C 65
= 0x7f94888eb010
R
P 0x7f94870ee408
C 361
R
P 0x7f94870ee408
P 0x7f94888eb010
C 275
R
P 0x7f94870ee408
C 361
R
P 0x7f94870ee408
P 0x7f94888eb010
C 9
R
P 0x7f94870ee408
C 361
R
P 0x7f94870ee408
I 1
P 0x7f94871132d8
C 154
= 0x7f9487113eb8
R
P 0x7f94870ee408
C 361
R
P 0x7f94870ee408
P 0x7f9487113eb8
C 275
R
P 0x7f94870ee408
C 361
R
P 0x7f94870ee408
P 0x7f9487113eb8
C 9
R
P 0x7f94870ee408
C 361
R
P 0x7f94870ee408
P 0x7f9487113eb8
P 0x7f9487114a98
C 76
= 0x7f94888eb048
R
P 0x7f94870ee408
C 361
R
P 0x7f94870ee408
P 0x7f94888eb048
C 275
R
P 0x7f94870ee408
C 361
R
P 0x7f94870ee408
P 0x7f94888eb048
C 9
R
P 0x7f94870ee408
C 361
R
P 0x7f94870ee408
I 9
P 0x7f94871132d8
C 154
= 0x7f9487114e78
R
P 0x7f94870ee408
C 361
R
P 0x7f94870ee408
P 0x7f9487114e78
C 275
R
P 0x7f94870ee408
C 361
R
P 0x7f94870ee408
P 0x7f9487114e78
C 9
R
P 0x7f94870ee408
C 361
R
P 0x7f94870ee408
P 0x7f9487114a98
P 0x7f9487114e78
C 76
= 0x7f94888eb080
R
P 0x7f94870ee408
C 361
R
P 0x7f94870ee408
P 0x7f94888eb080
C 275
R
P 0x7f94870ee408
C 361
R
P 0x7f94870ee408
P 0x7f94888eb080
C 9
R
P 0x7f94870ee408
C 361
R
P 0x7f94870ee408
U 2
P 0x7f94888eb048
P 0x7f94888eb080
p 2
C 65
= 0x7f94888eb0b8
R
P 0x7f94870ee408
C 361
R
P 0x7f94870ee408
P 0x7f94888eb0b8
C 275
R
P 0x7f94870ee408
C 361
R
P 0x7f94870ee408
P 0x7f94888eb0b8
C 9
R
P 0x7f94870ee408
C 361
R
P 0x7f94870ee408
I 1
P 0x7f94871132d8
C 154
= 0x7f9487113eb8
R
P 0x7f94870ee408
C 361
R
P 0x7f94870ee408
P 0x7f9487113eb8
C 275
R
P 0x7f94870ee408
C 361
R
P 0x7f94870ee408
P 0x7f9487113eb8
C 9
R
P 0x7f94870ee408
C 361
R
P 0x7f94870ee408
P 0x7f9487113eb8
P 0x7f9487114ab8
C 76
= 0x7f94888eb0f0
R
P 0x7f94870ee408
C 361
R
P 0x7f94870ee408
P 0x7f94888eb0f0
C 275
R
P 0x7f94870ee408
C 361
R
P 0x7f94870ee408
P 0x7f94888eb0f0
C 9
R
P 0x7f94870ee408
C 361
R
P 0x7f94870ee408
I 9
P 0x7f94871132d8
C 154
= 0x7f9487114e78
R
P 0x7f94870ee408
C 361
R
P 0x7f94870ee408
P 0x7f9487114e78
C 275
R
P 0x7f94870ee408
C 361
R
P 0x7f94870ee408
P 0x7f9487114e78
C 9
R
P 0x7f94870ee408
C 361
R
P 0x7f94870ee408
P 0x7f9487114ab8
P 0x7f9487114e78
C 76
= 0x7f94888eb128
R
P 0x7f94870ee408
C 361
R
P 0x7f94870ee408
P 0x7f94888eb128
C 275
R
P 0x7f94870ee408
C 361
R
P 0x7f94870ee408
P 0x7f94888eb128
C 9
R
P 0x7f94870ee408
C 361
R
P 0x7f94870ee408
U 2
P 0x7f94888eb0f0
P 0x7f94888eb128
p 2
C 65
= 0x7f94888eb160
R
P 0x7f94870ee408
C 361
R
P 0x7f94870ee408
P 0x7f94888eb160
C 275
R
P 0x7f94870ee408
C 361
R
P 0x7f94870ee408
P 0x7f94888eb160
C 9
R
P 0x7f94870ee408
C 361
R
P 0x7f94870ee408
I 1
P 0x7f94871132d8
C 154
= 0x7f9487113eb8
R
P 0x7f94870ee408
C 361
R
P 0x7f94870ee408
P 0x7f9487113eb8
C 275
R
P 0x7f94870ee408
C 361
R
P 0x7f94870ee408
P 0x7f9487113eb8
C 9
R
P 0x7f94870ee408
C 361
R
P 0x7f94870ee408
P 0x7f9487113eb8
P 0x7f9487114ad8
C 76
= 0x7f94888eb198
R
P 0x7f94870ee408
C 361
R
P 0x7f94870ee408
P 0x7f94888eb198
C 275
R
P 0x7f94870ee408
C 361
R
P 0x7f94870ee408
P 0x7f94888eb198
C 9
R
P 0x7f94870ee408
C 361
R
P 0x7f94870ee408
I 9
P 0x7f94871132d8
C 154
= 0x7f9487114e78
R
P 0x7f94870ee408
C 361
R
P 0x7f94870ee408
P 0x7f9487114e78
C 275
R
P 0x7f94870ee408
C 361
R
P 0x7f94870ee408
P 0x7f9487114e78
C 9
R
P 0x7f94870ee408
C 361
R
P 0x7f94870ee408
P 0x7f9487114ad8
P 0x7f9487114e78
C 76
= 0x7f94888eb1d0
R
P 0x7f94870ee408
C 361
R
P 0x7f94870ee408
P 0x7f94888eb1d0
C 275
R
P 0x7f94870ee408
C 361
R
P 0x7f94870ee408
P 0x7f94888eb1d0
C 9
R
P 0x7f94870ee408
C 361
R
P 0x7f94870ee408
U 2
P 0x7f94888eb198
P 0x7f94888eb1d0
p 2
C 65
= 0x7f94888eb208
R
P 0x7f94870ee408
C 361
R
P 0x7f94870ee408
P 0x7f94888eb208
C 275
R
P 0x7f94870ee408
C 361
R
P 0x7f94870ee408
P 0x7f94888eb208
C 9
R
P 0x7f94870ee408
C 361
R
P 0x7f94870ee408
I 1
P 0x7f94871132d8
C 154
= 0x7f9487113eb8
R
P 0x7f94870ee408
C 361
R
P 0x7f94870ee408
P 0x7f9487113eb8
C 275
R
P 0x7f94870ee408
C 361
R
P 0x7f94870ee408
P 0x7f9487113eb8
C 9
R
P 0x7f94870ee408
C 361
R
P 0x7f94870ee408
P 0x7f9487113eb8
P 0x7f9487114af8
C 76
= 0x7f94888eb240
R
P 0x7f94870ee408
C 361
R
P 0x7f94870ee408
P 0x7f94888eb240
C 275
R
P 0x7f94870ee408
C 361
R
P 0x7f94870ee408
P 0x7f94888eb240
C 9
R
P 0x7f94870ee408
C 361
R
P 0x7f94870ee408
I 9
P 0x7f94871132d8
C 154
= 0x7f9487114e78
R
P 0x7f94870ee408
C 361
R
P 0x7f94870ee408
P 0x7f9487114e78
C 275
R
P 0x7f94870ee408
C 361
R
P 0x7f94870ee408
P 0x7f9487114e78
C 9
R
P 0x7f94870ee408
C 361
R
P 0x7f94870ee408
P 0x7f9487114af8
P 0x7f9487114e78
C 76
= 0x7f94888eb278
R
P 0x7f94870ee408
C 361
R
P 0x7f94870ee408
P 0x7f94888eb278
C 275
R
P 0x7f94870ee408
C 361
R
P 0x7f94870ee408
P 0x7f94888eb278
C 9
R
P 0x7f94870ee408
C 361
R
P 0x7f94870ee408
U 2
P 0x7f94888eb240
P 0x7f94888eb278
p 2
C 65
= 0x7f94888eb2b0
R
P 0x7f94870ee408
C 361
R
P 0x7f94870ee408
P 0x7f94888eb2b0
C 275
R
P 0x7f94870ee408
C 361
R
P 0x7f94870ee408
P 0x7f94888eb2b0
C 9
R
P 0x7f94870ee408
C 361
R
P 0x7f94870ee408
I 1
P 0x7f94871132d8
C 154
= 0x7f9487113eb8
R
P 0x7f94870ee408
C 361
R
P 0x7f94870ee408
P 0x7f9487113eb8
C 275
R
P 0x7f94870ee408
C 361
R
P 0x7f94870ee408
P 0x7f9487113eb8
C 9
R
P 0x7f94870ee408
C 361
R
P 0x7f94870ee408
P 0x7f9487113eb8
P 0x7f9487114b18
C 76
= 0x7f94888eb2e8
R
P 0x7f94870ee408
C 361
R
P 0x7f94870ee408
P 0x7f94888eb2e8
C 275
R
P 0x7f94870ee408
C 361
R
P 0x7f94870ee408
P 0x7f94888eb2e8
C 9
R
P 0x7f94870ee408
C 361
R
P 0x7f94870ee408
I 9
P 0x7f94871132d8
C 154
= 0x7f9487114e78
R
P 0x7f94870ee408
C 361
R
P 0x7f94870ee408
P 0x7f9487114e78
C 275
R
P 0x7f94870ee408
C 361
R
P 0x7f94870ee408
P 0x7f9487114e78
C 9
R
P 0x7f94870ee408
C 361
R
P 0x7f94870ee408
P 0x7f9487114b18
P 0x7f9487114e78
C 76
= 0x7f94888eb320
R
P 0x7f94870ee408
C 361
R
P 0x7f94870ee408
P 0x7f94888eb320
C 275
R
P 0x7f94870ee408
C 361
R
P 0x7f94870ee408
P 0x7f94888eb320
C 9
R
P 0x7f94870ee408
C 361
R
P 0x7f94870ee408
U 2
P 0x7f94888eb2e8
P 0x7f94888eb320
p 2
C 65
= 0x7f94888eb358
R
P 0x7f94870ee408
C 361
R
P 0x7f94870ee408
P 0x7f94888eb358
C 275
R
P 0x7f94870ee408
C 361
R
P 0x7f94870ee408
P 0x7f94888eb358
C 9
R
P 0x7f94870ee408
C 361
R
P 0x7f94870ee408
I 1
P 0x7f94871132d8
C 154
= 0x7f9487113eb8
R
P 0x7f94870ee408
C 361
R
P 0x7f94870ee408
P 0x7f9487113eb8
C 275
R
P 0x7f94870ee408
C 361
R
P 0x7f94870ee408
P 0x7f9487113eb8
C 9
R
P 0x7f94870ee408
C 361
R
P 0x7f94870ee408
P 0x7f9487113eb8
P 0x7f9487114b38
C 76
= 0x7f94888eb390
R
P 0x7f94870ee408
C 361
R
P 0x7f94870ee408
P 0x7f94888eb390
C 275
R
P 0x7f94870ee408
C 361
R
P 0x7f94870ee408
P 0x7f94888eb390
C 9
R
P 0x7f94870ee408
C 361
R
P 0x7f94870ee408
I 9
P 0x7f94871132d8
C 154
= 0x7f9487114e78
R
P 0x7f94870ee408
C 361
R
P 0x7f94870ee408
P 0x7f9487114e78
C 275
R
P 0x7f94870ee408
C 361
R
P 0x7f94870ee408
P 0x7f9487114e78
C 9
R
P 0x7f94870ee408
C 361
R
P 0x7f94870ee408
P 0x7f9487114b38
P 0x7f9487114e78
C 76
= 0x7f94888eb3c8
R
P 0x7f94870ee408
C 361
R
P 0x7f94870ee408
P 0x7f94888eb3c8
C 275
R
P 0x7f94870ee408
C 361
R
P 0x7f94870ee408
P 0x7f94888eb3c8
C 9
R
P 0x7f94870ee408
C 361
R
P 0x7f94870ee408
U 2
P 0x7f94888eb390
P 0x7f94888eb3c8
p 2
C 65
= 0x7f94888eb400
R
P 0x7f94870ee408
C 361
R
P 0x7f94870ee408
P 0x7f94888eb400
C 275
R
P 0x7f94870ee408
C 361
R
P 0x7f94870ee408
P 0x7f94888eb400
C 9
R
P 0x7f94870ee408
C 361
R
P 0x7f94870ee408
I 1
P 0x7f94871132d8
C 154
= 0x7f9487113eb8
R
P 0x7f94870ee408
C 361
R
P 0x7f94870ee408
P 0x7f9487113eb8
C 275
R
P 0x7f94870ee408
C 361
R
P 0x7f94870ee408
P 0x7f9487113eb8
C 9
R
P 0x7f94870ee408
C 361
R
P 0x7f94870ee408
P 0x7f9487113eb8
P 0x7f9487114b58
C 76
= 0x7f94888eb438
R
P 0x7f94870ee408
C 361
R
P 0x7f94870ee408
P 0x7f94888eb438
C 275
R
P 0x7f94870ee408
C 361
R
P 0x7f94870ee408
P 0x7f94888eb438
C 9
R
P 0x7f94870ee408
C 361
R
P 0x7f94870ee408
I 9
P 0x7f94871132d8
C 154
= 0x7f9487114e78
R
P 0x7f94870ee408
C 361
R
P 0x7f94870ee408
P 0x7f9487114e78
C 275
R
P 0x7f94870ee408
C 361
R
P 0x7f94870ee408
P 0x7f9487114e78
C 9
R
P 0x7f94870ee408
C 361
R
P 0x7f94870ee408
P 0x7f9487114b58
P 0x7f9487114e78
C 76
= 0x7f94888eb470
R
P 0x7f94870ee408
C 361
R
P 0x7f94870ee408
P 0x7f94888eb470
C 275
R
P 0x7f94870ee408
C 361
R
P 0x7f94870ee408
P 0x7f94888eb470
C 9
R
P 0x7f94870ee408
C 361
R
P 0x7f94870ee408
U 2
P 0x7f94888eb438
P 0x7f94888eb470
p 2
C 65
= 0x7f94888eb4a8
R
P 0x7f94870ee408
C 361
R
P 0x7f94870ee408
P 0x7f94888eb4a8
C 275
R
P 0x7f94870ee408
C 361
R
P 0x7f94870ee408
P 0x7f94888eb4a8
C 9
R
P 0x7f94870ee408
C 361
R
P 0x7f94870ee408
I 1
P 0x7f94871132d8
C 154
= 0x7f9487113eb8
R
P 0x7f94870ee408
C 361
R
P 0x7f94870ee408
P 0x7f9487113eb8
C 275
R
P 0x7f94870ee408
C 361
R
P 0x7f94870ee408
P 0x7f9487113eb8
C 9
R
P 0x7f94870ee408
C 361
R
P 0x7f94870ee408
P 0x7f9487113eb8
P 0x7f9487114b78
C 76
= 0x7f94888eb4e0
R
P 0x7f94870ee408
C 361
R
P 0x7f94870ee408
P 0x7f94888eb4e0
C 275
R
P 0x7f94870ee408
C 361
R
P 0x7f94870ee408
P 0x7f94888eb4e0
C 9
R
P 0x7f94870ee408
C 361
R
P 0x7f94870ee408
I 9
P 0x7f94871132d8
C 154
= 0x7f9487114e78
R
P 0x7f94870ee408
C 361
R
P 0x7f94870ee408
P 0x7f9487114e78
C 275
R
P 0x7f94870ee408
C 361
R
P 0x7f94870ee408
P 0x7f9487114e78
C 9
R
P 0x7f94870ee408
C 361
R
P 0x7f94870ee408
P 0x7f9487114b78
P 0x7f9487114e78
C 76
= 0x7f94888eb518
R
P 0x7f94870ee408
C 361
R
P 0x7f94870ee408
P 0x7f94888eb518
C 275
R
P 0x7f94870ee408
C 361
R
P 0x7f94870ee408
P 0x7f94888eb518
C 9
R
P 0x7f94870ee408
C 361
R
P 0x7f94870ee408
U 2
P 0x7f94888eb4e0
P 0x7f94888eb518
p 2
C 65
= 0x7f94888eb550
R
P 0x7f94870ee408
C 361
R
P 0x7f94870ee408
P 0x7f94888eb550
C 275
R
P 0x7f94870ee408
C 361
R
P 0x7f94870ee408
P 0x7f94888eb550
C 9
R
P 0x7f94870ee408
C 361
R
P 0x7f94870ee408
I 1
P 0x7f94871132d8
C 154
= 0x7f9487113eb8
R
P 0x7f94870ee408
C 361
R
P 0x7f94870ee408
P 0x7f9487113eb8
C 275
R
P 0x7f94870ee408
C 361
R
P 0x7f94870ee408
P 0x7f9487113eb8
C 9
R
P 0x7f94870ee408
C 361
R
P 0x7f94870ee408
P 0x7f9487113eb8
P 0x7f9487114b98
C 76
= 0x7f94888eb588
R
P 0x7f94870ee408
C 361
R
P 0x7f94870ee408
P 0x7f94888eb588
C 275
R
P 0x7f94870ee408
C 361
R
P 0x7f94870ee408
P 0x7f94888eb588
C 9
R
P 0x7f94870ee408
C 361
R
P 0x7f94870ee408
I 9
P 0x7f94871132d8
C 154
= 0x7f9487114e78
R
P 0x7f94870ee408
C 361
R
P 0x7f94870ee408
P 0x7f9487114e78
C 275
R
P 0x7f94870ee408
C 361
R
P 0x7f94870ee408
P 0x7f9487114e78
C 9
R
P 0x7f94870ee408
C 361
R
P 0x7f94870ee408
P 0x7f9487114b98
P 0x7f9487114e78
C 76
= 0x7f94888eb5c0
R
P 0x7f94870ee408
C 361
R
P 0x7f94870ee408
P 0x7f94888eb5c0
C 275
R
P 0x7f94870ee408
C 361
R
P 0x7f94870ee408
P 0x7f94888eb5c0
C 9
R
P 0x7f94870ee408
C 361
R
P 0x7f94870ee408
U 2
P 0x7f94888eb588
P 0x7f94888eb5c0
p 2
C 65
= 0x7f94888eb5f8
R
P 0x7f94870ee408
C 361
R
P 0x7f94870ee408
P 0x7f94888eb5f8
C 275
R
P 0x7f94870ee408
C 361
R
P 0x7f94870ee408
P 0x7f94888eb5f8
C 9
R
P 0x7f94870ee408
C 361
R
P 0x7f94870ee408
I 1
P 0x7f94871132d8
C 154
= 0x7f9487113eb8
R
P 0x7f94870ee408
C 361
R
P 0x7f94870ee408
P 0x7f9487113eb8
C 275
R
P 0x7f94870ee408
C 361
R
P 0x7f94870ee408
P 0x7f9487113eb8
C 9
R
P 0x7f94870ee408
C 361
R
P 0x7f94870ee408
P 0x7f9487113eb8
P 0x7f9487114bb8
C 76
= 0x7f94888eb630
R
P 0x7f94870ee408
C 361
R
P 0x7f94870ee408
P 0x7f94888eb630
C 275
R
P 0x7f94870ee408
C 361
R
P 0x7f94870ee408
P 0x7f94888eb630
C 9
R
P 0x7f94870ee408
C 361
R
P 0x7f94870ee408
I 9
P 0x7f94871132d8
C 154
= 0x7f9487114e78
R
P 0x7f94870ee408
C 361
R
P 0x7f94870ee408
P 0x7f9487114e78
C 275
R
P 0x7f94870ee408
C 361
R
P 0x7f94870ee408
P 0x7f9487114e78
C 9
R
P 0x7f94870ee408
C 361
R
P 0x7f94870ee408
P 0x7f9487114bb8
P 0x7f9487114e78
C 76
= 0x7f94888eb668
R
P 0x7f94870ee408
C 361
R
P 0x7f94870ee408
P 0x7f94888eb668
C 275
R
P 0x7f94870ee408
C 361
R
P 0x7f94870ee408
P 0x7f94888eb668
C 9
R
P 0x7f94870ee408
C 361
R
P 0x7f94870ee408
U 2
P 0x7f94888eb630
P 0x7f94888eb668
p 2
C 65
= 0x7f94888eb6a0
R
P 0x7f94870ee408
C 361
R
P 0x7f94870ee408
P 0x7f94888eb6a0
C 275
R
P 0x7f94870ee408
C 361
R
P 0x7f94870ee408
P 0x7f94888eb6a0
C 9
R
P 0x7f94870ee408
C 361
R
P 0x7f94870ee408
I 1
P 0x7f94871132d8
C 154
= 0x7f9487113eb8
R
P 0x7f94870ee408
C 361
R
P 0x7f94870ee408
P 0x7f9487113eb8
C 275
R
P 0x7f94870ee408
C 361
R
P 0x7f94870ee408
P 0x7f9487113eb8
C 9
R
P 0x7f94870ee408
C 361
R
P 0x7f94870ee408
P 0x7f9487113eb8
P 0x7f9487114bd8
C 76
= 0x7f94888eb6d8
R
P 0x7f94870ee408
C 361
R
P 0x7f94870ee408
P 0x7f94888eb6d8
C 275
R
P 0x7f94870ee408
C 361
R
P 0x7f94870ee408
P 0x7f94888eb6d8
C 9
R
P 0x7f94870ee408
C 361
R
P 0x7f94870ee408
I 9
P 0x7f94871132d8
C 154
= 0x7f9487114e78
R
P 0x7f94870ee408
C 361
R
P 0x7f94870ee408
P 0x7f9487114e78
C 275
R
P 0x7f94870ee408
C 361
R
P 0x7f94870ee408
P 0x7f9487114e78
C 9
R
P 0x7f94870ee408
C 361
R
P 0x7f94870ee408
P 0x7f9487114bd8
P 0x7f9487114e78
C 76
= 0x7f94888eb710
R
P 0x7f94870ee408
C 361
R
P 0x7f94870ee408
P 0x7f94888eb710
C 275
R
P 0x7f94870ee408
C 361
R
P 0x7f94870ee408
P 0x7f94888eb710
C 9
R
P 0x7f94870ee408
C 361
R
P 0x7f94870ee408
U 2
P 0x7f94888eb6d8
P 0x7f94888eb710
p 2
C 65
= 0x7f94888eb748
R
P 0x7f94870ee408
C 361
R
P 0x7f94870ee408
P 0x7f94888eb748
C 275
R
P 0x7f94870ee408
C 361
R
P 0x7f94870ee408
P 0x7f94888eb748
C 9
R
P 0x7f94870ee408
C 361
R
P 0x7f94870ee408
I 1
P 0x7f94871132d8
C 154
= 0x7f9487113eb8
R
P 0x7f94870ee408
C 361
R
P 0x7f94870ee408
P 0x7f9487113eb8
C 275
R
P 0x7f94870ee408
C 361
R
P 0x7f94870ee408
P 0x7f9487113eb8
C 9
R
P 0x7f94870ee408
C 361
R
P 0x7f94870ee408
P 0x7f9487113eb8
P 0x7f9487114bf8
C 76
= 0x7f94888eb780
R
P 0x7f94870ee408
C 361
R
P 0x7f94870ee408
P 0x7f94888eb780
C 275
R
P 0x7f94870ee408
C 361
R
P 0x7f94870ee408
P 0x7f94888eb780
C 9
R
P 0x7f94870ee408
C 361
R
P 0x7f94870ee408
I 9
P 0x7f94871132d8
C 154
= 0x7f9487114e78
R
P 0x7f94870ee408
C 361
R
P 0x7f94870ee408
P 0x7f9487114e78
C 275
R
P 0x7f94870ee408
C 361
R
P 0x7f94870ee408
P 0x7f9487114e78
C 9
R
P 0x7f94870ee408
C 361
R
P 0x7f94870ee408
P 0x7f9487114bf8
P 0x7f9487114e78
C 76
= 0x7f94888eb7b8
R
P 0x7f94870ee408
C 361
R
P 0x7f94870ee408
P 0x7f94888eb7b8
C 275
R
P 0x7f94870ee408
C 361
R
P 0x7f94870ee408
P 0x7f94888eb7b8
C 9
R
P 0x7f94870ee408
C 361
R
P 0x7f94870ee408
U 2
P 0x7f94888eb780
P 0x7f94888eb7b8
p 2
C 65
= 0x7f94888eb7f0
R
P 0x7f94870ee408
C 361
R
P 0x7f94870ee408
P 0x7f94888eb7f0
C 275
R
P 0x7f94870ee408
C 361
R
P 0x7f94870ee408
P 0x7f94888eb7f0
C 9
R
P 0x7f94870ee408
C 361
R
P 0x7f94870ee408
I 1
P 0x7f94871132d8
C 154
= 0x7f9487113eb8
R
P 0x7f94870ee408
C 361
R
P 0x7f94870ee408
P 0x7f9487113eb8
C 275
R
P 0x7f94870ee408
C 361
R
P 0x7f94870ee408
P 0x7f9487113eb8
C 9
R
P 0x7f94870ee408
C 361
R
P 0x7f94870ee408
P 0x7f9487113eb8
P 0x7f9487114c18
C 76
= 0x7f94888eb828
R
P 0x7f94870ee408
C 361
R
P 0x7f94870ee408
P 0x7f94888eb828
C 275
R
P 0x7f94870ee408
C 361
R
P 0x7f94870ee408
P 0x7f94888eb828
C 9
R
P 0x7f94870ee408
C 361
R
P 0x7f94870ee408
I 9
P 0x7f94871132d8
C 154
= 0x7f9487114e78
R
P 0x7f94870ee408
C 361
R
P 0x7f94870ee408
P 0x7f9487114e78
C 275
R
P 0x7f94870ee408
C 361
R
P 0x7f94870ee408
P 0x7f9487114e78
C 9
R
P 0x7f94870ee408
C 361
R
P 0x7f94870ee408
P 0x7f9487114c18
P 0x7f9487114e78
C 76
= 0x7f94888eb860
R
P 0x7f94870ee408
C 361
R
P 0x7f94870ee408
P 0x7f94888eb860
C 275
R
P 0x7f94870ee408
C 361
R
P 0x7f94870ee408
P 0x7f94888eb860
C 9
R
P 0x7f94870ee408
C 361
R
P 0x7f94870ee408
U 2
P 0x7f94888eb828
P 0x7f94888eb860
p 2
C 65
= 0x7f94888eb898
R
P 0x7f94870ee408
C 361
R
P 0x7f94870ee408
P 0x7f94888eb898
C 275
R
P 0x7f94870ee408
C 361
R
P 0x7f94870ee408
P 0x7f94888eb898
C 9
R
P 0x7f94870ee408
C 361
R
P 0x7f94870ee408
I 1
P 0x7f94871132d8
C 154
= 0x7f9487113eb8
R
P 0x7f94870ee408
C 361
R
P 0x7f94870ee408
P 0x7f9487113eb8
C 275
R
P 0x7f94870ee408
C 361
R
P 0x7f94870ee408
P 0x7f9487113eb8
C 9
R
P 0x7f94870ee408
C 361
R
P 0x7f94870ee408
P 0x7f9487113eb8
P 0x7f9487114c38
C 76
= 0x7f94888eb8d0
R
P 0x7f94870ee408
C 361
R
P 0x7f94870ee408
P 0x7f94888eb8d0
C 275
R
P 0x7f94870ee408
C 361
R
P 0x7f94870ee408
P 0x7f94888eb8d0
C 9
R
P 0x7f94870ee408
C 361
R
P 0x7f94870ee408
I 9
P 0x7f94871132d8
C 154
= 0x7f9487114e78
R
P 0x7f94870ee408
C 361
R
P 0x7f94870ee408
P 0x7f9487114e78
C 275
R
P 0x7f94870ee408
C 361
R
P 0x7f94870ee408
P 0x7f9487114e78
C 9
R
P 0x7f94870ee408
C 361
R
P 0x7f94870ee408
P 0x7f9487114c38
P 0x7f9487114e78
C 76
= 0x7f94888eb908
R
P 0x7f94870ee408
C 361
R
P 0x7f94870ee408
P 0x7f94888eb908
C 275
R
P 0x7f94870ee408
C 361
R
P 0x7f94870ee408
P 0x7f94888eb908
C 9
R
P 0x7f94870ee408
C 361
R
P 0x7f94870ee408
U 2
P 0x7f94888eb8d0
P 0x7f94888eb908
p 2
C 65
= 0x7f94888eb940
R
P 0x7f94870ee408
C 361
R
P 0x7f94870ee408
P 0x7f94888eb940
C 275
R
P 0x7f94870ee408
C 361
R
P 0x7f94870ee408
P 0x7f94888eb940
C 9
R
P 0x7f94870ee408
C 361
R
P 0x7f94870ee408
I 1
P 0x7f94871132d8
C 154
= 0x7f9487113eb8
R
P 0x7f94870ee408
C 361
R
P 0x7f94870ee408
P 0x7f9487113eb8
C 275
R
P 0x7f94870ee408
C 361
R
P 0x7f94870ee408
P 0x7f9487113eb8
C 9
R
P 0x7f94870ee408
C 361
R
P 0x7f94870ee408
P 0x7f9487113eb8
P 0x7f9487114c58
C 76
= 0x7f94888eb978
R
P 0x7f94870ee408
C 361
R
P 0x7f94870ee408
P 0x7f94888eb978
C 275
R
P 0x7f94870ee408
C 361
R
P 0x7f94870ee408
P 0x7f94888eb978
C 9
R
P 0x7f94870ee408
C 361
R
P 0x7f94870ee408
I 9
P 0x7f94871132d8
C 154
= 0x7f9487114e78
R
P 0x7f94870ee408
C 361
R
P 0x7f94870ee408
P 0x7f9487114e78
C 275
R
P 0x7f94870ee408
C 361
R
P 0x7f94870ee408
P 0x7f9487114e78
C 9
R
P 0x7f94870ee408
C 361
R
P 0x7f94870ee408
P 0x7f9487114c58
P 0x7f9487114e78
C 76
= 0x7f94888eb9b0
R
P 0x7f94870ee408
C 361
R
P 0x7f94870ee408
P 0x7f94888eb9b0
C 275
R
P 0x7f94870ee408
C 361
R
P 0x7f94870ee408
P 0x7f94888eb9b0
C 9
R
P 0x7f94870ee408
C 361
R
P 0x7f94870ee408
U 2
P 0x7f94888eb978
P 0x7f94888eb9b0
p 2
C 65
= 0x7f94888eb9e8
R
P 0x7f94870ee408
C 361
R
P 0x7f94870ee408
P 0x7f94888eb9e8
C 275
R
P 0x7f94870ee408
C 361
R
P 0x7f94870ee408
P 0x7f94888eb9e8
C 9
R
P 0x7f94870ee408
C 361
R
P 0x7f94870ee408
I 1
P 0x7f94871132d8
C 154
= 0x7f9487113eb8
R
P 0x7f94870ee408
C 361
R
P 0x7f94870ee408
P 0x7f9487113eb8
C 275
R
P 0x7f94870ee408
C 361
R
P 0x7f94870ee408
P 0x7f9487113eb8
C 9
R
P 0x7f94870ee408
C 361
R
P 0x7f94870ee408
P 0x7f9487113eb8
P 0x7f9487114c78
C 76
= 0x7f94888eba20
R
P 0x7f94870ee408
C 361
R
P 0x7f94870ee408
P 0x7f94888eba20
C 275
R
P 0x7f94870ee408
C 361
R
P 0x7f94870ee408
P 0x7f94888eba20
C 9
R
P 0x7f94870ee408
C 361
R
P 0x7f94870ee408
I 9
P 0x7f94871132d8
C 154
= 0x7f9487114e78
R
P 0x7f94870ee408
C 361
R
P 0x7f94870ee408
P 0x7f9487114e78
C 275
R
P 0x7f94870ee408
C 361
R
P 0x7f94870ee408
P 0x7f9487114e78
C 9
R
P 0x7f94870ee408
C 361
R
P 0x7f94870ee408
P 0x7f9487114c78
P 0x7f9487114e78
C 76
= 0x7f94888eba58
R
P 0x7f94870ee408
C 361
R
P 0x7f94870ee408
P 0x7f94888eba58
C 275
R
P 0x7f94870ee408
C 361
R
P 0x7f94870ee408
P 0x7f94888eba58
C 9
R
P 0x7f94870ee408
C 361
R
P 0x7f94870ee408
U 2
P 0x7f94888eba20
P 0x7f94888eba58
p 2
C 65
= 0x7f94888eba90
R
P 0x7f94870ee408
C 361
R
P 0x7f94870ee408
P 0x7f94888eba90
C 275
R
P 0x7f94870ee408
C 361
R
P 0x7f94870ee408
P 0x7f94888eba90
C 9
R
P 0x7f94870ee408
C 361
R
P 0x7f94870ee408
I 1
P 0x7f94871132d8
C 154
= 0x7f9487113eb8
R
P 0x7f94870ee408
C 361
R
P 0x7f94870ee408
P 0x7f9487113eb8
C 275
R
P 0x7f94870ee408
C 361
R
P 0x7f94870ee408
P 0x7f9487113eb8
C 9
R
P 0x7f94870ee408
C 361
R
P 0x7f94870ee408
P 0x7f9487113eb8
P 0x7f9487114c98
C 76
= 0x7f94888ebac8
R
P 0x7f94870ee408
C 361
R
P 0x7f94870ee408
P 0x7f94888ebac8
C 275
R
P 0x7f94870ee408
C 361
R
P 0x7f94870ee408
P 0x7f94888ebac8
C 9
R
P 0x7f94870ee408
C 361
R
P 0x7f94870ee408
I 9
P 0x7f94871132d8
C 154
= 0x7f9487114e78
R
P 0x7f94870ee408
C 361
R
P 0x7f94870ee408
P 0x7f9487114e78
C 275
R
P 0x7f94870ee408
C 361
R
P 0x7f94870ee408
P 0x7f9487114e78
C 9
R
P 0x7f94870ee408
C 361
R
P 0x7f94870ee408
P 0x7f9487114c98
P 0x7f9487114e78
C 76
= 0x7f94888ebb00
R
P 0x7f94870ee408
C 361
R
P 0x7f94870ee408
P 0x7f94888ebb00
C 275
R
P 0x7f94870ee408
C 361
R
P 0x7f94870ee408
P 0x7f94888ebb00
C 9
R
P 0x7f94870ee408
C 361
R
P 0x7f94870ee408
U 2
P 0x7f94888ebac8
P 0x7f94888ebb00
p 2
C 65
= 0x7f94888ebb38
R
P 0x7f94870ee408
C 361
R
P 0x7f94870ee408
P 0x7f94888ebb38
C 275
R
P 0x7f94870ee408
C 361
R
P 0x7f94870ee408
P 0x7f94888ebb38
C 9
R
P 0x7f94870ee408
C 361
R
P 0x7f94870ee408
I 1
P 0x7f94871132d8
C 154
= 0x7f9487113eb8
R
P 0x7f94870ee408
C 361
R
P 0x7f94870ee408
P 0x7f9487113eb8
C 275
R
P 0x7f94870ee408
C 361
R
P 0x7f94870ee408
P 0x7f9487113eb8
C 9
R
P 0x7f94870ee408
C 361
R
P 0x7f94870ee408
P 0x7f9487113eb8
P 0x7f9487114cb8
C 76
= 0x7f94888ebb70
R
P 0x7f94870ee408
C 361
R
P 0x7f94870ee408
P 0x7f94888ebb70
C 275
R
P 0x7f94870ee408
C 361
R
P 0x7f94870ee408
P 0x7f94888ebb70
C 9
R
P 0x7f94870ee408
C 361
R
P 0x7f94870ee408
I 9
P 0x7f94871132d8
C 154
= 0x7f9487114e78
R
P 0x7f94870ee408
C 361
R
P 0x7f94870ee408
P 0x7f9487114e78
C 275
R
P 0x7f94870ee408
C 361
R
P 0x7f94870ee408
P 0x7f9487114e78
C 9
R
P 0x7f94870ee408
C 361
R
P 0x7f94870ee408
P 0x7f9487114cb8
P 0x7f9487114e78
C 76
= 0x7f94888ebba8
R
P 0x7f94870ee408
C 361
R
P 0x7f94870ee408
P 0x7f94888ebba8
C 275
R
P 0x7f94870ee408
C 361
R
P 0x7f94870ee408
P 0x7f94888ebba8
C 9
R
P 0x7f94870ee408
C 361
R
P 0x7f94870ee408
U 2
P 0x7f94888ebb70
P 0x7f94888ebba8
p 2
C 65
= 0x7f94888ebbe0
R
P 0x7f94870ee408
C 361
R
P 0x7f94870ee408
P 0x7f94888ebbe0
C 275
R
P 0x7f94870ee408
C 361
R
P 0x7f94870ee408
P 0x7f94888ebbe0
C 9
R
P 0x7f94870ee408
C 361
R
P 0x7f94870ee408
I 1
P 0x7f94871132d8
C 154
= 0x7f9487113eb8
R
P 0x7f94870ee408
C 361
R
P 0x7f94870ee408
P 0x7f9487113eb8
C 275
R
P 0x7f94870ee408
C 361
R
P 0x7f94870ee408
P 0x7f9487113eb8
C 9
R
P 0x7f94870ee408
C 361
R
P 0x7f94870ee408
P 0x7f9487113eb8
P 0x7f9487114cd8
C 76
= 0x7f94888ebc18
R
P 0x7f94870ee408
C 361
R
P 0x7f94870ee408
P 0x7f94888ebc18
C 275
R
P 0x7f94870ee408
C 361
R
P 0x7f94870ee408
P 0x7f94888ebc18
C 9
R
P 0x7f94870ee408
C 361
R
P 0x7f94870ee408
I 9
P 0x7f94871132d8
C 154
= 0x7f9487114e78
R
P 0x7f94870ee408
C 361
R
P 0x7f94870ee408
P 0x7f9487114e78
C 275
R
P 0x7f94870ee408
C 361
R
P 0x7f94870ee408
P 0x7f9487114e78
C 9
R
P 0x7f94870ee408
C 361
R
P 0x7f94870ee408
P 0x7f9487114cd8
P 0x7f9487114e78
C 76
= 0x7f94888ebc50
R
P 0x7f94870ee408
C 361
R
P 0x7f94870ee408
P 0x7f94888ebc50
C 275
R
P 0x7f94870ee408
C 361
R
P 0x7f94870ee408
P 0x7f94888ebc50
C 9
R
P 0x7f94870ee408
C 361
R
P 0x7f94870ee408
U 2
P 0x7f94888ebc18
P 0x7f94888ebc50
p 2
C 65
= 0x7f94888ebc88
R
P 0x7f94870ee408
C 361
R
P 0x7f94870ee408
P 0x7f94888ebc88
C 275
R
P 0x7f94870ee408
C 361
R
P 0x7f94870ee408
P 0x7f94888ebc88
C 9
R
P 0x7f94870ee408
C 361
R
P 0x7f94870ee408
I 1
P 0x7f94871132d8
C 154
= 0x7f9487113eb8
R
P 0x7f94870ee408
C 361
R
P 0x7f94870ee408
P 0x7f9487113eb8
C 275
R
P 0x7f94870ee408
C 361
R
P 0x7f94870ee408
P 0x7f9487113eb8
C 9
R
P 0x7f94870ee408
C 361
R
P 0x7f94870ee408
P 0x7f9487113eb8
P 0x7f9487114cf8
C 76
= 0x7f94888ebcc0
R
P 0x7f94870ee408
C 361
R
P 0x7f94870ee408
P 0x7f94888ebcc0
C 275
R
P 0x7f94870ee408
C 361
R
P 0x7f94870ee408
P 0x7f94888ebcc0
C 9
R
P 0x7f94870ee408
C 361
R
P 0x7f94870ee408
I 9
P 0x7f94871132d8
C 154
= 0x7f9487114e78
R
P 0x7f94870ee408
C 361
R
P 0x7f94870ee408
P 0x7f9487114e78
C 275
R
P 0x7f94870ee408
C 361
R
P 0x7f94870ee408
P 0x7f9487114e78
C 9
R
P 0x7f94870ee408
C 361
R
P 0x7f94870ee408
P 0x7f9487114cf8
P 0x7f9487114e78
C 76
= 0x7f94888ebcf8
R
P 0x7f94870ee408
C 361
R
P 0x7f94870ee408
P 0x7f94888ebcf8
C 275
R
P 0x7f94870ee408
C 361
R
P 0x7f94870ee408
P 0x7f94888ebcf8
C 9
R
P 0x7f94870ee408
C 361
R
P 0x7f94870ee408
U 2
P 0x7f94888ebcc0
P 0x7f94888ebcf8
p 2
C 65
= 0x7f94888ebd30
R
P 0x7f94870ee408
C 361
R
P 0x7f94870ee408
P 0x7f94888ebd30
C 275
R
P 0x7f94870ee408
C 361
R
P 0x7f94870ee408
P 0x7f94888ebd30
C 9
R
P 0x7f94870ee408
C 361
R
P 0x7f94870ee408
I 1
P 0x7f94871132d8
C 154
= 0x7f9487113eb8
R
P 0x7f94870ee408
C 361
R
P 0x7f94870ee408
P 0x7f9487113eb8
C 275
R
P 0x7f94870ee408
C 361
R
P 0x7f94870ee408
P 0x7f9487113eb8
C 9
R
P 0x7f94870ee408
C 361
R
P 0x7f94870ee408
P 0x7f9487113eb8
P 0x7f9487114d18
C 76
= 0x7f94888ebd68
R
P 0x7f94870ee408
C 361
R
P 0x7f94870ee408
P 0x7f94888ebd68
C 275
R
P 0x7f94870ee408
C 361
R
P 0x7f94870ee408
P 0x7f94888ebd68
C 9
R
P 0x7f94870ee408
C 361
R
P 0x7f94870ee408
I 9
P 0x7f94871132d8
C 154
= 0x7f9487114e78
R
P 0x7f94870ee408
C 361
R
P 0x7f94870ee408
P 0x7f9487114e78
C 275
R
P 0x7f94870ee408
C 361
R
P 0x7f94870ee408
P 0x7f9487114e78
C 9
R
P 0x7f94870ee408
C 361
R
P 0x7f94870ee408
P 0x7f9487114d18
P 0x7f9487114e78
C 76
= 0x7f94888ebda0
R
P 0x7f94870ee408
C 361
R
P 0x7f94870ee408
P 0x7f94888ebda0
C 275
R
P 0x7f94870ee408
C 361
R
P 0x7f94870ee408
P 0x7f94888ebda0
C 9
R
P 0x7f94870ee408
C 361
R
P 0x7f94870ee408
U 2
P 0x7f94888ebd68
P 0x7f94888ebda0
p 2
C 65
= 0x7f94888ebdd8
R
P 0x7f94870ee408
C 361
R
P 0x7f94870ee408
P 0x7f94888ebdd8
C 275
R
P 0x7f94870ee408
C 361
R
P 0x7f94870ee408
P 0x7f94888ebdd8
C 9
R
P 0x7f94870ee408
C 361
R
P 0x7f94870ee408
I 1
P 0x7f94871132d8
C 154
= 0x7f9487113eb8
R
P 0x7f94870ee408
C 361
R
P 0x7f94870ee408
P 0x7f9487113eb8
C 275
R
P 0x7f94870ee408
C 361
R
P 0x7f94870ee408
P 0x7f9487113eb8
C 9
R
P 0x7f94870ee408
C 361
R
P 0x7f94870ee408
P 0x7f9487113eb8
P 0x7f9487114d38
C 76
= 0x7f94888ebe10
R
P 0x7f94870ee408
C 361
R
P 0x7f94870ee408
P 0x7f94888ebe10
C 275
R
P 0x7f94870ee408
C 361
R
P 0x7f94870ee408
P 0x7f94888ebe10
C 9
R
P 0x7f94870ee408
C 361
R
P 0x7f94870ee408
I 9
P 0x7f94871132d8
C 154
= 0x7f9487114e78
R
P 0x7f94870ee408
C 361
R
P 0x7f94870ee408
P 0x7f9487114e78
C 275
R
P 0x7f94870ee408
C 361
R
P 0x7f94870ee408
P 0x7f9487114e78
C 9
R
P 0x7f94870ee408
C 361
R
P 0x7f94870ee408
P 0x7f9487114d38
P 0x7f9487114e78
C 76
= 0x7f94888ebe48
R
P 0x7f94870ee408
C 361
R
P 0x7f94870ee408
P 0x7f94888ebe48
C 275
R
P 0x7f94870ee408
C 361
R
P 0x7f94870ee408
P 0x7f94888ebe48
C 9
R
P 0x7f94870ee408
C 361
R
P 0x7f94870ee408
U 2
P 0x7f94888ebe10
P 0x7f94888ebe48
p 2
C 65
= 0x7f94888ebe80
R
P 0x7f94870ee408
C 361
R
P 0x7f94870ee408
P 0x7f94888ebe80
C 275
R
P 0x7f94870ee408
C 361
R
P 0x7f94870ee408
P 0x7f94888ebe80
C 9
R
P 0x7f94870ee408
C 361
R
P 0x7f94870ee408
I 1
P 0x7f94871132d8
C 154
= 0x7f9487113eb8
R
P 0x7f94870ee408
C 361
R
P 0x7f94870ee408
P 0x7f9487113eb8
C 275
R
P 0x7f94870ee408
C 361
R
P 0x7f94870ee408
P 0x7f9487113eb8
C 9
R
P 0x7f94870ee408
C 361
R
P 0x7f94870ee408
P 0x7f9487113eb8
P 0x7f9487114d58
C 76
= 0x7f94888ebeb8
R
P 0x7f94870ee408
C 361
R
P 0x7f94870ee408
P 0x7f94888ebeb8
C 275
R
P 0x7f94870ee408
C 361
R
P 0x7f94870ee408
P 0x7f94888ebeb8
C 9
R
P 0x7f94870ee408
C 361
R
P 0x7f94870ee408
I 9
P 0x7f94871132d8
C 154
= 0x7f9487114e78
R
P 0x7f94870ee408
C 361
R
P 0x7f94870ee408
P 0x7f9487114e78
C 275
R
P 0x7f94870ee408
C 361
R
P 0x7f94870ee408
P 0x7f9487114e78
C 9
R
P 0x7f94870ee408
C 361
R
P 0x7f94870ee408
P 0x7f9487114d58
P 0x7f9487114e78
C 76
= 0x7f94888ebef0
R
P 0x7f94870ee408
C 361
R
P 0x7f94870ee408
P 0x7f94888ebef0
C 275
R
P 0x7f94870ee408
C 361
R
P 0x7f94870ee408
P 0x7f94888ebef0
C 9
R
P 0x7f94870ee408
C 361
R
P 0x7f94870ee408
U 2
P 0x7f94888ebeb8
P 0x7f94888ebef0
p 2
C 65
= 0x7f94888ebf28
R
P 0x7f94870ee408
C 361
R
P 0x7f94870ee408
P 0x7f94888ebf28
C 275
R
P 0x7f94870ee408
C 361
R
P 0x7f94870ee408
P 0x7f94888ebf28
C 9
R
P 0x7f94870ee408
C 361
R
P 0x7f94870ee408
I 1
P 0x7f94871132d8
C 154
= 0x7f9487113eb8
R
P 0x7f94870ee408
C 361
R
P 0x7f94870ee408
P 0x7f9487113eb8
C 275
R
P 0x7f94870ee408
C 361
R
P 0x7f94870ee408
P 0x7f9487113eb8
C 9
R
P 0x7f94870ee408
C 361
R
P 0x7f94870ee408
P 0x7f9487113eb8
P 0x7f9487114d78
C 76
= 0x7f94888ebf60
R
P 0x7f94870ee408
C 361
R
P 0x7f94870ee408
P 0x7f94888ebf60
C 275
R
P 0x7f94870ee408
C 361
R
P 0x7f94870ee408
P 0x7f94888ebf60
C 9
R
P 0x7f94870ee408
C 361
R
P 0x7f94870ee408
I 9
P 0x7f94871132d8
C 154
= 0x7f9487114e78
R
P 0x7f94870ee408
C 361
R
P 0x7f94870ee408
P 0x7f9487114e78
C 275
R
P 0x7f94870ee408
C 361
R
P 0x7f94870ee408
P 0x7f9487114e78
C 9
R
P 0x7f94870ee408
C 361
R
P 0x7f94870ee408
P 0x7f9487114d78
P 0x7f9487114e78
C 76
= 0x7f94888ebf98
R
P 0x7f94870ee408
C 361
R
P 0x7f94870ee408
P 0x7f94888ebf98
C 275
R
P 0x7f94870ee408
C 361
R
P 0x7f94870ee408
P 0x7f94888ebf98
C 9
R
P 0x7f94870ee408
C 361
R
P 0x7f94870ee408
U 2
P 0x7f94888ebf60
P 0x7f94888ebf98
p 2
C 65
= 0x7f94888ec218
R
P 0x7f94870ee408
C 361
R
P 0x7f94870ee408
P 0x7f94888ec218
C 275
R
P 0x7f94870ee408
C 361
R
P 0x7f94870ee408
P 0x7f94888ec218
C 9
R
P 0x7f94870ee408
C 361
R
P 0x7f94870ee408
I 1
P 0x7f94871132d8
C 154
= 0x7f9487113eb8
R
P 0x7f94870ee408
C 361
R
P 0x7f94870ee408
P 0x7f9487113eb8
C 275
R
P 0x7f94870ee408
C 361
R
P 0x7f94870ee408
P 0x7f9487113eb8
C 9
R
P 0x7f94870ee408
C 361
R
P 0x7f94870ee408
P 0x7f9487113eb8
P 0x7f9487114d98
C 76
= 0x7f94888ec250
R
P 0x7f94870ee408
C 361
R
P 0x7f94870ee408
P 0x7f94888ec250
C 275
R
P 0x7f94870ee408
C 361
R
P 0x7f94870ee408
P 0x7f94888ec250
C 9
R
P 0x7f94870ee408
C 361
R
P 0x7f94870ee408
I 9
P 0x7f94871132d8
C 154
= 0x7f9487114e78
R
P 0x7f94870ee408
C 361
R
P 0x7f94870ee408
P 0x7f9487114e78
C 275
R
P 0x7f94870ee408
C 361
R
P 0x7f94870ee408
P 0x7f9487114e78
C 9
R
P 0x7f94870ee408
C 361
R
P 0x7f94870ee408
P 0x7f9487114d98
P 0x7f9487114e78
C 76
= 0x7f94888ec288
R
P 0x7f94870ee408
C 361
R
P 0x7f94870ee408
P 0x7f94888ec288
C 275
R
P 0x7f94870ee408
C 361
R
P 0x7f94870ee408
P 0x7f94888ec288
C 9
R
P 0x7f94870ee408
C 361
R
P 0x7f94870ee408
U 2
P 0x7f94888ec250
P 0x7f94888ec288
p 2
C 65
= 0x7f94888ec2c0
R
P 0x7f94870ee408
C 361
R
P 0x7f94870ee408
P 0x7f94888ec2c0
C 275
R
P 0x7f94870ee408
C 361
R
P 0x7f94870ee408
P 0x7f94888ec2c0
C 9
R
P 0x7f94870ee408
C 361
R
P 0x7f94870ee408
I 1
P 0x7f94871132d8
C 154
= 0x7f9487113eb8
R
P 0x7f94870ee408
C 361
R
P 0x7f94870ee408
P 0x7f9487113eb8
C 275
R
P 0x7f94870ee408
C 361
R
P 0x7f94870ee408
P 0x7f9487113eb8
C 9
R
P 0x7f94870ee408
C 361
R
P 0x7f94870ee408
P 0x7f9487113eb8
P 0x7f9487114db8
C 76
= 0x7f94888ec2f8
R
P 0x7f94870ee408
C 361
R
P 0x7f94870ee408
P 0x7f94888ec2f8
C 275
R
P 0x7f94870ee408
C 361
R
P 0x7f94870ee408
P 0x7f94888ec2f8
C 9
R
P 0x7f94870ee408
C 361
R
P 0x7f94870ee408
I 9
P 0x7f94871132d8
C 154
= 0x7f9487114e78
R
P 0x7f94870ee408
C 361
R
P 0x7f94870ee408
P 0x7f9487114e78
C 275
R
P 0x7f94870ee408
C 361
R
P 0x7f94870ee408
P 0x7f9487114e78
C 9
R
P 0x7f94870ee408
C 361
R
P 0x7f94870ee408
P 0x7f9487114db8
P 0x7f9487114e78
C 76
= 0x7f94888ec330
R
P 0x7f94870ee408
C 361
R
P 0x7f94870ee408
P 0x7f94888ec330
C 275
R
P 0x7f94870ee408
C 361
R
P 0x7f94870ee408
P 0x7f94888ec330
C 9
R
P 0x7f94870ee408
C 361
R
P 0x7f94870ee408
U 2
P 0x7f94888ec2f8
P 0x7f94888ec330
p 2
C 65
= 0x7f94888ec368
R
P 0x7f94870ee408
C 361
R
P 0x7f94870ee408
P 0x7f94888ec368
C 275
R
P 0x7f94870ee408
C 361
R
P 0x7f94870ee408
P 0x7f94888ec368
C 9
R
P 0x7f94870ee408
C 361
R
P 0x7f94870ee408
I 1
P 0x7f94871132d8
C 154
= 0x7f9487113eb8
R
P 0x7f94870ee408
C 361
R
P 0x7f94870ee408
P 0x7f9487113eb8
C 275
R
P 0x7f94870ee408
C 361
R
P 0x7f94870ee408
P 0x7f9487113eb8
C 9
R
P 0x7f94870ee408
C 361
R
P 0x7f94870ee408
P 0x7f9487113eb8
P 0x7f9487114dd8
C 76
= 0x7f94888ec3a0
R
P 0x7f94870ee408
C 361
R
P 0x7f94870ee408
P 0x7f94888ec3a0
C 275
R
P 0x7f94870ee408
C 361
R
P 0x7f94870ee408
P 0x7f94888ec3a0
C 9
R
P 0x7f94870ee408
C 361
R
P 0x7f94870ee408
I 9
P 0x7f94871132d8
C 154
= 0x7f9487114e78
R
P 0x7f94870ee408
C 361
R
P 0x7f94870ee408
P 0x7f9487114e78
C 275
R
P 0x7f94870ee408
C 361
R
P 0x7f94870ee408
P 0x7f9487114e78
C 9
R
P 0x7f94870ee408
C 361
R
P 0x7f94870ee408
P 0x7f9487114dd8
P 0x7f9487114e78
C 76
= 0x7f94888ec3d8
R
P 0x7f94870ee408
C 361
R
P 0x7f94870ee408
P 0x7f94888ec3d8
C 275
R
P 0x7f94870ee408
C 361
R
P 0x7f94870ee408
P 0x7f94888ec3d8
C 9
R
P 0x7f94870ee408
C 361
R
P 0x7f94870ee408
U 2
P 0x7f94888ec3a0
P 0x7f94888ec3d8
p 2
C 65
= 0x7f94888ec410
R
P 0x7f94870ee408
C 361
R
P 0x7f94870ee408
P 0x7f94888ec410
C 275
R
P 0x7f94870ee408
C 361
R
P 0x7f94870ee408
P 0x7f94888ec410
C 9
R
P 0x7f94870ee408
C 361
R
P 0x7f94870ee408
I 1
P 0x7f94871132d8
C 154
= 0x7f9487113eb8
R
P 0x7f94870ee408
C 361
R
P 0x7f94870ee408
P 0x7f9487113eb8
C 275
R
P 0x7f94870ee408
C 361
R
P 0x7f94870ee408
P 0x7f9487113eb8
C 9
R
P 0x7f94870ee408
C 361
R
P 0x7f94870ee408
P 0x7f9487113eb8
P 0x7f9487114df8
C 76
= 0x7f94888ec448
R
P 0x7f94870ee408
C 361
R
P 0x7f94870ee408
P 0x7f94888ec448
C 275
R
P 0x7f94870ee408
C 361
R
P 0x7f94870ee408
P 0x7f94888ec448
C 9
R
P 0x7f94870ee408
C 361
R
P 0x7f94870ee408
I 9
P 0x7f94871132d8
C 154
= 0x7f9487114e78
R
P 0x7f94870ee408
C 361
R
P 0x7f94870ee408
P 0x7f9487114e78
C 275
R
P 0x7f94870ee408
C 361
R
P 0x7f94870ee408
P 0x7f9487114e78
C 9
R
P 0x7f94870ee408
C 361
R
P 0x7f94870ee408
P 0x7f9487114df8
P 0x7f9487114e78
C 76
= 0x7f94888ec480
R
P 0x7f94870ee408
C 361
R
P 0x7f94870ee408
P 0x7f94888ec480
C 275
R
P 0x7f94870ee408
C 361
R
P 0x7f94870ee408
P 0x7f94888ec480
C 9
R
P 0x7f94870ee408
C 361
R
P 0x7f94870ee408
U 2
P 0x7f94888ec448
P 0x7f94888ec480
p 2
C 65
= 0x7f94888ec4b8
R
P 0x7f94870ee408
C 361
R
P 0x7f94870ee408
P 0x7f94888ec4b8
C 275
R
P 0x7f94870ee408
C 361
R
P 0x7f94870ee408
P 0x7f94888ec4b8
C 9
R
P 0x7f94870ee408
C 361
R
P 0x7f94870ee408
I 1
P 0x7f94871132d8
C 154
= 0x7f9487113eb8
R
P 0x7f94870ee408
C 361
R
P 0x7f94870ee408
P 0x7f9487113eb8
C 275
R
P 0x7f94870ee408
C 361
R
P 0x7f94870ee408
P 0x7f9487113eb8
C 9
R
P 0x7f94870ee408
C 361
R
P 0x7f94870ee408
P 0x7f9487113eb8
P 0x7f9487114e18
C 76
= 0x7f94888ec4f0
R
P 0x7f94870ee408
C 361
R
P 0x7f94870ee408
P 0x7f94888ec4f0
C 275
R
P 0x7f94870ee408
C 361
R
P 0x7f94870ee408
P 0x7f94888ec4f0
C 9
R
P 0x7f94870ee408
C 361
R
P 0x7f94870ee408
I 9
P 0x7f94871132d8
C 154
= 0x7f9487114e78
R
P 0x7f94870ee408
C 361
R
P 0x7f94870ee408
P 0x7f9487114e78
C 275
R
P 0x7f94870ee408
C 361
R
P 0x7f94870ee408
P 0x7f9487114e78
C 9
R
P 0x7f94870ee408
C 361
R
P 0x7f94870ee408
P 0x7f9487114e18
P 0x7f9487114e78
C 76
= 0x7f94888ec528
R
P 0x7f94870ee408
C 361
R
P 0x7f94870ee408
P 0x7f94888ec528
C 275
R
P 0x7f94870ee408
C 361
R
P 0x7f94870ee408
P 0x7f94888ec528
C 9
R
P 0x7f94870ee408
C 361
R
P 0x7f94870ee408
U 2
P 0x7f94888ec4f0
P 0x7f94888ec528
p 2
C 65
= 0x7f94888ec560
R
P 0x7f94870ee408
C 361
R
P 0x7f94870ee408
P 0x7f94888ec560
C 275
R
P 0x7f94870ee408
C 361
R
P 0x7f94870ee408
P 0x7f94888ec560
C 9
R
P 0x7f94870ee408
C 361
R
P 0x7f94870ee408
I 1
P 0x7f94871132d8
C 154
= 0x7f9487113eb8
R
P 0x7f94870ee408
C 361
R
P 0x7f94870ee408
P 0x7f9487113eb8
C 275
R
P 0x7f94870ee408
C 361
R
P 0x7f94870ee408
P 0x7f9487113eb8
C 9
R
P 0x7f94870ee408
C 361
R
P 0x7f94870ee408
P 0x7f9487113eb8
P 0x7f9487114e38
C 76
= 0x7f94888ec598
R
P 0x7f94870ee408
C 361
R
P 0x7f94870ee408
P 0x7f94888ec598
C 275
R
P 0x7f94870ee408
C 361
R
P 0x7f94870ee408
P 0x7f94888ec598
C 9
R
P 0x7f94870ee408
C 361
R
P 0x7f94870ee408
I 9
P 0x7f94871132d8
C 154
= 0x7f9487114e78
R
P 0x7f94870ee408
C 361
R
P 0x7f94870ee408
P 0x7f9487114e78
C 275
R
P 0x7f94870ee408
C 361
R
P 0x7f94870ee408
P 0x7f9487114e78
C 9
R
P 0x7f94870ee408
C 361
R
P 0x7f94870ee408
P 0x7f9487114e38
P 0x7f9487114e78
C 76
= 0x7f94888ec5d0
R
P 0x7f94870ee408
C 361
R
P 0x7f94870ee408
P 0x7f94888ec5d0
C 275
R
P 0x7f94870ee408
C 361
R
P 0x7f94870ee408
P 0x7f94888ec5d0
C 9
R
P 0x7f94870ee408
C 361
R
P 0x7f94870ee408
U 2
P 0x7f94888ec598
P 0x7f94888ec5d0
p 2
C 65
= 0x7f94888ec608
R
P 0x7f94870ee408
C 361
R
P 0x7f94870ee408
P 0x7f94888ec608
C 275
R
P 0x7f94870ee408
C 361
R
P 0x7f94870ee408
P 0x7f94888ec608
C 9
R
P 0x7f94870ee408
C 361
R
P 0x7f94870ee408
I 1
P 0x7f94871132d8
C 154
= 0x7f9487113eb8
R
P 0x7f94870ee408
C 361
R
P 0x7f94870ee408
P 0x7f9487113eb8
C 275
R
P 0x7f94870ee408
C 361
R
P 0x7f94870ee408
P 0x7f9487113eb8
C 9
R
P 0x7f94870ee408
C 361
R
P 0x7f94870ee408
P 0x7f9487113eb8
P 0x7f9487114e58
C 76
= 0x7f94888ec640
R
P 0x7f94870ee408
C 361
R
P 0x7f94870ee408
P 0x7f94888ec640
C 275
R
P 0x7f94870ee408
C 361
R
P 0x7f94870ee408
P 0x7f94888ec640
C 9
R
P 0x7f94870ee408
C 361
R
P 0x7f94870ee408
I 9
P 0x7f94871132d8
C 154
= 0x7f9487114e78
R
P 0x7f94870ee408
C 361
R
P 0x7f94870ee408
P 0x7f9487114e78
C 275
R
P 0x7f94870ee408
C 361
R
P 0x7f94870ee408
P 0x7f9487114e78
C 9
R
P 0x7f94870ee408
C 361
R
P 0x7f94870ee408
P 0x7f9487114e58
P 0x7f9487114e78
C 76
= 0x7f94888ec678
R
P 0x7f94870ee408
C 361
R
P 0x7f94870ee408
P 0x7f94888ec678
C 275
R
P 0x7f94870ee408
C 361
R
P 0x7f94870ee408
P 0x7f94888ec678
C 9
R
P 0x7f94870ee408
C 361
R
P 0x7f94870ee408
U 2
P 0x7f94888ec640
P 0x7f94888ec678
p 2
C 65
= 0x7f94888ec6b0
R
P 0x7f94870ee408
C 361
R
P 0x7f94870ee408
P 0x7f94888ec6b0
C 275
R
P 0x7f94870ee408
C 361
R
P 0x7f94870ee408
P 0x7f94888ec6b0
C 9
R
P 0x7f94870ee408
C 361
R
P 0x7f94870ee408
U 9
P 0x7f9487114458
P 0x7f9487114478
P 0x7f9487114498
P 0x7f94871144b8
P 0x7f94871144d8
P 0x7f94871144f8
P 0x7f9487114518
P 0x7f9487114538
P 0x7f9487114558
p 9
C 59
= 0x7f948896f218
R
P 0x7f94870ee408
C 361
R
P 0x7f94870ee408
P 0x7f948896f218
C 275
R
P 0x7f94870ee408
C 361
R
P 0x7f94870ee408
P 0x7f948896f218
C 9
R
P 0x7f94870ee408
C 361
R
P 0x7f94870ee408
U 9
P 0x7f9487114578
P 0x7f9487114598
P 0x7f94871145b8
P 0x7f94871145d8
P 0x7f94871145f8
P 0x7f9487114618
P 0x7f9487114638
P 0x7f9487114658
P 0x7f9487114678
p 9
C 59
= 0x7f948896f288
R
P 0x7f94870ee408
C 361
R
P 0x7f94870ee408
P 0x7f948896f288
C 275
R
P 0x7f94870ee408
C 361
R
P 0x7f94870ee408
P 0x7f948896f288
C 9
R
P 0x7f94870ee408
C 361
R
P 0x7f94870ee408
U 9
P 0x7f9487114698
P 0x7f94871146b8
P 0x7f94871146d8
P 0x7f94871146f8
P 0x7f9487114718
P 0x7f9487114738
P 0x7f9487114758
P 0x7f9487114778
P 0x7f9487114798
p 9
C 59
= 0x7f948896f2f8
R
P 0x7f94870ee408
C 361
R
P 0x7f94870ee408
P 0x7f948896f2f8
C 275
R
P 0x7f94870ee408
C 361
R
P 0x7f94870ee408
P 0x7f948896f2f8
C 9
R
P 0x7f94870ee408
C 361
R
P 0x7f94870ee408
U 9
P 0x7f94871147b8
P 0x7f94871147d8
P 0x7f94871147f8
P 0x7f9487114818
P 0x7f9487114838
P 0x7f9487114858
P 0x7f9487114878
P 0x7f9487114898
P 0x7f94871148b8
p 9
C 59
= 0x7f948896f368
R
P 0x7f94870ee408
C 361
R
P 0x7f94870ee408
P 0x7f948896f368
C 275
R
P 0x7f94870ee408
C 361
R
P 0x7f94870ee408
P 0x7f948896f368
C 9
R
P 0x7f94870ee408
C 361
R
P 0x7f94870ee408
U 9
P 0x7f94871148d8
P 0x7f94871148f8
P 0x7f9487114918
P 0x7f9487114938
P 0x7f9487114958
P 0x7f9487114978
P 0x7f9487114998
P 0x7f94871149b8
P 0x7f94871149d8
p 9
C 59
= 0x7f948896f3d8
R
P 0x7f94870ee408
C 361
R
P 0x7f94870ee408
P 0x7f948896f3d8
C 275
R
P 0x7f94870ee408
C 361
R
P 0x7f94870ee408
P 0x7f948896f3d8
C 9
R
P 0x7f94870ee408
C 361
R
P 0x7f94870ee408
U 9
P 0x7f94871149f8
P 0x7f9487114a18
P 0x7f9487114a38
P 0x7f9487114a58
P 0x7f9487114a78
P 0x7f9487114a98
P 0x7f9487114ab8
P 0x7f9487114ad8
P 0x7f9487114af8
p 9
C 59
= 0x7f948896f448
R
P 0x7f94870ee408
C 361
R
P 0x7f94870ee408
P 0x7f948896f448
C 275
R
P 0x7f94870ee408
C 361
R
P 0x7f94870ee408
P 0x7f948896f448
C 9
R
P 0x7f94870ee408
C 361
R
P 0x7f94870ee408
U 9
P 0x7f9487114b18
P 0x7f9487114b38
P 0x7f9487114b58
P 0x7f9487114b78
P 0x7f9487114b98
P 0x7f9487114bb8
P 0x7f9487114bd8
P 0x7f9487114bf8
P 0x7f9487114c18
p 9
C 59
= 0x7f948896f4b8
R
P 0x7f94870ee408
C 361
R
P 0x7f94870ee408
P 0x7f948896f4b8
C 275
R
P 0x7f94870ee408
C 361
R
P 0x7f94870ee408
P 0x7f948896f4b8
C 9
R
P 0x7f94870ee408
C 361
R
P 0x7f94870ee408
U 9
P 0x7f9487114c38
P 0x7f9487114c58
P 0x7f9487114c78
P 0x7f9487114c98
P 0x7f9487114cb8
P 0x7f9487114cd8
P 0x7f9487114cf8
P 0x7f9487114d18
P 0x7f9487114d38
p 9
C 59
= 0x7f948896f528
R
P 0x7f94870ee408
C 361
R
P 0x7f94870ee408
P 0x7f948896f528
C 275
R
P 0x7f94870ee408
C 361
R
P 0x7f94870ee408
P 0x7f948896f528
C 9
R
P 0x7f94870ee408
C 361
R
P 0x7f94870ee408
U 9
P 0x7f9487114d58
P 0x7f9487114d78
P 0x7f9487114d98
P 0x7f9487114db8
P 0x7f9487114dd8
P 0x7f9487114df8
P 0x7f9487114e18
P 0x7f9487114e38
P 0x7f9487114e58
p 9
C 59
= 0x7f948896f598
R
P 0x7f94870ee408
C 361
R
P 0x7f94870ee408
P 0x7f948896f598
C 275
R
P 0x7f94870ee408
C 361
R
P 0x7f94870ee408
P 0x7f948896f598
C 9
R
P 0x7f94870ee408
C 361
R
P 0x7f94870ee408
U 9
P 0x7f9487114458
P 0x7f9487114578
P 0x7f9487114698
P 0x7f94871147b8
P 0x7f94871148d8
P 0x7f94871149f8
P 0x7f9487114b18
P 0x7f9487114c38
P 0x7f9487114d58
p 9
C 59
= 0x7f948896f608
R
P 0x7f94870ee408
C 361
R
P 0x7f94870ee408
P 0x7f948896f608
C 275
R
P 0x7f94870ee408
C 361
R
P 0x7f94870ee408
P 0x7f948896f608
C 9
R
P 0x7f94870ee408
C 361
R
P 0x7f94870ee408
U 9
P 0x7f9487114478
P 0x7f9487114598
P 0x7f94871146b8
P 0x7f94871147d8
P 0x7f94871148f8
P 0x7f9487114a18
P 0x7f9487114b38
P 0x7f9487114c58
P 0x7f9487114d78
p 9
C 59
= 0x7f948896f678
R
P 0x7f94870ee408
C 361
R
P 0x7f94870ee408
P 0x7f948896f678
C 275
R
P 0x7f94870ee408
C 361
R
P 0x7f94870ee408
P 0x7f948896f678
C 9
R
P 0x7f94870ee408
C 361
R
P 0x7f94870ee408
U 9
P 0x7f9487114498
P 0x7f94871145b8
P 0x7f94871146d8
P 0x7f94871147f8
P 0x7f9487114918
P 0x7f9487114a38
P 0x7f9487114b58
P 0x7f9487114c78
P 0x7f9487114d98
p 9
C 59
= 0x7f948896f6e8
R
P 0x7f94870ee408
C 361
R
P 0x7f94870ee408
P 0x7f948896f6e8
C 275
R
P 0x7f94870ee408
C 361
R
P 0x7f94870ee408
P 0x7f948896f6e8
C 9
R
P 0x7f94870ee408
C 361
R
P 0x7f94870ee408
U 9
P 0x7f94871144b8
P 0x7f94871145d8
P 0x7f94871146f8
P 0x7f9487114818
P 0x7f9487114938
P 0x7f9487114a58
P 0x7f9487114b78
P 0x7f9487114c98
P 0x7f9487114db8
p 9
C 59
= 0x7f948896f758
R
P 0x7f94870ee408
C 361
R
P 0x7f94870ee408
P 0x7f948896f758
C 275
R
P 0x7f94870ee408
C 361
R
P 0x7f94870ee408
P 0x7f948896f758
C 9
R
P 0x7f94870ee408
C 361
R
P 0x7f94870ee408
U 9
P 0x7f94871144d8
P 0x7f94871145f8
P 0x7f9487114718
P 0x7f9487114838
P 0x7f9487114958
P 0x7f9487114a78
P 0x7f9487114b98
P 0x7f9487114cb8
P 0x7f9487114dd8
p 9
C 59
= 0x7f948896f7c8
R
P 0x7f94870ee408
C 361
R
P 0x7f94870ee408
P 0x7f948896f7c8
C 275
R
P 0x7f94870ee408
C 361
R
P 0x7f94870ee408
P 0x7f948896f7c8
C 9
R
P 0x7f94870ee408
C 361
R
P 0x7f94870ee408
U 9
P 0x7f94871144f8
P 0x7f9487114618
P 0x7f9487114738
P 0x7f9487114858
P 0x7f9487114978
P 0x7f9487114a98
P 0x7f9487114bb8
P 0x7f9487114cd8
P 0x7f9487114df8
p 9
C 59
= 0x7f948896f838
R
P 0x7f94870ee408
C 361
R
P 0x7f94870ee408
P 0x7f948896f838
C 275
R
P 0x7f94870ee408
C 361
R
P 0x7f94870ee408
P 0x7f948896f838
C 9
R
P 0x7f94870ee408
C 361
R
P 0x7f94870ee408
U 9
P 0x7f9487114518
P 0x7f9487114638
P 0x7f9487114758
P 0x7f9487114878
P 0x7f9487114998
P 0x7f9487114ab8
P 0x7f9487114bd8
P 0x7f9487114cf8
P 0x7f9487114e18
p 9
C 59
= 0x7f948896f8a8
R
P 0x7f94870ee408
C 361
R
P 0x7f94870ee408
P 0x7f948896f8a8
C 275
R
P 0x7f94870ee408
C 361
R
P 0x7f94870ee408
P 0x7f948896f8a8
C 9
R
P 0x7f94870ee408
C 361
R
P 0x7f94870ee408
U 9
P 0x7f9487114538
P 0x7f9487114658
P 0x7f9487114778
P 0x7f9487114898
P 0x7f94871149b8
P 0x7f9487114ad8
P 0x7f9487114bf8
P 0x7f9487114d18
P 0x7f9487114e38
p 9
C 59
= 0x7f948896f918
R
P 0x7f94870ee408
C 361
R
P 0x7f94870ee408
P 0x7f948896f918
C 275
R
P 0x7f94870ee408
C 361
R
P 0x7f94870ee408
P 0x7f948896f918
C 9
R
P 0x7f94870ee408
C 361
R
P 0x7f94870ee408
U 9
P 0x7f9487114558
P 0x7f9487114678
P 0x7f9487114798
P 0x7f94871148b8
P 0x7f94871149d8
P 0x7f9487114af8
P 0x7f9487114c18
P 0x7f9487114d38
P 0x7f9487114e58
p 9
C 59
= 0x7f948896f988
R
P 0x7f94870ee408
C 361
R
P 0x7f94870ee408
P 0x7f948896f988
C 275
R
P 0x7f94870ee408
C 361
R
P 0x7f94870ee408
P 0x7f948896f988
C 9
R
P 0x7f94870ee408
C 361
R
P 0x7f94870ee408
U 9
P 0x7f9487114458
P 0x7f9487114478
P 0x7f9487114498
P 0x7f9487114578
P 0x7f9487114598
P 0x7f94871145b8
P 0x7f9487114698
P 0x7f94871146b8
P 0x7f94871146d8
p 9
C 59
= 0x7f948896f9f8
R
P 0x7f94870ee408
C 361
R
P 0x7f94870ee408
P 0x7f948896f9f8
C 275
R
P 0x7f94870ee408
C 361
R
P 0x7f94870ee408
P 0x7f948896f9f8
C 9
R
P 0x7f94870ee408
C 361
R
P 0x7f94870ee408
U 9
P 0x7f94871144b8
P 0x7f94871144d8
P 0x7f94871144f8
P 0x7f94871145d8
P 0x7f94871145f8
P 0x7f9487114618
P 0x7f94871146f8
P 0x7f9487114718
P 0x7f9487114738
p 9
C 59
= 0x7f948896fa68
R
P 0x7f94870ee408
C 361
R
P 0x7f94870ee408
P 0x7f948896fa68
C 275
R
P 0x7f94870ee408
C 361
R
P 0x7f94870ee408
P 0x7f948896fa68
C 9
R
P 0x7f94870ee408
C 361
R
P 0x7f94870ee408
U 9
P 0x7f9487114518
P 0x7f9487114538
P 0x7f9487114558
P 0x7f9487114638
P 0x7f9487114658
P 0x7f9487114678
P 0x7f9487114758
P 0x7f9487114778
P 0x7f9487114798
p 9
C 59
= 0x7f948896fad8
R
P 0x7f94870ee408
C 361
R
P 0x7f94870ee408
P 0x7f948896fad8
C 275
R
P 0x7f94870ee408
C 361
R
P 0x7f94870ee408
P 0x7f948896fad8
C 9
R
P 0x7f94870ee408
C 361
R
P 0x7f94870ee408
U 9
P 0x7f94871147b8
P 0x7f94871147d8
P 0x7f94871147f8
P 0x7f94871148d8
P 0x7f94871148f8
P 0x7f9487114918
P 0x7f94871149f8
P 0x7f9487114a18
P 0x7f9487114a38
p 9
C 59
= 0x7f948896fb48
R
P 0x7f94870ee408
C 361
R
P 0x7f94870ee408
P 0x7f948896fb48
C 275
R
P 0x7f94870ee408
C 361
R
P 0x7f94870ee408
P 0x7f948896fb48
C 9
R
P 0x7f94870ee408
C 361
R
P 0x7f94870ee408
U 9
P 0x7f9487114818
P 0x7f9487114838
P 0x7f9487114858
P 0x7f9487114938
P 0x7f9487114958
P 0x7f9487114978
P 0x7f9487114a58
P 0x7f9487114a78
P 0x7f9487114a98
p 9
C 59
= 0x7f948896fbb8
R
P 0x7f94870ee408
C 361
R
P 0x7f94870ee408
P 0x7f948896fbb8
C 275
R
P 0x7f94870ee408
C 361
R
P 0x7f94870ee408
P 0x7f948896fbb8
C 9
R
P 0x7f94870ee408
C 361
R
P 0x7f94870ee408
U 9
P 0x7f9487114878
P 0x7f9487114898
P 0x7f94871148b8
P 0x7f9487114998
P 0x7f94871149b8
P 0x7f94871149d8
P 0x7f9487114ab8
P 0x7f9487114ad8
P 0x7f9487114af8
p 9
C 59
= 0x7f948896fc28
R
P 0x7f94870ee408
C 361
R
P 0x7f94870ee408
P 0x7f948896fc28
C 275
R
P 0x7f94870ee408
C 361
R
P 0x7f94870ee408
P 0x7f948896fc28
C 9
R
P 0x7f94870ee408
C 361
R
P 0x7f94870ee408
U 9
P 0x7f9487114b18
P 0x7f9487114b38
P 0x7f9487114b58
P 0x7f9487114c38
P 0x7f9487114c58
P 0x7f9487114c78
P 0x7f9487114d58
P 0x7f9487114d78
P 0x7f9487114d98
p 9
C 59
= 0x7f948896fc98
R
P 0x7f94870ee408
C 361
R
P 0x7f94870ee408
P 0x7f948896fc98
C 275
R
P 0x7f94870ee408
C 361
R
P 0x7f94870ee408
P 0x7f948896fc98
C 9
R
P 0x7f94870ee408
C 361
R
P 0x7f94870ee408
U 9
P 0x7f9487114b78
P 0x7f9487114b98
P 0x7f9487114bb8
P 0x7f9487114c98
P 0x7f9487114cb8
P 0x7f9487114cd8
P 0x7f9487114db8
P 0x7f9487114dd8
P 0x7f9487114df8
p 9
C 59
= 0x7f948896fd08
R
P 0x7f94870ee408
C 361
R
P 0x7f94870ee408
P 0x7f948896fd08
C 275
R
P 0x7f94870ee408
C 361
R
P 0x7f94870ee408
P 0x7f948896fd08
C 9
R
P 0x7f94870ee408
C 361
R
P 0x7f94870ee408
U 9
P 0x7f9487114bd8
P 0x7f9487114bf8
P 0x7f9487114c18
P 0x7f9487114cf8
P 0x7f9487114d18
P 0x7f9487114d38
P 0x7f9487114e18
P 0x7f9487114e38
P 0x7f9487114e58
p 9
C 59
= 0x7f948896fd78
R
P 0x7f94870ee408
C 361
R
P 0x7f94870ee408
P 0x7f948896fd78
C 275
R
P 0x7f94870ee408
C 361
R
P 0x7f94870ee408
P 0x7f948896fd78
C 9
R
P 0x7f94870ee408
C 361
R
P 0x7f94870ee408
C 56
= 0x7f9487113278
R
P 0x7f94870ee408
C 361
R
P 0x7f94870ee408
P 0x7f9487113278
C 275
R
P 0x7f94870ee408
C 361
R
P 0x7f94870ee408
P 0x7f9487113278
C 9
R
P 0x7f94870ee408
C 361
R
P 0x7f94870ee408
U 9
P 0x7f948711a7a0
P 0x7f948711a848
P 0x7f948711a8f0
P 0x7f948711a998
P 0x7f948711aa40
P 0x7f948711aae8
P 0x7f948711ab90
P 0x7f948711ac38
P 0x7f948711ace0
p 9
C 65
= 0x7f948896fde8
R
P 0x7f94870ee408
C 361
R
P 0x7f94870ee408
P 0x7f948896fde8
C 275
R
P 0x7f94870ee408
C 361
R
P 0x7f94870ee408
P 0x7f948896fde8
C 9
R
P 0x7f94870ee408
C 361
R
P 0x7f94870ee408
U 2
P 0x7f948896fde8
P 0x7f9487113278
p 2
C 65
= 0x7f94888ec6e8
R
P 0x7f94870ee408
C 361
R
P 0x7f94870ee408
P 0x7f94888ec6e8
C 275
R
P 0x7f94870ee408
C 361
R
P 0x7f94870ee408
P 0x7f94888ec6e8
C 9
R
P 0x7f94870ee408
C 361
R
P 0x7f94870ee408
U 9
P 0x7f948711ad88
P 0x7f948711ae30
P 0x7f948711aed8
P 0x7f948711af80
P 0x7f948711b028
P 0x7f948711b0d0
P 0x7f948711b178
P 0x7f948711b220
P 0x7f948711b2c8
p 9
C 65
= 0x7f948896fe58
R
P 0x7f94870ee408
C 361
R
P 0x7f94870ee408
P 0x7f948896fe58
C 275
R
P 0x7f94870ee408
C 361
R
P 0x7f94870ee408
P 0x7f948896fe58
C 9
R
P 0x7f94870ee408
C 361
R
P 0x7f94870ee408
U 2
P 0x7f948896fe58
P 0x7f94888ec6e8
p 2
C 65
= 0x7f94888ec720
R
P 0x7f94870ee408
C 361
R
P 0x7f94870ee408
P 0x7f94888ec720
C 275
R
P 0x7f94870ee408
C 361
R
P 0x7f94870ee408
P 0x7f94888ec720
C 9
R
P 0x7f94870ee408
C 361
R
P 0x7f94870ee408
U 9
P 0x7f948711b370
P 0x7f948711b418
P 0x7f948711b4c0
P 0x7f948711b568
P 0x7f948711b610
P 0x7f948711b6b8
P 0x7f948711b760
P 0x7f94888ea050
P 0x7f94888ea0f8
p 9
C 65
= 0x7f948896fec8
R
P 0x7f94870ee408
C 361
R
P 0x7f94870ee408
P 0x7f948896fec8
C 275
R
P 0x7f94870ee408
C 361
R
P 0x7f94870ee408
P 0x7f948896fec8
C 9
R
P 0x7f94870ee408
C 361
R
P 0x7f94870ee408
U 2
P 0x7f948896fec8
P 0x7f94888ec720
p 2
C 65
= 0x7f94888ec758
R
P 0x7f94870ee408
C 361
R
P 0x7f94870ee408
P 0x7f94888ec758
C 275
R
P 0x7f94870ee408
C 361
R
P 0x7f94870ee408
P 0x7f94888ec758
C 9
R
P 0x7f94870ee408
C 361
R
P 0x7f94870ee408
U 9
P 0x7f94888ea1a0
P 0x7f94888ea248
P 0x7f94888ea2f0
P 0x7f94888ea398
P 0x7f94888ea440
P 0x7f94888ea4e8
P 0x7f94888ea590
P 0x7f94888ea638
P 0x7f94888ea6e0
p 9
C 65
= 0x7f948896ff38
R
P 0x7f94870ee408
C 361
R
P 0x7f94870ee408
P 0x7f948896ff38
C 275
R
P 0x7f94870ee408
C 361
R
P 0x7f94870ee408
P 0x7f948896ff38
C 9
R
P 0x7f94870ee408
C 361
R
P 0x7f94870ee408
U 2
P 0x7f948896ff38
P 0x7f94888ec758
p 2
C 65
= 0x7f94888ec790
R
P 0x7f94870ee408
C 361
R
P 0x7f94870ee408
P 0x7f94888ec790
C 275
R
P 0x7f94870ee408
C 361
R
P 0x7f94870ee408
P 0x7f94888ec790
C 9
R
P 0x7f94870ee408
C 361
R
P 0x7f94870ee408
U 9
P 0x7f94888ea788
P 0x7f94888ea830
P 0x7f94888ea8d8
P 0x7f94888ea980
P 0x7f94888eaa28
P 0x7f94888eaad0
P 0x7f94888eab78
P 0x7f94888eac20
P 0x7f94888eacc8
p 9
C 65
= 0x7f948896ffa8
R
P 0x7f94870ee408
C 361
R
P 0x7f94870ee408
P 0x7f948896ffa8
C 275
R
P 0x7f94870ee408
C 361
R
P 0x7f94870ee408
P 0x7f948896ffa8
C 9
R
P 0x7f94870ee408
C 361
R
P 0x7f94870ee408
U 2
P 0x7f948896ffa8
P 0x7f94888ec790
p 2
C 65
= 0x7f94888ec7c8
R
P 0x7f94870ee408
C 361
R
P 0x7f94870ee408
P 0x7f94888ec7c8
C 275
R
P 0x7f94870ee408
C 361
R
P 0x7f94870ee408
P 0x7f94888ec7c8
C 9
R
P 0x7f94870ee408
C 361
R
P 0x7f94870ee408
U 9
P 0x7f94888ead70
P 0x7f94888eae18
P 0x7f94888eaec0
P 0x7f94888eaf68
P 0x7f94888eb010
P 0x7f94888eb0b8
P 0x7f94888eb160
P 0x7f94888eb208
P 0x7f94888eb2b0
p 9
C 65
= 0x7f9488970018
R
P 0x7f94870ee408
C 361
R
P 0x7f94870ee408
P 0x7f9488970018
C 275
R
P 0x7f94870ee408
C 361
R
P 0x7f94870ee408
P 0x7f9488970018
C 9
R
P 0x7f94870ee408
C 361
R
P 0x7f94870ee408
U 2
P 0x7f9488970018
P 0x7f94888ec7c8
p 2
C 65
= 0x7f94888ec800
R
P 0x7f94870ee408
C 361
R
P 0x7f94870ee408
P 0x7f94888ec800
C 275
R
P 0x7f94870ee408
C 361
R
P 0x7f94870ee408
P 0x7f94888ec800
C 9
R
P 0x7f94870ee408
C 361
R
P 0x7f94870ee408
U 9
P 0x7f94888eb358
P 0x7f94888eb400
P 0x7f94888eb4a8
P 0x7f94888eb550
P 0x7f94888eb5f8
P 0x7f94888eb6a0
P 0x7f94888eb748
P 0x7f94888eb7f0
P 0x7f94888eb898
p 9
C 65
= 0x7f9488970088
R
P 0x7f94870ee408
C 361
R
P 0x7f94870ee408
P 0x7f9488970088
C 275
R
P 0x7f94870ee408
C 361
R
P 0x7f94870ee408
P 0x7f9488970088
C 9
R
P 0x7f94870ee408
C 361
R
P 0x7f94870ee408
U 2
P 0x7f9488970088
P 0x7f94888ec800
p 2
C 65
= 0x7f94888ec838
R
P 0x7f94870ee408
C 361
R
P 0x7f94870ee408
P 0x7f94888ec838
C 275
R
P 0x7f94870ee408
C 361
R
P 0x7f94870ee408
P 0x7f94888ec838
C 9
R
P 0x7f94870ee408
C 361
R
P 0x7f94870ee408
U 9
P 0x7f94888eb940
P 0x7f94888eb9e8
P 0x7f94888eba90
P 0x7f94888ebb38
P 0x7f94888ebbe0
P 0x7f94888ebc88
P 0x7f94888ebd30
P 0x7f94888ebdd8
P 0x7f94888ebe80
p 9
C 65
= 0x7f94889700f8
R
P 0x7f94870ee408
C 361
R
P 0x7f94870ee408
P 0x7f94889700f8
C 275
R
P 0x7f94870ee408
C 361
R
P 0x7f94870ee408
P 0x7f94889700f8
C 9
R
P 0x7f94870ee408
C 361
R
P 0x7f94870ee408
U 2
P 0x7f94889700f8
P 0x7f94888ec838
p 2
C 65
= 0x7f94888ec870
R
P 0x7f94870ee408
C 361
R
P 0x7f94870ee408
P 0x7f94888ec870
C 275
R
P 0x7f94870ee408
C 361
R
P 0x7f94870ee408
P 0x7f94888ec870
C 9
R
P 0x7f94870ee408
C 361
R
P 0x7f94870ee408
U 9
P 0x7f94888ebf28
P 0x7f94888ec218
P 0x7f94888ec2c0
P 0x7f94888ec368
P 0x7f94888ec410
P 0x7f94888ec4b8
P 0x7f94888ec560
P 0x7f94888ec608
P 0x7f94888ec6b0
p 9
C 65
= 0x7f9488970168
R
P 0x7f94870ee408
C 361
R
P 0x7f94870ee408
P 0x7f9488970168
C 275
R
P 0x7f94870ee408
C 361
R
P 0x7f94870ee408
P 0x7f9488970168
C 9
R
P 0x7f94870ee408
C 361
R
P 0x7f94870ee408
U 2
P 0x7f9488970168
P 0x7f94888ec870
p 2
C 65
= 0x7f94888ec8a8
R
P 0x7f94870ee408
C 361
R
P 0x7f94870ee408
P 0x7f94888ec8a8
C 275
R
P 0x7f94870ee408
C 361
R
P 0x7f94870ee408
P 0x7f94888ec8a8
C 9
R
P 0x7f94870ee408
C 361
R
P 0x7f94870ee408
U 9
P 0x7f948896f218
P 0x7f948896f288
P 0x7f948896f2f8
P 0x7f948896f368
P 0x7f948896f3d8
P 0x7f948896f448
P 0x7f948896f4b8
P 0x7f948896f528
P 0x7f948896f598
p 9
C 65
= 0x7f94889701d8
R
P 0x7f94870ee408
C 361
R
P 0x7f94870ee408
P 0x7f94889701d8
C 275
R
P 0x7f94870ee408
C 361
R
P 0x7f94870ee408
P 0x7f94889701d8
C 9
R
P 0x7f94870ee408
C 361
R
P 0x7f94870ee408
U 2
P 0x7f94889701d8
P 0x7f94888ec8a8
p 2
C 65
= 0x7f94888ec8e0
R
P 0x7f94870ee408
C 361
R
P 0x7f94870ee408
P 0x7f94888ec8e0
C 275
R
P 0x7f94870ee408
C 361
R
P 0x7f94870ee408
P 0x7f94888ec8e0
C 9
R
P 0x7f94870ee408
C 361
R
P 0x7f94870ee408
U 9
P 0x7f948896f608
P 0x7f948896f678
P 0x7f948896f6e8
P 0x7f948896f758
P 0x7f948896f7c8
P 0x7f948896f838
P 0x7f948896f8a8
P 0x7f948896f918
P 0x7f948896f988
p 9
C 65
= 0x7f9488970248
R
P 0x7f94870ee408
C 361
R
P 0x7f94870ee408
P 0x7f9488970248
C 275
R
P 0x7f94870ee408
C 361
R
P 0x7f94870ee408
P 0x7f9488970248
C 9
R
P 0x7f94870ee408
C 361
R
P 0x7f94870ee408
U 2
P 0x7f9488970248
P 0x7f94888ec8e0
p 2
C 65
= 0x7f94888ec918
R
P 0x7f94870ee408
C 361
R
P 0x7f94870ee408
P 0x7f94888ec918
C 275
R
P 0x7f94870ee408
C 361
R
P 0x7f94870ee408
P 0x7f94888ec918
C 9
R
P 0x7f94870ee408
C 361
R
P 0x7f94870ee408
U 3
P 0x7f948896f9f8
P 0x7f948896fa68
P 0x7f948896fad8
p 3
C 65
= 0x7f9487118058
R
P 0x7f94870ee408
C 361
R
P 0x7f94870ee408
P 0x7f9487118058
C 275
R
P 0x7f94870ee408
C 361
R
P 0x7f94870ee408
P 0x7f9487118058
C 9
R
P 0x7f94870ee408
C 361
R
P 0x7f94870ee408
U 2
P 0x7f9487118058
P 0x7f94888ec918
p 2
C 65
= 0x7f94888ec950
R
P 0x7f94870ee408
C 361
R
P 0x7f94870ee408
P 0x7f94888ec950
C 275
R
P 0x7f94870ee408
C 361
R
P 0x7f94870ee408
P 0x7f94888ec950
C 9
R
P 0x7f94870ee408
C 361
R
P 0x7f94870ee408
U 3
P 0x7f948896fb48
P 0x7f948896fbb8
P 0x7f948896fc28
p 3
C 65
= 0x7f9487118098
R
P 0x7f94870ee408
C 361
R
P 0x7f94870ee408
P 0x7f9487118098
C 275
R
P 0x7f94870ee408
C 361
R
P 0x7f94870ee408
P 0x7f9487118098
C 9
R
P 0x7f94870ee408
C 361
R
P 0x7f94870ee408
U 2
P 0x7f9487118098
P 0x7f94888ec950
p 2
C 65
= 0x7f94888ec988
R
P 0x7f94870ee408
C 361
R
P 0x7f94870ee408
P 0x7f94888ec988
C 275
R
P 0x7f94870ee408
C 361
R
P 0x7f94870ee408
P 0x7f94888ec988
C 9
R
P 0x7f94870ee408
C 361
R
P 0x7f94870ee408
U 3
P 0x7f948896fc98
P 0x7f948896fd08
P 0x7f948896fd78
p 3
C 65
= 0x7f94871180d8
R
P 0x7f94870ee408
C 361
R
P 0x7f94870ee408
P 0x7f94871180d8
C 275
R
P 0x7f94870ee408
C 361
R
P 0x7f94870ee408
P 0x7f94871180d8
C 9
R
P 0x7f94870ee408
C 361
R
P 0x7f94870ee408
U 2
P 0x7f94871180d8
P 0x7f94888ec988
p 2
C 65
= 0x7f94888ec9c0
R
P 0x7f94870ee408
C 361
R
P 0x7f94870ee408
P 0x7f94888ec9c0
C 275
R
P 0x7f94870ee408
C 361
R
P 0x7f94870ee408
P 0x7f94888ec9c0
C 9
R
P 0x7f94870ee408
C 361
R
P 0x7f94870ee408
C 56
= 0x7f9487113278
R
P 0x7f94870ee408
C 361
R
P 0x7f94870ee408
P 0x7f9487113278
C 275
R
P 0x7f94870ee408
C 361
R
P 0x7f94870ee408
P 0x7f9487113278
C 9
R
P 0x7f94870ee408
C 361
R
P 0x7f94870ee408
I 9
P 0x7f94871132d8
C 154
= 0x7f9487114e78
R
P 0x7f94870ee408
C 361
R
P 0x7f94870ee408
P 0x7f9487114e78
C 275
R
P 0x7f94870ee408
C 361
R
P 0x7f94870ee408
P 0x7f9487114e78
C 9
R
P 0x7f94870ee408
C 361
R
P 0x7f94870ee408
P 0x7f94871144d8
P 0x7f9487114e78
C 58
= 0x7f94888ec9f8
R
P 0x7f94870ee408
C 361
R
P 0x7f94870ee408
P 0x7f94888ec9f8
C 275
R
P 0x7f94870ee408
C 361
R
P 0x7f94870ee408
P 0x7f94888ec9f8
C 9
R
P 0x7f94870ee408
C 361
R
P 0x7f94870ee408
U 2
P 0x7f9487113278
P 0x7f94888ec9f8
p 2
C 65
= 0x7f94888eca30
R
P 0x7f94870ee408
C 361
R
P 0x7f94870ee408
P 0x7f94888eca30
C 275
R
P 0x7f94870ee408
C 361
R
P 0x7f94870ee408
P 0x7f94888eca30
C 9
R
P 0x7f94870ee408
C 361
R
P 0x7f94870ee408
I 4
P 0x7f94871132d8
C 154
= 0x7f9487114e98
R
P 0x7f94870ee408
C 361
R
P 0x7f94870ee408
P 0x7f9487114e98
C 275
R
P 0x7f94870ee408
C 361
R
P 0x7f94870ee408
P 0x7f9487114e98
C 9
R
P 0x7f94870ee408
C 361
R
P 0x7f94870ee408
P 0x7f94871144f8
P 0x7f9487114e98
C 58
= 0x7f94888eca68
R
P 0x7f94870ee408
C 361
R
P 0x7f94870ee408
P 0x7f94888eca68
C 275
R
P 0x7f94870ee408
C 361
R
P 0x7f94870ee408
P 0x7f94888eca68
C 9
R
P 0x7f94870ee408
C 361
R
P 0x7f94870ee408
U 2
P 0x7f94888eca30
P 0x7f94888eca68
p 2
C 65
= 0x7f94888ecaa0
R
P 0x7f94870ee408
C 361
R
P 0x7f94870ee408
P 0x7f94888ecaa0
C 275
R
P 0x7f94870ee408
C 361
R
P 0x7f94870ee408
P 0x7f94888ecaa0
C 9
R
P 0x7f94870ee408
C 361
R
P 0x7f94870ee408
I 3
P 0x7f94871132d8
C 154
= 0x7f9487114eb8
R
P 0x7f94870ee408
C 361
R
P 0x7f94870ee408
P 0x7f9487114eb8
C 275
R
P 0x7f94870ee408
C 361
R
P 0x7f94870ee408
P 0x7f9487114eb8
C 9
R
P 0x7f94870ee408
C 361
R
P 0x7f94870ee408
P 0x7f9487114538
P 0x7f9487114eb8
C 58
= 0x7f94888ecad8
R
P 0x7f94870ee408
C 361
R
P 0x7f94870ee408
P 0x7f94888ecad8
C 275
R
P 0x7f94870ee408
C 361
R
P 0x7f94870ee408
P 0x7f94888ecad8
C 9
R
P 0x7f94870ee408
C 361
R
P 0x7f94870ee408
U 2
P 0x7f94888ecaa0
P 0x7f94888ecad8
p 2
C 65
= 0x7f94888ecb10
R
P 0x7f94870ee408
C 361
R
P 0x7f94870ee408
P 0x7f94888ecb10
C 275
R
P 0x7f94870ee408
C 361
R
P 0x7f94870ee408
P 0x7f94888ecb10
C 9
R
P 0x7f94870ee408
C 361
R
P 0x7f94870ee408
I 5
P 0x7f94871132d8
C 154
= 0x7f9487114ed8
R
P 0x7f94870ee408
C 361
R
P 0x7f94870ee408
P 0x7f9487114ed8
C 275
R
P 0x7f94870ee408
C 361
R
P 0x7f94870ee408
P 0x7f9487114ed8
C 9
R
P 0x7f94870ee408
C 361
R
P 0x7f94870ee408
P 0x7f94871145d8
P 0x7f9487114ed8
C 58
= 0x7f94888ecb48
R
P 0x7f94870ee408
C 361
R
P 0x7f94870ee408
P 0x7f94888ecb48
C 275
R
P 0x7f94870ee408
C 361
R
P 0x7f94870ee408
P 0x7f94888ecb48
C 9
R
P 0x7f94870ee408
C 361
R
P 0x7f94870ee408
U 2
P 0x7f94888ecb10
P 0x7f94888ecb48
p 2
C 65
= 0x7f94888ecb80
R
P 0x7f94870ee408
C 361
R
P 0x7f94870ee408
P 0x7f94888ecb80
C 275
R
P 0x7f94870ee408
C 361
R
P 0x7f94870ee408
P 0x7f94888ecb80
C 9
R
P 0x7f94870ee408
C 361
R
P 0x7f94870ee408
I 1
P 0x7f94871132d8
C 154
= 0x7f9487113eb8
R
P 0x7f94870ee408
C 361
R
P 0x7f94870ee408
P 0x7f9487113eb8
C 275
R
P 0x7f94870ee408
C 361
R
P 0x7f94870ee408
P 0x7f9487113eb8
C 9
R
P 0x7f94870ee408
C 361
R
P 0x7f94870ee408
P 0x7f94871145f8
P 0x7f9487113eb8
C 58
= 0x7f94888ecbb8
R
P 0x7f94870ee408
C 361
R
P 0x7f94870ee408
P 0x7f94888ecbb8
C 275
R
P 0x7f94870ee408
C 361
R
P 0x7f94870ee408
P 0x7f94888ecbb8
C 9
R
P 0x7f94870ee408
C 361
R
P 0x7f94870ee408
U 2
P 0x7f94888ecb80
P 0x7f94888ecbb8
p 2
C 65
= 0x7f94888ecbf0
R
P 0x7f94870ee408
C 361
R
P 0x7f94870ee408
P 0x7f94888ecbf0
C 275
R
P 0x7f94870ee408
C 361
R
P 0x7f94870ee408
P 0x7f94888ecbf0
C 9
R
P 0x7f94870ee408
C 361
R
P 0x7f94870ee408
I 7
P 0x7f94871132d8
C 154
= 0x7f9487114ef8
R
P 0x7f94870ee408
C 361
R
P 0x7f94870ee408
P 0x7f9487114ef8
C 275
R
P 0x7f94870ee408
C 361
R
P 0x7f94870ee408
P 0x7f9487114ef8
C 9
R
P 0x7f94870ee408
C 361
R
P 0x7f94870ee408
P 0x7f9487114678
P 0x7f9487114ef8
C 58
= 0x7f94888ecc28
R
P 0x7f94870ee408
C 361
R
P 0x7f94870ee408
P 0x7f94888ecc28
C 275
R
P 0x7f94870ee408
C 361
R
P 0x7f94870ee408
P 0x7f94888ecc28
C 9
R
P 0x7f94870ee408
C 361
R
P 0x7f94870ee408
U 2
P 0x7f94888ecbf0
P 0x7f94888ecc28
p 2
C 65
= 0x7f94888ecc60
R
P 0x7f94870ee408
C 361
R
P 0x7f94870ee408
P 0x7f94888ecc60
C 275
R
P 0x7f94870ee408
C 361
R
P 0x7f94870ee408
P 0x7f94888ecc60
C 9
R
P 0x7f94870ee408
C 361
R
P 0x7f94870ee408
I 8
P 0x7f94871132d8
C 154
= 0x7f9487114f18
R
P 0x7f94870ee408
C 361
R
P 0x7f94870ee408
P 0x7f9487114f18
C 275
R
P 0x7f94870ee408
C 361
R
P 0x7f94870ee408
P 0x7f9487114f18
C 9
R
P 0x7f94870ee408
C 361
R
P 0x7f94870ee408
P 0x7f94871146b8
P 0x7f9487114f18
C 58
= 0x7f94888ecc98
R
P 0x7f94870ee408
C 361
R
P 0x7f94870ee408
P 0x7f94888ecc98
C 275
R
P 0x7f94870ee408
C 361
R
P 0x7f94870ee408
P 0x7f94888ecc98
C 9
R
P 0x7f94870ee408
C 361
R
P 0x7f94870ee408
U 2
P 0x7f94888ecc60
P 0x7f94888ecc98
p 2
C 65
= 0x7f94888eccd0
R
P 0x7f94870ee408
C 361
R
P 0x7f94870ee408
P 0x7f94888eccd0
C 275
R
P 0x7f94870ee408
C 361
R
P 0x7f94870ee408
P 0x7f94888eccd0
C 9
R
P 0x7f94870ee408
C 361
R
P 0x7f94870ee408
I 9
P 0x7f94871132d8
C 154
= 0x7f9487114e78
R
P 0x7f94870ee408
C 361
R
P 0x7f94870ee408
P 0x7f9487114e78
C 275
R
P 0x7f94870ee408
C 361
R
P 0x7f94870ee408
P 0x7f9487114e78
C 9
R
P 0x7f94870ee408
C 361
R
P 0x7f94870ee408
P 0x7f94871146d8
P 0x7f9487114e78
C 58
= 0x7f94888ecd08
R
P 0x7f94870ee408
C 361
R
P 0x7f94870ee408
P 0x7f94888ecd08
C 275
R
P 0x7f94870ee408
C 361
R
P 0x7f94870ee408
P 0x7f94888ecd08
C 9
R
P 0x7f94870ee408
C 361
R
P 0x7f94870ee408
U 2
P 0x7f94888eccd0
P 0x7f94888ecd08
p 2
C 65
= 0x7f94888ecd40
R
P 0x7f94870ee408
C 361
R
P 0x7f94870ee408
P 0x7f94888ecd40
C 275
R
P 0x7f94870ee408
C 361
R
P 0x7f94870ee408
P 0x7f94888ecd40
C 9
R
P 0x7f94870ee408
C 361
R
P 0x7f94870ee408
I 4
P 0x7f94871132d8
C 154
= 0x7f9487114e98
R
P 0x7f94870ee408
C 361
R
P 0x7f94870ee408
P 0x7f9487114e98
C 275
R
P 0x7f94870ee408
C 361
R
P 0x7f94870ee408
P 0x7f9487114e98
C 9
R
P 0x7f94870ee408
C 361
R
P 0x7f94870ee408
P 0x7f9487114778
P 0x7f9487114e98
C 58
= 0x7f94888ecd78
R
P 0x7f94870ee408
C 361
R
P 0x7f94870ee408
P 0x7f94888ecd78
C 275
R
P 0x7f94870ee408
C 361
R
P 0x7f94870ee408
P 0x7f94888ecd78
C 9
R
P 0x7f94870ee408
C 361
R
P 0x7f94870ee408
U 2
P 0x7f94888ecd40
P 0x7f94888ecd78
p 2
C 65
= 0x7f94888ecdb0
R
P 0x7f94870ee408
C 361
R
P 0x7f94870ee408
P 0x7f94888ecdb0
C 275
R
P 0x7f94870ee408
C 361
R
P 0x7f94870ee408
P 0x7f94888ecdb0
C 9
R
P 0x7f94870ee408
C 361
R
P 0x7f94870ee408
I 2
P 0x7f94871132d8
C 154
= 0x7f9487114138
R
P 0x7f94870ee408
C 361
R
P 0x7f94870ee408
P 0x7f9487114138
C 275
R
P 0x7f94870ee408
C 361
R
P 0x7f94870ee408
P 0x7f9487114138
C 9
R
P 0x7f94870ee408
C 361
R
P 0x7f94870ee408
P 0x7f9487114878
P 0x7f9487114138
C 58
= 0x7f94888ecde8
R
P 0x7f94870ee408
C 361
R
P 0x7f94870ee408
P 0x7f94888ecde8
C 275
R
P 0x7f94870ee408
C 361
R
P 0x7f94870ee408
P 0x7f94888ecde8
C 9
R
P 0x7f94870ee408
C 361
R
P 0x7f94870ee408
U 2
P 0x7f94888ecdb0
P 0x7f94888ecde8
p 2
C 65
= 0x7f94888ece20
R
P 0x7f94870ee408
C 361
R
P 0x7f94870ee408
P 0x7f94888ece20
C 275
R
P 0x7f94870ee408
C 361
R
P 0x7f94870ee408
P 0x7f94888ece20
C 9
R
P 0x7f94870ee408
C 361
R
P 0x7f94870ee408
I 8
P 0x7f94871132d8
C 154
= 0x7f9487114f18
R
P 0x7f94870ee408
C 361
R
P 0x7f94870ee408
P 0x7f9487114f18
C 275
R
P 0x7f94870ee408
C 361
R
P 0x7f94870ee408
P 0x7f9487114f18
C 9
R
P 0x7f94870ee408
C 361
R
P 0x7f94870ee408
P 0x7f94871148b8
P 0x7f9487114f18
C 58
= 0x7f94888ece58
R
P 0x7f94870ee408
C 361
R
P 0x7f94870ee408
P 0x7f94888ece58
C 275
R
P 0x7f94870ee408
C 361
R
P 0x7f94870ee408
P 0x7f94888ece58
C 9
R
P 0x7f94870ee408
C 361
R
P 0x7f94870ee408
U 2
P 0x7f94888ece20
P 0x7f94888ece58
p 2
C 65
= 0x7f94888ece90
R
P 0x7f94870ee408
C 361
R
P 0x7f94870ee408
P 0x7f94888ece90
C 275
R
P 0x7f94870ee408
C 361
R
P 0x7f94870ee408
P 0x7f94888ece90
C 9
R
P 0x7f94870ee408
C 361
R
P 0x7f94870ee408
I 6
P 0x7f94871132d8
C 154
= 0x7f9487114f38
R
P 0x7f94870ee408
C 361
R
P 0x7f94870ee408
P 0x7f9487114f38
C 275
R
P 0x7f94870ee408
C 361
R
P 0x7f94870ee408
P 0x7f9487114f38
C 9
R
P 0x7f94870ee408
C 361
R
P 0x7f94870ee408
P 0x7f94871148f8
P 0x7f9487114f38
C 58
= 0x7f94888ecec8
R
P 0x7f94870ee408
C 361
R
P 0x7f94870ee408
P 0x7f94888ecec8
C 275
R
P 0x7f94870ee408
C 361
R
P 0x7f94870ee408
P 0x7f94888ecec8
C 9
R
P 0x7f94870ee408
C 361
R
P 0x7f94870ee408
U 2
P 0x7f94888ece90
P 0x7f94888ecec8
p 2
C 65
= 0x7f94888ecf00
R
P 0x7f94870ee408
C 361
R
P 0x7f94870ee408
P 0x7f94888ecf00
C 275
R
P 0x7f94870ee408
C 361
R
P 0x7f94870ee408
P 0x7f94888ecf00
C 9
R
P 0x7f94870ee408
C 361
R
P 0x7f94870ee408
I 2
P 0x7f94871132d8
C 154
= 0x7f9487114138
R
P 0x7f94870ee408
C 361
R
P 0x7f94870ee408
P 0x7f9487114138
C 275
R
P 0x7f94870ee408
C 361
R
P 0x7f94870ee408
P 0x7f9487114138
C 9
R
P 0x7f94870ee408
C 361
R
P 0x7f94870ee408
P 0x7f9487114938
P 0x7f9487114138
C 58
= 0x7f94888ecf38
R
P 0x7f94870ee408
C 361
R
P 0x7f94870ee408
P 0x7f94888ecf38
C 275
R
P 0x7f94870ee408
C 361
R
P 0x7f94870ee408
P 0x7f94888ecf38
C 9
R
P 0x7f94870ee408
C 361
R
P 0x7f94870ee408
U 2
P 0x7f94888ecf00
P 0x7f94888ecf38
p 2
C 65
= 0x7f94888ecf70
R
P 0x7f94870ee408
C 361
R
P 0x7f94870ee408
P 0x7f94888ecf70
C 275
R
P 0x7f94870ee408
C 361
R
P 0x7f94870ee408
P 0x7f94888ecf70
C 9
R
P 0x7f94870ee408
C 361
R
P 0x7f94870ee408
I 1
P 0x7f94871132d8
C 154
= 0x7f9487113eb8
R
P 0x7f94870ee408
C 361
R
P 0x7f94870ee408
P 0x7f9487113eb8
C 275
R
P 0x7f94870ee408
C 361
R
P 0x7f94870ee408
P 0x7f9487113eb8
C 9
R
P 0x7f94870ee408
C 361
R
P 0x7f94870ee408
P 0x7f9487114978
P 0x7f9487113eb8
C 58
= 0x7f94888ecfa8
R
P 0x7f94870ee408
C 361
R
P 0x7f94870ee408
P 0x7f94888ecfa8
C 275
R
P 0x7f94870ee408
C 361
R
P 0x7f94870ee408
P 0x7f94888ecfa8
C 9
R
P 0x7f94870ee408
C 361
R
P 0x7f94870ee408
U 2
P 0x7f94888ecf70
P 0x7f94888ecfa8
p 2
C 65
= 0x7f94888ecfe0
R
P 0x7f94870ee408
C 361
R
P 0x7f94870ee408
P 0x7f94888ecfe0
C 275
R
P 0x7f94870ee408
C 361
R
P 0x7f94870ee408
P 0x7f94888ecfe0
C 9
R
P 0x7f94870ee408
C 361
R
P 0x7f94870ee408
I 5
P 0x7f94871132d8
C 154
= 0x7f9487114ed8
R
P 0x7f94870ee408
C 361
R
P 0x7f94870ee408
P 0x7f9487114ed8
C 275
R
P 0x7f94870ee408
C 361
R
P 0x7f94870ee408
P 0x7f9487114ed8
C 9
R
P 0x7f94870ee408
C 361
R
P 0x7f94870ee408
P 0x7f94871149b8
P 0x7f9487114ed8
C 58
= 0x7f94888ed018
R
P 0x7f94870ee408
C 361
R
P 0x7f94870ee408
P 0x7f94888ed018
C 275
R
P 0x7f94870ee408
C 361
R
P 0x7f94870ee408
P 0x7f94888ed018
C 9
R
P 0x7f94870ee408
C 361
R
P 0x7f94870ee408
U 2
P 0x7f94888ecfe0
P 0x7f94888ed018
p 2
C 65
= 0x7f94888ed050
R
P 0x7f94870ee408
C 361
R
P 0x7f94870ee408
P 0x7f94888ed050
C 275
R
P 0x7f94870ee408
C 361
R
P 0x7f94870ee408
P 0x7f94888ed050
C 9
R
P 0x7f94870ee408
C 361
R
P 0x7f94870ee408
I 1
P 0x7f94871132d8
C 154
= 0x7f9487113eb8
R
P 0x7f94870ee408
C 361
R
P 0x7f94870ee408
P 0x7f9487113eb8
C 275
R
P 0x7f94870ee408
C 361
R
P 0x7f94870ee408
P 0x7f9487113eb8
C 9
R
P 0x7f94870ee408
C 361
R
P 0x7f94870ee408
P 0x7f94871149f8
P 0x7f9487113eb8
C 58
= 0x7f94888ed088
R
P 0x7f94870ee408
C 361
R
P 0x7f94870ee408
P 0x7f94888ed088
C 275
R
P 0x7f94870ee408
C 361
R
P 0x7f94870ee408
P 0x7f94888ed088
C 9
R
P 0x7f94870ee408
C 361
R
P 0x7f94870ee408
U 2
P 0x7f94888ed050
P 0x7f94888ed088
p 2
C 65
= 0x7f94888ed0c0
R
P 0x7f94870ee408
C 361
R
P 0x7f94870ee408
P 0x7f94888ed0c0
C 275
R
P 0x7f94870ee408
C 361
R
P 0x7f94870ee408
P 0x7f94888ed0c0
C 9
R
P 0x7f94870ee408
C 361
R
P 0x7f94870ee408
I 2
P 0x7f94871132d8
C 154
= 0x7f9487114138
R
P 0x7f94870ee408
C 361
R
P 0x7f94870ee408
P 0x7f9487114138
C 275
R
P 0x7f94870ee408
C 361
R
P 0x7f94870ee408
P 0x7f9487114138
C 9
R
P 0x7f94870ee408
C 361
R
P 0x7f94870ee408
P 0x7f9487114a38
P 0x7f9487114138
C 58
= 0x7f94888ed0f8
R
P 0x7f94870ee408
C 361
R
P 0x7f94870ee408
P 0x7f94888ed0f8
C 275
R
P 0x7f94870ee408
C 361
R
P 0x7f94870ee408
P 0x7f94888ed0f8
C 9
R
P 0x7f94870ee408
C 361
R
P 0x7f94870ee408
U 2
P 0x7f94888ed0c0
P 0x7f94888ed0f8
p 2
C 65
= 0x7f94888ed130
R
P 0x7f94870ee408
C 361
R
P 0x7f94870ee408
P 0x7f94888ed130
C 275
R
P 0x7f94870ee408
C 361
R
P 0x7f94870ee408
P 0x7f94888ed130
C 9
R
P 0x7f94870ee408
C 361
R
P 0x7f94870ee408
I 7
P 0x7f94871132d8
C 154
= 0x7f9487114ef8
R
P 0x7f94870ee408
C 361
R
P 0x7f94870ee408
P 0x7f9487114ef8
C 275
R
P 0x7f94870ee408
C 361
R
P 0x7f94870ee408
P 0x7f9487114ef8
C 9
R
P 0x7f94870ee408
C 361
R
P 0x7f94870ee408
P 0x7f9487114b38
P 0x7f9487114ef8
C 58
= 0x7f94888ed168
R
P 0x7f94870ee408
C 361
R
P 0x7f94870ee408
P 0x7f94888ed168
C 275
R
P 0x7f94870ee408
C 361
R
P 0x7f94870ee408
P 0x7f94888ed168
C 9
R
P 0x7f94870ee408
C 361
R
P 0x7f94870ee408
U 2
P 0x7f94888ed130
P 0x7f94888ed168
p 2
C 65
= 0x7f94888ed1a0
R
P 0x7f94870ee408
C 361
R
P 0x7f94870ee408
P 0x7f94888ed1a0
C 275
R
P 0x7f94870ee408
C 361
R
P 0x7f94870ee408
P 0x7f94888ed1a0
C 9
R
P 0x7f94870ee408
C 361
R
P 0x7f94870ee408
I 5
P 0x7f94871132d8
C 154
= 0x7f9487114ed8
R
P 0x7f94870ee408
C 361
R
P 0x7f94870ee408
P 0x7f9487114ed8
C 275
R
P 0x7f94870ee408
C 361
R
P 0x7f94870ee408
P 0x7f9487114ed8
C 9
R
P 0x7f94870ee408
C 361
R
P 0x7f94870ee408
P 0x7f9487114bd8
P 0x7f9487114ed8
C 58
= 0x7f94888ed1d8
R
P 0x7f94870ee408
C 361
R
P 0x7f94870ee408
P 0x7f94888ed1d8
C 275
R
P 0x7f94870ee408
C 361
R
P 0x7f94870ee408
P 0x7f94888ed1d8
C 9
R
P 0x7f94870ee408
C 361
R
P 0x7f94870ee408
U 2
P 0x7f94888ed1a0
P 0x7f94888ed1d8
p 2
C 65
= 0x7f94888ed210
R
P 0x7f94870ee408
C 361
R
P 0x7f94870ee408
P 0x7f94888ed210
C 275
R
P 0x7f94870ee408
C 361
R
P 0x7f94870ee408
P 0x7f94888ed210
C 9
R
P 0x7f94870ee408
C 361
R
P 0x7f94870ee408
I 2
P 0x7f94871132d8
C 154
= 0x7f9487114138
R
P 0x7f94870ee408
C 361
R
P 0x7f94870ee408
P 0x7f9487114138
C 275
R
P 0x7f94870ee408
C 361
R
P 0x7f94870ee408
P 0x7f9487114138
C 9
R
P 0x7f94870ee408
C 361
R
P 0x7f94870ee408
P 0x7f9487114bf8
P 0x7f9487114138
C 58
= 0x7f94888ed248
R
P 0x7f94870ee408
C 361
R
P 0x7f94870ee408
P 0x7f94888ed248
C 275
R
P 0x7f94870ee408
C 361
R
P 0x7f94870ee408
P 0x7f94888ed248
C 9
R
P 0x7f94870ee408
C 361
R
P 0x7f94870ee408
U 2
P 0x7f94888ed210
P 0x7f94888ed248
p 2
C 65
= 0x7f94888ed280
R
P 0x7f94870ee408
C 361
R
P 0x7f94870ee408
P 0x7f94888ed280
C 275
R
P 0x7f94870ee408
C 361
R
P 0x7f94870ee408
P 0x7f94888ed280
C 9
R
P 0x7f94870ee408
C 361
R
P 0x7f94870ee408
I 9
P 0x7f94871132d8
C 154
= 0x7f9487114e78
R
P 0x7f94870ee408
C 361
R
P 0x7f94870ee408
P 0x7f9487114e78
C 275
R
P 0x7f94870ee408
C 361
R
P 0x7f94870ee408
P 0x7f9487114e78
C 9
R
P 0x7f94870ee408
C 361
R
P 0x7f94870ee408
P 0x7f9487114c38
P 0x7f9487114e78
C 58
= 0x7f94888ed2b8
R
P 0x7f94870ee408
C 361
R
P 0x7f94870ee408
P 0x7f94888ed2b8
C 275
R
P 0x7f94870ee408
C 361
R
P 0x7f94870ee408
P 0x7f94888ed2b8
C 9
R
P 0x7f94870ee408
C 361
R
P 0x7f94870ee408
U 2
P 0x7f94888ed280
P 0x7f94888ed2b8
p 2
C 65
= 0x7f94888ed2f0
R
P 0x7f94870ee408
C 361
R
P 0x7f94870ee408
P 0x7f94888ed2f0
C 275
R
P 0x7f94870ee408
C 361
R
P 0x7f94870ee408
P 0x7f94888ed2f0
C 9
R
P 0x7f94870ee408
C 361
R
P 0x7f94870ee408
I 6
P 0x7f94871132d8
C 154
= 0x7f9487114f38
R
P 0x7f94870ee408
C 361
R
P 0x7f94870ee408
P 0x7f9487114f38
C 275
R
P 0x7f94870ee408
C 361
R
P 0x7f94870ee408
P 0x7f9487114f38
C 9
R
P 0x7f94870ee408
C 361
R
P 0x7f94870ee408
P 0x7f9487114cb8
P 0x7f9487114f38
C 58
= 0x7f94888ed328
R
P 0x7f94870ee408
C 361
R
P 0x7f94870ee408
P 0x7f94888ed328
C 275
R
P 0x7f94870ee408
C 361
R
P 0x7f94870ee408
P 0x7f94888ed328
C 9
R
P 0x7f94870ee408
C 361
R
P 0x7f94870ee408
U 2
P 0x7f94888ed2f0
P 0x7f94888ed328
p 2
C 65
= 0x7f94888ed360
R
P 0x7f94870ee408
C 361
R
P 0x7f94870ee408
P 0x7f94888ed360
C 275
R
P 0x7f94870ee408
C 361
R
P 0x7f94870ee408
P 0x7f94888ed360
C 9
R
P 0x7f94870ee408
C 361
R
P 0x7f94870ee408
I 5
P 0x7f94871132d8
C 154
= 0x7f9487114ed8
R
P 0x7f94870ee408
C 361
R
P 0x7f94870ee408
P 0x7f9487114ed8
C 275
R
P 0x7f94870ee408
C 361
R
P 0x7f94870ee408
P 0x7f9487114ed8
C 9
R
P 0x7f94870ee408
C 361
R
P 0x7f94870ee408
P 0x7f9487114cd8
P 0x7f9487114ed8
C 58
= 0x7f94888ed398
R
P 0x7f94870ee408
C 361
R
P 0x7f94870ee408
P 0x7f94888ed398
C 275
R
P 0x7f94870ee408
C 361
R
P 0x7f94870ee408
P 0x7f94888ed398
C 9
R
P 0x7f94870ee408
C 361
R
P 0x7f94870ee408
U 2
P 0x7f94888ed360
P 0x7f94888ed398
p 2
C 65
= 0x7f94888ed3d0
R
P 0x7f94870ee408
C 361
R
P 0x7f94870ee408
P 0x7f94888ed3d0
C 275
R
P 0x7f94870ee408
C 361
R
P 0x7f94870ee408
P 0x7f94888ed3d0
C 9
R
P 0x7f94870ee408
C 361
R
P 0x7f94870ee408
I 4
P 0x7f94871132d8
C 154
= 0x7f9487114e98
R
P 0x7f94870ee408
C 361
R
P 0x7f94870ee408
P 0x7f9487114e98
C 275
R
P 0x7f94870ee408
C 361
R
P 0x7f94870ee408
P 0x7f9487114e98
C 9
R
P 0x7f94870ee408
C 361
R
P 0x7f94870ee408
P 0x7f9487114d78
P 0x7f9487114e98
C 58
= 0x7f94888ed408
R
P 0x7f94870ee408
C 361
R
P 0x7f94870ee408
P 0x7f94888ed408
C 275
R
P 0x7f94870ee408
C 361
R
P 0x7f94870ee408
P 0x7f94888ed408
C 9
R
P 0x7f94870ee408
C 361
R
P 0x7f94870ee408
U 2
P 0x7f94888ed3d0
P 0x7f94888ed408
p 2
C 65
= 0x7f94888ed440
R
P 0x7f94870ee408
C 361
R
P 0x7f94870ee408
P 0x7f94888ed440
C 275
R
P 0x7f94870ee408
C 361
R
P 0x7f94870ee408
P 0x7f94888ed440
C 9
R
P 0x7f94870ee408
C 361
R
P 0x7f94870ee408
I 9
P 0x7f94871132d8
C 154
= 0x7f9487114e78
R
P 0x7f94870ee408
C 361
R
P 0x7f94870ee408
P 0x7f9487114e78
C 275
R
P 0x7f94870ee408
C 361
R
P 0x7f94870ee408
P 0x7f9487114e78
C 9
R
P 0x7f94870ee408
C 361
R
P 0x7f94870ee408
P 0x7f9487114db8
P 0x7f9487114e78
C 58
= 0x7f94888ed478
R
P 0x7f94870ee408
C 361
R
P 0x7f94870ee408
P 0x7f94888ed478
C 275
R
P 0x7f94870ee408
C 361
R
P 0x7f94870ee408
P 0x7f94888ed478
C 9
R
P 0x7f94870ee408
C 361
R
P 0x7f94870ee408
U 2
P 0x7f94888ed440
P 0x7f94888ed478
p 2
C 65
= 0x7f94888ed4b0
R
P 0x7f94870ee408
C 361
R
P 0x7f94870ee408
P 0x7f94888ed4b0
C 275
R
P 0x7f94870ee408
C 361
R
P 0x7f94870ee408
P 0x7f94888ed4b0
C 9
R
P 0x7f94870ee408
C 361
R
P 0x7f94870ee408
I 7
P 0x7f94871132d8
C 154
= 0x7f9487114ef8
R
P 0x7f94870ee408
C 361
R
P 0x7f94870ee408
P 0x7f9487114ef8
C 275
R
P 0x7f94870ee408
C 361
R
P 0x7f94870ee408
P 0x7f9487114ef8
C 9
R
P 0x7f94870ee408
C 361
R
P 0x7f94870ee408
P 0x7f9487114dd8
P 0x7f9487114ef8
C 58
= 0x7f94888ed4e8
R
P 0x7f94870ee408
C 361
R
P 0x7f94870ee408
P 0x7f94888ed4e8
C 275
R
P 0x7f94870ee408
C 361
R
P 0x7f94870ee408
P 0x7f94888ed4e8
C 9
R
P 0x7f94870ee408
C 361
R
P 0x7f94870ee408
U 2
P 0x7f94888ed4b0
P 0x7f94888ed4e8
p 2
C 65
= 0x7f94888ed520
R
P 0x7f94870ee408
C 361
R
P 0x7f94870ee408
P 0x7f94888ed520
C 275
R
P 0x7f94870ee408
C 361
R
P 0x7f94870ee408
P 0x7f94888ed520
C 9
R
P 0x7f94870ee408
C 361
R
P 0x7f94870ee408
C 431
= 0x7f948c22a648
R
P 0x7f94870ee408
C 361
R
P 0x7f94870ee408
P 0x7f948c22a648
C 440
R
P 0x7f94870ee408
C 361
R
P 0x7f94870ee408
P 0x7f948c22a648
P 0x7f94888ec9c0
C 447
R
P 0x7f94870ee408
C 361
R
P 0x7f94870ee408
P 0x7f948c22a648
P 0x7f94888ed520
C 447
R
P 0x7f94870ee408
C 361
R
P 0x7f94870ee408
P 0x7f948c22a648
C 458
R
P 0x7f94870ee408
C 361
R
P 0x7f94870ee408
P 0x7f948c22a648
C 463
= 0x7f948c4640a8
R
P 0x7f94870ee408
C 361
R
P 0x7f94870ee408
P 0x7f948c4640a8
C 319
R
P 0x7f94870ee408
C 361
R
P 0x7f94870ee408
P 0x7f948c4640a8
P 0x7f9487114458
I 0
P 0x0
C 321
* 0x7f9487114ef8 4
R
P 0x7f94870ee408
C 361
R
P 0x7f94870ee408
P 0x7f9487114ef8
C 274
R
P 0x7f94870ee408
C 361
R
P 0x7f94870ee408
P 0x7f9487114ef8
C 271
= 0x7f94871132d8
R
P 0x7f94870ee408
C 361
R
P 0x7f94870ee408
P 0x7f94871132d8
C 226
R
P 0x7f94870ee408
C 361
R
P 0x7f94870ee408
P 0x7f9487114ef8
C 277
R
P 0x7f94870ee408
C 361
R
P 0x7f94870ee408
P 0x7f9487114ef8
C 276
R
P 0x7f94870ee408
C 361
R
P 0x7f94870ee408
P 0x7f9487114ef8
C 275
R
P 0x7f94870ee408
C 361
R
P 0x7f94870ee408
P 0x7f9487114ef8
C 9
R
P 0x7f94870ee408
C 361
R
P 0x7f94870ee408
P 0x7f948c4640a8
P 0x7f9487114478
I 0
P 0x0
C 321
* 0x7f9487113eb8 4
R
P 0x7f94870ee408
C 361
R
P 0x7f94870ee408
P 0x7f9487113eb8
C 274
R
P 0x7f94870ee408
C 361
R
P 0x7f94870ee408
P 0x7f9487113eb8
C 271
= 0x7f94871132d8
R
P 0x7f94870ee408
C 361
R
P 0x7f94870ee408
P 0x7f94871132d8
C 226
R
P 0x7f94870ee408
C 361
R
P 0x7f94870ee408
P 0x7f9487113eb8
C 277
R
P 0x7f94870ee408
C 361
R
P 0x7f94870ee408
P 0x7f9487113eb8
C 276
R
P 0x7f94870ee408
C 361
R
P 0x7f94870ee408
P 0x7f9487113eb8
C 275
R
P 0x7f94870ee408
C 361
R
P 0x7f94870ee408
P 0x7f9487113eb8
C 9
R
P 0x7f94870ee408
C 361
R
P 0x7f94870ee408
P 0x7f948c4640a8
P 0x7f9487114498
I 0
P 0x0
C 321
* 0x7f9487114ed8 4
R
P 0x7f94870ee408
C 361
R
P 0x7f94870ee408
P 0x7f9487114ed8
C 274
R
P 0x7f94870ee408
C 361
R
P 0x7f94870ee408
P 0x7f9487114ed8
C 271
= 0x7f94871132d8
R
P 0x7f94870ee408
C 361
R
P 0x7f94870ee408
P 0x7f94871132d8
C 226
R
P 0x7f94870ee408
C 361
R
P 0x7f94870ee408
P 0x7f9487114ed8
C 277
R
P 0x7f94870ee408
C 361
R
P 0x7f94870ee408
P 0x7f9487114ed8
C 276
R
P 0x7f94870ee408
C 361
R
P 0x7f94870ee408
P 0x7f9487114ed8
C 275
R
P 0x7f94870ee408
C 361
R
P 0x7f94870ee408
P 0x7f9487114ed8
C 9
R
P 0x7f94870ee408
C 361
R
P 0x7f94870ee408
P 0x7f948c4640a8
P 0x7f94871144b8
I 0
P 0x0
C 321
* 0x7f9487114f18 4
R
P 0x7f94870ee408
C 361
R
P 0x7f94870ee408
P 0x7f9487114f18
C 274
R
P 0x7f94870ee408
C 361
R
P 0x7f94870ee408
P 0x7f9487114f18
C 271
= 0x7f94871132d8
R
P 0x7f94870ee408
C 361
R
P 0x7f94870ee408
P 0x7f94871132d8
C 226
R
P 0x7f94870ee408
C 361
R
P 0x7f94870ee408
P 0x7f9487114f18
C 277
R
P 0x7f94870ee408
C 361
R
P 0x7f94870ee408
P 0x7f9487114f18
C 276
R
P 0x7f94870ee408
C 361
R
P 0x7f94870ee408
P 0x7f9487114f18
C 275
R
P 0x7f94870ee408
C 361
R
P 0x7f94870ee408
P 0x7f9487114f18
C 9
R
P 0x7f94870ee408
C 361
R
P 0x7f94870ee408
P 0x7f948c4640a8
P 0x7f94871144d8
I 0
P 0x0
C 321
* 0x7f9487114e78 4
R
P 0x7f94870ee408
C 361
R
P 0x7f94870ee408
P 0x7f9487114e78
C 274
R
P 0x7f94870ee408
C 361
R
P 0x7f94870ee408
P 0x7f9487114e78
C 271
= 0x7f94871132d8
R
P 0x7f94870ee408
C 361
R
P 0x7f94870ee408
P 0x7f94871132d8
C 226
R
P 0x7f94870ee408
C 361
R
P 0x7f94870ee408
P 0x7f9487114e78
C 277
R
P 0x7f94870ee408
C 361
R
P 0x7f94870ee408
P 0x7f9487114e78
C 276
R
P 0x7f94870ee408
C 361
R
P 0x7f94870ee408
P 0x7f9487114e78
C 275
R
P 0x7f94870ee408
C 361
R
P 0x7f94870ee408
P 0x7f9487114e78
C 9
R
P 0x7f94870ee408
C 361
R
P 0x7f94870ee408
P 0x7f948c4640a8
P 0x7f94871144f8
I 0
P 0x0
C 321
* 0x7f9487114e98 4
R
P 0x7f94870ee408
C 361
R
P 0x7f94870ee408
P 0x7f9487114e98
C 274
R
P 0x7f94870ee408
C 361
R
P 0x7f94870ee408
P 0x7f9487114e98
C 271
= 0x7f94871132d8
R
P 0x7f94870ee408
C 361
R
P 0x7f94870ee408
P 0x7f94871132d8
C 226
R
P 0x7f94870ee408
C 361
R
P 0x7f94870ee408
P 0x7f9487114e98
C 277
R
P 0x7f94870ee408
C 361
R
P 0x7f94870ee408
P 0x7f9487114e98
C 276
R
P 0x7f94870ee408
C 361
R
P 0x7f94870ee408
P 0x7f9487114e98
C 275
R
P 0x7f94870ee408
C 361
R
P 0x7f94870ee408
P 0x7f9487114e98
C 9
R
P 0x7f94870ee408
C 361
R
P 0x7f94870ee408
P 0x7f948c4640a8
P 0x7f9487114518
I 0
P 0x0
C 321
* 0x7f9487114f38 4
R
P 0x7f94870ee408
C 361
R
P 0x7f94870ee408
P 0x7f9487114f38
C 274
R
P 0x7f94870ee408
C 361
R
P 0x7f94870ee408
P 0x7f9487114f38
C 271
= 0x7f94871132d8
R
P 0x7f94870ee408
C 361
R
P 0x7f94870ee408
P 0x7f94871132d8
C 226
R
P 0x7f94870ee408
C 361
R
P 0x7f94870ee408
P 0x7f9487114f38
C 277
R
P 0x7f94870ee408
C 361
R
P 0x7f94870ee408
P 0x7f9487114f38
C 276
R
P 0x7f94870ee408
C 361
R
P 0x7f94870ee408
P 0x7f9487114f38
C 275
R
P 0x7f94870ee408
C 361
R
P 0x7f94870ee408
P 0x7f9487114f38
C 9
R
P 0x7f94870ee408
C 361
R
P 0x7f94870ee408
P 0x7f948c4640a8
P 0x7f9487114538
I 0
P 0x0
C 321
* 0x7f9487114eb8 4
R
P 0x7f94870ee408
C 361
R
P 0x7f94870ee408
P 0x7f9487114eb8
C 274
R
P 0x7f94870ee408
C 361
R
P 0x7f94870ee408
P 0x7f9487114eb8
C 271
= 0x7f94871132d8
R
P 0x7f94870ee408
C 361
R
P 0x7f94870ee408
P 0x7f94871132d8
C 226
R
P 0x7f94870ee408
C 361
R
P 0x7f94870ee408
P 0x7f9487114eb8
C 277
R
P 0x7f94870ee408
C 361
R
P 0x7f94870ee408
P 0x7f9487114eb8
C 276
R
P 0x7f94870ee408
C 361
R
P 0x7f94870ee408
P 0x7f9487114eb8
C 275
R
P 0x7f94870ee408
C 361
R
P 0x7f94870ee408
P 0x7f9487114eb8
C 9
R
P 0x7f94870ee408
C 361
R
P 0x7f94870ee408
P 0x7f948c4640a8
P 0x7f9487114558
I 0
P 0x0
C 321
* 0x7f9487114138 4
R
P 0x7f94870ee408
C 361
R
P 0x7f94870ee408
P 0x7f9487114138
C 274
R
P 0x7f94870ee408
C 361
R
P 0x7f94870ee408
P 0x7f9487114138
C 271
= 0x7f94871132d8
R
P 0x7f94870ee408
C 361
R
P 0x7f94870ee408
P 0x7f94871132d8
C 226
R
P 0x7f94870ee408
C 361
R
P 0x7f94870ee408
P 0x7f9487114138
C 277
R
P 0x7f94870ee408
C 361
R
P 0x7f94870ee408
P 0x7f9487114138
C 276
R
P 0x7f94870ee408
C 361
R
P 0x7f94870ee408
P 0x7f9487114138
C 275
R
P 0x7f94870ee408
C 361
R
P 0x7f94870ee408
P 0x7f9487114138
C 9
R
P 0x7f94870ee408
C 361
R
P 0x7f94870ee408
P 0x7f948c4640a8
P 0x7f9487114578
I 0
P 0x0
C 321
* 0x7f9487114138 4
R
P 0x7f94870ee408
C 361
R
P 0x7f94870ee408
P 0x7f9487114138
C 274
R
P 0x7f94870ee408
C 361
R
P 0x7f94870ee408
P 0x7f9487114138
C 271
= 0x7f94871132d8
R
P 0x7f94870ee408
C 361
R
P 0x7f94870ee408
P 0x7f94871132d8
C 226
R
P 0x7f94870ee408
C 361
R
P 0x7f94870ee408
P 0x7f9487114138
C 277
R
P 0x7f94870ee408
C 361
R
P 0x7f94870ee408
P 0x7f9487114138
C 276
R
P 0x7f94870ee408
C 361
R
P 0x7f94870ee408
P 0x7f9487114138
C 275
R
P 0x7f94870ee408
C 361
R
P 0x7f94870ee408
P 0x7f9487114138
C 9
R
P 0x7f94870ee408
C 361
R
P 0x7f94870ee408
P 0x7f948c4640a8
P 0x7f9487114598
I 0
P 0x0
C 321
* 0x7f9487114eb8 4
R
P 0x7f94870ee408
C 361
R
P 0x7f94870ee408
P 0x7f9487114eb8
C 274
R
P 0x7f94870ee408
C 361
R
P 0x7f94870ee408
P 0x7f9487114eb8
C 271
= 0x7f94871132d8
R
P 0x7f94870ee408
C 361
R
P 0x7f94870ee408
P 0x7f94871132d8
C 226
R
P 0x7f94870ee408
C 361
R
P 0x7f94870ee408
P 0x7f9487114eb8
C 277
R
P 0x7f94870ee408
C 361
R
P 0x7f94870ee408
P 0x7f9487114eb8
C 276
R
P 0x7f94870ee408
C 361
R
P 0x7f94870ee408
P 0x7f9487114eb8
C 275
R
P 0x7f94870ee408
C 361
R
P 0x7f94870ee408
P 0x7f9487114eb8
C 9
R
P 0x7f94870ee408
C 361
R
P 0x7f94870ee408
P 0x7f948c4640a8
P 0x7f94871145b8
I 0
P 0x0
C 321
* 0x7f9487114e98 4
R
P 0x7f94870ee408
C 361
R
P 0x7f94870ee408
P 0x7f9487114e98
C 274
R
P 0x7f94870ee408
C 361
R
P 0x7f94870ee408
P 0x7f9487114e98
C 271
= 0x7f94871132d8
R
P 0x7f94870ee408
C 361
R
P 0x7f94870ee408
P 0x7f94871132d8
C 226
R
P 0x7f94870ee408
C 361
R
P 0x7f94870ee408
P 0x7f9487114e98
C 277
R
P 0x7f94870ee408
C 361
R
P 0x7f94870ee408
P 0x7f9487114e98
C 276
R
P 0x7f94870ee408
C 361
R
P 0x7f94870ee408
P 0x7f9487114e98
C 275
R
P 0x7f94870ee408
C 361
R
P 0x7f94870ee408
P 0x7f9487114e98
C 9
R
P 0x7f94870ee408
C 361
R
P 0x7f94870ee408
P 0x7f948c4640a8
P 0x7f94871145d8
I 0
P 0x0
C 321
* 0x7f9487114ed8 4
R
P 0x7f94870ee408
C 361
R
P 0x7f94870ee408
P 0x7f9487114ed8
C 274
R
P 0x7f94870ee408
C 361
R
P 0x7f94870ee408
P 0x7f9487114ed8
C 271
= 0x7f94871132d8
R
P 0x7f94870ee408
C 361
R
P 0x7f94870ee408
P 0x7f94871132d8
C 226
R
P 0x7f94870ee408
C 361
R
P 0x7f94870ee408
P 0x7f9487114ed8
C 277
R
P 0x7f94870ee408
C 361
R
P 0x7f94870ee408
P 0x7f9487114ed8
C 276
R
P 0x7f94870ee408
C 361
R
P 0x7f94870ee408
P 0x7f9487114ed8
C 275
R
P 0x7f94870ee408
C 361
R
P 0x7f94870ee408
P 0x7f9487114ed8
C 9
R
P 0x7f94870ee408
C 361
R
P 0x7f94870ee408
P 0x7f948c4640a8
P 0x7f94871145f8
I 0
P 0x0
C 321
* 0x7f9487113eb8 4
R
P 0x7f94870ee408
C 361
R
P 0x7f94870ee408
P 0x7f9487113eb8
C 274
R
P 0x7f94870ee408
C 361
R
P 0x7f94870ee408
P 0x7f9487113eb8
C 271
= 0x7f94871132d8
R
P 0x7f94870ee408
C 361
R
P 0x7f94870ee408
P 0x7f94871132d8
C 226
R
P 0x7f94870ee408
C 361
R
P 0x7f94870ee408
P 0x7f9487113eb8
C 277
R
P 0x7f94870ee408
C 361
R
P 0x7f94870ee408
P 0x7f9487113eb8
C 276
R
P 0x7f94870ee408
C 361
R
P 0x7f94870ee408
P 0x7f9487113eb8
C 275
R
P 0x7f94870ee408
C 361
R
P 0x7f94870ee408
P 0x7f9487113eb8
C 9
R
P 0x7f94870ee408
C 361
R
P 0x7f94870ee408
P 0x7f948c4640a8
P 0x7f9487114618
I 0
P 0x0
C 321
* 0x7f9487114f38 4
R
P 0x7f94870ee408
C 361
R
P 0x7f94870ee408
P 0x7f9487114f38
C 274
R
P 0x7f94870ee408
C 361
R
P 0x7f94870ee408
P 0x7f9487114f38
C 271
= 0x7f94871132d8
R
P 0x7f94870ee408
C 361
R
P 0x7f94870ee408
P 0x7f94871132d8
C 226
R
P 0x7f94870ee408
C 361
R
P 0x7f94870ee408
P 0x7f9487114f38
C 277
R
P 0x7f94870ee408
C 361
R
P 0x7f94870ee408
P 0x7f9487114f38
C 276
R
P 0x7f94870ee408
C 361
R
P 0x7f94870ee408
P 0x7f9487114f38
C 275
R
P 0x7f94870ee408
C 361
R
P 0x7f94870ee408
P 0x7f9487114f38
C 9
R
P 0x7f94870ee408
C 361
R
P 0x7f94870ee408
P 0x7f948c4640a8
P 0x7f9487114638
I 0
P 0x0
C 321
* 0x7f9487114f18 4
R
P 0x7f94870ee408
C 361
R
P 0x7f94870ee408
P 0x7f9487114f18
C 274
R
P 0x7f94870ee408
C 361
R
P 0x7f94870ee408
P 0x7f9487114f18
C 271
= 0x7f94871132d8
R
P 0x7f94870ee408
C 361
R
P 0x7f94870ee408
P 0x7f94871132d8
C 226
R
P 0x7f94870ee408
C 361
R
P 0x7f94870ee408
P 0x7f9487114f18
C 277
R
P 0x7f94870ee408
C 361
R
P 0x7f94870ee408
P 0x7f9487114f18
C 276
R
P 0x7f94870ee408
C 361
R
P 0x7f94870ee408
P 0x7f9487114f18
C 275
R
P 0x7f94870ee408
C 361
R
P 0x7f94870ee408
P 0x7f9487114f18
C 9
R
P 0x7f94870ee408
C 361
R
P 0x7f94870ee408
P 0x7f948c4640a8
P 0x7f9487114658
I 0
P 0x0
C 321
* 0x7f9487114e78 4
R
P 0x7f94870ee408
C 361
R
P 0x7f94870ee408
P 0x7f9487114e78
C 274
R
P 0x7f94870ee408
C 361
R
P 0x7f94870ee408
P 0x7f9487114e78
C 271
= 0x7f94871132d8
R
P 0x7f94870ee408
C 361
R
P 0x7f94870ee408
P 0x7f94871132d8
C 226
R
P 0x7f94870ee408
C 361
R
P 0x7f94870ee408
P 0x7f9487114e78
C 277
R
P 0x7f94870ee408
C 361
R
P 0x7f94870ee408
P 0x7f9487114e78
C 276
R
P 0x7f94870ee408
C 361
R
P 0x7f94870ee408
P 0x7f9487114e78
C 275
R
P 0x7f94870ee408
C 361
R
P 0x7f94870ee408
P 0x7f9487114e78
C 9
R
P 0x7f94870ee408
C 361
R
P 0x7f94870ee408
P 0x7f948c4640a8
P 0x7f9487114678
I 0
P 0x0
C 321
* 0x7f9487114ef8 4
R
P 0x7f94870ee408
C 361
R
P 0x7f94870ee408
P 0x7f9487114ef8
C 274
R
P 0x7f94870ee408
C 361
R
P 0x7f94870ee408
P 0x7f9487114ef8
C 271
= 0x7f94871132d8
R
P 0x7f94870ee408
C 361
R
P 0x7f94870ee408
P 0x7f94871132d8
C 226
R
P 0x7f94870ee408
C 361
R
P 0x7f94870ee408
P 0x7f9487114ef8
C 277
R
P 0x7f94870ee408
C 361
R
P 0x7f94870ee408
P 0x7f9487114ef8
C 276
R
P 0x7f94870ee408
C 361
R
P 0x7f94870ee408
P 0x7f9487114ef8
C 275
R
P 0x7f94870ee408
C 361
R
P 0x7f94870ee408
P 0x7f9487114ef8
C 9
R
P 0x7f94870ee408
C 361
R
P 0x7f94870ee408
P 0x7f948c4640a8
P 0x7f9487114698
I 0
P 0x0
C 321
* 0x7f9487114f38 4
R
P 0x7f94870ee408
C 361
R
P 0x7f94870ee408
P 0x7f9487114f38
C 274
R
P 0x7f94870ee408
C 361
R
P 0x7f94870ee408
P 0x7f9487114f38
C 271
= 0x7f94871132d8
R
P 0x7f94870ee408
C 361
R
P 0x7f94870ee408
P 0x7f94871132d8
C 226
R
P 0x7f94870ee408
C 361
R
P 0x7f94870ee408
P 0x7f9487114f38
C 277
R
P 0x7f94870ee408
C 361
R
P 0x7f94870ee408
P 0x7f9487114f38
C 276
R
P 0x7f94870ee408
C 361
R
P 0x7f94870ee408
P 0x7f9487114f38
C 275
R
P 0x7f94870ee408
C 361
R
P 0x7f94870ee408
P 0x7f9487114f38
C 9
R
P 0x7f94870ee408
C 361
R
P 0x7f94870ee408
P 0x7f948c4640a8
P 0x7f94871146b8
I 0
P 0x0
C 321
* 0x7f9487114f18 4
R
P 0x7f94870ee408
C 361
R
P 0x7f94870ee408
P 0x7f9487114f18
C 274
R
P 0x7f94870ee408
C 361
R
P 0x7f94870ee408
P 0x7f9487114f18
C 271
= 0x7f94871132d8
R
P 0x7f94870ee408
C 361
R
P 0x7f94870ee408
P 0x7f94871132d8
C 226
R
P 0x7f94870ee408
C 361
R
P 0x7f94870ee408
P 0x7f9487114f18
C 277
R
P 0x7f94870ee408
C 361
R
P 0x7f94870ee408
P 0x7f9487114f18
C 276
R
P 0x7f94870ee408
C 361
R
P 0x7f94870ee408
P 0x7f9487114f18
C 275
R
P 0x7f94870ee408
C 361
R
P 0x7f94870ee408
P 0x7f9487114f18
C 9
R
P 0x7f94870ee408
C 361
R
P 0x7f94870ee408
P 0x7f948c4640a8
P 0x7f94871146d8
I 0
P 0x0
C 321
* 0x7f9487114e78 4
R
P 0x7f94870ee408
C 361
R
P 0x7f94870ee408
P 0x7f9487114e78
C 274
R
P 0x7f94870ee408
C 361
R
P 0x7f94870ee408
P 0x7f9487114e78
C 271
= 0x7f94871132d8
R
P 0x7f94870ee408
C 361
R
P 0x7f94870ee408
P 0x7f94871132d8
C 226
R
P 0x7f94870ee408
C 361
R
P 0x7f94870ee408
P 0x7f9487114e78
C 277
R
P 0x7f94870ee408
C 361
R
P 0x7f94870ee408
P 0x7f9487114e78
C 276
R
P 0x7f94870ee408
C 361
R
P 0x7f94870ee408
P 0x7f9487114e78
C 275
R
P 0x7f94870ee408
C 361
R
P 0x7f94870ee408
P 0x7f9487114e78
C 9
R
P 0x7f94870ee408
C 361
R
P 0x7f94870ee408
P 0x7f948c4640a8
P 0x7f94871146f8
I 0
P 0x0
C 321
* 0x7f9487114ef8 4
R
P 0x7f94870ee408
C 361
R
P 0x7f94870ee408
P 0x7f9487114ef8
C 274
R
P 0x7f94870ee408
C 361
R
P 0x7f94870ee408
P 0x7f9487114ef8
C 271
= 0x7f94871132d8
R
P 0x7f94870ee408
C 361
R
P 0x7f94870ee408
P 0x7f94871132d8
C 226
R
P 0x7f94870ee408
C 361
R
P 0x7f94870ee408
P 0x7f9487114ef8
C 277
R
P 0x7f94870ee408
C 361
R
P 0x7f94870ee408
P 0x7f9487114ef8
C 276
R
P 0x7f94870ee408
C 361
R
P 0x7f94870ee408
P 0x7f9487114ef8
C 275
R
P 0x7f94870ee408
C 361
R
P 0x7f94870ee408
P 0x7f9487114ef8
C 9
R
P 0x7f94870ee408
C 361
R
P 0x7f94870ee408
P 0x7f948c4640a8
P 0x7f9487114718
I 0
P 0x0
C 321
* 0x7f9487114138 4
R
P 0x7f94870ee408
C 361
R
P 0x7f94870ee408
P 0x7f9487114138
C 274
R
P 0x7f94870ee408
C 361
R
P 0x7f94870ee408
P 0x7f9487114138
C 271
= 0x7f94871132d8
R
P 0x7f94870ee408
C 361
R
P 0x7f94870ee408
P 0x7f94871132d8
C 226
R
P 0x7f94870ee408
C 361
R
P 0x7f94870ee408
P 0x7f9487114138
C 277
R
P 0x7f94870ee408
C 361
R
P 0x7f94870ee408
P 0x7f9487114138
C 276
R
P 0x7f94870ee408
C 361
R
P 0x7f94870ee408
P 0x7f9487114138
C 275
R
P 0x7f94870ee408
C 361
R
P 0x7f94870ee408
P 0x7f9487114138
C 9
R
P 0x7f94870ee408
C 361
R
P 0x7f94870ee408
P 0x7f948c4640a8
P 0x7f9487114738
I 0
P 0x0
C 321
* 0x7f9487114eb8 4
R
P 0x7f94870ee408
C 361
R
P 0x7f94870ee408
P 0x7f9487114eb8
C 274
R
P 0x7f94870ee408
C 361
R
P 0x7f94870ee408
P 0x7f9487114eb8
C 271
= 0x7f94871132d8
R
P 0x7f94870ee408
C 361
R
P 0x7f94870ee408
P 0x7f94871132d8
C 226
R
P 0x7f94870ee408
C 361
R
P 0x7f94870ee408
P 0x7f9487114eb8
C 277
R
P 0x7f94870ee408
C 361
R
P 0x7f94870ee408
P 0x7f9487114eb8
C 276
R
P 0x7f94870ee408
C 361
R
P 0x7f94870ee408
P 0x7f9487114eb8
C 275
R
P 0x7f94870ee408
C 361
R
P 0x7f94870ee408
P 0x7f9487114eb8
C 9
R
P 0x7f94870ee408
C 361
R
P 0x7f94870ee408
P 0x7f948c4640a8
P 0x7f9487114758
I 0
P 0x0
C 321
* 0x7f9487113eb8 4
R
P 0x7f94870ee408
C 361
R
P 0x7f94870ee408
P 0x7f9487113eb8
C 274
R
P 0x7f94870ee408
C 361
R
P 0x7f94870ee408
P 0x7f9487113eb8
C 271
= 0x7f94871132d8
R
P 0x7f94870ee408
C 361
R
P 0x7f94870ee408
P 0x7f94871132d8
C 226
R
P 0x7f94870ee408
C 361
R
P 0x7f94870ee408
P 0x7f9487113eb8
C 277
R
P 0x7f94870ee408
C 361
R
P 0x7f94870ee408
P 0x7f9487113eb8
C 276
R
P 0x7f94870ee408
C 361
R
P 0x7f94870ee408
P 0x7f9487113eb8
C 275
R
P 0x7f94870ee408
C 361
R
P 0x7f94870ee408
P 0x7f9487113eb8
C 9
R
P 0x7f94870ee408
C 361
R
P 0x7f94870ee408
P 0x7f948c4640a8
P 0x7f9487114778
I 0
P 0x0
C 321
* 0x7f9487114e98 4
R
P 0x7f94870ee408
C 361
R
P 0x7f94870ee408
P 0x7f9487114e98
C 274
R
P 0x7f94870ee408
C 361
R
P 0x7f94870ee408
P 0x7f9487114e98
C 271
= 0x7f94871132d8
R
P 0x7f94870ee408
C 361
R
P 0x7f94870ee408
P 0x7f94871132d8
C 226
R
P 0x7f94870ee408
C 361
R
P 0x7f94870ee408
P 0x7f9487114e98
C 277
R
P 0x7f94870ee408
C 361
R
P 0x7f94870ee408
P 0x7f9487114e98
C 276
R
P 0x7f94870ee408
C 361
R
P 0x7f94870ee408
P 0x7f9487114e98
C 275
R
P 0x7f94870ee408
C 361
R
P 0x7f94870ee408
P 0x7f9487114e98
C 9
R
P 0x7f94870ee408
C 361
R
P 0x7f94870ee408
P 0x7f948c4640a8
P 0x7f9487114798
I 0
P 0x0
C 321
* 0x7f9487114ed8 4
R
P 0x7f94870ee408
C 361
R
P 0x7f94870ee408
P 0x7f9487114ed8
C 274
R
P 0x7f94870ee408
C 361
R
P 0x7f94870ee408
P 0x7f9487114ed8
C 271
= 0x7f94871132d8
R
P 0x7f94870ee408
C 361
R
P 0x7f94870ee408
P 0x7f94871132d8
C 226
R
P 0x7f94870ee408
C 361
R
P 0x7f94870ee408
P 0x7f9487114ed8
C 277
R
P 0x7f94870ee408
C 361
R
P 0x7f94870ee408
P 0x7f9487114ed8
C 276
R
P 0x7f94870ee408
C 361
R
P 0x7f94870ee408
P 0x7f9487114ed8
C 275
R
P 0x7f94870ee408
C 361
R
P 0x7f94870ee408
P 0x7f9487114ed8
C 9
R
P 0x7f94870ee408
C 361
R
P 0x7f94870ee408
P 0x7f948c4640a8
P 0x7f94871147b8
I 0
P 0x0
C 321
* 0x7f9487114e98 4
R
P 0x7f94870ee408
C 361
R
P 0x7f94870ee408
P 0x7f9487114e98
C 274
R
P 0x7f94870ee408
C 361
R
P 0x7f94870ee408
P 0x7f9487114e98
C 271
= 0x7f94871132d8
R
P 0x7f94870ee408
C 361
R
P 0x7f94870ee408
P 0x7f94871132d8
C 226
R
P 0x7f94870ee408
C 361
R
P 0x7f94870ee408
P 0x7f9487114e98
C 277
R
P 0x7f94870ee408
C 361
R
P 0x7f94870ee408
P 0x7f9487114e98
C 276
R
P 0x7f94870ee408
C 361
R
P 0x7f94870ee408
P 0x7f9487114e98
C 275
R
P 0x7f94870ee408
C 361
R
P 0x7f94870ee408
P 0x7f9487114e98
C 9
R
P 0x7f94870ee408
C 361
R
P 0x7f94870ee408
P 0x7f948c4640a8
P 0x7f94871147d8
I 0
P 0x0
C 321
* 0x7f9487114e78 4
R
P 0x7f94870ee408
C 361
R
P 0x7f94870ee408
P 0x7f9487114e78
C 274
R
P 0x7f94870ee408
C 361
R
P 0x7f94870ee408
P 0x7f9487114e78
C 271
= 0x7f94871132d8
R
P 0x7f94870ee408
C 361
R
P 0x7f94870ee408
P 0x7f94871132d8
C 226
R
P 0x7f94870ee408
C 361
R
P 0x7f94870ee408
P 0x7f9487114e78
C 277
R
P 0x7f94870ee408
C 361
R
P 0x7f94870ee408
P 0x7f9487114e78
C 276
R
P 0x7f94870ee408
C 361
R
P 0x7f94870ee408
P 0x7f9487114e78
C 275
R
P 0x7f94870ee408
C 361
R
P 0x7f94870ee408
P 0x7f9487114e78
C 9
R
P 0x7f94870ee408
C 361
R
P 0x7f94870ee408
P 0x7f948c4640a8
P 0x7f94871147f8
I 0
P 0x0
C 321
* 0x7f9487114eb8 4
R
P 0x7f94870ee408
C 361
R
P 0x7f94870ee408
P 0x7f9487114eb8
C 274
R
P 0x7f94870ee408
C 361
R
P 0x7f94870ee408
P 0x7f9487114eb8
C 271
= 0x7f94871132d8
R
P 0x7f94870ee408
C 361
R
P 0x7f94870ee408
P 0x7f94871132d8
C 226
R
P 0x7f94870ee408
C 361
R
P 0x7f94870ee408
P 0x7f9487114eb8
C 277
R
P 0x7f94870ee408
C 361
R
P 0x7f94870ee408
P 0x7f9487114eb8
C 276
R
P 0x7f94870ee408
C 361
R
P 0x7f94870ee408
P 0x7f9487114eb8
C 275
R
P 0x7f94870ee408
C 361
R
P 0x7f94870ee408
P 0x7f9487114eb8
C 9
R
P 0x7f94870ee408
C 361
R
P 0x7f94870ee408
P 0x7f948c4640a8
P 0x7f9487114818
I 0
P 0x0
C 321
* 0x7f9487114f38 4
R
P 0x7f94870ee408
C 361
R
P 0x7f94870ee408
P 0x7f9487114f38
C 274
R
P 0x7f94870ee408
C 361
R
P 0x7f94870ee408
P 0x7f9487114f38
C 271
= 0x7f94871132d8
R
P 0x7f94870ee408
C 361
R
P 0x7f94870ee408
P 0x7f94871132d8
C 226
R
P 0x7f94870ee408
C 361
R
P 0x7f94870ee408
P 0x7f9487114f38
C 277
R
P 0x7f94870ee408
C 361
R
P 0x7f94870ee408
P 0x7f9487114f38
C 276
R
P 0x7f94870ee408
C 361
R
P 0x7f94870ee408
P 0x7f9487114f38
C 275
R
P 0x7f94870ee408
C 361
R
P 0x7f94870ee408
P 0x7f9487114f38
C 9
R
P 0x7f94870ee408
C 361
R
P 0x7f94870ee408
P 0x7f948c4640a8
P 0x7f9487114838
I 0
P 0x0
C 321
* 0x7f9487114ed8 4
R
P 0x7f94870ee408
C 361
R
P 0x7f94870ee408
P 0x7f9487114ed8
C 274
R
P 0x7f94870ee408
C 361
R
P 0x7f94870ee408
P 0x7f9487114ed8
C 271
= 0x7f94871132d8
R
P 0x7f94870ee408
C 361
R
P 0x7f94870ee408
P 0x7f94871132d8
C 226
R
P 0x7f94870ee408
C 361
R
P 0x7f94870ee408
P 0x7f9487114ed8
C 277
R
P 0x7f94870ee408
C 361
R
P 0x7f94870ee408
P 0x7f9487114ed8
C 276
R
P 0x7f94870ee408
C 361
R
P 0x7f94870ee408
P 0x7f9487114ed8
C 275
R
P 0x7f94870ee408
C 361
R
P 0x7f94870ee408
P 0x7f9487114ed8
C 9
R
P 0x7f94870ee408
C 361
R
P 0x7f94870ee408
P 0x7f948c4640a8
P 0x7f9487114858
I 0
P 0x0
C 321
* 0x7f9487114ef8 4
R
P 0x7f94870ee408
C 361
R
P 0x7f94870ee408
P 0x7f9487114ef8
C 274
R
P 0x7f94870ee408
C 361
R
P 0x7f94870ee408
P 0x7f9487114ef8
C 271
= 0x7f94871132d8
R
P 0x7f94870ee408
C 361
R
P 0x7f94870ee408
P 0x7f94871132d8
C 226
R
P 0x7f94870ee408
C 361
R
P 0x7f94870ee408
P 0x7f9487114ef8
C 277
R
P 0x7f94870ee408
C 361
R
P 0x7f94870ee408
P 0x7f9487114ef8
C 276
R
P 0x7f94870ee408
C 361
R
P 0x7f94870ee408
P 0x7f9487114ef8
C 275
R
P 0x7f94870ee408
C 361
R
P 0x7f94870ee408
P 0x7f9487114ef8
C 9
R
P 0x7f94870ee408
C 361
R
P 0x7f94870ee408
P 0x7f948c4640a8
P 0x7f9487114878
I 0
P 0x0
C 321
* 0x7f9487114138 4
R
P 0x7f94870ee408
C 361
R
P 0x7f94870ee408
P 0x7f9487114138
C 274
R
P 0x7f94870ee408
C 361
R
P 0x7f94870ee408
P 0x7f9487114138
C 271
= 0x7f94871132d8
R
P 0x7f94870ee408
C 361
R
P 0x7f94870ee408
P 0x7f94871132d8
C 226
R
P 0x7f94870ee408
C 361
R
P 0x7f94870ee408
P 0x7f9487114138
C 277
R
P 0x7f94870ee408
C 361
R
P 0x7f94870ee408
P 0x7f9487114138
C 276
R
P 0x7f94870ee408
C 361
R
P 0x7f94870ee408
P 0x7f9487114138
C 275
R
P 0x7f94870ee408
C 361
R
P 0x7f94870ee408
P 0x7f9487114138
C 9
R
P 0x7f94870ee408
C 361
R
P 0x7f94870ee408
P 0x7f948c4640a8
P 0x7f9487114898
I 0
P 0x0
C 321
* 0x7f9487113eb8 4
R
P 0x7f94870ee408
C 361
R
P 0x7f94870ee408
P 0x7f9487113eb8
C 274
R
P 0x7f94870ee408
C 361
R
P 0x7f94870ee408
P 0x7f9487113eb8
C 271
= 0x7f94871132d8
R
P 0x7f94870ee408
C 361
R
P 0x7f94870ee408
P 0x7f94871132d8
C 226
R
P 0x7f94870ee408
C 361
R
P 0x7f94870ee408
P 0x7f9487113eb8
C 277
R
P 0x7f94870ee408
C 361
R
P 0x7f94870ee408
P 0x7f9487113eb8
C 276
R
P 0x7f94870ee408
C 361
R
P 0x7f94870ee408
P 0x7f9487113eb8
C 275
R
P 0x7f94870ee408
C 361
R
P 0x7f94870ee408
P 0x7f9487113eb8
C 9
R
P 0x7f94870ee408
C 361
R
P 0x7f94870ee408
P 0x7f948c4640a8
P 0x7f94871148b8
I 0
P 0x0
C 321
* 0x7f9487114f18 4
R
P 0x7f94870ee408
C 361
R
P 0x7f94870ee408
P 0x7f9487114f18
C 274
R
P 0x7f94870ee408
C 361
R
P 0x7f94870ee408
P 0x7f9487114f18
C 271
= 0x7f94871132d8
R
P 0x7f94870ee408
C 361
R
P 0x7f94870ee408
P 0x7f94871132d8
C 226
R
P 0x7f94870ee408
C 361
R
P 0x7f94870ee408
P 0x7f9487114f18
C 277
R
P 0x7f94870ee408
C 361
R
P 0x7f94870ee408
P 0x7f9487114f18
C 276
R
P 0x7f94870ee408
C 361
R
P 0x7f94870ee408
P 0x7f9487114f18
C 275
R
P 0x7f94870ee408
C 361
R
P 0x7f94870ee408
P 0x7f9487114f18
C 9
R
P 0x7f94870ee408
C 361
R
P 0x7f94870ee408
P 0x7f948c4640a8
P 0x7f94871148d8
I 0
P 0x0
C 321
* 0x7f9487114f18 4
R
P 0x7f94870ee408
C 361
R
P 0x7f94870ee408
P 0x7f9487114f18
C 274
R
P 0x7f94870ee408
C 361
R
P 0x7f94870ee408
P 0x7f9487114f18
C 271
= 0x7f94871132d8
R
P 0x7f94870ee408
C 361
R
P 0x7f94870ee408
P 0x7f94871132d8
C 226
R
P 0x7f94870ee408
C 361
R
P 0x7f94870ee408
P 0x7f9487114f18
C 277
R
P 0x7f94870ee408
C 361
R
P 0x7f94870ee408
P 0x7f9487114f18
C 276
R
P 0x7f94870ee408
C 361
R
P 0x7f94870ee408
P 0x7f9487114f18
C 275
R
P 0x7f94870ee408
C 361
R
P 0x7f94870ee408
P 0x7f9487114f18
C 9
R
P 0x7f94870ee408
C 361
R
P 0x7f94870ee408
P 0x7f948c4640a8
P 0x7f94871148f8
I 0
P 0x0
C 321
* 0x7f9487114f38 4
R
P 0x7f94870ee408
C 361
R
P 0x7f94870ee408
P 0x7f9487114f38
C 274
R
P 0x7f94870ee408
C 361
R
P 0x7f94870ee408
P 0x7f9487114f38
C 271
= 0x7f94871132d8
R
P 0x7f94870ee408
C 361
R
P 0x7f94870ee408
P 0x7f94871132d8
C 226
R
P 0x7f94870ee408
C 361
R
P 0x7f94870ee408
P 0x7f9487114f38
C 277
R
P 0x7f94870ee408
C 361
R
P 0x7f94870ee408
P 0x7f9487114f38
C 276
R
P 0x7f94870ee408
C 361
R
P 0x7f94870ee408
P 0x7f9487114f38
C 275
R
P 0x7f94870ee408
C 361
R
P 0x7f94870ee408
P 0x7f9487114f38
C 9
R
P 0x7f94870ee408
C 361
R
P 0x7f94870ee408
P 0x7f948c4640a8
P 0x7f9487114918
I 0
P 0x0
C 321
* 0x7f9487114ef8 4
R
P 0x7f94870ee408
C 361
R
P 0x7f94870ee408
P 0x7f9487114ef8
C 274
R
P 0x7f94870ee408
C 361
R
P 0x7f94870ee408
P 0x7f9487114ef8
C 271
= 0x7f94871132d8
R
P 0x7f94870ee408
C 361
R
P 0x7f94870ee408
P 0x7f94871132d8
C 226
R
P 0x7f94870ee408
C 361
R
P 0x7f94870ee408
P 0x7f9487114ef8
C 277
R
P 0x7f94870ee408
C 361
R
P 0x7f94870ee408
P 0x7f9487114ef8
C 276
R
P 0x7f94870ee408
C 361
R
P 0x7f94870ee408
P 0x7f9487114ef8
C 275
R
P 0x7f94870ee408
C 361
R
P 0x7f94870ee408
P 0x7f9487114ef8
C 9
R
P 0x7f94870ee408
C 361
R
P 0x7f94870ee408
P 0x7f948c4640a8
P 0x7f9487114938
I 0
P 0x0
C 321
* 0x7f9487114138 4
R
P 0x7f94870ee408
C 361
R
P 0x7f94870ee408
P 0x7f9487114138
C 274
R
P 0x7f94870ee408
C 361
R
P 0x7f94870ee408
P 0x7f9487114138
C 271
= 0x7f94871132d8
R
P 0x7f94870ee408
C 361
R
P 0x7f94870ee408
P 0x7f94871132d8
C 226
R
P 0x7f94870ee408
C 361
R
P 0x7f94870ee408
P 0x7f9487114138
C 277
R
P 0x7f94870ee408
C 361
R
P 0x7f94870ee408
P 0x7f9487114138
C 276
R
P 0x7f94870ee408
C 361
R
P 0x7f94870ee408
P 0x7f9487114138
C 275
R
P 0x7f94870ee408
C 361
R
P 0x7f94870ee408
P 0x7f9487114138
C 9
R
P 0x7f94870ee408
C 361
R
P 0x7f94870ee408
P 0x7f948c4640a8
P 0x7f9487114958
I 0
P 0x0
C 321
* 0x7f9487114eb8 4
R
P 0x7f94870ee408
C 361
R
P 0x7f94870ee408
P 0x7f9487114eb8
C 274
R
P 0x7f94870ee408
C 361
R
P 0x7f94870ee408
P 0x7f9487114eb8
C 271
= 0x7f94871132d8
R
P 0x7f94870ee408
C 361
R
P 0x7f94870ee408
P 0x7f94871132d8
C 226
R
P 0x7f94870ee408
C 361
R
P 0x7f94870ee408
P 0x7f9487114eb8
C 277
R
P 0x7f94870ee408
C 361
R
P 0x7f94870ee408
P 0x7f9487114eb8
C 276
R
P 0x7f94870ee408
C 361
R
P 0x7f94870ee408
P 0x7f9487114eb8
C 275
R
P 0x7f94870ee408
C 361
R
P 0x7f94870ee408
P 0x7f9487114eb8
C 9
R
P 0x7f94870ee408
C 361
R
P 0x7f94870ee408
P 0x7f948c4640a8
P 0x7f9487114978
I 0
P 0x0
C 321
* 0x7f9487113eb8 4
R
P 0x7f94870ee408
C 361
R
P 0x7f94870ee408
P 0x7f9487113eb8
C 274
R
P 0x7f94870ee408
C 361
R
P 0x7f94870ee408
P 0x7f9487113eb8
C 271
= 0x7f94871132d8
R
P 0x7f94870ee408
C 361
R
P 0x7f94870ee408
P 0x7f94871132d8
C 226
R
P 0x7f94870ee408
C 361
R
P 0x7f94870ee408
P 0x7f9487113eb8
C 277
R
P 0x7f94870ee408
C 361
R
P 0x7f94870ee408
P 0x7f9487113eb8
C 276
R
P 0x7f94870ee408
C 361
R
P 0x7f94870ee408
P 0x7f9487113eb8
C 275
R
P 0x7f94870ee408
C 361
R
P 0x7f94870ee408
P 0x7f9487113eb8
C 9
R
P 0x7f94870ee408
C 361
R
P 0x7f94870ee408
P 0x7f948c4640a8
P 0x7f9487114998
I 0
P 0x0
C 321
* 0x7f9487114e78 4
R
P 0x7f94870ee408
C 361
R
P 0x7f94870ee408
P 0x7f9487114e78
C 274
R
P 0x7f94870ee408
C 361
R
P 0x7f94870ee408
P 0x7f9487114e78
C 271
= 0x7f94871132d8
R
P 0x7f94870ee408
C 361
R
P 0x7f94870ee408
P 0x7f94871132d8
C 226
R
P 0x7f94870ee408
C 361
R
P 0x7f94870ee408
P 0x7f9487114e78
C 277
R
P 0x7f94870ee408
C 361
R
P 0x7f94870ee408
P 0x7f9487114e78
C 276
R
P 0x7f94870ee408
C 361
R
P 0x7f94870ee408
P 0x7f9487114e78
C 275
R
P 0x7f94870ee408
C 361
R
P 0x7f94870ee408
P 0x7f9487114e78
C 9
R
P 0x7f94870ee408
C 361
R
P 0x7f94870ee408
P 0x7f948c4640a8
P 0x7f94871149b8
I 0
P 0x0
C 321
* 0x7f9487114ed8 4
R
P 0x7f94870ee408
C 361
R
P 0x7f94870ee408
P 0x7f9487114ed8
C 274
R
P 0x7f94870ee408
C 361
R
P 0x7f94870ee408
P 0x7f9487114ed8
C 271
= 0x7f94871132d8
R
P 0x7f94870ee408
C 361
R
P 0x7f94870ee408
P 0x7f94871132d8
C 226
R
P 0x7f94870ee408
C 361
R
P 0x7f94870ee408
P 0x7f9487114ed8
C 277
R
P 0x7f94870ee408
C 361
R
P 0x7f94870ee408
P 0x7f9487114ed8
C 276
R
P 0x7f94870ee408
C 361
R
P 0x7f94870ee408
P 0x7f9487114ed8
C 275
R
P 0x7f94870ee408
C 361
R
P 0x7f94870ee408
P 0x7f9487114ed8
C 9
R
P 0x7f94870ee408
C 361
R
P 0x7f94870ee408
P 0x7f948c4640a8
P 0x7f94871149d8
I 0
P 0x0
C 321
* 0x7f9487114e98 4
R
P 0x7f94870ee408
C 361
R
P 0x7f94870ee408
P 0x7f9487114e98
C 274
R
P 0x7f94870ee408
C 361
R
P 0x7f94870ee408
P 0x7f9487114e98
C 271
= 0x7f94871132d8
R
P 0x7f94870ee408
C 361
R
P 0x7f94870ee408
P 0x7f94871132d8
C 226
R
P 0x7f94870ee408
C 361
R
P 0x7f94870ee408
P 0x7f9487114e98
C 277
R
P 0x7f94870ee408
C 361
R
P 0x7f94870ee408
P 0x7f9487114e98
C 276
R
P 0x7f94870ee408
C 361
R
P 0x7f94870ee408
P 0x7f9487114e98
C 275
R
P 0x7f94870ee408
C 361
R
P 0x7f94870ee408
P 0x7f9487114e98
C 9
R
P 0x7f94870ee408
C 361
R
P 0x7f94870ee408
P 0x7f948c4640a8
P 0x7f94871149f8
I 0
P 0x0
C 321
* 0x7f9487113eb8 4
R
P 0x7f94870ee408
C 361
R
P 0x7f94870ee408
P 0x7f9487113eb8
C 274
R
P 0x7f94870ee408
C 361
R
P 0x7f94870ee408
P 0x7f9487113eb8
C 271
= 0x7f94871132d8
R
P 0x7f94870ee408
C 361
R
P 0x7f94870ee408
P 0x7f94871132d8
C 226
R
P 0x7f94870ee408
C 361
R
P 0x7f94870ee408
P 0x7f9487113eb8
C 277
R
P 0x7f94870ee408
C 361
R
P 0x7f94870ee408
P 0x7f9487113eb8
C 276
R
P 0x7f94870ee408
C 361
R
P 0x7f94870ee408
P 0x7f9487113eb8
C 275
R
P 0x7f94870ee408
C 361
R
P 0x7f94870ee408
P 0x7f9487113eb8
C 9
R
P 0x7f94870ee408
C 361
R
P 0x7f94870ee408
P 0x7f948c4640a8
P 0x7f9487114a18
I 0
P 0x0
C 321
* 0x7f9487114ed8 4
R
P 0x7f94870ee408
C 361
R
P 0x7f94870ee408
P 0x7f9487114ed8
C 274
R
P 0x7f94870ee408
C 361
R
P 0x7f94870ee408
P 0x7f9487114ed8
C 271
= 0x7f94871132d8
R
P 0x7f94870ee408
C 361
R
P 0x7f94870ee408
P 0x7f94871132d8
C 226
R
P 0x7f94870ee408
C 361
R
P 0x7f94870ee408
P 0x7f9487114ed8
C 277
R
P 0x7f94870ee408
C 361
R
P 0x7f94870ee408
P 0x7f9487114ed8
C 276
R
P 0x7f94870ee408
C 361
R
P 0x7f94870ee408
P 0x7f9487114ed8
C 275
R
P 0x7f94870ee408
C 361
R
P 0x7f94870ee408
P 0x7f9487114ed8
C 9
R
P 0x7f94870ee408
C 361
R
P 0x7f94870ee408
P 0x7f948c4640a8
P 0x7f9487114a38
I 0
P 0x0
C 321
* 0x7f9487114138 4
R
P 0x7f94870ee408
C 361
R
P 0x7f94870ee408
P 0x7f9487114138
C 274
R
P 0x7f94870ee408
C 361
R
P 0x7f94870ee408
P 0x7f9487114138
C 271
= 0x7f94871132d8
R
P 0x7f94870ee408
C 361
R
P 0x7f94870ee408
P 0x7f94871132d8
C 226
R
P 0x7f94870ee408
C 361
R
P 0x7f94870ee408
P 0x7f9487114138
C 277
R
P 0x7f94870ee408
C 361
R
P 0x7f94870ee408
P 0x7f9487114138
C 276
R
P 0x7f94870ee408
C 361
R
P 0x7f94870ee408
P 0x7f9487114138
C 275
R
P 0x7f94870ee408
C 361
R
P 0x7f94870ee408
P 0x7f9487114138
C 9
R
P 0x7f94870ee408
C 361
R
P 0x7f94870ee408
P 0x7f948c4640a8
P 0x7f9487114a58
I 0
P 0x0
C 321
* 0x7f9487114e98 4
R
P 0x7f94870ee408
C 361
R
P 0x7f94870ee408
P 0x7f9487114e98
C 274
R
P 0x7f94870ee408
C 361
R
P 0x7f94870ee408
P 0x7f9487114e98
C 271
= 0x7f94871132d8
R
P 0x7f94870ee408
C 361
R
P 0x7f94870ee408
P 0x7f94871132d8
C 226
R
P 0x7f94870ee408
C 361
R
P 0x7f94870ee408
P 0x7f9487114e98
C 277
R
P 0x7f94870ee408
C 361
R
P 0x7f94870ee408
P 0x7f9487114e98
C 276
R
P 0x7f94870ee408
C 361
R
P 0x7f94870ee408
P 0x7f9487114e98
C 275
R
P 0x7f94870ee408
C 361
R
P 0x7f94870ee408
P 0x7f9487114e98
C 9
R
P 0x7f94870ee408
C 361
R
P 0x7f94870ee408
P 0x7f948c4640a8
P 0x7f9487114a78
I 0
P 0x0
C 321
* 0x7f9487114f18 4
R
P 0x7f94870ee408
C 361
R
P 0x7f94870ee408
P 0x7f9487114f18
C 274
R
P 0x7f94870ee408
C 361
R
P 0x7f94870ee408
P 0x7f9487114f18
C 271
= 0x7f94871132d8
R
P 0x7f94870ee408
C 361
R
P 0x7f94870ee408
P 0x7f94871132d8
C 226
R
P 0x7f94870ee408
C 361
R
P 0x7f94870ee408
P 0x7f9487114f18
C 277
R
P 0x7f94870ee408
C 361
R
P 0x7f94870ee408
P 0x7f9487114f18
C 276
R
P 0x7f94870ee408
C 361
R
P 0x7f94870ee408
P 0x7f9487114f18
C 275
R
P 0x7f94870ee408
C 361
R
P 0x7f94870ee408
P 0x7f9487114f18
C 9
R
P 0x7f94870ee408
C 361
R
P 0x7f94870ee408
P 0x7f948c4640a8
P 0x7f9487114a98
I 0
P 0x0
C 321
* 0x7f9487114e78 4
R
P 0x7f94870ee408
C 361
R
P 0x7f94870ee408
P 0x7f9487114e78
C 274
R
P 0x7f94870ee408
C 361
R
P 0x7f94870ee408
P 0x7f9487114e78
C 271
= 0x7f94871132d8
R
P 0x7f94870ee408
C 361
R
P 0x7f94870ee408
P 0x7f94871132d8
C 226
R
P 0x7f94870ee408
C 361
R
P 0x7f94870ee408
P 0x7f9487114e78
C 277
R
P 0x7f94870ee408
C 361
R
P 0x7f94870ee408
P 0x7f9487114e78
C 276
R
P 0x7f94870ee408
C 361
R
P 0x7f94870ee408
P 0x7f9487114e78
C 275
R
P 0x7f94870ee408
C 361
R
P 0x7f94870ee408
P 0x7f9487114e78
C 9
R
P 0x7f94870ee408
C 361
R
P 0x7f94870ee408
P 0x7f948c4640a8
P 0x7f9487114ab8
I 0
P 0x0
C 321
* 0x7f9487114ef8 4
R
P 0x7f94870ee408
C 361
R
P 0x7f94870ee408
P 0x7f9487114ef8
C 274
R
P 0x7f94870ee408
C 361
R
P 0x7f94870ee408
P 0x7f9487114ef8
C 271
= 0x7f94871132d8
R
P 0x7f94870ee408
C 361
R
P 0x7f94870ee408
P 0x7f94871132d8
C 226
R
P 0x7f94870ee408
C 361
R
P 0x7f94870ee408
P 0x7f9487114ef8
C 277
R
P 0x7f94870ee408
C 361
R
P 0x7f94870ee408
P 0x7f9487114ef8
C 276
R
P 0x7f94870ee408
C 361
R
P 0x7f94870ee408
P 0x7f9487114ef8
C 275
R
P 0x7f94870ee408
C 361
R
P 0x7f94870ee408
P 0x7f9487114ef8
C 9
R
P 0x7f94870ee408
C 361
R
P 0x7f94870ee408
P 0x7f948c4640a8
P 0x7f9487114ad8
I 0
P 0x0
C 321
* 0x7f9487114f38 4
R
P 0x7f94870ee408
C 361
R
P 0x7f94870ee408
P 0x7f9487114f38
C 274
R
P 0x7f94870ee408
C 361
R
P 0x7f94870ee408
P 0x7f9487114f38
C 271
= 0x7f94871132d8
R
P 0x7f94870ee408
C 361
R
P 0x7f94870ee408
P 0x7f94871132d8
C 226
R
P 0x7f94870ee408
C 361
R
P 0x7f94870ee408
P 0x7f9487114f38
C 277
R
P 0x7f94870ee408
C 361
R
P 0x7f94870ee408
P 0x7f9487114f38
C 276
R
P 0x7f94870ee408
C 361
R
P 0x7f94870ee408
P 0x7f9487114f38
C 275
R
P 0x7f94870ee408
C 361
R
P 0x7f94870ee408
P 0x7f9487114f38
C 9
R
P 0x7f94870ee408
C 361
R
P 0x7f94870ee408
P 0x7f948c4640a8
P 0x7f9487114af8
I 0
P 0x0
C 321
* 0x7f9487114eb8 4
R
P 0x7f94870ee408
C 361
R
P 0x7f94870ee408
P 0x7f9487114eb8
C 274
R
P 0x7f94870ee408
C 361
R
P 0x7f94870ee408
P 0x7f9487114eb8
C 271
= 0x7f94871132d8
R
P 0x7f94870ee408
C 361
R
P 0x7f94870ee408
P 0x7f94871132d8
C 226
R
P 0x7f94870ee408
C 361
R
P 0x7f94870ee408
P 0x7f9487114eb8
C 277
R
P 0x7f94870ee408
C 361
R
P 0x7f94870ee408
P 0x7f9487114eb8
C 276
R
P 0x7f94870ee408
C 361
R
P 0x7f94870ee408
P 0x7f9487114eb8
C 275
R
P 0x7f94870ee408
C 361
R
P 0x7f94870ee408
P 0x7f9487114eb8
C 9
R
P 0x7f94870ee408
C 361
R
P 0x7f94870ee408
P 0x7f948c4640a8
P 0x7f9487114b18
I 0
P 0x0
C 321
* 0x7f9487114eb8 4
R
P 0x7f94870ee408
C 361
R
P 0x7f94870ee408
P 0x7f9487114eb8
C 274
R
P 0x7f94870ee408
C 361
R
P 0x7f94870ee408
P 0x7f9487114eb8
C 271
= 0x7f94871132d8
R
P 0x7f94870ee408
C 361
R
P 0x7f94870ee408
P 0x7f94871132d8
C 226
R
P 0x7f94870ee408
C 361
R
P 0x7f94870ee408
P 0x7f9487114eb8
C 277
R
P 0x7f94870ee408
C 361
R
P 0x7f94870ee408
P 0x7f9487114eb8
C 276
R
P 0x7f94870ee408
C 361
R
P 0x7f94870ee408
P 0x7f9487114eb8
C 275
R
P 0x7f94870ee408
C 361
R
P 0x7f94870ee408
P 0x7f9487114eb8
C 9
R
P 0x7f94870ee408
C 361
R
P 0x7f94870ee408
P 0x7f948c4640a8
P 0x7f9487114b38
I 0
P 0x0
C 321
* 0x7f9487114ef8 4
R
P 0x7f94870ee408
C 361
R
P 0x7f94870ee408
P 0x7f9487114ef8
C 274
R
P 0x7f94870ee408
C 361
R
P 0x7f94870ee408
P 0x7f9487114ef8
C 271
= 0x7f94871132d8
R
P 0x7f94870ee408
C 361
R
P 0x7f94870ee408
P 0x7f94871132d8
C 226
R
P 0x7f94870ee408
C 361
R
P 0x7f94870ee408
P 0x7f9487114ef8
C 277
R
P 0x7f94870ee408
C 361
R
P 0x7f94870ee408
P 0x7f9487114ef8
C 276
R
P 0x7f94870ee408
C 361
R
P 0x7f94870ee408
P 0x7f9487114ef8
C 275
R
P 0x7f94870ee408
C 361
R
P 0x7f94870ee408
P 0x7f9487114ef8
C 9
R
P 0x7f94870ee408
C 361
R
P 0x7f94870ee408
P 0x7f948c4640a8
P 0x7f9487114b58
I 0
P 0x0
C 321
* 0x7f9487114f38 4
R
P 0x7f94870ee408
C 361
R
P 0x7f94870ee408
P 0x7f9487114f38
C 274
R
P 0x7f94870ee408
C 361
R
P 0x7f94870ee408
P 0x7f9487114f38
C 271
= 0x7f94871132d8
R
P 0x7f94870ee408
C 361
R
P 0x7f94870ee408
P 0x7f94871132d8
C 226
R
P 0x7f94870ee408
C 361
R
P 0x7f94870ee408
P 0x7f9487114f38
C 277
R
P 0x7f94870ee408
C 361
R
P 0x7f94870ee408
P 0x7f9487114f38
C 276
R
P 0x7f94870ee408
C 361
R
P 0x7f94870ee408
P 0x7f9487114f38
C 275
R
P 0x7f94870ee408
C 361
R
P 0x7f94870ee408
P 0x7f9487114f38
C 9
R
P 0x7f94870ee408
C 361
R
P 0x7f94870ee408
P 0x7f948c4640a8
P 0x7f9487114b78
I 0
P 0x0
C 321
* 0x7f9487113eb8 4
R
P 0x7f94870ee408
C 361
R
P 0x7f94870ee408
P 0x7f9487113eb8
C 274
R
P 0x7f94870ee408
C 361
R
P 0x7f94870ee408
P 0x7f9487113eb8
C 271
= 0x7f94871132d8
R
P 0x7f94870ee408
C 361
R
P 0x7f94870ee408
P 0x7f94871132d8
C 226
R
P 0x7f94870ee408
C 361
R
P 0x7f94870ee408
P 0x7f9487113eb8
C 277
R
P 0x7f94870ee408
C 361
R
P 0x7f94870ee408
P 0x7f9487113eb8
C 276
R
P 0x7f94870ee408
C 361
R
P 0x7f94870ee408
P 0x7f9487113eb8
C 275
R
P 0x7f94870ee408
C 361
R
P 0x7f94870ee408
P 0x7f9487113eb8
C 9
R
P 0x7f94870ee408
C 361
R
P 0x7f94870ee408
P 0x7f948c4640a8
P 0x7f9487114b98
I 0
P 0x0
C 321
* 0x7f9487114e98 4
R
P 0x7f94870ee408
C 361
R
P 0x7f94870ee408
P 0x7f9487114e98
C 274
R
P 0x7f94870ee408
C 361
R
P 0x7f94870ee408
P 0x7f9487114e98
C 271
= 0x7f94871132d8
R
P 0x7f94870ee408
C 361
R
P 0x7f94870ee408
P 0x7f94871132d8
C 226
R
P 0x7f94870ee408
C 361
R
P 0x7f94870ee408
P 0x7f9487114e98
C 277
R
P 0x7f94870ee408
C 361
R
P 0x7f94870ee408
P 0x7f9487114e98
C 276
R
P 0x7f94870ee408
C 361
R
P 0x7f94870ee408
P 0x7f9487114e98
C 275
R
P 0x7f94870ee408
C 361
R
P 0x7f94870ee408
P 0x7f9487114e98
C 9
R
P 0x7f94870ee408
C 361
R
P 0x7f94870ee408
P 0x7f948c4640a8
P 0x7f9487114bb8
I 0
P 0x0
C 321
* 0x7f9487114f18 4
R
P 0x7f94870ee408
C 361
R
P 0x7f94870ee408
P 0x7f9487114f18
C 274
R
P 0x7f94870ee408
C 361
R
P 0x7f94870ee408
P 0x7f9487114f18
C 271
= 0x7f94871132d8
R
P 0x7f94870ee408
C 361
R
P 0x7f94870ee408
P 0x7f94871132d8
C 226
R
P 0x7f94870ee408
C 361
R
P 0x7f94870ee408
P 0x7f9487114f18
C 277
R
P 0x7f94870ee408
C 361
R
P 0x7f94870ee408
P 0x7f9487114f18
C 276
R
P 0x7f94870ee408
C 361
R
P 0x7f94870ee408
P 0x7f9487114f18
C 275
R
P 0x7f94870ee408
C 361
R
P 0x7f94870ee408
P 0x7f9487114f18
C 9
R
P 0x7f94870ee408
C 361
R
P 0x7f94870ee408
P 0x7f948c4640a8
P 0x7f9487114bd8
I 0
P 0x0
C 321
* 0x7f9487114ed8 4
R
P 0x7f94870ee408
C 361
R
P 0x7f94870ee408
P 0x7f9487114ed8
C 274
R
P 0x7f94870ee408
C 361
R
P 0x7f94870ee408
P 0x7f9487114ed8
C 271
= 0x7f94871132d8
R
P 0x7f94870ee408
C 361
R
P 0x7f94870ee408
P 0x7f94871132d8
C 226
R
P 0x7f94870ee408
C 361
R
P 0x7f94870ee408
P 0x7f9487114ed8
C 277
R
P 0x7f94870ee408
C 361
R
P 0x7f94870ee408
P 0x7f9487114ed8
C 276
R
P 0x7f94870ee408
C 361
R
P 0x7f94870ee408
P 0x7f9487114ed8
C 275
R
P 0x7f94870ee408
C 361
R
P 0x7f94870ee408
P 0x7f9487114ed8
C 9
R
P 0x7f94870ee408
C 361
R
P 0x7f94870ee408
P 0x7f948c4640a8
P 0x7f9487114bf8
I 0
P 0x0
C 321
* 0x7f9487114138 4
R
P 0x7f94870ee408
C 361
R
P 0x7f94870ee408
P 0x7f9487114138
C 274
R
P 0x7f94870ee408
C 361
R
P 0x7f94870ee408
P 0x7f9487114138
C 271
= 0x7f94871132d8
R
P 0x7f94870ee408
C 361
R
P 0x7f94870ee408
P 0x7f94871132d8
C 226
R
P 0x7f94870ee408
C 361
R
P 0x7f94870ee408
P 0x7f9487114138
C 277
R
P 0x7f94870ee408
C 361
R
P 0x7f94870ee408
P 0x7f9487114138
C 276
R
P 0x7f94870ee408
C 361
R
P 0x7f94870ee408
P 0x7f9487114138
C 275
R
P 0x7f94870ee408
C 361
R
P 0x7f94870ee408
P 0x7f9487114138
C 9
R
P 0x7f94870ee408
C 361
R
P 0x7f94870ee408
P 0x7f948c4640a8
P 0x7f9487114c18
I 0
P 0x0
C 321
* 0x7f9487114e78 4
R
P 0x7f94870ee408
C 361
R
P 0x7f94870ee408
P 0x7f9487114e78
C 274
R
P 0x7f94870ee408
C 361
R
P 0x7f94870ee408
P 0x7f9487114e78
C 271
= 0x7f94871132d8
R
P 0x7f94870ee408
C 361
R
P 0x7f94870ee408
P 0x7f94871132d8
C 226
R
P 0x7f94870ee408
C 361
R
P 0x7f94870ee408
P 0x7f9487114e78
C 277
R
P 0x7f94870ee408
C 361
R
P 0x7f94870ee408
P 0x7f9487114e78
C 276
R
P 0x7f94870ee408
C 361
R
P 0x7f94870ee408
P 0x7f9487114e78
C 275
R
P 0x7f94870ee408
C 361
R
P 0x7f94870ee408
P 0x7f9487114e78
C 9
R
P 0x7f94870ee408
C 361
R
P 0x7f94870ee408
P 0x7f948c4640a8
P 0x7f9487114c38
I 0
P 0x0
C 321
* 0x7f9487114e78 4
R
P 0x7f94870ee408
C 361
R
P 0x7f94870ee408
P 0x7f9487114e78
C 274
R
P 0x7f94870ee408
C 361
R
P 0x7f94870ee408
P 0x7f9487114e78
C 271
= 0x7f94871132d8
R
P 0x7f94870ee408
C 361
R
P 0x7f94870ee408
P 0x7f94871132d8
C 226
R
P 0x7f94870ee408
C 361
R
P 0x7f94870ee408
P 0x7f9487114e78
C 277
R
P 0x7f94870ee408
C 361
R
P 0x7f94870ee408
P 0x7f9487114e78
C 276
R
P 0x7f94870ee408
C 361
R
P 0x7f94870ee408
P 0x7f9487114e78
C 275
R
P 0x7f94870ee408
C 361
R
P 0x7f94870ee408
P 0x7f9487114e78
C 9
R
P 0x7f94870ee408
C 361
R
P 0x7f94870ee408
P 0x7f948c4640a8
P 0x7f9487114c58
I 0
P 0x0
C 321
* 0x7f9487114138 4
R
P 0x7f94870ee408
C 361
R
P 0x7f94870ee408
P 0x7f9487114138
C 274
R
P 0x7f94870ee408
C 361
R
P 0x7f94870ee408
P 0x7f9487114138
C 271
= 0x7f94871132d8
R
P 0x7f94870ee408
C 361
R
P 0x7f94870ee408
P 0x7f94871132d8
C 226
R
P 0x7f94870ee408
C 361
R
P 0x7f94870ee408
P 0x7f9487114138
C 277
R
P 0x7f94870ee408
C 361
R
P 0x7f94870ee408
P 0x7f9487114138
C 276
R
P 0x7f94870ee408
C 361
R
P 0x7f94870ee408
P 0x7f9487114138
C 275
R
P 0x7f94870ee408
C 361
R
P 0x7f94870ee408
P 0x7f9487114138
C 9
R
P 0x7f94870ee408
C 361
R
P 0x7f94870ee408
P 0x7f948c4640a8
P 0x7f9487114c78
I 0
P 0x0
C 321
* 0x7f9487114f18 4
R
P 0x7f94870ee408
C 361
R
P 0x7f94870ee408
P 0x7f9487114f18
C 274
R
P 0x7f94870ee408
C 361
R
P 0x7f94870ee408
P 0x7f9487114f18
C 271
= 0x7f94871132d8
R
P 0x7f94870ee408
C 361
R
P 0x7f94870ee408
P 0x7f94871132d8
C 226
R
P 0x7f94870ee408
C 361
R
P 0x7f94870ee408
P 0x7f9487114f18
C 277
R
P 0x7f94870ee408
C 361
R
P 0x7f94870ee408
P 0x7f9487114f18
C 276
R
P 0x7f94870ee408
C 361
R
P 0x7f94870ee408
P 0x7f9487114f18
C 275
R
P 0x7f94870ee408
C 361
R
P 0x7f94870ee408
P 0x7f9487114f18
C 9
R
P 0x7f94870ee408
C 361
R
P 0x7f94870ee408
P 0x7f948c4640a8
P 0x7f9487114c98
I 0
P 0x0
C 321
* 0x7f9487114eb8 4
R
P 0x7f94870ee408
C 361
R
P 0x7f94870ee408
P 0x7f9487114eb8
C 274
R
P 0x7f94870ee408
C 361
R
P 0x7f94870ee408
P 0x7f9487114eb8
C 271
= 0x7f94871132d8
R
P 0x7f94870ee408
C 361
R
P 0x7f94870ee408
P 0x7f94871132d8
C 226
R
P 0x7f94870ee408
C 361
R
P 0x7f94870ee408
P 0x7f9487114eb8
C 277
R
P 0x7f94870ee408
C 361
R
P 0x7f94870ee408
P 0x7f9487114eb8
C 276
R
P 0x7f94870ee408
C 361
R
P 0x7f94870ee408
P 0x7f9487114eb8
C 275
R
P 0x7f94870ee408
C 361
R
P 0x7f94870ee408
P 0x7f9487114eb8
C 9
R
P 0x7f94870ee408
C 361
R
P 0x7f94870ee408
P 0x7f948c4640a8
P 0x7f9487114cb8
I 0
P 0x0
C 321
* 0x7f9487114f38 4
R
P 0x7f94870ee408
C 361
R
P 0x7f94870ee408
P 0x7f9487114f38
C 274
R
P 0x7f94870ee408
C 361
R
P 0x7f94870ee408
P 0x7f9487114f38
C 271
= 0x7f94871132d8
R
P 0x7f94870ee408
C 361
R
P 0x7f94870ee408
P 0x7f94871132d8
C 226
R
P 0x7f94870ee408
C 361
R
P 0x7f94870ee408
P 0x7f9487114f38
C 277
R
P 0x7f94870ee408
C 361
R
P 0x7f94870ee408
P 0x7f9487114f38
C 276
R
P 0x7f94870ee408
C 361
R
P 0x7f94870ee408
P 0x7f9487114f38
C 275
R
P 0x7f94870ee408
C 361
R
P 0x7f94870ee408
P 0x7f9487114f38
C 9
R
P 0x7f94870ee408
C 361
R
P 0x7f94870ee408
P 0x7f948c4640a8
P 0x7f9487114cd8
I 0
P 0x0
C 321
* 0x7f9487114ed8 4
R
P 0x7f94870ee408
C 361
R
P 0x7f94870ee408
P 0x7f9487114ed8
C 274
R
P 0x7f94870ee408
C 361
R
P 0x7f94870ee408
P 0x7f9487114ed8
C 271
= 0x7f94871132d8
R
P 0x7f94870ee408
C 361
R
P 0x7f94870ee408
P 0x7f94871132d8
C 226
R
P 0x7f94870ee408
C 361
R
P 0x7f94870ee408
P 0x7f9487114ed8
C 277
R
P 0x7f94870ee408
C 361
R
P 0x7f94870ee408
P 0x7f9487114ed8
C 276
R
P 0x7f94870ee408
C 361
R
P 0x7f94870ee408
P 0x7f9487114ed8
C 275
R
P 0x7f94870ee408
C 361
R
P 0x7f94870ee408
P 0x7f9487114ed8
C 9
R
P 0x7f94870ee408
C 361
R
P 0x7f94870ee408
P 0x7f948c4640a8
P 0x7f9487114cf8
I 0
P 0x0
C 321
* 0x7f9487114e98 4
R
P 0x7f94870ee408
C 361
R
P 0x7f94870ee408
P 0x7f9487114e98
C 274
R
P 0x7f94870ee408
C 361
R
P 0x7f94870ee408
P 0x7f9487114e98
C 271
= 0x7f94871132d8
R
P 0x7f94870ee408
C 361
R
P 0x7f94870ee408
P 0x7f94871132d8
C 226
R
P 0x7f94870ee408
C 361
R
P 0x7f94870ee408
P 0x7f9487114e98
C 277
R
P 0x7f94870ee408
C 361
R
P 0x7f94870ee408
P 0x7f9487114e98
C 276
R
P 0x7f94870ee408
C 361
R
P 0x7f94870ee408
P 0x7f9487114e98
C 275
R
P 0x7f94870ee408
C 361
R
P 0x7f94870ee408
P 0x7f9487114e98
C 9
R
P 0x7f94870ee408
C 361
R
P 0x7f94870ee408
P 0x7f948c4640a8
P 0x7f9487114d18
I 0
P 0x0
C 321
* 0x7f9487114ef8 4
R
P 0x7f94870ee408
C 361
R
P 0x7f94870ee408
P 0x7f9487114ef8
C 274
R
P 0x7f94870ee408
C 361
R
P 0x7f94870ee408
P 0x7f9487114ef8
C 271
= 0x7f94871132d8
R
P 0x7f94870ee408
C 361
R
P 0x7f94870ee408
P 0x7f94871132d8
C 226
R
P 0x7f94870ee408
C 361
R
P 0x7f94870ee408
P 0x7f9487114ef8
C 277
R
P 0x7f94870ee408
C 361
R
P 0x7f94870ee408
P 0x7f9487114ef8
C 276
R
P 0x7f94870ee408
C 361
R
P 0x7f94870ee408
P 0x7f9487114ef8
C 275
R
P 0x7f94870ee408
C 361
R
P 0x7f94870ee408
P 0x7f9487114ef8
C 9
R
P 0x7f94870ee408
C 361
R
P 0x7f94870ee408
P 0x7f948c4640a8
P 0x7f9487114d38
I 0
P 0x0
C 321
* 0x7f9487113eb8 4
R
P 0x7f94870ee408
C 361
R
P 0x7f94870ee408
P 0x7f9487113eb8
C 274
R
P 0x7f94870ee408
C 361
R
P 0x7f94870ee408
P 0x7f9487113eb8
C 271
= 0x7f94871132d8
R
P 0x7f94870ee408
C 361
R
P 0x7f94870ee408
P 0x7f94871132d8
C 226
R
P 0x7f94870ee408
C 361
R
P 0x7f94870ee408
P 0x7f9487113eb8
C 277
R
P 0x7f94870ee408
C 361
R
P 0x7f94870ee408
P 0x7f9487113eb8
C 276
R
P 0x7f94870ee408
C 361
R
P 0x7f94870ee408
P 0x7f9487113eb8
C 275
R
P 0x7f94870ee408
C 361
R
P 0x7f94870ee408
P 0x7f9487113eb8
C 9
R
P 0x7f94870ee408
C 361
R
P 0x7f94870ee408
P 0x7f948c4640a8
P 0x7f9487114d58
I 0
P 0x0
C 321
* 0x7f9487114ed8 4
R
P 0x7f94870ee408
C 361
R
P 0x7f94870ee408
P 0x7f9487114ed8
C 274
R
P 0x7f94870ee408
C 361
R
P 0x7f94870ee408
P 0x7f9487114ed8
C 271
= 0x7f94871132d8
R
P 0x7f94870ee408
C 361
R
P 0x7f94870ee408
P 0x7f94871132d8
C 226
R
P 0x7f94870ee408
C 361
R
P 0x7f94870ee408
P 0x7f9487114ed8
C 277
R
P 0x7f94870ee408
C 361
R
P 0x7f94870ee408
P 0x7f9487114ed8
C 276
R
P 0x7f94870ee408
C 361
R
P 0x7f94870ee408
P 0x7f9487114ed8
C 275
R
P 0x7f94870ee408
C 361
R
P 0x7f94870ee408
P 0x7f9487114ed8
C 9
R
P 0x7f94870ee408
C 361
R
P 0x7f94870ee408
P 0x7f948c4640a8
P 0x7f9487114d78
I 0
P 0x0
C 321
* 0x7f9487114e98 4
R
P 0x7f94870ee408
C 361
R
P 0x7f94870ee408
P 0x7f9487114e98
C 274
R
P 0x7f94870ee408
C 361
R
P 0x7f94870ee408
P 0x7f9487114e98
C 271
= 0x7f94871132d8
R
P 0x7f94870ee408
C 361
R
P 0x7f94870ee408
P 0x7f94871132d8
C 226
R
P 0x7f94870ee408
C 361
R
P 0x7f94870ee408
P 0x7f9487114e98
C 277
R
P 0x7f94870ee408
C 361
R
P 0x7f94870ee408
P 0x7f9487114e98
C 276
R
P 0x7f94870ee408
C 361
R
P 0x7f94870ee408
P 0x7f9487114e98
C 275
R
P 0x7f94870ee408
C 361
R
P 0x7f94870ee408
P 0x7f9487114e98
C 9
R
P 0x7f94870ee408
C 361
R
P 0x7f94870ee408
P 0x7f948c4640a8
P 0x7f9487114d98
I 0
P 0x0
C 321
* 0x7f9487113eb8 4
R
P 0x7f94870ee408
C 361
R
P 0x7f94870ee408
P 0x7f9487113eb8
C 274
R
P 0x7f94870ee408
C 361
R
P 0x7f94870ee408
P 0x7f9487113eb8
C 271
= 0x7f94871132d8
R
P 0x7f94870ee408
C 361
R
P 0x7f94870ee408
P 0x7f94871132d8
C 226
R
P 0x7f94870ee408
C 361
R
P 0x7f94870ee408
P 0x7f9487113eb8
C 277
R
P 0x7f94870ee408
C 361
R
P 0x7f94870ee408
P 0x7f9487113eb8
C 276
R
P 0x7f94870ee408
C 361
R
P 0x7f94870ee408
P 0x7f9487113eb8
C 275
R
P 0x7f94870ee408
C 361
R
P 0x7f94870ee408
P 0x7f9487113eb8
C 9
R
P 0x7f94870ee408
C 361
R
P 0x7f94870ee408
P 0x7f948c4640a8
P 0x7f9487114db8
I 0
P 0x0
C 321
* 0x7f9487114e78 4
R
P 0x7f94870ee408
C 361
R
P 0x7f94870ee408
P 0x7f9487114e78
C 274
R
P 0x7f94870ee408
C 361
R
P 0x7f94870ee408
P 0x7f9487114e78
C 271
= 0x7f94871132d8
R
P 0x7f94870ee408
C 361
R
P 0x7f94870ee408
P 0x7f94871132d8
C 226
R
P 0x7f94870ee408
C 361
R
P 0x7f94870ee408
P 0x7f9487114e78
C 277
R
P 0x7f94870ee408
C 361
R
P 0x7f94870ee408
P 0x7f9487114e78
C 276
R
P 0x7f94870ee408
C 361
R
P 0x7f94870ee408
P 0x7f9487114e78
C 275
R
P 0x7f94870ee408
C 361
R
P 0x7f94870ee408
P 0x7f9487114e78
C 9
R
P 0x7f94870ee408
C 361
R
P 0x7f94870ee408
P 0x7f948c4640a8
P 0x7f9487114dd8
I 0
P 0x0
C 321
* 0x7f9487114ef8 4
R
P 0x7f94870ee408
C 361
R
P 0x7f94870ee408
P 0x7f9487114ef8
C 274
R
P 0x7f94870ee408
C 361
R
P 0x7f94870ee408
P 0x7f9487114ef8
C 271
= 0x7f94871132d8
R
P 0x7f94870ee408
C 361
R
P 0x7f94870ee408
P 0x7f94871132d8
C 226
R
P 0x7f94870ee408
C 361
R
P 0x7f94870ee408
P 0x7f9487114ef8
C 277
R
P 0x7f94870ee408
C 361
R
P 0x7f94870ee408
P 0x7f9487114ef8
C 276
R
P 0x7f94870ee408
C 361
R
P 0x7f94870ee408
P 0x7f9487114ef8
C 275
R
P 0x7f94870ee408
C 361
R
P 0x7f94870ee408
P 0x7f9487114ef8
C 9
R
P 0x7f94870ee408
C 361
R
P 0x7f94870ee408
P 0x7f948c4640a8
P 0x7f9487114df8
I 0
P 0x0
C 321
* 0x7f9487114138 4
R
P 0x7f94870ee408
C 361
R
P 0x7f94870ee408
P 0x7f9487114138
C 274
R
P 0x7f94870ee408
C 361
R
P 0x7f94870ee408
P 0x7f9487114138
C 271
= 0x7f94871132d8
R
P 0x7f94870ee408
C 361
R
P 0x7f94870ee408
P 0x7f94871132d8
C 226
R
P 0x7f94870ee408
C 361
R
P 0x7f94870ee408
P 0x7f9487114138
C 277
R
P 0x7f94870ee408
C 361
R
P 0x7f94870ee408
P 0x7f9487114138
C 276
R
P 0x7f94870ee408
C 361
R
P 0x7f94870ee408
P 0x7f9487114138
C 275
R
P 0x7f94870ee408
C 361
R
P 0x7f94870ee408
P 0x7f9487114138
C 9
R
P 0x7f94870ee408
C 361
R
P 0x7f94870ee408
P 0x7f948c4640a8
P 0x7f9487114e18
I 0
P 0x0
C 321
* 0x7f9487114eb8 4
R
P 0x7f94870ee408
C 361
R
P 0x7f94870ee408
P 0x7f9487114eb8
C 274
R
P 0x7f94870ee408
C 361
R
P 0x7f94870ee408
P 0x7f9487114eb8
C 271
= 0x7f94871132d8
R
P 0x7f94870ee408
C 361
R
P 0x7f94870ee408
P 0x7f94871132d8
C 226
R
P 0x7f94870ee408
C 361
R
P 0x7f94870ee408
P 0x7f9487114eb8
C 277
R
P 0x7f94870ee408
C 361
R
P 0x7f94870ee408
P 0x7f9487114eb8
C 276
R
P 0x7f94870ee408
C 361
R
P 0x7f94870ee408
P 0x7f9487114eb8
C 275
R
P 0x7f94870ee408
C 361
R
P 0x7f94870ee408
P 0x7f9487114eb8
C 9
R
P 0x7f94870ee408
C 361
R
P 0x7f94870ee408
P 0x7f948c4640a8
P 0x7f9487114e38
I 0
P 0x0
C 321
* 0x7f9487114f18 4
R
P 0x7f94870ee408
C 361
R
P 0x7f94870ee408
P 0x7f9487114f18
C 274
R
P 0x7f94870ee408
C 361
R
P 0x7f94870ee408
P 0x7f9487114f18
C 271
= 0x7f94871132d8
R
P 0x7f94870ee408
C 361
R
P 0x7f94870ee408
P 0x7f94871132d8
C 226
R
P 0x7f94870ee408
C 361
R
P 0x7f94870ee408
P 0x7f9487114f18
C 277
R
P 0x7f94870ee408
C 361
R
P 0x7f94870ee408
P 0x7f9487114f18
C 276
R
P 0x7f94870ee408
C 361
R
P 0x7f94870ee408
P 0x7f9487114f18
C 275
R
P 0x7f94870ee408
C 361
R
P 0x7f94870ee408
P 0x7f9487114f18
C 9
R
P 0x7f94870ee408
C 361
R
P 0x7f94870ee408
P 0x7f948c4640a8
P 0x7f9487114e58
I 0
P 0x0
C 321
* 0x7f9487114f38 4
R
P 0x7f94870ee408
C 361
R
P 0x7f94870ee408
P 0x7f9487114f38
C 274
R
P 0x7f94870ee408
C 361
R
P 0x7f94870ee408
P 0x7f9487114f38
C 271
= 0x7f94871132d8
R
P 0x7f94870ee408
C 361
R
P 0x7f94870ee408
P 0x7f94871132d8
C 226
R
P 0x7f94870ee408
C 361
R
P 0x7f94870ee408
P 0x7f9487114f38
C 277
R
P 0x7f94870ee408
C 361
R
P 0x7f94870ee408
P 0x7f9487114f38
C 276
R
P 0x7f94870ee408
C 361
R
P 0x7f94870ee408
P 0x7f9487114f38
C 275
R
P 0x7f94870ee408
C 361
R
P 0x7f94870ee408
P 0x7f9487114f38
C 9
R
P 0x7f94870ee408
C 361
R
P 0x7f94870ee408
P 0x7f9487114ef8
C 280
R
P 0x7f94870ee408
C 361
R
P 0x7f94870ee408
P 0x7f9487113eb8
C 280
R
P 0x7f94870ee408
C 361
R
P 0x7f94870ee408
P 0x7f9487114ed8
C 280
R
P 0x7f94870ee408
C 361
R
P 0x7f94870ee408
P 0x7f9487114f18
C 280
R
P 0x7f94870ee408
C 361
R
P 0x7f94870ee408
P 0x7f9487114e78
C 280
R
P 0x7f94870ee408
C 361
R
P 0x7f94870ee408
P 0x7f9487114e98
C 280
R
P 0x7f94870ee408
C 361
R
P 0x7f94870ee408
P 0x7f9487114f38
C 280
R
P 0x7f94870ee408
C 361
R
P 0x7f94870ee408
P 0x7f9487114eb8
C 280
R
P 0x7f94870ee408
C 361
R
P 0x7f94870ee408
P 0x7f9487114138
C 280
R
P 0x7f94870ee408
C 361
R
P 0x7f94870ee408
P 0x7f9487114138
C 280
R
P 0x7f94870ee408
C 361
R
P 0x7f94870ee408
P 0x7f9487114eb8
C 280
R
P 0x7f94870ee408
C 361
R
P 0x7f94870ee408
P 0x7f9487114e98
C 280
R
P 0x7f94870ee408
C 361
R
P 0x7f94870ee408
P 0x7f9487114ed8
C 280
R
P 0x7f94870ee408
C 361
R
P 0x7f94870ee408
P 0x7f9487113eb8
C 280
R
P 0x7f94870ee408
C 361
R
P 0x7f94870ee408
P 0x7f9487114f38
C 280
R
P 0x7f94870ee408
C 361
R
P 0x7f94870ee408
P 0x7f9487114f18
C 280
R
P 0x7f94870ee408
C 361
R
P 0x7f94870ee408
P 0x7f9487114e78
C 280
R
P 0x7f94870ee408
C 361
R
P 0x7f94870ee408
P 0x7f9487114ef8
C 280
R
P 0x7f94870ee408
C 361
R
P 0x7f94870ee408
P 0x7f9487114f38
C 280
R
P 0x7f94870ee408
C 361
R
P 0x7f94870ee408
P 0x7f9487114f18
C 280
R
P 0x7f94870ee408
C 361
R
P 0x7f94870ee408
P 0x7f9487114e78
C 280
R
P 0x7f94870ee408
C 361
R
P 0x7f94870ee408
P 0x7f9487114ef8
C 280
R
P 0x7f94870ee408
C 361
R
P 0x7f94870ee408
P 0x7f9487114138
C 280
R
P 0x7f94870ee408
C 361
R
P 0x7f94870ee408
P 0x7f9487114eb8
C 280
R
P 0x7f94870ee408
C 361
R
P 0x7f94870ee408
P 0x7f9487113eb8
C 280
R
P 0x7f94870ee408
C 361
R
P 0x7f94870ee408
P 0x7f9487114e98
C 280
R
P 0x7f94870ee408
C 361
R
P 0x7f94870ee408
P 0x7f9487114ed8
C 280
R
P 0x7f94870ee408
C 361
R
P 0x7f94870ee408
P 0x7f9487114e98
C 280
R
P 0x7f94870ee408
C 361
R
P 0x7f94870ee408
P 0x7f9487114e78
C 280
R
P 0x7f94870ee408
C 361
R
P 0x7f94870ee408
P 0x7f9487114eb8
C 280
R
P 0x7f94870ee408
C 361
R
P 0x7f94870ee408
P 0x7f9487114f38
C 280
R
P 0x7f94870ee408
C 361
R
P 0x7f94870ee408
P 0x7f9487114ed8
C 280
R
P 0x7f94870ee408
C 361
R
P 0x7f94870ee408
P 0x7f9487114ef8
C 280
R
P 0x7f94870ee408
C 361
R
P 0x7f94870ee408
P 0x7f9487114138
C 280
R
P 0x7f94870ee408
C 361
R
P 0x7f94870ee408
P 0x7f9487113eb8
C 280
R
P 0x7f94870ee408
C 361
R
P 0x7f94870ee408
P 0x7f9487114f18
C 280
R
P 0x7f94870ee408
C 361
R
P 0x7f94870ee408
P 0x7f9487114f18
C 280
R
P 0x7f94870ee408
C 361
R
P 0x7f94870ee408
P 0x7f9487114f38
C 280
R
P 0x7f94870ee408
C 361
R
P 0x7f94870ee408
P 0x7f9487114ef8
C 280
R
P 0x7f94870ee408
C 361
R
P 0x7f94870ee408
P 0x7f9487114138
C 280
R
P 0x7f94870ee408
C 361
R
P 0x7f94870ee408
P 0x7f9487114eb8
C 280
R
P 0x7f94870ee408
C 361
R
P 0x7f94870ee408
P 0x7f9487113eb8
C 280
R
P 0x7f94870ee408
C 361
R
P 0x7f94870ee408
P 0x7f9487114e78
C 280
R
P 0x7f94870ee408
C 361
R
P 0x7f94870ee408
P 0x7f9487114ed8
C 280
R
P 0x7f94870ee408
C 361
R
P 0x7f94870ee408
P 0x7f9487114e98
C 280
R
P 0x7f94870ee408
C 361
R
P 0x7f94870ee408
P 0x7f9487113eb8
C 280
R
P 0x7f94870ee408
C 361
R
P 0x7f94870ee408
P 0x7f9487114ed8
C 280
R
P 0x7f94870ee408
C 361
R
P 0x7f94870ee408
P 0x7f9487114138
C 280
R
P 0x7f94870ee408
C 361
R
P 0x7f94870ee408
P 0x7f9487114e98
C 280
R
P 0x7f94870ee408
C 361
R
P 0x7f94870ee408
P 0x7f9487114f18
C 280
R
P 0x7f94870ee408
C 361
R
P 0x7f94870ee408
P 0x7f9487114e78
C 280
R
P 0x7f94870ee408
C 361
R
P 0x7f94870ee408
P 0x7f9487114ef8
C 280
R
P 0x7f94870ee408
C 361
R
P 0x7f94870ee408
P 0x7f9487114f38
C 280
R
P 0x7f94870ee408
C 361
R
P 0x7f94870ee408
P 0x7f9487114eb8
C 280
R
P 0x7f94870ee408
C 361
R
P 0x7f94870ee408
P 0x7f9487114eb8
C 280
R
P 0x7f94870ee408
C 361
R
P 0x7f94870ee408
P 0x7f9487114ef8
C 280
R
P 0x7f94870ee408
C 361
R
P 0x7f94870ee408
P 0x7f9487114f38
C 280
R
P 0x7f94870ee408
C 361
R
P 0x7f94870ee408
P 0x7f9487113eb8
C 280
R
P 0x7f94870ee408
C 361
R
P 0x7f94870ee408
P 0x7f9487114e98
C 280
R
P 0x7f94870ee408
C 361
R
P 0x7f94870ee408
P 0x7f9487114f18
C 280
R
P 0x7f94870ee408
C 361
R
P 0x7f94870ee408
P 0x7f9487114ed8
C 280
R
P 0x7f94870ee408
C 361
R
P 0x7f94870ee408
P 0x7f9487114138
C 280
R
P 0x7f94870ee408
C 361
R
P 0x7f94870ee408
P 0x7f9487114e78
C 280
R
P 0x7f94870ee408
C 361
R
P 0x7f94870ee408
P 0x7f9487114e78
C 280
R
P 0x7f94870ee408
C 361
R
P 0x7f94870ee408
P 0x7f9487114138
C 280
R
P 0x7f94870ee408
C 361
R
P 0x7f94870ee408
P 0x7f9487114f18
C 280
R
P 0x7f94870ee408
C 361
R
P 0x7f94870ee408
P 0x7f9487114eb8
C 280
R
P 0x7f94870ee408
C 361
R
P 0x7f94870ee408
P 0x7f9487114f38
C 280
R
P 0x7f94870ee408
C 361
R
P 0x7f94870ee408
P 0x7f9487114ed8
C 280
R
P 0x7f94870ee408
C 361
R
P 0x7f94870ee408
P 0x7f9487114e98
C 280
R
P 0x7f94870ee408
C 361
R
P 0x7f94870ee408
P 0x7f9487114ef8
C 280
R
P 0x7f94870ee408
C 361
R
P 0x7f94870ee408
P 0x7f9487113eb8
C 280
R
P 0x7f94870ee408
C 361
R
P 0x7f94870ee408
P 0x7f9487114ed8
C 280
R
P 0x7f94870ee408
C 361
R
P 0x7f94870ee408
P 0x7f9487114e98
C 280
R
P 0x7f94870ee408
C 361
R
P 0x7f94870ee408
P 0x7f9487113eb8
C 280
R
P 0x7f94870ee408
C 361
R
P 0x7f94870ee408
P 0x7f9487114e78
C 280
R
P 0x7f94870ee408
C 361
R
P 0x7f94870ee408
P 0x7f9487114ef8
C 280
R
P 0x7f94870ee408
C 361
R
P 0x7f94870ee408
P 0x7f9487114138
C 280
R
P 0x7f94870ee408
C 361
R
P 0x7f94870ee408
P 0x7f9487114eb8
C 280
R
P 0x7f94870ee408
C 361
R
P 0x7f94870ee408
P 0x7f9487114f18
C 280
R
P 0x7f94870ee408
C 361
R
P 0x7f94870ee408
P 0x7f9487114f38
C 280
R
P 0x7f94870ee408
C 361
M "QuantifierExample"
R
P 0x7f94870ee408
S "x_0"
C 30
R
P 0x7f94870ee408
C 361
R
P 0x7f94870ee408
$ |x_0|
C 219
R
P 0x7f94870ee408
C 361
R
P 0x7f94870ee408
$ |x_0|
P 0x7f94871132d8
C 51
= 0x7f94876f7358
R
P 0x7f94870ee408
C 361
R
P 0x7f94870ee408
P 0x7f94876f7358
C 274
R
P 0x7f94870ee408
C 361
R
P 0x7f94870ee408
P 0x7f94876f7358
C 271
= 0x7f94871132d8
R
P 0x7f94870ee408
C 361
R
P 0x7f94870ee408
P 0x7f94871132d8
C 226
R
P 0x7f94870ee408
C 361
R
P 0x7f94870ee408
P 0x7f94876f7358
C 277
R
P 0x7f94870ee408
C 361
R
P 0x7f94870ee408
P 0x7f94876f7358
C 276
R
P 0x7f94870ee408
C 361
R
P 0x7f94870ee408
P 0x7f94876f7358
C 275
R
P 0x7f94870ee408
C 361
R
P 0x7f94870ee408
P 0x7f94876f7358
C 9
R
P 0x7f94870ee408
C 361
R
P 0x7f94870ee408
U 2
P 0x7f94871132d8
C 208
= 0x7f94876f7338
R
P 0x7f94870ee408
C 361
R
P 0x7f94870ee408
P 0x7f94876f7338
C 274
R
P 0x7f94870ee408
C 361
R
P 0x7f94870ee408
P 0x7f94876f7338
C 271
= 0x7f94871132d8
R
P 0x7f94870ee408
C 361
R
P 0x7f94870ee408
P 0x7f94871132d8
C 226
R
P 0x7f94870ee408
C 361
R
P 0x7f94870ee408
P 0x7f94876f7338
C 277
R
P 0x7f94870ee408
C 361
R
P 0x7f94870ee408
P 0x7f94876f7338
C 276
R
P 0x7f94870ee408
C 361
R
P 0x7f94870ee408
P 0x7f94876f7338
C 275
R
P 0x7f94870ee408
C 361
R
P 0x7f94870ee408
P 0x7f94876f7338
C 274
R
P 0x7f94870ee408
C 361
R
P 0x7f94870ee408
P 0x7f94876f7338
C 9
R
P 0x7f94870ee408
C 361
R
P 0x7f94870ee408
S "x_1"
C 30
R
P 0x7f94870ee408
C 361
R
P 0x7f94870ee408
$ |x_1|
C 219
R
P 0x7f94870ee408
C 361
R
P 0x7f94870ee408
$ |x_1|
P 0x7f94871132d8
C 51
= 0x7f94876f7318
R
P 0x7f94870ee408
C 361
R
P 0x7f94870ee408
P 0x7f94876f7318
C 274
R
P 0x7f94870ee408
C 361
R
P 0x7f94870ee408
P 0x7f94876f7318
C 271
= 0x7f94871132d8
R
P 0x7f94870ee408
C 361
R
P 0x7f94870ee408
P 0x7f94871132d8
C 226
R
P 0x7f94870ee408
C 361
R
P 0x7f94870ee408
P 0x7f94876f7318
C 277
R
P 0x7f94870ee408
C 361
R
P 0x7f94870ee408
P 0x7f94876f7318
C 276
R
P 0x7f94870ee408
C 361
R
P 0x7f94870ee408
P 0x7f94876f7318
C 275
R
P 0x7f94870ee408
C 361
R
P 0x7f94870ee408
P 0x7f94876f7318
C 9
R
P 0x7f94870ee408
C 361
R
P 0x7f94870ee408
U 1
P 0x7f94871132d8
C 208
= 0x7f94876f72f8
R
P 0x7f94870ee408
C 361
R
P 0x7f94870ee408
P 0x7f94876f72f8
C 274
R
P 0x7f94870ee408
C 361
R
P 0x7f94870ee408
P 0x7f94876f72f8
C 271
= 0x7f94871132d8
R
P 0x7f94870ee408
C 361
R
P 0x7f94870ee408
P 0x7f94871132d8
C 226
R
P 0x7f94870ee408
C 361
R
P 0x7f94870ee408
P 0x7f94876f72f8
C 277
R
P 0x7f94870ee408
C 361
R
P 0x7f94870ee408
P 0x7f94876f72f8
C 276
R
P 0x7f94870ee408
C 361
R
P 0x7f94870ee408
P 0x7f94876f72f8
C 275
R
P 0x7f94870ee408
C 361
R
P 0x7f94870ee408
P 0x7f94876f72f8
C 274
R
P 0x7f94870ee408
C 361
R
P 0x7f94870ee408
P 0x7f94876f72f8
C 9
R
P 0x7f94870ee408
C 361
R
P 0x7f94870ee408
S "x_2"
C 30
R
P 0x7f94870ee408
C 361
R
P 0x7f94870ee408
$ |x_2|
C 219
R
P 0x7f94870ee408
C 361
R
P 0x7f94870ee408
$ |x_2|
P 0x7f94871132d8
C 51
= 0x7f94876f72d8
R
P 0x7f94870ee408
C 361
R
P 0x7f94870ee408
P 0x7f94876f72d8
C 274
R
P 0x7f94870ee408
C 361
R
P 0x7f94870ee408
P 0x7f94876f72d8
C 271
= 0x7f94871132d8
R
P 0x7f94870ee408
C 361
R
P 0x7f94870ee408
P 0x7f94871132d8
C 226
R
P 0x7f94870ee408
C 361
R
P 0x7f94870ee408
P 0x7f94876f72d8
C 277
R
P 0x7f94870ee408
C 361
R
P 0x7f94870ee408
P 0x7f94876f72d8
C 276
R
P 0x7f94870ee408
C 361
R
P 0x7f94870ee408
P 0x7f94876f72d8
C 275
R
P 0x7f94870ee408
C 361
R
P 0x7f94870ee408
P 0x7f94876f72d8
C 9
R
P 0x7f94870ee408
C 361
R
P 0x7f94870ee408
U 0
P 0x7f94871132d8
C 208
= 0x7f94876f72b8
R
P 0x7f94870ee408
C 361
R
P 0x7f94870ee408
P 0x7f94876f72b8
C 274
R
P 0x7f94870ee408
C 361
R
P 0x7f94870ee408
P 0x7f94876f72b8
C 271
= 0x7f94871132d8
R
P 0x7f94870ee408
C 361
R
P 0x7f94870ee408
P 0x7f94871132d8
C 226
R
P 0x7f94870ee408
C 361
R
P 0x7f94870ee408
P 0x7f94876f72b8
C 277
R
P 0x7f94870ee408
C 361
R
P 0x7f94870ee408
P 0x7f94876f72b8
C 276
R
P 0x7f94870ee408
C 361
R
P 0x7f94870ee408
P 0x7f94876f72b8
C 275
R
P 0x7f94870ee408
C 361
R
P 0x7f94870ee408
P 0x7f94876f72b8
C 274
R
P 0x7f94870ee408
C 361
R
P 0x7f94870ee408
P 0x7f94876f72b8
C 9
R
P 0x7f94870ee408
C 361
R
P 0x7f94870ee408
I 1
P 0x7f94871132d8
C 154
= 0x7f9487113eb8
R
P 0x7f94870ee408
C 361
R
P 0x7f94870ee408
P 0x7f9487113eb8
C 275
R
P 0x7f94870ee408
C 361
R
P 0x7f94870ee408
P 0x7f9487113eb8
C 9
R
P 0x7f94870ee408
C 361
R
P 0x7f94870ee408
U 2
P 0x7f94876f7338
P 0x7f9487113eb8
p 2
C 67
= 0x7f94874b9578
R
P 0x7f94870ee408
C 361
R
P 0x7f94870ee408
P 0x7f94874b9578
C 274
R
P 0x7f94870ee408
C 361
R
P 0x7f94870ee408
P 0x7f94874b9578
C 271
= 0x7f94871132d8
R
P 0x7f94870ee408
C 361
R
P 0x7f94870ee408
P 0x7f94871132d8
C 226
R
P 0x7f94870ee408
C 361
R
P 0x7f94870ee408
P 0x7f94874b9578
C 277
R
P 0x7f94870ee408
C 361
R
P 0x7f94870ee408
P 0x7f94874b9578
C 276
R
P 0x7f94870ee408
C 361
R
P 0x7f94870ee408
P 0x7f94874b9578
C 275
R
P 0x7f94870ee408
C 361
R
P 0x7f94870ee408
P 0x7f94874b9578
C 9
R
P 0x7f94870ee408
C 361
R
P 0x7f94870ee408
I 2
P 0x7f94871132d8
C 154
= 0x7f9487114138
R
P 0x7f94870ee408
C 361
R
P 0x7f94870ee408
P 0x7f9487114138
C 275
R
P 0x7f94870ee408
C 361
R
P 0x7f94870ee408
P 0x7f9487114138
C 9
R
P 0x7f94870ee408
C 361
R
P 0x7f94870ee408
P 0x7f94874b9578
P 0x7f9487114138
C 58
= 0x7f94875317b8
R
P 0x7f94870ee408
C 361
R
P 0x7f94870ee408
P 0x7f94875317b8
C 275
R
P 0x7f94870ee408
C 361
R
P 0x7f94870ee408
P 0x7f94875317b8
C 9
R
P 0x7f94870ee408
C 361
R
P 0x7f94870ee408
I 2
P 0x7f94871132d8
C 154
= 0x7f9487114138
R
P 0x7f94870ee408
C 361
R
P 0x7f94870ee408
P 0x7f9487114138
C 275
R
P 0x7f94870ee408
C 361
R
P 0x7f94870ee408
P 0x7f9487114138
C 9
R
P 0x7f94870ee408
C 361
R
P 0x7f94870ee408
U 2
P 0x7f94876f72f8
P 0x7f9487114138
p 2
C 67
= 0x7f9487544ef0
R
P 0x7f94870ee408
C 361
R
P 0x7f94870ee408
P 0x7f9487544ef0
C 274
R
P 0x7f94870ee408
C 361
R
P 0x7f94870ee408
P 0x7f9487544ef0
C 271
= 0x7f94871132d8
R
P 0x7f94870ee408
C 361
R
P 0x7f94870ee408
P 0x7f94871132d8
C 226
R
P 0x7f94870ee408
C 361
R
P 0x7f94870ee408
P 0x7f9487544ef0
C 277
R
P 0x7f94870ee408
C 361
R
P 0x7f94870ee408
P 0x7f9487544ef0
C 276
R
P 0x7f94870ee408
C 361
R
P 0x7f94870ee408
P 0x7f9487544ef0
C 275
R
P 0x7f94870ee408
C 361
R
P 0x7f94870ee408
P 0x7f9487544ef0
C 9
R
P 0x7f94870ee408
C 361
R
P 0x7f94870ee408
I 3
P 0x7f94871132d8
C 154
= 0x7f9487114eb8
R
P 0x7f94870ee408
C 361
R
P 0x7f94870ee408
P 0x7f9487114eb8
C 275
R
P 0x7f94870ee408
C 361
R
P 0x7f94870ee408
P 0x7f9487114eb8
C 9
R
P 0x7f94870ee408
C 361
R
P 0x7f94870ee408
U 2
P 0x7f94876f72b8
P 0x7f9487114eb8
p 2
C 67
= 0x7f94874b9540
R
P 0x7f94870ee408
C 361
R
P 0x7f94870ee408
P 0x7f94874b9540
C 274
R
P 0x7f94870ee408
C 361
R
P 0x7f94870ee408
P 0x7f94874b9540
C 271
= 0x7f94871132d8
R
P 0x7f94870ee408
C 361
R
P 0x7f94870ee408
P 0x7f94871132d8
C 226
R
P 0x7f94870ee408
C 361
R
P 0x7f94870ee408
P 0x7f94874b9540
C 277
R
P 0x7f94870ee408
C 361
R
P 0x7f94870ee408
P 0x7f94874b9540
C 276
R
P 0x7f94870ee408
C 361
R
P 0x7f94870ee408
P 0x7f94874b9540
C 275
R
P 0x7f94870ee408
C 361
R
P 0x7f94870ee408
P 0x7f94874b9540
C 9
R
P 0x7f94870ee408
C 361
R
P 0x7f94870ee408
P 0x7f9487544ef0
P 0x7f94874b9540
C 58
= 0x7f9487531780
R
P 0x7f94870ee408
C 361
R
P 0x7f94870ee408
P 0x7f9487531780
C 275
R
P 0x7f94870ee408
C 361
R
P 0x7f94870ee408
P 0x7f9487531780
C 9
R
P 0x7f94870ee408
C 361
R
P 0x7f94870ee408
U 2
P 0x7f94875317b8
P 0x7f9487531780
p 2
C 65
= 0x7f9487544eb8
R
P 0x7f94870ee408
C 361
R
P 0x7f94870ee408
P 0x7f9487544eb8
C 275
R
P 0x7f94870ee408
C 361
R
P 0x7f94870ee408
P 0x7f9487544eb8
C 9
R
P 0x7f94870ee408
C 361
R
P 0x7f94870ee408
I 1
P 0x7f94871132d8
C 154
= 0x7f9487113eb8
R
P 0x7f94870ee408
C 361
R
P 0x7f94870ee408
P 0x7f9487113eb8
C 275
R
P 0x7f94870ee408
C 361
R
P 0x7f94870ee408
P 0x7f9487113eb8
C 9
R
P 0x7f94870ee408
C 361
R
P 0x7f94870ee408
U 2
P 0x7f94876f7358
P 0x7f9487113eb8
p 2
C 67
= 0x7f94874b9508
R
P 0x7f94870ee408
C 361
R
P 0x7f94870ee408
P 0x7f94874b9508
C 274
R
P 0x7f94870ee408
C 361
R
P 0x7f94870ee408
P 0x7f94874b9508
C 271
= 0x7f94871132d8
R
P 0x7f94870ee408
C 361
R
P 0x7f94870ee408
P 0x7f94871132d8
C 226
R
P 0x7f94870ee408
C 361
R
P 0x7f94870ee408
P 0x7f94874b9508
C 277
R
P 0x7f94870ee408
C 361
R
P 0x7f94870ee408
P 0x7f94874b9508
C 276
R
P 0x7f94870ee408
C 361
R
P 0x7f94870ee408
P 0x7f94874b9508
C 275
R
P 0x7f94870ee408
C 361
R
P 0x7f94870ee408
P 0x7f94874b9508
C 9
R
P 0x7f94870ee408
C 361
R
P 0x7f94870ee408
I 2
P 0x7f94871132d8
C 154
= 0x7f9487114138
R
P 0x7f94870ee408
C 361
R
P 0x7f94870ee408
P 0x7f9487114138
C 275
R
P 0x7f94870ee408
C 361
R
P 0x7f94870ee408
P 0x7f9487114138
C 9
R
P 0x7f94870ee408
C 361
R
P 0x7f94870ee408
P 0x7f94874b9508
P 0x7f9487114138
C 58
= 0x7f948752b0b8
R
P 0x7f94870ee408
C 361
R
P 0x7f94870ee408
P 0x7f948752b0b8
C 275
R
P 0x7f94870ee408
C 361
R
P 0x7f94870ee408
P 0x7f948752b0b8
C 9
R
P 0x7f94870ee408
C 361
R
P 0x7f94870ee408
I 2
P 0x7f94871132d8
C 154
= 0x7f9487114138
R
P 0x7f94870ee408
C 361
R
P 0x7f94870ee408
P 0x7f9487114138
C 275
R
P 0x7f94870ee408
C 361
R
P 0x7f94870ee408
P 0x7f9487114138
C 9
R
P 0x7f94870ee408
C 361
R
P 0x7f94870ee408
U 2
P 0x7f94876f7318
P 0x7f9487114138
p 2
C 67
= 0x7f9487544e80
R
P 0x7f94870ee408
C 361
R
P 0x7f94870ee408
P 0x7f9487544e80
C 274
R
P 0x7f94870ee408
C 361
R
P 0x7f94870ee408
P 0x7f9487544e80
C 271
= 0x7f94871132d8
R
P 0x7f94870ee408
C 361
R
P 0x7f94870ee408
P 0x7f94871132d8
C 226
R
P 0x7f94870ee408
C 361
R
P 0x7f94870ee408
P 0x7f9487544e80
C 277
R
P 0x7f94870ee408
C 361
R
P 0x7f94870ee408
P 0x7f9487544e80
C 276
R
P 0x7f94870ee408
C 361
R
P 0x7f94870ee408
P 0x7f9487544e80
C 275
R
P 0x7f94870ee408
C 361
R
P 0x7f94870ee408
P 0x7f9487544e80
C 9
R
P 0x7f94870ee408
C 361
R
P 0x7f94870ee408
I 3
P 0x7f94871132d8
C 154
= 0x7f9487114eb8
R
P 0x7f94870ee408
C 361
R
P 0x7f94870ee408
P 0x7f9487114eb8
C 275
R
P 0x7f94870ee408
C 361
R
P 0x7f94870ee408
P 0x7f9487114eb8
C 9
R
P 0x7f94870ee408
C 361
R
P 0x7f94870ee408
U 2
P 0x7f94876f72d8
P 0x7f9487114eb8
p 2
C 67
= 0x7f94875316d8
R
P 0x7f94870ee408
C 361
R
P 0x7f94870ee408
P 0x7f94875316d8
C 274
R
P 0x7f94870ee408
C 361
R
P 0x7f94870ee408
P 0x7f94875316d8
C 271
= 0x7f94871132d8
R
P 0x7f94870ee408
C 361
R
P 0x7f94870ee408
P 0x7f94871132d8
C 226
R
P 0x7f94870ee408
C 361
R
P 0x7f94870ee408
P 0x7f94875316d8
C 277
R
P 0x7f94870ee408
C 361
R
P 0x7f94870ee408
P 0x7f94875316d8
C 276
R
P 0x7f94870ee408
C 361
R
P 0x7f94870ee408
P 0x7f94875316d8
C 275
R
P 0x7f94870ee408
C 361
R
P 0x7f94870ee408
P 0x7f94875316d8
C 9
R
P 0x7f94870ee408
C 361
R
P 0x7f94870ee408
P 0x7f9487544e80
P 0x7f94875316d8
C 58
= 0x7f94875316a0
R
P 0x7f94870ee408
C 361
R
P 0x7f94870ee408
P 0x7f94875316a0
C 275
R
P 0x7f94870ee408
C 361
R
P 0x7f94870ee408
P 0x7f94875316a0
C 9
R
P 0x7f94870ee408
C 361
R
P 0x7f94870ee408
U 2
P 0x7f948752b0b8
P 0x7f94875316a0
p 2
C 65
= 0x7f9487531668
R
P 0x7f94870ee408
C 361
R
P 0x7f94870ee408
P 0x7f9487531668
C 275
R
P 0x7f94870ee408
C 361
R
P 0x7f94870ee408
P 0x7f9487531668
C 9
R
P 0x7f94870ee408
C 361
R
P 0x7f94870ee408
S "Q1"
C 30
R
P 0x7f94870ee408
C 361
R
P 0x7f94870ee408
$ |Q1|
C 219
R
P 0x7f94870ee408
C 361
R
P 0x7f94870ee408
S "skid1"
C 30
R
P 0x7f94870ee408
C 361
R
P 0x7f94870ee408
$ |skid1|
C 219
R
P 0x7f94870ee408
C 361
R
P 0x7f94870ee408
I 1
U 1
$ |Q1|
$ |skid1|
U 0
p 0
U 0
p 0
U 3
P 0x7f94871132d8
P 0x7f94871132d8
P 0x7f94871132d8
p 3
$ |x_0|
$ |x_1|
$ |x_2|
s 3
P 0x7f9487544eb8
C 212
= 0x7f948b89b318
R
P 0x7f94870ee408
C 361
R
P 0x7f94870ee408
P 0x7f948b89b318
C 274
R
P 0x7f94870ee408
C 361
R
P 0x7f94870ee408
P 0x7f948b89b318
C 275
R
P 0x7f94870ee408
C 361
R
P 0x7f94870ee408
P 0x7f948b89b318
C 274
R
P 0x7f94870ee408
C 361
R
P 0x7f94870ee408
P 0x7f948b89b318
C 274
R
P 0x7f94870ee408
C 361
R
P 0x7f94870ee408
P 0x7f948b89b318
C 9
R
P 0x7f94870ee408
C 361
R
P 0x7f94870ee408
P 0x7f948b89b318
C 352
R
P 0x7f94870ee408
C 361
R
P 0x7f94870ee408
S "Q2"
C 30
R
P 0x7f94870ee408
C 361
R
P 0x7f94870ee408
$ |Q2|
C 219
R
P 0x7f94870ee408
C 361
R
P 0x7f94870ee408
S "skid2"
C 30
R
P 0x7f94870ee408
C 361
R
P 0x7f94870ee408
$ |skid2|
C 219
R
P 0x7f94870ee408
C 361
R
P 0x7f94870ee408
I 1
U 1
$ |Q2|
$ |skid2|
U 3
P 0x7f94876f7358
P 0x7f94876f7318
P 0x7f94876f72d8
p 3
U 0
p 0
U 0
p 0
P 0x7f9487531668
C 216
= 0x7f948b89b318
R
P 0x7f94870ee408
C 361
R
P 0x7f94870ee408
P 0x7f948b89b318
C 274
R
P 0x7f94870ee408
C 361
R
P 0x7f94870ee408
P 0x7f948b89b318
C 275
R
P 0x7f94870ee408
C 361
R
P 0x7f94870ee408
P 0x7f948b89b318
C 274
R
P 0x7f94870ee408
C 361
R
P 0x7f94870ee408
P 0x7f948b89b318
C 274
R
P 0x7f94870ee408
C 361
R
P 0x7f94870ee408
P 0x7f948b89b318
C 9
R
P 0x7f94870ee408
C 361
R
P 0x7f94870ee408
P 0x7f948b89b318
C 352
R
P 0x7f94870ee408
C 361
M "QuantifierExample2"
R
P 0x7f94870ee408
S "f"
C 30
R
P 0x7f94870ee408
C 361
R
P 0x7f94870ee408
$ |f|
C 219
R
P 0x7f94870ee408
C 361
R
P 0x7f94870ee408
$ |f|
U 1
P 0x7f94871132d8
p 1
P 0x7f94871132d8
C 49
= 0x7f9487531630
R
P 0x7f94870ee408
C 361
R
P 0x7f94870ee408
P 0x7f9487531630
C 274
R
P 0x7f94870ee408
C 361
R
P 0x7f94870ee408
P 0x7f9487531630
C 9
R
P 0x7f94870ee408
C 361
R
P 0x7f94870ee408
S "g"
C 30
R
P 0x7f94870ee408
C 361
R
P 0x7f94870ee408
$ |g|
C 219
R
P 0x7f94870ee408
C 361
R
P 0x7f94870ee408
$ |g|
U 1
P 0x7f94871132d8
p 1
P 0x7f94871132d8
C 49
= 0x7f9487531518
R
P 0x7f94870ee408
C 361
R
P 0x7f94870ee408
P 0x7f9487531518
C 274
R
P 0x7f94870ee408
C 361
R
P 0x7f94870ee408
P 0x7f9487531518
C 9
R
P 0x7f94870ee408
C 361
R
P 0x7f94870ee408
S "x"
C 30
R
P 0x7f94870ee408
C 361
R
P 0x7f94870ee408
$ |x|
C 219
R
P 0x7f94870ee408
C 361
R
P 0x7f94870ee408
$ |x|
P 0x7f94871132d8
C 51
= 0x7f9487113bf8
R
P 0x7f94870ee408
C 361
R
P 0x7f94870ee408
P 0x7f9487113bf8
C 274
R
P 0x7f94870ee408
C 361
R
P 0x7f94870ee408
P 0x7f9487113bf8
C 271
= 0x7f94871132d8
R
P 0x7f94870ee408
C 361
R
P 0x7f94870ee408
P 0x7f94871132d8
C 226
R
P 0x7f94870ee408
C 361
R
P 0x7f94870ee408
P 0x7f9487113bf8
C 277
R
P 0x7f94870ee408
C 361
R
P 0x7f94870ee408
P 0x7f9487113bf8
C 276
R
P 0x7f94870ee408
C 361
R
P 0x7f94870ee408
P 0x7f9487113bf8
C 275
R
P 0x7f94870ee408
C 361
R
P 0x7f94870ee408
P 0x7f9487113bf8
C 9
R
P 0x7f94870ee408
C 361
R
P 0x7f94870ee408
S "y"
C 30
R
P 0x7f94870ee408
C 361
R
P 0x7f94870ee408
$ |y|
C 219
R
P 0x7f94870ee408
C 361
R
P 0x7f94870ee408
$ |y|
P 0x7f94871132d8
C 51
= 0x7f9487113c18
R
P 0x7f94870ee408
C 361
R
P 0x7f94870ee408
P 0x7f9487113c18
C 274
R
P 0x7f94870ee408
C 361
R
P 0x7f94870ee408
P 0x7f9487113c18
C 271
= 0x7f94871132d8
R
P 0x7f94870ee408
C 361
R
P 0x7f94870ee408
P 0x7f94871132d8
C 226
R
P 0x7f94870ee408
C 361
R
P 0x7f94870ee408
P 0x7f9487113c18
C 277
R
P 0x7f94870ee408
C 361
R
P 0x7f94870ee408
P 0x7f9487113c18
C 276
R
P 0x7f94870ee408
C 361
R
P 0x7f94870ee408
P 0x7f9487113c18
C 275
R
P 0x7f94870ee408
C 361
R
P 0x7f94870ee408
P 0x7f9487113c18
C 9
R
P 0x7f94870ee408
C 361
R
P 0x7f94870ee408
P 0x7f9487531630
U 1
P 0x7f9487113bf8
p 1
C 50
= 0x7f948753dfc8
R
P 0x7f94870ee408
C 361
R
P 0x7f94870ee408
P 0x7f948753dfc8
C 274
R
P 0x7f94870ee408
C 361
R
P 0x7f94870ee408
P 0x7f948753dfc8
C 271
= 0x7f94871132d8
R
P 0x7f94870ee408
C 361
R
P 0x7f94870ee408
P 0x7f94871132d8
C 226
R
P 0x7f94870ee408
C 361
R
P 0x7f94870ee408
P 0x7f948753dfc8
C 277
R
P 0x7f94870ee408
C 361
R
P 0x7f94870ee408
P 0x7f948753dfc8
C 276
R
P 0x7f94870ee408
C 361
R
P 0x7f94870ee408
P 0x7f948753dfc8
C 275
R
P 0x7f94870ee408
C 361
R
P 0x7f94870ee408
P 0x7f948753dfc8
C 9
R
P 0x7f94870ee408
C 361
R
P 0x7f94870ee408
P 0x7f9487531630
U 1
P 0x7f9487113c18
p 1
C 50
= 0x7f948753df98
R
P 0x7f94870ee408
C 361
R
P 0x7f94870ee408
P 0x7f948753df98
C 274
R
P 0x7f94870ee408
C 361
R
P 0x7f94870ee408
P 0x7f948753df98
C 271
= 0x7f94871132d8
R
P 0x7f94870ee408
C 361
R
P 0x7f94870ee408
P 0x7f94871132d8
C 226
R
P 0x7f94870ee408
C 361
R
P 0x7f94870ee408
P 0x7f948753df98
C 277
R
P 0x7f94870ee408
C 361
R
P 0x7f94870ee408
P 0x7f948753df98
C 276
R
P 0x7f94870ee408
C 361
R
P 0x7f94870ee408
P 0x7f948753df98
C 275
R
P 0x7f94870ee408
C 361
R
P 0x7f94870ee408
P 0x7f948753df98
C 9
R
P 0x7f94870ee408
C 361
R
P 0x7f94870ee408
P 0x7f9487531518
U 1
P 0x7f9487113c18
p 1
C 50
= 0x7f948753df68
R
P 0x7f94870ee408
C 361
R
P 0x7f94870ee408
P 0x7f948753df68
C 274
R
P 0x7f94870ee408
C 361
R
P 0x7f94870ee408
P 0x7f948753df68
C 271
= 0x7f94871132d8
R
P 0x7f94870ee408
C 361
R
P 0x7f94870ee408
P 0x7f94871132d8
C 226
R
P 0x7f94870ee408
C 361
R
P 0x7f94870ee408
P 0x7f948753df68
C 277
R
P 0x7f94870ee408
C 361
R
P 0x7f94870ee408
P 0x7f948753df68
C 276
R
P 0x7f94870ee408
C 361
R
P 0x7f94870ee408
P 0x7f948753df68
C 275
R
P 0x7f94870ee408
C 361
R
P 0x7f94870ee408
P 0x7f948753df68
C 9
R
P 0x7f94870ee408
C 361
R
P 0x7f94870ee408
U 2
P 0x7f948753dfc8
P 0x7f948753df68
p 2
C 207
= 0x7f94875315f8
R
P 0x7f94870ee408
C 361
R
P 0x7f94870ee408
P 0x7f94875315f8
C 9
R
P 0x7f94870ee408
C 361
R
P 0x7f94870ee408
P 0x7f948753dfc8
P 0x7f948753df98
C 58
= 0x7f94875315c0
R
P 0x7f94870ee408
C 361
R
P 0x7f94870ee408
P 0x7f94875315c0
C 275
R
P 0x7f94870ee408
C 361
R
P 0x7f94870ee408
P 0x7f94875315c0
C 9
R
P 0x7f94870ee408
C 361
R
P 0x7f94870ee408
P 0x7f948753df98
P 0x7f948753df68
C 58
= 0x7f9487544e48
R
P 0x7f94870ee408
C 361
R
P 0x7f94870ee408
P 0x7f9487544e48
C 275
R
P 0x7f94870ee408
C 361
R
P 0x7f94870ee408
P 0x7f9487544e48
C 9
R
P 0x7f94870ee408
C 361
R
P 0x7f94870ee408
U 2
P 0x7f94875315c0
P 0x7f9487544e48
p 2
C 65
= 0x7f9487531588
R
P 0x7f94870ee408
C 361
R
P 0x7f94870ee408
P 0x7f9487531588
C 275
R
P 0x7f94870ee408
C 361
R
P 0x7f94870ee408
P 0x7f9487531588
C 9
R
P 0x7f94870ee408
C 361
R
P 0x7f94870ee408
S "q"
C 30
R
P 0x7f94870ee408
C 361
R
P 0x7f94870ee408
$ |q|
C 219
R
P 0x7f94870ee408
C 361
R
P 0x7f94870ee408
S "sk"
C 30
R
P 0x7f94870ee408
C 361
R
P 0x7f94870ee408
$ |sk|
C 219
R
P 0x7f94870ee408
C 361
R
P 0x7f94870ee408
I 1
U 1
$ |q|
$ |sk|
U 2
P 0x7f9487113bf8
P 0x7f9487113c18
p 2
U 0
p 0
U 1
P 0x7f948753df98
p 1
P 0x7f9487531588
C 216
= 0x7f948b899270
R
P 0x7f94870ee408
C 361
R
P 0x7f94870ee408
P 0x7f948b899270
C 274
R
P 0x7f94870ee408
C 361
R
P 0x7f94870ee408
P 0x7f948b899270
C 275
R
P 0x7f94870ee408
C 361
R
P 0x7f94870ee408
P 0x7f948b899270
C 274
R
P 0x7f94870ee408
C 361
R
P 0x7f94870ee408
P 0x7f948b899270
C 274
R
P 0x7f94870ee408
C 361
R
P 0x7f94870ee408
P 0x7f948b899270
C 9
R
P 0x7f94870ee408
C 361
R
P 0x7f94870ee408
P 0x7f948b899270
C 352
R
P 0x7f94870ee408
C 361
R
P 0x7f94870ee408
U 1
P 0x7f94871132d8
C 208
= 0x7f94876f72f8
R
P 0x7f94870ee408
C 361
R
P 0x7f94870ee408
P 0x7f94876f72f8
C 274
R
P 0x7f94870ee408
C 361
R
P 0x7f94870ee408
P 0x7f94876f72f8
C 271
= 0x7f94871132d8
R
P 0x7f94870ee408
C 361
R
P 0x7f94870ee408
P 0x7f94871132d8
C 226
R
P 0x7f94870ee408
C 361
R
P 0x7f94870ee408
P 0x7f94876f72f8
C 277
R
P 0x7f94870ee408
C 361
R
P 0x7f94870ee408
P 0x7f94876f72f8
C 276
R
P 0x7f94870ee408
C 361
R
P 0x7f94870ee408
P 0x7f94876f72f8
C 275
R
P 0x7f94870ee408
C 361
R
P 0x7f94870ee408
P 0x7f94876f72f8
C 274
R
P 0x7f94870ee408
C 361
R
P 0x7f94870ee408
P 0x7f94876f72f8
C 9
R
P 0x7f94870ee408
C 361
R
P 0x7f94870ee408
U 0
P 0x7f94871132d8
C 208
= 0x7f94876f72b8
R
P 0x7f94870ee408
C 361
R
P 0x7f94870ee408
P 0x7f94876f72b8
C 274
R
P 0x7f94870ee408
C 361
R
P 0x7f94870ee408
P 0x7f94876f72b8
C 271
= 0x7f94871132d8
R
P 0x7f94870ee408
C 361
R
P 0x7f94870ee408
P 0x7f94871132d8
C 226
R
P 0x7f94870ee408
C 361
R
P 0x7f94870ee408
P 0x7f94876f72b8
C 277
R
P 0x7f94870ee408
C 361
R
P 0x7f94870ee408
P 0x7f94876f72b8
C 276
R
P 0x7f94870ee408
C 361
R
P 0x7f94870ee408
P 0x7f94876f72b8
C 275
R
P 0x7f94870ee408
C 361
R
P 0x7f94870ee408
P 0x7f94876f72b8
C 274
R
P 0x7f94870ee408
C 361
R
P 0x7f94870ee408
P 0x7f94876f72b8
C 9
R
P 0x7f94870ee408
C 361
R
P 0x7f94870ee408
P 0x7f9487531630
U 1
P 0x7f94876f72f8
p 1
C 50
= 0x7f948753df08
R
P 0x7f94870ee408
C 361
R
P 0x7f94870ee408
P 0x7f948753df08
C 274
R
P 0x7f94870ee408
C 361
R
P 0x7f94870ee408
P 0x7f948753df08
C 271
= 0x7f94871132d8
R
P 0x7f94870ee408
C 361
R
P 0x7f94870ee408
P 0x7f94871132d8
C 226
R
P 0x7f94870ee408
C 361
R
P 0x7f94870ee408
P 0x7f948753df08
C 277
R
P 0x7f94870ee408
C 361
R
P 0x7f94870ee408
P 0x7f948753df08
C 276
R
P 0x7f94870ee408
C 361
R
P 0x7f94870ee408
P 0x7f948753df08
C 275
R
P 0x7f94870ee408
C 361
R
P 0x7f94870ee408
P 0x7f948753df08
C 9
R
P 0x7f94870ee408
C 361
R
P 0x7f94870ee408
P 0x7f9487531630
U 1
P 0x7f94876f72b8
p 1
C 50
= 0x7f948753df38
R
P 0x7f94870ee408
C 361
R
P 0x7f94870ee408
P 0x7f948753df38
C 274
R
P 0x7f94870ee408
C 361
R
P 0x7f94870ee408
P 0x7f948753df38
C 271
= 0x7f94871132d8
R
P 0x7f94870ee408
C 361
R
P 0x7f94870ee408
P 0x7f94871132d8
C 226
R
P 0x7f94870ee408
C 361
R
P 0x7f94870ee408
P 0x7f948753df38
C 277
R
P 0x7f94870ee408
C 361
R
P 0x7f94870ee408
P 0x7f948753df38
C 276
R
P 0x7f94870ee408
C 361
R
P 0x7f94870ee408
P 0x7f948753df38
C 275
R
P 0x7f94870ee408
C 361
R
P 0x7f94870ee408
P 0x7f948753df38
C 9
R
P 0x7f94870ee408
C 361
R
P 0x7f94870ee408
P 0x7f9487531518
U 1
P 0x7f94876f72b8
p 1
C 50
= 0x7f948753de48
R
P 0x7f94870ee408
C 361
R
P 0x7f94870ee408
P 0x7f948753de48
C 274
R
P 0x7f94870ee408
C 361
R
P 0x7f94870ee408
P 0x7f948753de48
C 271
= 0x7f94871132d8
R
P 0x7f94870ee408
C 361
R
P 0x7f94870ee408
P 0x7f94871132d8
C 226
R
P 0x7f94870ee408
C 361
R
P 0x7f94870ee408
P 0x7f948753de48
C 277
R
P 0x7f94870ee408
C 361
R
P 0x7f94870ee408
P 0x7f948753de48
C 276
R
P 0x7f94870ee408
C 361
R
P 0x7f94870ee408
P 0x7f948753de48
C 275
R
P 0x7f94870ee408
C 361
R
P 0x7f94870ee408
P 0x7f948753de48
C 9
R
P 0x7f94870ee408
C 361
R
P 0x7f94870ee408
U 2
P 0x7f948753df08
P 0x7f948753de48
p 2
C 207
= 0x7f94874eb798
R
P 0x7f94870ee408
C 361
R
P 0x7f94870ee408
P 0x7f94874eb798
C 9
R
P 0x7f94870ee408
C 361
R
P 0x7f94870ee408
S "x"
C 30
R
P 0x7f94870ee408
C 361
R
P 0x7f94870ee408
$ |x|
C 219
R
P 0x7f94870ee408
C 361
R
P 0x7f94870ee408
S "y"
C 30
R
P 0x7f94870ee408
C 361
R
P 0x7f94870ee408
$ |y|
C 219
R
P 0x7f94870ee408
C 361
R
P 0x7f94870ee408
P 0x7f948753df08
P 0x7f948753df38
C 58
= 0x7f9487531550
R
P 0x7f94870ee408
C 361
R
P 0x7f94870ee408
P 0x7f9487531550
C 275
R
P 0x7f94870ee408
C 361
R
P 0x7f94870ee408
P 0x7f9487531550
C 9
R
P 0x7f94870ee408
C 361
R
P 0x7f94870ee408
P 0x7f948753df38
P 0x7f948753de48
C 58
= 0x7f9487544e10
R
P 0x7f94870ee408
C 361
R
P 0x7f94870ee408
P 0x7f9487544e10
C 275
R
P 0x7f94870ee408
C 361
R
P 0x7f94870ee408
P 0x7f9487544e10
C 9
R
P 0x7f94870ee408
C 361
R
P 0x7f94870ee408
U 2
P 0x7f9487531550
P 0x7f9487544e10
p 2
C 65
= 0x7f9487544dd8
R
P 0x7f94870ee408
C 361
R
P 0x7f94870ee408
P 0x7f9487544dd8
C 275
R
P 0x7f94870ee408
C 361
R
P 0x7f94870ee408
P 0x7f9487544dd8
C 9
R
P 0x7f94870ee408
C 361
R
P 0x7f94870ee408
S "q"
C 30
R
P 0x7f94870ee408
C 361
R
P 0x7f94870ee408
$ |q|
C 219
R
P 0x7f94870ee408
C 361
R
P 0x7f94870ee408
S "sk"
C 30
R
P 0x7f94870ee408
C 361
R
P 0x7f94870ee408
$ |sk|
C 219
R
P 0x7f94870ee408
C 361
R
P 0x7f94870ee408
I 1
U 1
$ |q|
$ |sk|
U 0
p 0
U 1
P 0x7f948753df38
p 1
U 2
P 0x7f94871132d8
P 0x7f94871132d8
p 2
$ |x|
$ |y|
s 2
P 0x7f9487544dd8
C 212
= 0x7f948b899270
R
P 0x7f94870ee408
C 361
R
P 0x7f94870ee408
P 0x7f948b899270
C 274
R
P 0x7f94870ee408
C 361
R
P 0x7f94870ee408
P 0x7f948b899270
C 275
R
P 0x7f94870ee408
C 361
R
P 0x7f94870ee408
P 0x7f948b899270
C 274
R
P 0x7f94870ee408
C 361
R
P 0x7f94870ee408
P 0x7f948b899270
C 274
R
P 0x7f94870ee408
C 361
R
P 0x7f94870ee408
P 0x7f948b899270
C 9
R
P 0x7f94870ee408
C 361
R
P 0x7f94870ee408
P 0x7f948b899270
C 352
R
P 0x7f94870ee408
C 361
R
P 0x7f94870ee408
C 361
M "LogicTest"
R
I 1
C 350
R
P 0x7f94870ee408
U 32
C 35
= 0x7f9487113718
R
P 0x7f94870ee408
C 361
R
P 0x7f94870ee408
P 0x7f9487113718
C 274
R
P 0x7f94870ee408
C 361
R
P 0x7f94870ee408
P 0x7f9487113718
C 9
R
P 0x7f94870ee408
C 361
R
P 0x7f94870ee408
S "x"
C 30
R
P 0x7f94870ee408
C 361
R
P 0x7f94870ee408
$ |x|
C 219
R
P 0x7f94870ee408
C 361
R
P 0x7f94870ee408
$ |x|
P 0x7f9487113718
C 51
= 0x7f94876f7298
R
P 0x7f94870ee408
C 361
R
P 0x7f94870ee408
P 0x7f94876f7298
C 274
R
P 0x7f94870ee408
C 361
R
P 0x7f94870ee408
P 0x7f94876f7298
C 271
= 0x7f9487113718
R
P 0x7f94870ee408
C 361
R
P 0x7f94870ee408
P 0x7f9487113718
C 226
R
P 0x7f94870ee408
C 361
R
P 0x7f94870ee408
P 0x7f94876f7298
C 277
R
P 0x7f94870ee408
C 361
R
P 0x7f94870ee408
P 0x7f94876f7298
C 276
R
P 0x7f94870ee408
C 361
R
P 0x7f94870ee408
P 0x7f94876f7298
C 275
R
P 0x7f94870ee408
C 361
R
P 0x7f94870ee408
P 0x7f94876f7298
C 9
R
P 0x7f94870ee408
C 361
R
P 0x7f94870ee408
S "y"
C 30
R
P 0x7f94870ee408
C 361
R
P 0x7f94870ee408
$ |y|
C 219
R
P 0x7f94870ee408
C 361
R
P 0x7f94870ee408
$ |y|
P 0x7f9487113718
C 51
= 0x7f94876f7278
R
P 0x7f94870ee408
C 361
R
P 0x7f94870ee408
P 0x7f94876f7278
C 274
R
P 0x7f94870ee408
C 361
R
P 0x7f94870ee408
P 0x7f94876f7278
C 271
= 0x7f9487113718
R
P 0x7f94870ee408
C 361
R
P 0x7f94870ee408
P 0x7f9487113718
C 226
R
P 0x7f94870ee408
C 361
R
P 0x7f94870ee408
P 0x7f94876f7278
C 277
R
P 0x7f94870ee408
C 361
R
P 0x7f94870ee408
P 0x7f94876f7278
C 276
R
P 0x7f94870ee408
C 361
R
P 0x7f94870ee408
P 0x7f94876f7278
C 275
R
P 0x7f94870ee408
C 361
R
P 0x7f94870ee408
P 0x7f94876f7278
C 9
R
P 0x7f94870ee408
C 361
R
P 0x7f94870ee408
P 0x7f94876f7298
P 0x7f94876f7278
C 58
= 0x7f9487531470
R
P 0x7f94870ee408
C 361
R
P 0x7f94870ee408
P 0x7f9487531470
C 275
R
P 0x7f94870ee408
C 361
R
P 0x7f94870ee408
P 0x7f9487531470
C 9
R
P 0x7f94870ee408
C 361
R
P 0x7f94870ee408
S "QF_BV"
C 30
R
P 0x7f94870ee408
C 361
R
P 0x7f94870ee408
$ |QF_BV|
C 219
R
P 0x7f94870ee408
C 361
R
P 0x7f94870ee408
$ |QF_BV|
C 433
= 0x7f948c4c27d8
R
P 0x7f94870ee408
C 361
R
P 0x7f94870ee408
P 0x7f948c4c27d8
C 440
R
P 0x7f94870ee408
C 361
R
P 0x7f94870ee408
P 0x7f948c4c27d8
P 0x7f9487531470
C 447
R
P 0x7f94870ee408
C 361
R
P 0x7f94870ee408
P 0x7f948c4c27d8
C 458
R
P 0x7f94870ee408
C 361
R
P 0x7f94870ee408
I 1
I 0
I 0
C 370
= 0x7f948c4cb1a8
R
P 0x7f94870ee408
C 361
R
P 0x7f94870ee408
P 0x7f948c4cb1a8
C 371
R
P 0x7f94870ee408
C 361
R
P 0x7f94870ee408
P 0x7f948c4cb1a8
P 0x7f9487531470
C 374
R
P 0x7f94870ee408
C 361
R
P 0x7f94870ee408
S "qfbv"
C 387
= 0x7f948c4bd5b8
R
P 0x7f94870ee408
C 361
R
P 0x7f94870ee408
P 0x7f948c4bd5b8
C 388
R
P 0x7f94870ee408
C 361
R
P 0x7f94870ee408
P 0x7f948c4bd5b8
P 0x7f948c4cb1a8
C 424
= 0x7f948c4bd2a8
R
P 0x7f94870ee408
C 361
R
P 0x7f94870ee408
P 0x7f948c4bd2a8
C 426
R
P 0x7f94870ee408
C 361
R
P 0x7f94870ee408
P 0x7f948c4bd2a8
C 428
R
P 0x7f94870ee408
C 361
R
P 0x7f94870ee408
P 0x7f948c4bd2a8
C 429
R
P 0x7f94870ee408
C 361
R
P 0x7f94870ee408
P 0x7f948c4bd2a8
C 429
R
P 0x7f94870ee408
C 361
R
P 0x7f94870ee408
P 0x7f948c4bd2a8
U 0
C 430
= 0x7f948c2b82f8
R
P 0x7f94870ee408
C 361
R
P 0x7f94870ee408
P 0x7f948c2b82f8
C 371
R
P 0x7f94870ee408
C 361
R
P 0x7f94870ee408
P 0x7f948c2b82f8
C 381
R
P 0x7f94870ee408
C 361
M "ParOrExample"
R
P 0x7f94870ee408
U 32
C 35
= 0x7f9487113718
R
P 0x7f94870ee408
C 361
R
P 0x7f94870ee408
P 0x7f9487113718
C 274
R
P 0x7f94870ee408
C 361
R
P 0x7f94870ee408
P 0x7f9487113718
C 9
R
P 0x7f94870ee408
C 361
R
P 0x7f94870ee408
S "x"
C 30
R
P 0x7f94870ee408
C 361
R
P 0x7f94870ee408
$ |x|
C 219
R
P 0x7f94870ee408
C 361
R
P 0x7f94870ee408
$ |x|
P 0x7f9487113718
C 51
= 0x7f94876f7298
R
P 0x7f94870ee408
C 361
R
P 0x7f94870ee408
P 0x7f94876f7298
C 274
R
P 0x7f94870ee408
C 361
R
P 0x7f94870ee408
P 0x7f94876f7298
C 271
= 0x7f9487113718
R
P 0x7f94870ee408
C 361
R
P 0x7f94870ee408
P 0x7f9487113718
C 226
R
P 0x7f94870ee408
C 361
R
P 0x7f94870ee408
P 0x7f94876f7298
C 277
R
P 0x7f94870ee408
C 361
R
P 0x7f94870ee408
P 0x7f94876f7298
C 276
R
P 0x7f94870ee408
C 361
R
P 0x7f94870ee408
P 0x7f94876f7298
C 275
R
P 0x7f94870ee408
C 361
R
P 0x7f94870ee408
P 0x7f94876f7298
C 9
R
P 0x7f94870ee408
C 361
R
P 0x7f94870ee408
S "y"
C 30
R
P 0x7f94870ee408
C 361
R
P 0x7f94870ee408
$ |y|
C 219
R
P 0x7f94870ee408
C 361
R
P 0x7f94870ee408
$ |y|
P 0x7f9487113718
C 51
= 0x7f94876f7278
R
P 0x7f94870ee408
C 361
R
P 0x7f94870ee408
P 0x7f94876f7278
C 274
R
P 0x7f94870ee408
C 361
R
P 0x7f94870ee408
P 0x7f94876f7278
C 271
= 0x7f9487113718
R
P 0x7f94870ee408
C 361
R
P 0x7f94870ee408
P 0x7f9487113718
C 226
R
P 0x7f94870ee408
C 361
R
P 0x7f94870ee408
P 0x7f94876f7278
C 277
R
P 0x7f94870ee408
C 361
R
P 0x7f94870ee408
P 0x7f94876f7278
C 276
R
P 0x7f94870ee408
C 361
R
P 0x7f94870ee408
P 0x7f94876f7278
C 275
R
P 0x7f94870ee408
C 361
R
P 0x7f94870ee408
P 0x7f94876f7278
C 9
R
P 0x7f94870ee408
C 361
R
P 0x7f94870ee408
P 0x7f94876f7298
P 0x7f94876f7278
C 58
= 0x7f9487531470
R
P 0x7f94870ee408
C 361
R
P 0x7f94870ee408
P 0x7f9487531470
C 275
R
P 0x7f94870ee408
C 361
R
P 0x7f94870ee408
P 0x7f9487531470
C 9
R
P 0x7f94870ee408
C 361
R
P 0x7f94870ee408
I 1
I 0
I 0
C 370
= 0x7f948c4bcb88
R
P 0x7f94870ee408
C 361
R
P 0x7f94870ee408
P 0x7f948c4bcb88
C 371
R
P 0x7f94870ee408
C 361
R
P 0x7f94870ee408
P 0x7f948c4bcb88
P 0x7f9487531470
C 374
R
P 0x7f94870ee408
C 361
R
P 0x7f94870ee408
S "qfbv"
C 387
= 0x7f948c4dce08
R
P 0x7f94870ee408
C 361
R
P 0x7f94870ee408
P 0x7f948c4dce08
C 388
R
P 0x7f94870ee408
C 361
R
P 0x7f94870ee408
S "qfbv"
C 387
= 0x7f948c4a8a58
R
P 0x7f94870ee408
C 361
R
P 0x7f94870ee408
P 0x7f948c4a8a58
C 388
R
P 0x7f94870ee408
C 361
R
P 0x7f94870ee408
U 2
P 0x7f948c4dce08
P 0x7f948c4a8a58
p 2
C 395
= 0x7f948c4a8928
R
P 0x7f94870ee408
C 361
R
P 0x7f94870ee408
P 0x7f948c4a8928
C 388
R
P 0x7f94870ee408
C 361
R
P 0x7f94870ee408
P 0x7f948c4a8928
P 0x7f948c4bcb88
C 424
= 0x7f948c4a8748
R
P 0x7f94870ee408
C 361
R
P 0x7f94870ee408
P 0x7f948c4a8748
C 426
R
P 0x7f94870ee408
C 361
R
P 0x7f94870ee408
P 0x7f948c4a8748
C 429
R
P 0x7f94870ee408
C 361
R
P 0x7f94870ee408
P 0x7f948c4a8748
C 429
R
P 0x7f94870ee408
C 361
R
P 0x7f94870ee408
P 0x7f948c4a8748
U 0
C 430
= 0x7f948c4a6fe8
R
P 0x7f94870ee408
C 361
R
P 0x7f94870ee408
P 0x7f948c4a6fe8
C 371
R
P 0x7f94870ee408
C 361
R
P 0x7f94870ee408
P 0x7f948c4a6fe8
C 381
R
P 0x7f94870ee408
C 361
M "FindModelExample1"
R
P 0x7f94870ee408
S "x"
C 30
R
P 0x7f94870ee408
C 361
R
P 0x7f94870ee408
$ |x|
C 219
R
P 0x7f94870ee408
C 361
R
P 0x7f94870ee408
$ |x|
P 0x7f9487113218
C 51
= 0x7f9487114058
R
P 0x7f94870ee408
C 361
R
P 0x7f94870ee408
P 0x7f9487114058
C 274
R
P 0x7f94870ee408
C 361
R
P 0x7f94870ee408
P 0x7f9487114058
C 271
= 0x7f9487113218
R
P 0x7f94870ee408
C 361
R
P 0x7f94870ee408
P 0x7f9487113218
C 226
R
P 0x7f94870ee408
C 361
R
P 0x7f94870ee408
P 0x7f9487114058
C 277
R
P 0x7f94870ee408
C 361
R
P 0x7f94870ee408
P 0x7f9487114058
C 276
R
P 0x7f94870ee408
C 361
R
P 0x7f94870ee408
P 0x7f9487114058
C 275
R
P 0x7f94870ee408
C 361
R
P 0x7f94870ee408
P 0x7f9487114058
C 9
R
P 0x7f94870ee408
C 361
R
P 0x7f94870ee408
S "y"
C 30
R
P 0x7f94870ee408
C 361
R
P 0x7f94870ee408
$ |y|
C 219
R
P 0x7f94870ee408
C 361
R
P 0x7f94870ee408
$ |y|
P 0x7f9487113218
C 51
= 0x7f9487114078
R
P 0x7f94870ee408
C 361
R
P 0x7f94870ee408
P 0x7f9487114078
C 274
R
P 0x7f94870ee408
C 361
R
P 0x7f94870ee408
P 0x7f9487114078
C 271
= 0x7f9487113218
R
P 0x7f94870ee408
C 361
R
P 0x7f94870ee408
P 0x7f9487113218
C 226
R
P 0x7f94870ee408
C 361
R
P 0x7f94870ee408
P 0x7f9487114078
C 277
R
P 0x7f94870ee408
C 361
R
P 0x7f94870ee408
P 0x7f9487114078
C 276
R
P 0x7f94870ee408
C 361
R
P 0x7f94870ee408
P 0x7f9487114078
C 275
R
P 0x7f94870ee408
C 361
R
P 0x7f94870ee408
P 0x7f9487114078
C 9
R
P 0x7f94870ee408
C 361
R
P 0x7f94870ee408
P 0x7f9487114058
P 0x7f9487114078
C 64
= 0x7f9487544da0
R
P 0x7f94870ee408
C 361
R
P 0x7f94870ee408
P 0x7f9487544da0
C 275
R
P 0x7f94870ee408
C 361
R
P 0x7f94870ee408
P 0x7f9487544da0
C 9
R
P 0x7f94870ee408
C 361
R
P 0x7f94870ee408
C 431
= 0x7f948c4dd608
R
P 0x7f94870ee408
C 361
R
P 0x7f94870ee408
P 0x7f948c4dd608
C 440
R
P 0x7f94870ee408
C 361
R
P 0x7f94870ee408
P 0x7f948c4dd608
P 0x7f9487544da0
C 447
R
P 0x7f94870ee408
C 361
R
P 0x7f94870ee408
P 0x7f948c4dd608
C 458
R
P 0x7f94870ee408
C 361
R
P 0x7f94870ee408
P 0x7f948c4dd608
C 463
= 0x7f948c5355b8
R
P 0x7f94870ee408
C 361
R
P 0x7f94870ee408
P 0x7f948c5355b8
C 319
R
P 0x7f94870ee408
C 361
R
P 0x7f94870ee408
P 0x7f948c5355b8
P 0x7f9487114058
I 0
P 0x0
C 321
* 0x7f9487113278 4
R
P 0x7f94870ee408
C 361
R
P 0x7f94870ee408
P 0x7f9487113278
C 274
R
P 0x7f94870ee408
C 361
R
P 0x7f94870ee408
P 0x7f9487113278
C 271
= 0x7f9487113218
R
P 0x7f94870ee408
C 361
R
P 0x7f94870ee408
P 0x7f9487113218
C 226
R
P 0x7f94870ee408
C 361
R
P 0x7f94870ee408
P 0x7f9487113278
C 277
R
P 0x7f94870ee408
C 361
R
P 0x7f94870ee408
P 0x7f9487113278
C 276
R
P 0x7f94870ee408
C 361
R
P 0x7f94870ee408
P 0x7f9487113278
C 275
R
P 0x7f94870ee408
C 361
R
P 0x7f94870ee408
P 0x7f9487113278
C 9
R
P 0x7f94870ee408
C 361
R
P 0x7f94870ee408
P 0x7f948c5355b8
P 0x7f9487114078
I 0
P 0x0
C 321
* 0x7f9487113298 4
R
P 0x7f94870ee408
C 361
R
P 0x7f94870ee408
P 0x7f9487113298
C 274
R
P 0x7f94870ee408
C 361
R
P 0x7f94870ee408
P 0x7f9487113298
C 271
= 0x7f9487113218
R
P 0x7f94870ee408
C 361
R
P 0x7f94870ee408
P 0x7f9487113218
C 226
R
P 0x7f94870ee408
C 361
R
P 0x7f94870ee408
P 0x7f9487113298
C 277
R
P 0x7f94870ee408
C 361
R
P 0x7f94870ee408
P 0x7f9487113298
C 276
R
P 0x7f94870ee408
C 361
R
P 0x7f94870ee408
P 0x7f9487113298
C 275
R
P 0x7f94870ee408
C 361
R
P 0x7f94870ee408
P 0x7f9487113298
C 9
R
P 0x7f94870ee408
C 361
R
P 0x7f94870ee408
P 0x7f9487113278
C 352
R
P 0x7f94870ee408
C 361
R
P 0x7f94870ee408
P 0x7f9487113298
C 352
R
P 0x7f94870ee408
C 361
M "FindModelExample2"
R
P 0x7f94870ee408
S "x"
C 30
R
P 0x7f94870ee408
C 361
R
P 0x7f94870ee408
$ |x|
C 219
R
P 0x7f94870ee408
C 361
R
P 0x7f94870ee408
$ |x|
P 0x7f94871132d8
C 51
= 0x7f9487113bf8
R
P 0x7f94870ee408
C 361
R
P 0x7f94870ee408
P 0x7f9487113bf8
C 274
R
P 0x7f94870ee408
C 361
R
P 0x7f94870ee408
P 0x7f9487113bf8
C 271
= 0x7f94871132d8
R
P 0x7f94870ee408
C 361
R
P 0x7f94870ee408
P 0x7f94871132d8
C 226
R
P 0x7f94870ee408
C 361
R
P 0x7f94870ee408
P 0x7f9487113bf8
C 277
R
P 0x7f94870ee408
C 361
R
P 0x7f94870ee408
P 0x7f9487113bf8
C 276
R
P 0x7f94870ee408
C 361
R
P 0x7f94870ee408
P 0x7f9487113bf8
C 275
R
P 0x7f94870ee408
C 361
R
P 0x7f94870ee408
P 0x7f9487113bf8
C 9
R
P 0x7f94870ee408
C 361
R
P 0x7f94870ee408
S "y"
C 30
R
P 0x7f94870ee408
C 361
R
P 0x7f94870ee408
$ |y|
C 219
R
P 0x7f94870ee408
C 361
R
P 0x7f94870ee408
$ |y|
P 0x7f94871132d8
C 51
= 0x7f9487113c18
R
P 0x7f94870ee408
C 361
R
P 0x7f94870ee408
P 0x7f9487113c18
C 274
R
P 0x7f94870ee408
C 361
R
P 0x7f94870ee408
P 0x7f9487113c18
C 271
= 0x7f94871132d8
R
P 0x7f94870ee408
C 361
R
P 0x7f94870ee408
P 0x7f94871132d8
C 226
R
P 0x7f94870ee408
C 361
R
P 0x7f94870ee408
P 0x7f9487113c18
C 277
R
P 0x7f94870ee408
C 361
R
P 0x7f94870ee408
P 0x7f9487113c18
C 276
R
P 0x7f94870ee408
C 361
R
P 0x7f94870ee408
P 0x7f9487113c18
C 275
R
P 0x7f94870ee408
C 361
R
P 0x7f94870ee408
P 0x7f9487113c18
C 9
R
P 0x7f94870ee408
C 361
R
P 0x7f94870ee408
I 1
P 0x7f94871132d8
C 154
= 0x7f9487113eb8
R
P 0x7f94870ee408
C 361
R
P 0x7f94870ee408
P 0x7f9487113eb8
C 275
R
P 0x7f94870ee408
C 361
R
P 0x7f94870ee408
P 0x7f9487113eb8
C 9
R
P 0x7f94870ee408
C 361
R
P 0x7f94870ee408
I 2
P 0x7f94871132d8
C 154
= 0x7f9487114138
R
P 0x7f94870ee408
C 361
R
P 0x7f94870ee408
P 0x7f9487114138
C 275
R
P 0x7f94870ee408
C 361
R
P 0x7f94870ee408
P 0x7f9487114138
C 9
R
P 0x7f94870ee408
C 361
R
P 0x7f94870ee408
U 2
P 0x7f9487113c18
P 0x7f9487113eb8
p 2
C 67
= 0x7f9487531400
R
P 0x7f94870ee408
C 361
R
P 0x7f94870ee408
P 0x7f9487531400
C 274
R
P 0x7f94870ee408
C 361
R
P 0x7f94870ee408
P 0x7f9487531400
C 271
= 0x7f94871132d8
R
P 0x7f94870ee408
C 361
R
P 0x7f94870ee408
P 0x7f94871132d8
C 226
R
P 0x7f94870ee408
C 361
R
P 0x7f94870ee408
P 0x7f9487531400
C 277
R
P 0x7f94870ee408
C 361
R
P 0x7f94870ee408
P 0x7f9487531400
C 276
R
P 0x7f94870ee408
C 361
R
P 0x7f94870ee408
P 0x7f9487531400
C 275
R
P 0x7f94870ee408
C 361
R
P 0x7f94870ee408
P 0x7f9487531400
C 9
R
P 0x7f94870ee408
C 361
R
P 0x7f94870ee408
P 0x7f9487113bf8
P 0x7f9487531400
C 75
= 0x7f9487527968
R
P 0x7f94870ee408
C 361
R
P 0x7f94870ee408
P 0x7f9487527968
C 275
R
P 0x7f94870ee408
C 361
R
P 0x7f94870ee408
P 0x7f9487527968
C 9
R
P 0x7f94870ee408
C 361
R
P 0x7f94870ee408
P 0x7f9487113bf8
P 0x7f9487114138
C 77
= 0x7f9487531358
R
P 0x7f94870ee408
C 361
R
P 0x7f94870ee408
P 0x7f9487531358
C 275
R
P 0x7f94870ee408
C 361
R
P 0x7f94870ee408
P 0x7f9487531358
C 9
R
P 0x7f94870ee408
C 361
R
P 0x7f94870ee408
U 2
P 0x7f9487527968
P 0x7f9487531358
p 2
C 65
= 0x7f9487531320
R
P 0x7f94870ee408
C 361
R
P 0x7f94870ee408
P 0x7f9487531320
C 275
R
P 0x7f94870ee408
C 361
R
P 0x7f94870ee408
P 0x7f9487531320
C 9
R
P 0x7f94870ee408
C 361
R
P 0x7f94870ee408
C 431
= 0x7f948c5edba8
R
P 0x7f94870ee408
C 361
R
P 0x7f94870ee408
P 0x7f948c5edba8
C 440
R
P 0x7f94870ee408
C 361
R
P 0x7f94870ee408
P 0x7f948c5edba8
P 0x7f9487531320
C 447
R
P 0x7f94870ee408
C 361
R
P 0x7f94870ee408
P 0x7f948c5edba8
C 458
R
P 0x7f94870ee408
C 361
R
P 0x7f94870ee408
P 0x7f948c5edba8
C 463
= 0x7f948c732478
R
P 0x7f94870ee408
C 361
R
P 0x7f94870ee408
P 0x7f948c732478
C 319
R
P 0x7f94870ee408
C 361
R
P 0x7f94870ee408
P 0x7f948c732478
P 0x7f9487113bf8
I 0
P 0x0
C 321
* 0x7f9487114eb8 4
R
P 0x7f94870ee408
C 361
R
P 0x7f94870ee408
P 0x7f9487114eb8
C 274
R
P 0x7f94870ee408
C 361
R
P 0x7f94870ee408
P 0x7f9487114eb8
C 271
= 0x7f94871132d8
R
P 0x7f94870ee408
C 361
R
P 0x7f94870ee408
P 0x7f94871132d8
C 226
R
P 0x7f94870ee408
C 361
R
P 0x7f94870ee408
P 0x7f9487114eb8
C 277
R
P 0x7f94870ee408
C 361
R
P 0x7f94870ee408
P 0x7f9487114eb8
C 276
R
P 0x7f94870ee408
C 361
R
P 0x7f94870ee408
P 0x7f9487114eb8
C 275
R
P 0x7f94870ee408
C 361
R
P 0x7f94870ee408
P 0x7f9487114eb8
C 9
R
P 0x7f94870ee408
C 361
R
P 0x7f94870ee408
P 0x7f948c732478
P 0x7f9487113c18
I 0
P 0x0
C 321
* 0x7f9487114eb8 4
R
P 0x7f94870ee408
C 361
R
P 0x7f94870ee408
P 0x7f9487114eb8
C 274
R
P 0x7f94870ee408
C 361
R
P 0x7f94870ee408
P 0x7f9487114eb8
C 271
= 0x7f94871132d8
R
P 0x7f94870ee408
C 361
R
P 0x7f94870ee408
P 0x7f94871132d8
C 226
R
P 0x7f94870ee408
C 361
R
P 0x7f94870ee408
P 0x7f9487114eb8
C 277
R
P 0x7f94870ee408
C 361
R
P 0x7f94870ee408
P 0x7f9487114eb8
C 276
R
P 0x7f94870ee408
C 361
R
P 0x7f94870ee408
P 0x7f9487114eb8
C 275
R
P 0x7f94870ee408
C 361
R
P 0x7f94870ee408
P 0x7f9487114eb8
C 9
R
P 0x7f94870ee408
C 361
R
P 0x7f94870ee408
P 0x7f9487114eb8
C 280
R
P 0x7f94870ee408
C 361
R
P 0x7f94870ee408
P 0x7f9487114eb8
C 280
R
P 0x7f94870ee408
C 361
R
P 0x7f94870ee408
P 0x7f9487113bf8
P 0x7f9487113c18
C 58
= 0x7f948711a2d0
R
P 0x7f94870ee408
C 361
R
P 0x7f94870ee408
P 0x7f948711a2d0
C 275
R
P 0x7f94870ee408
C 361
R
P 0x7f94870ee408
P 0x7f948711a2d0
C 9
R
P 0x7f94870ee408
C 361
R
P 0x7f94870ee408
P 0x7f948711a2d0
C 60
= 0x7f94874b73e8
R
P 0x7f94870ee408
C 361
R
P 0x7f94870ee408
P 0x7f94874b73e8
C 275
R
P 0x7f94870ee408
C 361
R
P 0x7f94870ee408
P 0x7f94874b73e8
C 9
R
P 0x7f94870ee408
C 361
R
P 0x7f94870ee408
U 2
P 0x7f9487531320
P 0x7f94874b73e8
p 2
C 65
= 0x7f9487544cc0
R
P 0x7f94870ee408
C 361
R
P 0x7f94870ee408
P 0x7f9487544cc0
C 275
R
P 0x7f94870ee408
C 361
R
P 0x7f94870ee408
P 0x7f9487544cc0
C 9
R
P 0x7f94870ee408
C 361
R
P 0x7f94870ee408
C 431
= 0x7f948c70a318
R
P 0x7f94870ee408
C 361
R
P 0x7f94870ee408
P 0x7f948c70a318
C 440
R
P 0x7f94870ee408
C 361
R
P 0x7f94870ee408
P 0x7f948c70a318
P 0x7f9487544cc0
C 447
R
P 0x7f94870ee408
C 361
R
P 0x7f94870ee408
P 0x7f948c70a318
C 458
R
P 0x7f94870ee408
C 361
R
P 0x7f94870ee408
P 0x7f948c70a318
C 463
= 0x7f948c875cf8
R
P 0x7f94870ee408
C 361
R
P 0x7f94870ee408
P 0x7f948c875cf8
C 319
R
P 0x7f94870ee408
C 361
R
P 0x7f94870ee408
P 0x7f948c875cf8
P 0x7f9487113bf8
I 0
P 0x0
C 321
* 0x7f9487114eb8 4
R
P 0x7f94870ee408
C 361
R
P 0x7f94870ee408
P 0x7f9487114eb8
C 274
R
P 0x7f94870ee408
C 361
R
P 0x7f94870ee408
P 0x7f9487114eb8
C 271
= 0x7f94871132d8
R
P 0x7f94870ee408
C 361
R
P 0x7f94870ee408
P 0x7f94871132d8
C 226
R
P 0x7f94870ee408
C 361
R
P 0x7f94870ee408
P 0x7f9487114eb8
C 277
R
P 0x7f94870ee408
C 361
R
P 0x7f94870ee408
P 0x7f9487114eb8
C 276
R
P 0x7f94870ee408
C 361
R
P 0x7f94870ee408
P 0x7f9487114eb8
C 275
R
P 0x7f94870ee408
C 361
R
P 0x7f94870ee408
P 0x7f9487114eb8
C 9
R
P 0x7f94870ee408
C 361
R
P 0x7f94870ee408
P 0x7f948c875cf8
P 0x7f9487113c18
I 0
P 0x0
C 321
* 0x7f9487114e98 4
R
P 0x7f94870ee408
C 361
R
P 0x7f94870ee408
P 0x7f9487114e98
C 274
R
P 0x7f94870ee408
C 361
R
P 0x7f94870ee408
P 0x7f9487114e98
C 271
= 0x7f94871132d8
R
P 0x7f94870ee408
C 361
R
P 0x7f94870ee408
P 0x7f94871132d8
C 226
R
P 0x7f94870ee408
C 361
R
P 0x7f94870ee408
P 0x7f9487114e98
C 277
R
P 0x7f94870ee408
C 361
R
P 0x7f94870ee408
P 0x7f9487114e98
C 276
R
P 0x7f94870ee408
C 361
R
P 0x7f94870ee408
P 0x7f9487114e98
C 275
R
P 0x7f94870ee408
C 361
R
P 0x7f94870ee408
P 0x7f9487114e98
C 9
R
P 0x7f94870ee408
C 361
R
P 0x7f94870ee408
P 0x7f9487114eb8
C 280
R
P 0x7f94870ee408
C 361
R
P 0x7f94870ee408
P 0x7f9487114e98
C 280
R
P 0x7f94870ee408
C 361
M "PushPopExample1"
R
P 0x7f94870ee408
S "1000000000000000000000000000000000000000000000000000000"
P 0x7f94871132d8
C 152
= 0x7f948b0b7f78
R
P 0x7f94870ee408
C 361
R
P 0x7f94870ee408
P 0x7f948b0b7f78
C 275
R
P 0x7f94870ee408
C 361
R
P 0x7f94870ee408
P 0x7f948b0b7f78
C 9
R
P 0x7f94870ee408
C 361
R
P 0x7f94870ee408
S "3"
P 0x7f94871132d8
C 152
= 0x7f9487114eb8
R
P 0x7f94870ee408
C 361
R
P 0x7f94870ee408
P 0x7f9487114eb8
C 274
R
P 0x7f94870ee408
C 361
R
P 0x7f94870ee408
P 0x7f9487114eb8
C 271
= 0x7f94871132d8
R
P 0x7f94870ee408
C 361
R
P 0x7f94870ee408
P 0x7f94871132d8
C 226
R
P 0x7f94870ee408
C 361
R
P 0x7f94870ee408
P 0x7f9487114eb8
C 277
R
P 0x7f94870ee408
C 361
R
P 0x7f94870ee408
P 0x7f9487114eb8
C 276
R
P 0x7f94870ee408
C 361
R
P 0x7f94870ee408
P 0x7f9487114eb8
C 275
R
P 0x7f94870ee408
C 361
R
P 0x7f94870ee408
P 0x7f9487114eb8
C 9
R
P 0x7f94870ee408
C 361
R
P 0x7f94870ee408
S "x"
C 30
R
P 0x7f94870ee408
C 361
R
P 0x7f94870ee408
$ |x|
C 219
R
P 0x7f94870ee408
C 361
R
P 0x7f94870ee408
$ |x|
P 0x7f94871132d8
C 51
= 0x7f9487113bf8
R
P 0x7f94870ee408
C 361
R
P 0x7f94870ee408
P 0x7f9487113bf8
C 274
R
P 0x7f94870ee408
C 361
R
P 0x7f94870ee408
P 0x7f9487113bf8
C 271
= 0x7f94871132d8
R
P 0x7f94870ee408
C 361
R
P 0x7f94870ee408
P 0x7f94871132d8
C 226
R
P 0x7f94870ee408
C 361
R
P 0x7f94870ee408
P 0x7f9487113bf8
C 277
R
P 0x7f94870ee408
C 361
R
P 0x7f94870ee408
P 0x7f9487113bf8
C 276
R
P 0x7f94870ee408
C 361
R
P 0x7f94870ee408
P 0x7f9487113bf8
C 275
R
P 0x7f94870ee408
C 361
R
P 0x7f94870ee408
P 0x7f9487113bf8
C 9
R
P 0x7f94870ee408
C 361
R
P 0x7f94870ee408
C 431
= 0x7f948c84ee88
R
P 0x7f94870ee408
C 361
R
P 0x7f94870ee408
P 0x7f948c84ee88
C 440
R
P 0x7f94870ee408
C 361
R
P 0x7f94870ee408
P 0x7f9487113bf8
P 0x7f948b0b7f78
C 78
= 0x7f94875310f0
R
P 0x7f94870ee408
C 361
R
P 0x7f94870ee408
P 0x7f94875310f0
C 275
R
P 0x7f94870ee408
C 361
R
P 0x7f94870ee408
P 0x7f94875310f0
C 9
R
P 0x7f94870ee408
C 361
R
P 0x7f94870ee408
P 0x7f948c84ee88
P 0x7f94875310f0
C 447
R
P 0x7f94870ee408
C 361
R
P 0x7f94870ee408
P 0x7f948c84ee88
C 443
R
P 0x7f94870ee408
C 361
R
P 0x7f94870ee408
P 0x7f9487113bf8
P 0x7f9487114eb8
C 76
= 0x7f9487530f68
R
P 0x7f94870ee408
C 361
R
P 0x7f94870ee408
P 0x7f9487530f68
C 275
R
P 0x7f94870ee408
C 361
R
P 0x7f94870ee408
P 0x7f9487530f68
C 9
R
P 0x7f94870ee408
C 361
R
P 0x7f94870ee408
P 0x7f948c84ee88
P 0x7f9487530f68
C 447
R
P 0x7f94870ee408
C 361
R
P 0x7f94870ee408
P 0x7f948c84ee88
C 458
R
P 0x7f94870ee408
C 361
R
P 0x7f94870ee408
P 0x7f948c84ee88
U 1
C 444
R
P 0x7f94870ee408
C 361
R
P 0x7f94870ee408
P 0x7f948c84ee88
C 458
R
P 0x7f94870ee408
C 361
R
P 0x7f94870ee408
S "y"
C 30
R
P 0x7f94870ee408
C 361
R
P 0x7f94870ee408
$ |y|
C 219
R
P 0x7f94870ee408
C 361
R
P 0x7f94870ee408
$ |y|
P 0x7f94871132d8
C 51
= 0x7f9487113c18
R
P 0x7f94870ee408
C 361
R
P 0x7f94870ee408
P 0x7f9487113c18
C 274
R
P 0x7f94870ee408
C 361
R
P 0x7f94870ee408
P 0x7f9487113c18
C 271
= 0x7f94871132d8
R
P 0x7f94870ee408
C 361
R
P 0x7f94870ee408
P 0x7f94871132d8
C 226
R
P 0x7f94870ee408
C 361
R
P 0x7f94870ee408
P 0x7f9487113c18
C 277
R
P 0x7f94870ee408
C 361
R
P 0x7f94870ee408
P 0x7f9487113c18
C 276
R
P 0x7f94870ee408
C 361
R
P 0x7f94870ee408
P 0x7f9487113c18
C 275
R
P 0x7f94870ee408
C 361
R
P 0x7f94870ee408
P 0x7f9487113c18
C 9
R
P 0x7f94870ee408
C 361
R
P 0x7f94870ee408
P 0x7f9487113c18
P 0x7f9487113bf8
C 77
= 0x7f94875310b8
R
P 0x7f94870ee408
C 361
R
P 0x7f94870ee408
P 0x7f94875310b8
C 275
R
P 0x7f94870ee408
C 361
R
P 0x7f94870ee408
P 0x7f94875310b8
C 9
R
P 0x7f94870ee408
C 361
R
P 0x7f94870ee408
P 0x7f948c84ee88
P 0x7f94875310b8
C 447
R
P 0x7f94870ee408
C 361
R
P 0x7f94870ee408
P 0x7f948c84ee88
C 458
R
P 0x7f94870ee408
C 361
M "ArrayExample1"
R
P 0x7f94870ee408
I 1
I 0
I 0
C 370
= 0x7f948cad69d8
R
P 0x7f94870ee408
C 361
R
P 0x7f94870ee408
P 0x7f948cad69d8
C 371
R
P 0x7f94870ee408
C 361
R
P 0x7f94870ee408
U 32
C 35
= 0x7f9487113718
R
P 0x7f94870ee408
C 361
R
P 0x7f94870ee408
P 0x7f9487113718
C 274
R
P 0x7f94870ee408
C 361
R
P 0x7f94870ee408
P 0x7f9487113718
C 9
R
P 0x7f94870ee408
C 361
R
P 0x7f94870ee408
P 0x7f94871132d8
P 0x7f9487113718
C 37
= 0x7f948b0b7f98
R
P 0x7f94870ee408
C 361
R
P 0x7f94870ee408
P 0x7f948b0b7f98
C 274
R
P 0x7f94870ee408
C 361
R
P 0x7f94870ee408
P 0x7f948b0b7f98
C 9
R
P 0x7f94870ee408
C 361
R
P 0x7f94870ee408
S "MyArray"
C 30
R
P 0x7f94870ee408
C 361
R
P 0x7f94870ee408
$ |MyArray|
C 219
R
P 0x7f94870ee408
C 361
R
P 0x7f94870ee408
$ |MyArray|
P 0x7f948b0b7f98
C 51
= 0x7f948b0b7f58
R
P 0x7f94870ee408
C 361
R
P 0x7f94870ee408
P 0x7f948b0b7f58
C 274
R
P 0x7f94870ee408
C 361
R
P 0x7f94870ee408
P 0x7f948b0b7f58
C 271
= 0x7f948b0b7f98
R
P 0x7f94870ee408
C 361
R
P 0x7f94870ee408
P 0x7f948b0b7f98
C 226
R
P 0x7f94870ee408
C 361
R
P 0x7f94870ee408
P 0x7f948b0b7f58
C 277
R
P 0x7f94870ee408
C 361
R
P 0x7f94870ee408
P 0x7f948b0b7f58
C 276
R
P 0x7f94870ee408
C 361
R
P 0x7f94870ee408
P 0x7f948b0b7f58
C 275
R
P 0x7f94870ee408
C 361
R
P 0x7f94870ee408
P 0x7f948b0b7f58
C 9
R
P 0x7f94870ee408
C 361
R
P 0x7f94870ee408
I 0
P 0x7f94871132d8
C 154
= 0x7f9487113c58
R
P 0x7f94870ee408
C 361
R
P 0x7f94870ee408
P 0x7f9487113c58
C 275
R
P 0x7f94870ee408
C 361
R
P 0x7f94870ee408
P 0x7f9487113c58
C 9
R
P 0x7f94870ee408
C 361
R
P 0x7f94870ee408
P 0x7f948b0b7f58
P 0x7f9487113c58
C 131
= 0x7f94874b94d0
R
P 0x7f94870ee408
C 361
R
P 0x7f94870ee408
P 0x7f94874b94d0
C 274
R
P 0x7f94870ee408
C 361
R
P 0x7f94870ee408
P 0x7f94874b94d0
C 271
= 0x7f9487113718
R
P 0x7f94870ee408
C 361
R
P 0x7f94870ee408
P 0x7f9487113718
C 226
R
P 0x7f94870ee408
C 361
R
P 0x7f94870ee408
P 0x7f94874b94d0
C 277
R
P 0x7f94870ee408
C 361
R
P 0x7f94870ee408
P 0x7f94874b94d0
C 276
R
P 0x7f94870ee408
C 361
R
P 0x7f94870ee408
P 0x7f94874b94d0
C 275
R
P 0x7f94870ee408
C 361
R
P 0x7f94870ee408
P 0x7f94874b94d0
C 9
R
P 0x7f94870ee408
C 361
R
P 0x7f94870ee408
U 32
C 35
= 0x7f9487113718
R
P 0x7f94870ee408
C 361
R
P 0x7f94870ee408
P 0x7f9487113718
C 274
R
P 0x7f94870ee408
C 361
R
P 0x7f94870ee408
P 0x7f9487113718
C 9
R
P 0x7f94870ee408
C 361
R
P 0x7f94870ee408
I 42
P 0x7f9487113718
C 154
= 0x7f948b0b7f38
R
P 0x7f94870ee408
C 361
R
P 0x7f94870ee408
P 0x7f948b0b7f38
C 274
R
P 0x7f94870ee408
C 361
R
P 0x7f94870ee408
P 0x7f948b0b7f38
C 271
= 0x7f9487113718
R
P 0x7f94870ee408
C 361
R
P 0x7f94870ee408
P 0x7f9487113718
C 226
R
P 0x7f94870ee408
C 361
R
P 0x7f94870ee408
P 0x7f948b0b7f38
C 277
R
P 0x7f94870ee408
C 361
R
P 0x7f94870ee408
P 0x7f948b0b7f38
C 276
R
P 0x7f94870ee408
C 361
R
P 0x7f94870ee408
P 0x7f948b0b7f38
C 275
R
P 0x7f94870ee408
C 361
R
P 0x7f94870ee408
P 0x7f948b0b7f38
C 9
R
P 0x7f94870ee408
C 361
R
P 0x7f94870ee408
P 0x7f94874b94d0
P 0x7f948b0b7f38
C 58
= 0x7f9487544c88
R
P 0x7f94870ee408
C 361
R
P 0x7f94870ee408
P 0x7f9487544c88
C 275
R
P 0x7f94870ee408
C 361
R
P 0x7f94870ee408
P 0x7f9487544c88
C 9
R
P 0x7f94870ee408
C 361
R
P 0x7f94870ee408
P 0x7f948cad69d8
P 0x7f9487544c88
C 374
R
P 0x7f94870ee408
C 361
R
P 0x7f94870ee408
S "x"
C 30
R
P 0x7f94870ee408
C 361
R
P 0x7f94870ee408
$ |x|
C 219
R
P 0x7f94870ee408
C 361
R
P 0x7f94870ee408
$ |x|
P 0x7f94871132d8
C 51
= 0x7f9487113bf8
R
P 0x7f94870ee408
C 361
R
P 0x7f94870ee408
P 0x7f9487113bf8
C 274
R
P 0x7f94870ee408
C 361
R
P 0x7f94870ee408
P 0x7f9487113bf8
C 271
= 0x7f94871132d8
R
P 0x7f94870ee408
C 361
R
P 0x7f94870ee408
P 0x7f94871132d8
C 226
R
P 0x7f94870ee408
C 361
R
P 0x7f94870ee408
P 0x7f9487113bf8
C 277
R
P 0x7f94870ee408
C 361
R
P 0x7f94870ee408
P 0x7f9487113bf8
C 276
R
P 0x7f94870ee408
C 361
R
P 0x7f94870ee408
P 0x7f9487113bf8
C 275
R
P 0x7f94870ee408
C 361
R
P 0x7f94870ee408
P 0x7f9487113bf8
C 9
R
P 0x7f94870ee408
C 361
R
P 0x7f94870ee408
S "f"
C 30
R
P 0x7f94870ee408
C 361
R
P 0x7f94870ee408
$ |f|
C 219
R
P 0x7f94870ee408
C 361
R
P 0x7f94870ee408
$ |f|
U 1
P 0x7f94871132d8
p 1
P 0x7f94871132d8
C 49
= 0x7f9487531630
R
P 0x7f94870ee408
C 361
R
P 0x7f94870ee408
P 0x7f9487531630
C 274
R
P 0x7f94870ee408
C 361
R
P 0x7f94870ee408
P 0x7f9487531630
C 9
R
P 0x7f94870ee408
C 361
R
P 0x7f94870ee408
$ |x|
P 0x7f94871132d8
C 51
= 0x7f9487113bf8
R
P 0x7f94870ee408
C 361
R
P 0x7f94870ee408
P 0x7f9487113bf8
C 274
R
P 0x7f94870ee408
C 361
R
P 0x7f94870ee408
P 0x7f9487113bf8
C 271
= 0x7f94871132d8
R
P 0x7f94870ee408
C 361
R
P 0x7f94870ee408
P 0x7f94871132d8
C 226
R
P 0x7f94870ee408
C 361
R
P 0x7f94870ee408
P 0x7f9487113bf8
C 277
R
P 0x7f94870ee408
C 361
R
P 0x7f94870ee408
P 0x7f9487113bf8
C 276
R
P 0x7f94870ee408
C 361
R
P 0x7f94870ee408
P 0x7f9487113bf8
C 275
R
P 0x7f94870ee408
C 361
R
P 0x7f94870ee408
P 0x7f9487113bf8
C 9
R
P 0x7f94870ee408
C 361
R
P 0x7f94870ee408
P 0x7f9487531630
U 1
P 0x7f9487113bf8
p 1
C 50
= 0x7f948753dfc8
R
P 0x7f94870ee408
C 361
R
P 0x7f94870ee408
P 0x7f948753dfc8
C 274
R
P 0x7f94870ee408
C 361
R
P 0x7f94870ee408
P 0x7f948753dfc8
C 271
= 0x7f94871132d8
R
P 0x7f94870ee408
C 361
R
P 0x7f94870ee408
P 0x7f94871132d8
C 226
R
P 0x7f94870ee408
C 361
R
P 0x7f94870ee408
P 0x7f948753dfc8
C 277
R
P 0x7f94870ee408
C 361
R
P 0x7f94870ee408
P 0x7f948753dfc8
C 276
R
P 0x7f94870ee408
C 361
R
P 0x7f94870ee408
P 0x7f948753dfc8
C 275
R
P 0x7f94870ee408
C 361
R
P 0x7f94870ee408
P 0x7f948753dfc8
C 9
R
P 0x7f94870ee408
C 361
R
P 0x7f94870ee408
U 2
P 0x7f9487113bf8
P 0x7f948753dfc8
p 2
C 67
= 0x7f9487531048
R
P 0x7f94870ee408
C 361
R
P 0x7f94870ee408
P 0x7f9487531048
C 274
R
P 0x7f94870ee408
C 361
R
P 0x7f94870ee408
P 0x7f9487531048
C 271
= 0x7f94871132d8
R
P 0x7f94870ee408
C 361
R
P 0x7f94870ee408
P 0x7f94871132d8
C 226
R
P 0x7f94870ee408
C 361
R
P 0x7f94870ee408
P 0x7f9487531048
C 277
R
P 0x7f94870ee408
C 361
R
P 0x7f94870ee408
P 0x7f9487531048
C 276
R
P 0x7f94870ee408
C 361
R
P 0x7f94870ee408
P 0x7f9487531048
C 275
R
P 0x7f94870ee408
C 361
R
P 0x7f94870ee408
P 0x7f9487531048
C 9
R
P 0x7f94870ee408
C 361
R
P 0x7f94870ee408
I 123
P 0x7f94871132d8
C 154
= 0x7f948b0b7f18
R
P 0x7f94870ee408
C 361
R
P 0x7f94870ee408
P 0x7f948b0b7f18
C 275
R
P 0x7f94870ee408
C 361
R
P 0x7f94870ee408
P 0x7f948b0b7f18
C 9
R
P 0x7f94870ee408
C 361
R
P 0x7f94870ee408
P 0x7f9487531048
P 0x7f948b0b7f18
C 58
= 0x7f94874b9498
R
P 0x7f94870ee408
C 361
R
P 0x7f94870ee408
P 0x7f94874b9498
C 275
R
P 0x7f94870ee408
C 361
R
P 0x7f94870ee408
P 0x7f94874b9498
C 9
R
P 0x7f94870ee408
C 361
R
P 0x7f94870ee408
P 0x7f948cad69d8
P 0x7f94874b9498
C 374
R
P 0x7f94870ee408
C 361
R
P 0x7f94870ee408
C 431
= 0x7f948cade688
R
P 0x7f94870ee408
C 361
R
P 0x7f94870ee408
P 0x7f948cade688
C 440
R
P 0x7f94870ee408
C 361
R
P 0x7f94870ee408
P 0x7f948cad69d8
C 378
R
P 0x7f94870ee408
C 361
R
P 0x7f94870ee408
P 0x7f948cad69d8
U 0
C 379
= 0x7f9487544c88
R
P 0x7f94870ee408
C 361
R
P 0x7f94870ee408
P 0x7f9487544c88
C 274
R
P 0x7f94870ee408
C 361
R
P 0x7f94870ee408
P 0x7f9487544c88
C 271
= 0x7f9487113218
R
P 0x7f94870ee408
C 361
R
P 0x7f94870ee408
P 0x7f9487113218
C 226
R
P 0x7f94870ee408
C 361
R
P 0x7f94870ee408
P 0x7f9487544c88
C 277
R
P 0x7f94870ee408
C 361
R
P 0x7f94870ee408
P 0x7f9487544c88
C 276
R
P 0x7f94870ee408
C 361
R
P 0x7f94870ee408
P 0x7f9487544c88
C 275
R
P 0x7f94870ee408
C 361
R
P 0x7f94870ee408
P 0x7f9487544c88
C 9
R
P 0x7f94870ee408
C 361
R
P 0x7f94870ee408
P 0x7f948cad69d8
U 1
C 379
= 0x7f94874b9498
R
P 0x7f94870ee408
C 361
R
P 0x7f94870ee408
P 0x7f94874b9498
C 274
R
P 0x7f94870ee408
C 361
R
P 0x7f94870ee408
P 0x7f94874b9498
C 271
= 0x7f9487113218
R
P 0x7f94870ee408
C 361
R
P 0x7f94870ee408
P 0x7f9487113218
C 226
R
P 0x7f94870ee408
C 361
R
P 0x7f94870ee408
P 0x7f94874b9498
C 277
R
P 0x7f94870ee408
C 361
R
P 0x7f94870ee408
P 0x7f94874b9498
C 276
R
P 0x7f94870ee408
C 361
R
P 0x7f94870ee408
P 0x7f94874b9498
C 275
R
P 0x7f94870ee408
C 361
R
P 0x7f94870ee408
P 0x7f94874b9498
C 9
R
P 0x7f94870ee408
C 361
R
P 0x7f94870ee408
P 0x7f948cade688
P 0x7f9487544c88
C 447
R
P 0x7f94870ee408
C 361
R
P 0x7f94870ee408
P 0x7f948cade688
P 0x7f94874b9498
C 447
R
P 0x7f94870ee408
C 361
R
P 0x7f94870ee408
P 0x7f948cade688
C 468
R
P 0x7f94870ee408
C 361
R
P 0x7f94870ee408
P 0x7f948cade688
C 458
R
P 0x7f94870ee408
C 361
R
P 0x7f94870ee408
P 0x7f948cade688
C 463
= 0x7f94881ff018
R
P 0x7f94870ee408
C 361
R
P 0x7f94870ee408
P 0x7f94881ff018
C 319
R
P 0x7f94870ee408
C 361
R
P 0x7f94870ee408
P 0x7f94881ff018
C 356
R
P 0x7f94870ee408
C 361
R
P 0x7f94870ee408
P 0x7f948cade688
C 463
= 0x7f94881fece8
R
P 0x7f94870ee408
C 361
R
P 0x7f94870ee408
P 0x7f94881fece8
C 319
R
P 0x7f94870ee408
C 361
R
P 0x7f94870ee408
P 0x7f948b0b7f58
C 265
= 0x7f948753da88
R
P 0x7f94870ee408
C 361
R
P 0x7f94870ee408
P 0x7f948753da88
C 274
R
P 0x7f94870ee408
C 361
R
P 0x7f94870ee408
P 0x7f948753da88
C 9
R
P 0x7f94870ee408
C 361
R
P 0x7f94870ee408
P 0x7f948753da88
C 254
= 0x7f948b0b7f98
R
P 0x7f94870ee408
C 361
R
P 0x7f94870ee408
P 0x7f948b0b7f98
C 226
R
P 0x7f94870ee408
C 361
R
P 0x7f94870ee408
P 0x7f948753da88
C 252
R
P 0x7f94870ee408
C 361
R
P 0x7f94870ee408
P 0x7f94881fece8
P 0x7f948753da88
C 322
= 0x7f948753d8d8
R
P 0x7f94870ee408
C 361
R
P 0x7f94870ee408
P 0x7f948753d8d8
C 333
R
P 0x7f94870ee408
C 361
R
P 0x7f94870ee408
P 0x7f948cade688
C 463
= 0x7f94881f8638
R
P 0x7f94870ee408
C 361
R
P 0x7f94870ee408
P 0x7f94881f8638
C 319
R
P 0x7f94870ee408
C 361
R
P 0x7f94870ee408
P 0x7f9487113bf8
C 265
= 0x7f9487115568
R
P 0x7f94870ee408
C 361
R
P 0x7f94870ee408
P 0x7f9487115568
C 274
R
P 0x7f94870ee408
C 361
R
P 0x7f94870ee408
P 0x7f9487115568
C 9
R
P 0x7f94870ee408
C 361
R
P 0x7f94870ee408
P 0x7f9487115568
C 252
R
P 0x7f94870ee408
C 361
R
P 0x7f94870ee408
P 0x7f94881f8638
P 0x7f9487115568
C 322
= 0x7f9487113c58
R
P 0x7f94870ee408
C 361
R
P 0x7f94870ee408
P 0x7f9487113c58
C 274
R
P 0x7f94870ee408
C 361
R
P 0x7f94870ee408
P 0x7f9487113c58
C 271
= 0x7f94871132d8
R
P 0x7f94870ee408
C 361
R
P 0x7f94870ee408
P 0x7f94871132d8
C 226
R
P 0x7f94870ee408
C 361
R
P 0x7f94870ee408
P 0x7f9487113c58
C 277
R
P 0x7f94870ee408
C 361
R
P 0x7f94870ee408
P 0x7f9487113c58
C 276
R
P 0x7f94870ee408
C 361
R
P 0x7f94870ee408
P 0x7f9487113c58
C 275
R
P 0x7f94870ee408
C 361
R
P 0x7f94870ee408
P 0x7f9487113c58
C 9
R
P 0x7f94870ee408
C 361
R
P 0x7f94870ee408
P 0x7f9487113c58
C 280
R
P 0x7f94870ee408
C 361
R
P 0x7f94870ee408
P 0x7f948cade688
C 463
= 0x7f94881f7988
R
P 0x7f94870ee408
C 361
R
P 0x7f94870ee408
P 0x7f94881f7988
C 319
R
P 0x7f94870ee408
C 361
R
P 0x7f94870ee408
P 0x7f9487531630
C 254
= 0x7f94871132d8
R
P 0x7f94870ee408
C 361
R
P 0x7f94870ee408
P 0x7f94871132d8
C 226
R
P 0x7f94870ee408
C 361
R
P 0x7f94870ee408
P 0x7f9487531630
C 252
R
P 0x7f94870ee408
C 361
R
P 0x7f94870ee408
P 0x7f94881f7988
P 0x7f9487531630
C 324
= 0x7f94881f78a8
R
P 0x7f94870ee408
C 361
R
P 0x7f94870ee408
P 0x7f94881f78a8
C 337
R
P 0x7f94870ee408
C 361
R
P 0x7f94870ee408
P 0x7f94881f78a8
C 339
R
P 0x7f94870ee408
C 361
R
P 0x7f94870ee408
P 0x7f94881f78a8
C 341
= 0x7f948b0b7f18
R
P 0x7f94870ee408
C 361
R
P 0x7f94870ee408
P 0x7f948b0b7f18
C 274
R
P 0x7f94870ee408
C 361
R
P 0x7f94870ee408
P 0x7f948b0b7f18
C 271
= 0x7f94871132d8
R
P 0x7f94870ee408
C 361
R
P 0x7f94870ee408
P 0x7f94871132d8
C 226
R
P 0x7f94870ee408
C 361
R
P 0x7f94870ee408
P 0x7f948b0b7f18
C 277
R
P 0x7f94870ee408
C 361
R
P 0x7f94870ee408
P 0x7f948b0b7f18
C 276
R
P 0x7f94870ee408
C 361
R
P 0x7f94870ee408
P 0x7f948b0b7f18
C 275
R
P 0x7f94870ee408
C 361
R
P 0x7f94870ee408
P 0x7f948b0b7f18
C 9
R
P 0x7f94870ee408
C 361
R
P 0x7f94870ee408
P 0x7f948b0b7f18
C 280
R
P 0x7f94870ee408
C 361
R
P 0x7f94870ee408
P 0x7f948cade688
C 463
= 0x7f948800bbe8
R
P 0x7f94870ee408
C 361
R
P 0x7f94870ee408
P 0x7f948800bbe8
C 319
R
P 0x7f94870ee408
C 361
R
P 0x7f94870ee408
P 0x7f948b0b7f58
C 265
= 0x7f948753da88
R
P 0x7f94870ee408
C 361
R
P 0x7f94870ee408
P 0x7f948753da88
C 274
R
P 0x7f94870ee408
C 361
R
P 0x7f94870ee408
P 0x7f948753da88
C 9
R
P 0x7f94870ee408
C 361
R
P 0x7f94870ee408
P 0x7f948753da88
C 254
= 0x7f948b0b7f98
R
P 0x7f94870ee408
C 361
R
P 0x7f94870ee408
P 0x7f948b0b7f98
C 226
R
P 0x7f94870ee408
C 361
R
P 0x7f94870ee408
P 0x7f948753da88
C 252
R
P 0x7f94870ee408
C 361
R
P 0x7f94870ee408
P 0x7f948800bbe8
P 0x7f948753da88
C 322
= 0x7f948753d8d8
R
P 0x7f94870ee408
C 361
R
P 0x7f94870ee408
P 0x7f948753d8d8
C 333
R
P 0x7f94870ee408
C 361
M "ArrayExample2"
R
P 0x7f94870ee408
C 32
= 0x7f9487113218
R
P 0x7f94870ee408
C 361
R
P 0x7f94870ee408
P 0x7f9487113218
C 274
R
P 0x7f94870ee408
C 361
R
P 0x7f94870ee408
P 0x7f9487113218
C 9
R
P 0x7f94870ee408
C 361
R
P 0x7f94870ee408
P 0x7f9487113218
P 0x7f9487113218
C 37
= 0x7f948b0b7eb8
R
P 0x7f94870ee408
C 361
R
P 0x7f94870ee408
P 0x7f948b0b7eb8
C 274
R
P 0x7f94870ee408
C 361
R
P 0x7f94870ee408
P 0x7f948b0b7eb8
C 9
R
P 0x7f94870ee408
C 361
R
P 0x7f94870ee408
S "array_0"
C 30
R
P 0x7f94870ee408
C 361
R
P 0x7f94870ee408
$ |array_0|
C 219
R
P 0x7f94870ee408
C 361
R
P 0x7f94870ee408
$ |array_0|
P 0x7f948b0b7eb8
C 51
= 0x7f948b0b7e98
R
P 0x7f94870ee408
C 361
R
P 0x7f94870ee408
P 0x7f948b0b7e98
C 274
R
P 0x7f94870ee408
C 361
R
P 0x7f94870ee408
P 0x7f948b0b7e98
C 271
= 0x7f948b0b7eb8
R
P 0x7f94870ee408
C 361
R
P 0x7f94870ee408
P 0x7f948b0b7eb8
C 226
R
P 0x7f94870ee408
C 361
R
P 0x7f94870ee408
P 0x7f948b0b7e98
C 277
R
P 0x7f94870ee408
C 361
R
P 0x7f94870ee408
P 0x7f948b0b7e98
C 276
R
P 0x7f94870ee408
C 361
R
P 0x7f94870ee408
P 0x7f948b0b7e98
C 275
R
P 0x7f94870ee408
C 361
R
P 0x7f94870ee408
P 0x7f948b0b7e98
C 9
R
P 0x7f94870ee408
C 361
R
P 0x7f94870ee408
S "array_1"
C 30
R
P 0x7f94870ee408
C 361
R
P 0x7f94870ee408
$ |array_1|
C 219
R
P 0x7f94870ee408
C 361
R
P 0x7f94870ee408
$ |array_1|
P 0x7f948b0b7eb8
C 51
= 0x7f948b0b7e78
R
P 0x7f94870ee408
C 361
R
P 0x7f94870ee408
P 0x7f948b0b7e78
C 274
R
P 0x7f94870ee408
C 361
R
P 0x7f94870ee408
P 0x7f948b0b7e78
C 271
= 0x7f948b0b7eb8
R
P 0x7f94870ee408
C 361
R
P 0x7f94870ee408
P 0x7f948b0b7eb8
C 226
R
P 0x7f94870ee408
C 361
R
P 0x7f94870ee408
P 0x7f948b0b7e78
C 277
R
P 0x7f94870ee408
C 361
R
P 0x7f94870ee408
P 0x7f948b0b7e78
C 276
R
P 0x7f94870ee408
C 361
R
P 0x7f94870ee408
P 0x7f948b0b7e78
C 275
R
P 0x7f94870ee408
C 361
R
P 0x7f94870ee408
P 0x7f948b0b7e78
C 9
R
P 0x7f94870ee408
C 361
R
P 0x7f94870ee408
U 2
P 0x7f948b0b7e98
P 0x7f948b0b7e78
p 2
C 59
= 0x7f94874b9428
R
P 0x7f94870ee408
C 361
R
P 0x7f94870ee408
P 0x7f94874b9428
C 275
R
P 0x7f94870ee408
C 361
R
P 0x7f94870ee408
P 0x7f94874b9428
C 9
R
P 0x7f94870ee408
C 361
R
P 0x7f94870ee408
P 0x7f94874b9428
C 352
R
P 0x7f94870ee408
C 361
R
P 0x7f94870ee408
C 431
= 0x7f94864b1a08
R
P 0x7f94870ee408
C 361
R
P 0x7f94870ee408
P 0x7f94864b1a08
C 440
R
P 0x7f94870ee408
C 361
R
P 0x7f94870ee408
P 0x7f94864b1a08
P 0x7f94874b9428
C 447
R
P 0x7f94870ee408
C 361
R
P 0x7f94870ee408
P 0x7f94864b1a08
C 458
R
P 0x7f94870ee408
C 361
R
P 0x7f94870ee408
P 0x7f94864b1a08
C 463
= 0x7f948cbff088
R
P 0x7f94870ee408
C 361
R
P 0x7f94870ee408
P 0x7f948cbff088
C 319
R
P 0x7f94870ee408
C 361
R
P 0x7f94870ee408
P 0x7f948b0b7e98
C 352
R
P 0x7f94870ee408
C 361
R
P 0x7f94870ee408
P 0x7f948cbff088
P 0x7f948b0b7e98
I 0
P 0x0
C 321
* 0x7f94871183d8 4
R
P 0x7f94870ee408
C 361
R
P 0x7f94870ee408
P 0x7f94871183d8
C 274
R
P 0x7f94870ee408
C 361
R
P 0x7f94870ee408
P 0x7f94871183d8
C 271
= 0x7f948b0b7eb8
R
P 0x7f94870ee408
C 361
R
P 0x7f94870ee408
P 0x7f948b0b7eb8
C 226
R
P 0x7f94870ee408
C 361
R
P 0x7f94870ee408
P 0x7f94871183d8
C 277
R
P 0x7f94870ee408
C 361
R
P 0x7f94870ee408
P 0x7f94871183d8
C 276
R
P 0x7f94870ee408
C 361
R
P 0x7f94870ee408
P 0x7f94871183d8
C 275
R
P 0x7f94870ee408
C 361
R
P 0x7f94870ee408
P 0x7f94871183d8
C 9
R
P 0x7f94870ee408
C 361
R
P 0x7f94870ee408
P 0x7f94871183d8
C 352
R
P 0x7f94870ee408
C 361
R
P 0x7f94870ee408
P 0x7f948b0b7e78
C 352
R
P 0x7f94870ee408
C 361
R
P 0x7f94870ee408
P 0x7f948cbff088
P 0x7f948b0b7e78
I 0
P 0x0
C 321
* 0x7f948753d7b8 4
R
P 0x7f94870ee408
C 361
R
P 0x7f94870ee408
P 0x7f948753d7b8
C 274
R
P 0x7f94870ee408
C 361
R
P 0x7f94870ee408
P 0x7f948753d7b8
C 271
= 0x7f948b0b7eb8
R
P 0x7f94870ee408
C 361
R
P 0x7f94870ee408
P 0x7f948b0b7eb8
C 226
R
P 0x7f94870ee408
C 361
R
P 0x7f94870ee408
P 0x7f948753d7b8
C 277
R
P 0x7f94870ee408
C 361
R
P 0x7f94870ee408
P 0x7f948753d7b8
C 276
R
P 0x7f94870ee408
C 361
R
P 0x7f94870ee408
P 0x7f948753d7b8
C 275
R
P 0x7f94870ee408
C 361
R
P 0x7f94870ee408
P 0x7f948753d7b8
C 9
R
P 0x7f94870ee408
C 361
R
P 0x7f94870ee408
P 0x7f948753d7b8
C 352
R
P 0x7f94870ee408
C 361
R
P 0x7f94870ee408
C 32
= 0x7f9487113218
R
P 0x7f94870ee408
C 361
R
P 0x7f94870ee408
P 0x7f9487113218
C 274
R
P 0x7f94870ee408
C 361
R
P 0x7f94870ee408
P 0x7f9487113218
C 9
R
P 0x7f94870ee408
C 361
R
P 0x7f94870ee408
P 0x7f9487113218
P 0x7f9487113218
C 37
= 0x7f948b0b7eb8
R
P 0x7f94870ee408
C 361
R
P 0x7f94870ee408
P 0x7f948b0b7eb8
C 274
R
P 0x7f94870ee408
C 361
R
P 0x7f94870ee408
P 0x7f948b0b7eb8
C 9
R
P 0x7f94870ee408
C 361
R
P 0x7f94870ee408
S "array_0"
C 30
R
P 0x7f94870ee408
C 361
R
P 0x7f94870ee408
$ |array_0|
C 219
R
P 0x7f94870ee408
C 361
R
P 0x7f94870ee408
$ |array_0|
P 0x7f948b0b7eb8
C 51
= 0x7f948b0b7e98
R
P 0x7f94870ee408
C 361
R
P 0x7f94870ee408
P 0x7f948b0b7e98
C 274
R
P 0x7f94870ee408
C 361
R
P 0x7f94870ee408
P 0x7f948b0b7e98
C 271
= 0x7f948b0b7eb8
R
P 0x7f94870ee408
C 361
R
P 0x7f94870ee408
P 0x7f948b0b7eb8
C 226
R
P 0x7f94870ee408
C 361
R
P 0x7f94870ee408
P 0x7f948b0b7e98
C 277
R
P 0x7f94870ee408
C 361
R
P 0x7f94870ee408
P 0x7f948b0b7e98
C 276
R
P 0x7f94870ee408
C 361
R
P 0x7f94870ee408
P 0x7f948b0b7e98
C 275
R
P 0x7f94870ee408
C 361
R
P 0x7f94870ee408
P 0x7f948b0b7e98
C 9
R
P 0x7f94870ee408
C 361
R
P 0x7f94870ee408
S "array_1"
C 30
R
P 0x7f94870ee408
C 361
R
P 0x7f94870ee408
$ |array_1|
C 219
R
P 0x7f94870ee408
C 361
R
P 0x7f94870ee408
$ |array_1|
P 0x7f948b0b7eb8
C 51
= 0x7f948b0b7e78
R
P 0x7f94870ee408
C 361
R
P 0x7f94870ee408
P 0x7f948b0b7e78
C 274
R
P 0x7f94870ee408
C 361
R
P 0x7f94870ee408
P 0x7f948b0b7e78
C 271
= 0x7f948b0b7eb8
R
P 0x7f94870ee408
C 361
R
P 0x7f94870ee408
P 0x7f948b0b7eb8
C 226
R
P 0x7f94870ee408
C 361
R
P 0x7f94870ee408
P 0x7f948b0b7e78
C 277
R
P 0x7f94870ee408
C 361
R
P 0x7f94870ee408
P 0x7f948b0b7e78
C 276
R
P 0x7f94870ee408
C 361
R
P 0x7f94870ee408
P 0x7f948b0b7e78
C 275
R
P 0x7f94870ee408
C 361
R
P 0x7f94870ee408
P 0x7f948b0b7e78
C 9
R
P 0x7f94870ee408
C 361
R
P 0x7f94870ee408
S "array_2"
C 30
R
P 0x7f94870ee408
C 361
R
P 0x7f94870ee408
$ |array_2|
C 219
R
P 0x7f94870ee408
C 361
R
P 0x7f94870ee408
$ |array_2|
P 0x7f948b0b7eb8
C 51
= 0x7f948b0b7e18
R
P 0x7f94870ee408
C 361
R
P 0x7f94870ee408
P 0x7f948b0b7e18
C 274
R
P 0x7f94870ee408
C 361
R
P 0x7f94870ee408
P 0x7f948b0b7e18
C 271
= 0x7f948b0b7eb8
R
P 0x7f94870ee408
C 361
R
P 0x7f94870ee408
P 0x7f948b0b7eb8
C 226
R
P 0x7f94870ee408
C 361
R
P 0x7f94870ee408
P 0x7f948b0b7e18
C 277
R
P 0x7f94870ee408
C 361
R
P 0x7f94870ee408
P 0x7f948b0b7e18
C 276
R
P 0x7f94870ee408
C 361
R
P 0x7f94870ee408
P 0x7f948b0b7e18
C 275
R
P 0x7f94870ee408
C 361
R
P 0x7f94870ee408
P 0x7f948b0b7e18
C 9
R
P 0x7f94870ee408
C 361
R
P 0x7f94870ee408
U 3
P 0x7f948b0b7e98
P 0x7f948b0b7e78
P 0x7f948b0b7e18
p 3
C 59
= 0x7f9487118418
R
P 0x7f94870ee408
C 361
R
P 0x7f94870ee408
P 0x7f9487118418
C 275
R
P 0x7f94870ee408
C 361
R
P 0x7f94870ee408
P 0x7f9487118418
C 9
R
P 0x7f94870ee408
C 361
R
P 0x7f94870ee408
P 0x7f9487118418
C 352
R
P 0x7f94870ee408
C 361
R
P 0x7f94870ee408
C 431
= 0x7f948cc253e8
R
P 0x7f94870ee408
C 361
R
P 0x7f94870ee408
P 0x7f948cc253e8
C 440
R
P 0x7f94870ee408
C 361
R
P 0x7f94870ee408
P 0x7f948cc253e8
P 0x7f9487118418
C 447
R
P 0x7f94870ee408
C 361
R
P 0x7f94870ee408
P 0x7f948cc253e8
C 458
R
P 0x7f94870ee408
C 361
R
P 0x7f94870ee408
P 0x7f948cc253e8
C 463
= 0x7f948cf7c4c8
R
P 0x7f94870ee408
C 361
R
P 0x7f94870ee408
P 0x7f948cf7c4c8
C 319
R
P 0x7f94870ee408
C 361
R
P 0x7f94870ee408
P 0x7f948b0b7e98
C 352
R
P 0x7f94870ee408
C 361
R
P 0x7f94870ee408
P 0x7f948cf7c4c8
P 0x7f948b0b7e98
I 0
P 0x0
C 321
* 0x7f948753d7b8 4
R
P 0x7f94870ee408
C 361
R
P 0x7f94870ee408
P 0x7f948753d7b8
C 274
R
P 0x7f94870ee408
C 361
R
P 0x7f94870ee408
P 0x7f948753d7b8
C 271
= 0x7f948b0b7eb8
R
P 0x7f94870ee408
C 361
R
P 0x7f94870ee408
P 0x7f948b0b7eb8
C 226
R
P 0x7f94870ee408
C 361
R
P 0x7f94870ee408
P 0x7f948753d7b8
C 277
R
P 0x7f94870ee408
C 361
R
P 0x7f94870ee408
P 0x7f948753d7b8
C 276
R
P 0x7f94870ee408
C 361
R
P 0x7f94870ee408
P 0x7f948753d7b8
C 275
R
P 0x7f94870ee408
C 361
R
P 0x7f94870ee408
P 0x7f948753d7b8
C 9
R
P 0x7f94870ee408
C 361
R
P 0x7f94870ee408
P 0x7f948753d7b8
C 352
R
P 0x7f94870ee408
C 361
R
P 0x7f94870ee408
P 0x7f948b0b7e78
C 352
R
P 0x7f94870ee408
C 361
R
P 0x7f94870ee408
P 0x7f948cf7c4c8
P 0x7f948b0b7e78
I 0
P 0x0
C 321
* 0x7f94874fe878 4
R
P 0x7f94870ee408
C 361
R
P 0x7f94870ee408
P 0x7f94874fe878
C 274
R
P 0x7f94870ee408
C 361
R
P 0x7f94870ee408
P 0x7f94874fe878
C 274
R
P 0x7f94870ee408
C 361
R
P 0x7f94870ee408
P 0x7f94874fe878
C 275
R
P 0x7f94870ee408
C 361
R
P 0x7f94870ee408
P 0x7f94874fe878
C 274
R
P 0x7f94870ee408
C 361
R
P 0x7f94870ee408
P 0x7f94874fe878
C 274
R
P 0x7f94870ee408
C 361
R
P 0x7f94870ee408
P 0x7f94874fe878
C 9
R
P 0x7f94870ee408
C 361
R
P 0x7f94870ee408
P 0x7f94874fe878
C 352
R
P 0x7f94870ee408
C 361
R
P 0x7f94870ee408
P 0x7f948b0b7e18
C 352
R
P 0x7f94870ee408
C 361
R
P 0x7f94870ee408
P 0x7f948cf7c4c8
P 0x7f948b0b7e18
I 0
P 0x0
C 321
* 0x7f948753d5d8 4
R
P 0x7f94870ee408
C 361
R
P 0x7f94870ee408
P 0x7f948753d5d8
C 274
R
P 0x7f94870ee408
C 361
R
P 0x7f94870ee408
P 0x7f948753d5d8
C 271
= 0x7f948b0b7eb8
R
P 0x7f94870ee408
C 361
R
P 0x7f94870ee408
P 0x7f948b0b7eb8
C 226
R
P 0x7f94870ee408
C 361
R
P 0x7f94870ee408
P 0x7f948753d5d8
C 277
R
P 0x7f94870ee408
C 361
R
P 0x7f94870ee408
P 0x7f948753d5d8
C 276
R
P 0x7f94870ee408
C 361
R
P 0x7f94870ee408
P 0x7f948753d5d8
C 275
R
P 0x7f94870ee408
C 361
R
P 0x7f94870ee408
P 0x7f948753d5d8
C 9
R
P 0x7f94870ee408
C 361
R
P 0x7f94870ee408
P 0x7f948753d5d8
C 352
R
P 0x7f94870ee408
C 361
R
P 0x7f94870ee408
C 32
= 0x7f9487113218
R
P 0x7f94870ee408
C 361
R
P 0x7f94870ee408
P 0x7f9487113218
C 274
R
P 0x7f94870ee408
C 361
R
P 0x7f94870ee408
P 0x7f9487113218
C 9
R
P 0x7f94870ee408
C 361
R
P 0x7f94870ee408
P 0x7f9487113218
P 0x7f9487113218
C 37
= 0x7f948b0b7eb8
R
P 0x7f94870ee408
C 361
R
P 0x7f94870ee408
P 0x7f948b0b7eb8
C 274
R
P 0x7f94870ee408
C 361
R
P 0x7f94870ee408
P 0x7f948b0b7eb8
C 9
R
P 0x7f94870ee408
C 361
R
P 0x7f94870ee408
S "array_0"
C 30
R
P 0x7f94870ee408
C 361
R
P 0x7f94870ee408
$ |array_0|
C 219
R
P 0x7f94870ee408
C 361
R
P 0x7f94870ee408
$ |array_0|
P 0x7f948b0b7eb8
C 51
= 0x7f948b0b7e98
R
P 0x7f94870ee408
C 361
R
P 0x7f94870ee408
P 0x7f948b0b7e98
C 274
R
P 0x7f94870ee408
C 361
R
P 0x7f94870ee408
P 0x7f948b0b7e98
C 271
= 0x7f948b0b7eb8
R
P 0x7f94870ee408
C 361
R
P 0x7f94870ee408
P 0x7f948b0b7eb8
C 226
R
P 0x7f94870ee408
C 361
R
P 0x7f94870ee408
P 0x7f948b0b7e98
C 277
R
P 0x7f94870ee408
C 361
R
P 0x7f94870ee408
P 0x7f948b0b7e98
C 276
R
P 0x7f94870ee408
C 361
R
P 0x7f94870ee408
P 0x7f948b0b7e98
C 275
R
P 0x7f94870ee408
C 361
R
P 0x7f94870ee408
P 0x7f948b0b7e98
C 9
R
P 0x7f94870ee408
C 361
R
P 0x7f94870ee408
S "array_1"
C 30
R
P 0x7f94870ee408
C 361
R
P 0x7f94870ee408
$ |array_1|
C 219
R
P 0x7f94870ee408
C 361
R
P 0x7f94870ee408
$ |array_1|
P 0x7f948b0b7eb8
C 51
= 0x7f948b0b7e78
R
P 0x7f94870ee408
C 361
R
P 0x7f94870ee408
P 0x7f948b0b7e78
C 274
R
P 0x7f94870ee408
C 361
R
P 0x7f94870ee408
P 0x7f948b0b7e78
C 271
= 0x7f948b0b7eb8
R
P 0x7f94870ee408
C 361
R
P 0x7f94870ee408
P 0x7f948b0b7eb8
C 226
R
P 0x7f94870ee408
C 361
R
P 0x7f94870ee408
P 0x7f948b0b7e78
C 277
R
P 0x7f94870ee408
C 361
R
P 0x7f94870ee408
P 0x7f948b0b7e78
C 276
R
P 0x7f94870ee408
C 361
R
P 0x7f94870ee408
P 0x7f948b0b7e78
C 275
R
P 0x7f94870ee408
C 361
R
P 0x7f94870ee408
P 0x7f948b0b7e78
C 9
R
P 0x7f94870ee408
C 361
R
P 0x7f94870ee408
S "array_2"
C 30
R
P 0x7f94870ee408
C 361
R
P 0x7f94870ee408
$ |array_2|
C 219
R
P 0x7f94870ee408
C 361
R
P 0x7f94870ee408
$ |array_2|
P 0x7f948b0b7eb8
C 51
= 0x7f948b0b7e18
R
P 0x7f94870ee408
C 361
R
P 0x7f94870ee408
P 0x7f948b0b7e18
C 274
R
P 0x7f94870ee408
C 361
R
P 0x7f94870ee408
P 0x7f948b0b7e18
C 271
= 0x7f948b0b7eb8
R
P 0x7f94870ee408
C 361
R
P 0x7f94870ee408
P 0x7f948b0b7eb8
C 226
R
P 0x7f94870ee408
C 361
R
P 0x7f94870ee408
P 0x7f948b0b7e18
C 277
R
P 0x7f94870ee408
C 361
R
P 0x7f94870ee408
P 0x7f948b0b7e18
C 276
R
P 0x7f94870ee408
C 361
R
P 0x7f94870ee408
P 0x7f948b0b7e18
C 275
R
P 0x7f94870ee408
C 361
R
P 0x7f94870ee408
P 0x7f948b0b7e18
C 9
R
P 0x7f94870ee408
C 361
R
P 0x7f94870ee408
S "array_3"
C 30
R
P 0x7f94870ee408
C 361
R
P 0x7f94870ee408
$ |array_3|
C 219
R
P 0x7f94870ee408
C 361
R
P 0x7f94870ee408
$ |array_3|
P 0x7f948b0b7eb8
C 51
= 0x7f948b0b7d58
R
P 0x7f94870ee408
C 361
R
P 0x7f94870ee408
P 0x7f948b0b7d58
C 274
R
P 0x7f94870ee408
C 361
R
P 0x7f94870ee408
P 0x7f948b0b7d58
C 271
= 0x7f948b0b7eb8
R
P 0x7f94870ee408
C 361
R
P 0x7f94870ee408
P 0x7f948b0b7eb8
C 226
R
P 0x7f94870ee408
C 361
R
P 0x7f94870ee408
P 0x7f948b0b7d58
C 277
R
P 0x7f94870ee408
C 361
R
P 0x7f94870ee408
P 0x7f948b0b7d58
C 276
R
P 0x7f94870ee408
C 361
R
P 0x7f94870ee408
P 0x7f948b0b7d58
C 275
R
P 0x7f94870ee408
C 361
R
P 0x7f94870ee408
P 0x7f948b0b7d58
C 9
R
P 0x7f94870ee408
C 361
R
P 0x7f94870ee408
U 4
P 0x7f948b0b7e98
P 0x7f948b0b7e78
P 0x7f948b0b7e18
P 0x7f948b0b7d58
p 4
C 59
= 0x7f948711ddc8
R
P 0x7f94870ee408
C 361
R
P 0x7f94870ee408
P 0x7f948711ddc8
C 275
R
P 0x7f94870ee408
C 361
R
P 0x7f94870ee408
P 0x7f948711ddc8
C 9
R
P 0x7f94870ee408
C 361
R
P 0x7f94870ee408
P 0x7f948711ddc8
C 352
R
P 0x7f94870ee408
C 361
R
P 0x7f94870ee408
C 431
= 0x7f948cf07d38
R
P 0x7f94870ee408
C 361
R
P 0x7f94870ee408
P 0x7f948cf07d38
C 440
R
P 0x7f94870ee408
C 361
R
P 0x7f94870ee408
P 0x7f948cf07d38
P 0x7f948711ddc8
C 447
R
P 0x7f94870ee408
C 361
R
P 0x7f94870ee408
P 0x7f948cf07d38
C 458
R
P 0x7f94870ee408
C 361
R
P 0x7f94870ee408
P 0x7f948cf07d38
C 463
= 0x7f948ce9a4e8
R
P 0x7f94870ee408
C 361
R
P 0x7f94870ee408
P 0x7f948ce9a4e8
C 319
R
P 0x7f94870ee408
C 361
R
P 0x7f94870ee408
P 0x7f948b0b7e98
C 352
R
P 0x7f94870ee408
C 361
R
P 0x7f94870ee408
P 0x7f948ce9a4e8
P 0x7f948b0b7e98
I 0
P 0x0
C 321
* 0x7f948753d5d8 4
R
P 0x7f94870ee408
C 361
R
P 0x7f94870ee408
P 0x7f948753d5d8
C 274
R
P 0x7f94870ee408
C 361
R
P 0x7f94870ee408
P 0x7f948753d5d8
C 271
= 0x7f948b0b7eb8
R
P 0x7f94870ee408
C 361
R
P 0x7f94870ee408
P 0x7f948b0b7eb8
C 226
R
P 0x7f94870ee408
C 361
R
P 0x7f94870ee408
P 0x7f948753d5d8
C 277
R
P 0x7f94870ee408
C 361
R
P 0x7f94870ee408
P 0x7f948753d5d8
C 276
R
P 0x7f94870ee408
C 361
R
P 0x7f94870ee408
P 0x7f948753d5d8
C 275
R
P 0x7f94870ee408
C 361
R
P 0x7f94870ee408
P 0x7f948753d5d8
C 9
R
P 0x7f94870ee408
C 361
R
P 0x7f94870ee408
P 0x7f948753d5d8
C 352
R
P 0x7f94870ee408
C 361
R
P 0x7f94870ee408
P 0x7f948b0b7e78
C 352
R
P 0x7f94870ee408
C 361
R
P 0x7f94870ee408
P 0x7f948ce9a4e8
P 0x7f948b0b7e78
I 0
P 0x0
C 321
* 0x7f94874fe8d8 4
R
P 0x7f94870ee408
C 361
R
P 0x7f94870ee408
P 0x7f94874fe8d8
C 274
R
P 0x7f94870ee408
C 361
R
P 0x7f94870ee408
P 0x7f94874fe8d8
C 274
R
P 0x7f94870ee408
C 361
R
P 0x7f94870ee408
P 0x7f94874fe8d8
C 275
R
P 0x7f94870ee408
C 361
R
P 0x7f94870ee408
P 0x7f94874fe8d8
C 274
R
P 0x7f94870ee408
C 361
R
P 0x7f94870ee408
P 0x7f94874fe8d8
C 274
R
P 0x7f94870ee408
C 361
R
P 0x7f94870ee408
P 0x7f94874fe8d8
C 9
R
P 0x7f94870ee408
C 361
R
P 0x7f94870ee408
P 0x7f94874fe8d8
C 352
R
P 0x7f94870ee408
C 361
R
P 0x7f94870ee408
P 0x7f948b0b7e18
C 352
R
P 0x7f94870ee408
C 361
R
P 0x7f94870ee408
P 0x7f948ce9a4e8
P 0x7f948b0b7e18
I 0
P 0x0
C 321
* 0x7f94874fe878 4
R
P 0x7f94870ee408
C 361
R
P 0x7f94870ee408
P 0x7f94874fe878
C 274
R
P 0x7f94870ee408
C 361
R
P 0x7f94870ee408
P 0x7f94874fe878
C 274
R
P 0x7f94870ee408
C 361
R
P 0x7f94870ee408
P 0x7f94874fe878
C 275
R
P 0x7f94870ee408
C 361
R
P 0x7f94870ee408
P 0x7f94874fe878
C 274
R
P 0x7f94870ee408
C 361
R
P 0x7f94870ee408
P 0x7f94874fe878
C 274
R
P 0x7f94870ee408
C 361
R
P 0x7f94870ee408
P 0x7f94874fe878
C 9
R
P 0x7f94870ee408
C 361
R
P 0x7f94870ee408
P 0x7f94874fe878
C 352
R
P 0x7f94870ee408
C 361
R
P 0x7f94870ee408
P 0x7f948b0b7d58
C 352
R
P 0x7f94870ee408
C 361
R
P 0x7f94870ee408
P 0x7f948ce9a4e8
P 0x7f948b0b7d58
I 0
P 0x0
C 321
* 0x7f948753d7b8 4
R
P 0x7f94870ee408
C 361
R
P 0x7f94870ee408
P 0x7f948753d7b8
C 274
R
P 0x7f94870ee408
C 361
R
P 0x7f94870ee408
P 0x7f948753d7b8
C 271
= 0x7f948b0b7eb8
R
P 0x7f94870ee408
C 361
R
P 0x7f94870ee408
P 0x7f948b0b7eb8
C 226
R
P 0x7f94870ee408
C 361
R
P 0x7f94870ee408
P 0x7f948753d7b8
C 277
R
P 0x7f94870ee408
C 361
R
P 0x7f94870ee408
P 0x7f948753d7b8
C 276
R
P 0x7f94870ee408
C 361
R
P 0x7f94870ee408
P 0x7f948753d7b8
C 275
R
P 0x7f94870ee408
C 361
R
P 0x7f94870ee408
P 0x7f948753d7b8
C 9
R
P 0x7f94870ee408
C 361
R
P 0x7f94870ee408
P 0x7f948753d7b8
C 352
R
P 0x7f94870ee408
C 361
R
P 0x7f94870ee408
C 32
= 0x7f9487113218
R
P 0x7f94870ee408
C 361
R
P 0x7f94870ee408
P 0x7f9487113218
C 274
R
P 0x7f94870ee408
C 361
R
P 0x7f94870ee408
P 0x7f9487113218
C 9
R
P 0x7f94870ee408
C 361
R
P 0x7f94870ee408
P 0x7f9487113218
P 0x7f9487113218
C 37
= 0x7f948b0b7eb8
R
P 0x7f94870ee408
C 361
R
P 0x7f94870ee408
P 0x7f948b0b7eb8
C 274
R
P 0x7f94870ee408
C 361
R
P 0x7f94870ee408
P 0x7f948b0b7eb8
C 9
R
P 0x7f94870ee408
C 361
R
P 0x7f94870ee408
S "array_0"
C 30
R
P 0x7f94870ee408
C 361
R
P 0x7f94870ee408
$ |array_0|
C 219
R
P 0x7f94870ee408
C 361
R
P 0x7f94870ee408
$ |array_0|
P 0x7f948b0b7eb8
C 51
= 0x7f948b0b7e98
R
P 0x7f94870ee408
C 361
R
P 0x7f94870ee408
P 0x7f948b0b7e98
C 274
R
P 0x7f94870ee408
C 361
R
P 0x7f94870ee408
P 0x7f948b0b7e98
C 271
= 0x7f948b0b7eb8
R
P 0x7f94870ee408
C 361
R
P 0x7f94870ee408
P 0x7f948b0b7eb8
C 226
R
P 0x7f94870ee408
C 361
R
P 0x7f94870ee408
P 0x7f948b0b7e98
C 277
R
P 0x7f94870ee408
C 361
R
P 0x7f94870ee408
P 0x7f948b0b7e98
C 276
R
P 0x7f94870ee408
C 361
R
P 0x7f94870ee408
P 0x7f948b0b7e98
C 275
R
P 0x7f94870ee408
C 361
R
P 0x7f94870ee408
P 0x7f948b0b7e98
C 9
R
P 0x7f94870ee408
C 361
R
P 0x7f94870ee408
S "array_1"
C 30
R
P 0x7f94870ee408
C 361
R
P 0x7f94870ee408
$ |array_1|
C 219
R
P 0x7f94870ee408
C 361
R
P 0x7f94870ee408
$ |array_1|
P 0x7f948b0b7eb8
C 51
= 0x7f948b0b7e78
R
P 0x7f94870ee408
C 361
R
P 0x7f94870ee408
P 0x7f948b0b7e78
C 274
R
P 0x7f94870ee408
C 361
R
P 0x7f94870ee408
P 0x7f948b0b7e78
C 271
= 0x7f948b0b7eb8
R
P 0x7f94870ee408
C 361
R
P 0x7f94870ee408
P 0x7f948b0b7eb8
C 226
R
P 0x7f94870ee408
C 361
R
P 0x7f94870ee408
P 0x7f948b0b7e78
C 277
R
P 0x7f94870ee408
C 361
R
P 0x7f94870ee408
P 0x7f948b0b7e78
C 276
R
P 0x7f94870ee408
C 361
R
P 0x7f94870ee408
P 0x7f948b0b7e78
C 275
R
P 0x7f94870ee408
C 361
R
P 0x7f94870ee408
P 0x7f948b0b7e78
C 9
R
P 0x7f94870ee408
C 361
R
P 0x7f94870ee408
S "array_2"
C 30
R
P 0x7f94870ee408
C 361
R
P 0x7f94870ee408
$ |array_2|
C 219
R
P 0x7f94870ee408
C 361
R
P 0x7f94870ee408
$ |array_2|
P 0x7f948b0b7eb8
C 51
= 0x7f948b0b7e18
R
P 0x7f94870ee408
C 361
R
P 0x7f94870ee408
P 0x7f948b0b7e18
C 274
R
P 0x7f94870ee408
C 361
R
P 0x7f94870ee408
P 0x7f948b0b7e18
C 271
= 0x7f948b0b7eb8
R
P 0x7f94870ee408
C 361
R
P 0x7f94870ee408
P 0x7f948b0b7eb8
C 226
R
P 0x7f94870ee408
C 361
R
P 0x7f94870ee408
P 0x7f948b0b7e18
C 277
R
P 0x7f94870ee408
C 361
R
P 0x7f94870ee408
P 0x7f948b0b7e18
C 276
R
P 0x7f94870ee408
C 361
R
P 0x7f94870ee408
P 0x7f948b0b7e18
C 275
R
P 0x7f94870ee408
C 361
R
P 0x7f94870ee408
P 0x7f948b0b7e18
C 9
R
P 0x7f94870ee408
C 361
R
P 0x7f94870ee408
S "array_3"
C 30
R
P 0x7f94870ee408
C 361
R
P 0x7f94870ee408
$ |array_3|
C 219
R
P 0x7f94870ee408
C 361
R
P 0x7f94870ee408
$ |array_3|
P 0x7f948b0b7eb8
C 51
= 0x7f948b0b7d58
R
P 0x7f94870ee408
C 361
R
P 0x7f94870ee408
P 0x7f948b0b7d58
C 274
R
P 0x7f94870ee408
C 361
R
P 0x7f94870ee408
P 0x7f948b0b7d58
C 271
= 0x7f948b0b7eb8
R
P 0x7f94870ee408
C 361
R
P 0x7f94870ee408
P 0x7f948b0b7eb8
C 226
R
P 0x7f94870ee408
C 361
R
P 0x7f94870ee408
P 0x7f948b0b7d58
C 277
R
P 0x7f94870ee408
C 361
R
P 0x7f94870ee408
P 0x7f948b0b7d58
C 276
R
P 0x7f94870ee408
C 361
R
P 0x7f94870ee408
P 0x7f948b0b7d58
C 275
R
P 0x7f94870ee408
C 361
R
P 0x7f94870ee408
P 0x7f948b0b7d58
C 9
R
P 0x7f94870ee408
C 361
R
P 0x7f94870ee408
S "array_4"
C 30
R
P 0x7f94870ee408
C 361
R
P 0x7f94870ee408
$ |array_4|
C 219
R
P 0x7f94870ee408
C 361
R
P 0x7f94870ee408
$ |array_4|
P 0x7f948b0b7eb8
C 51
= 0x7f948b0b7c58
R
P 0x7f94870ee408
C 361
R
P 0x7f94870ee408
P 0x7f948b0b7c58
C 274
R
P 0x7f94870ee408
C 361
R
P 0x7f94870ee408
P 0x7f948b0b7c58
C 271
= 0x7f948b0b7eb8
R
P 0x7f94870ee408
C 361
R
P 0x7f94870ee408
P 0x7f948b0b7eb8
C 226
R
P 0x7f94870ee408
C 361
R
P 0x7f94870ee408
P 0x7f948b0b7c58
C 277
R
P 0x7f94870ee408
C 361
R
P 0x7f94870ee408
P 0x7f948b0b7c58
C 276
R
P 0x7f94870ee408
C 361
R
P 0x7f94870ee408
P 0x7f948b0b7c58
C 275
R
P 0x7f94870ee408
C 361
R
P 0x7f94870ee408
P 0x7f948b0b7c58
C 9
R
P 0x7f94870ee408
C 361
R
P 0x7f94870ee408
U 5
P 0x7f948b0b7e98
P 0x7f948b0b7e78
P 0x7f948b0b7e18
P 0x7f948b0b7d58
P 0x7f948b0b7c58
p 5
C 59
= 0x7f94874fa4b8
R
P 0x7f94870ee408
C 361
R
P 0x7f94870ee408
P 0x7f94874fa4b8
C 275
R
P 0x7f94870ee408
C 361
R
P 0x7f94870ee408
P 0x7f94874fa4b8
C 9
R
P 0x7f94870ee408
C 361
R
P 0x7f94870ee408
P 0x7f94874fa4b8
C 352
R
P 0x7f94870ee408
C 361
R
P 0x7f94870ee408
C 431
= 0x7f948ce9a3d8
R
P 0x7f94870ee408
C 361
R
P 0x7f94870ee408
P 0x7f948ce9a3d8
C 440
R
P 0x7f94870ee408
C 361
R
P 0x7f94870ee408
P 0x7f948ce9a3d8
P 0x7f94874fa4b8
C 447
R
P 0x7f94870ee408
C 361
R
P 0x7f94870ee408
P 0x7f948ce9a3d8
C 458
R
P 0x7f94870ee408
C 361
M "BitvectorExample1"
R
P 0x7f94870ee408
U 32
C 35
= 0x7f9487113718
R
P 0x7f94870ee408
C 361
R
P 0x7f94870ee408
P 0x7f9487113718
C 274
R
P 0x7f94870ee408
C 361
R
P 0x7f94870ee408
P 0x7f9487113718
C 9
R
P 0x7f94870ee408
C 361
R
P 0x7f94870ee408
S "x"
C 30
R
P 0x7f94870ee408
C 361
R
P 0x7f94870ee408
$ |x|
C 219
R
P 0x7f94870ee408
C 361
R
P 0x7f94870ee408
$ |x|
P 0x7f9487113718
C 51
= 0x7f94876f7298
R
P 0x7f94870ee408
C 361
R
P 0x7f94870ee408
P 0x7f94876f7298
C 274
R
P 0x7f94870ee408
C 361
R
P 0x7f94870ee408
P 0x7f94876f7298
C 271
= 0x7f9487113718
R
P 0x7f94870ee408
C 361
R
P 0x7f94870ee408
P 0x7f9487113718
C 226
R
P 0x7f94870ee408
C 361
R
P 0x7f94870ee408
P 0x7f94876f7298
C 277
R
P 0x7f94870ee408
C 361
R
P 0x7f94870ee408
P 0x7f94876f7298
C 276
R
P 0x7f94870ee408
C 361
R
P 0x7f94870ee408
P 0x7f94876f7298
C 275
R
P 0x7f94870ee408
C 361
R
P 0x7f94870ee408
P 0x7f94876f7298
C 9
R
P 0x7f94870ee408
C 361
R
P 0x7f94870ee408
S "0"
P 0x7f9487113718
C 152
= 0x7f94876f7258
R
P 0x7f94870ee408
C 361
R
P 0x7f94870ee408
P 0x7f94876f7258
C 274
R
P 0x7f94870ee408
C 361
R
P 0x7f94870ee408
P 0x7f94876f7258
C 271
= 0x7f9487113718
R
P 0x7f94870ee408
C 361
R
P 0x7f94870ee408
P 0x7f9487113718
C 226
R
P 0x7f94870ee408
C 361
R
P 0x7f94870ee408
P 0x7f94876f7258
C 277
R
P 0x7f94870ee408
C 361
R
P 0x7f94870ee408
P 0x7f94876f7258
C 276
R
P 0x7f94870ee408
C 361
R
P 0x7f94870ee408
P 0x7f94876f7258
C 275
R
P 0x7f94870ee408
C 361
R
P 0x7f94870ee408
P 0x7f94876f7258
C 9
R
P 0x7f94870ee408
C 361
R
P 0x7f94870ee408
U 32
C 35
= 0x7f9487113718
R
P 0x7f94870ee408
C 361
R
P 0x7f94870ee408
P 0x7f9487113718
C 274
R
P 0x7f94870ee408
C 361
R
P 0x7f94870ee408
P 0x7f9487113718
C 9
R
P 0x7f94870ee408
C 361
R
P 0x7f94870ee408
I 10
P 0x7f9487113718
C 154
= 0x7f948b0b7c78
R
P 0x7f94870ee408
C 361
R
P 0x7f94870ee408
P 0x7f948b0b7c78
C 274
R
P 0x7f94870ee408
C 361
R
P 0x7f94870ee408
P 0x7f948b0b7c78
C 271
= 0x7f9487113718
R
P 0x7f94870ee408
C 361
R
P 0x7f94870ee408
P 0x7f9487113718
C 226
R
P 0x7f94870ee408
C 361
R
P 0x7f94870ee408
P 0x7f948b0b7c78
C 277
R
P 0x7f94870ee408
C 361
R
P 0x7f94870ee408
P 0x7f948b0b7c78
C 276
R
P 0x7f94870ee408
C 361
R
P 0x7f94870ee408
P 0x7f948b0b7c78
C 275
R
P 0x7f94870ee408
C 361
R
P 0x7f94870ee408
P 0x7f948b0b7c78
C 9
R
P 0x7f94870ee408
C 361
R
P 0x7f94870ee408
P 0x7f94876f7298
P 0x7f948b0b7c78
C 94
= 0x7f94874b6360
R
P 0x7f94870ee408
C 361
R
P 0x7f94870ee408
P 0x7f94874b6360
C 275
R
P 0x7f94870ee408
C 361
R
P 0x7f94870ee408
P 0x7f94874b6360
C 9
R
P 0x7f94870ee408
C 361
R
P 0x7f94870ee408
P 0x7f94876f7298
P 0x7f948b0b7c78
C 104
= 0x7f9487530e88
R
P 0x7f94870ee408
C 361
R
P 0x7f94870ee408
P 0x7f9487530e88
C 275
R
P 0x7f94870ee408
C 361
R
P 0x7f94870ee408
P 0x7f9487530e88
C 9
R
P 0x7f94870ee408
C 361
R
P 0x7f94870ee408
P 0x7f94874b6360
P 0x7f94876f7258
C 104
= 0x7f94874eb760
R
P 0x7f94870ee408
C 361
R
P 0x7f94870ee408
P 0x7f94874eb760
C 275
R
P 0x7f94870ee408
C 361
R
P 0x7f94870ee408
P 0x7f94874eb760
C 9
R
P 0x7f94870ee408
C 361
R
P 0x7f94870ee408
P 0x7f9487530e88
P 0x7f94874eb760
C 62
= 0x7f94874b62f0
R
P 0x7f94870ee408
C 361
R
P 0x7f94870ee408
P 0x7f94874b62f0
C 275
R
P 0x7f94870ee408
C 361
R
P 0x7f94870ee408
P 0x7f94874b62f0
C 9
R
P 0x7f94870ee408
C 361
R
P 0x7f94870ee408
P 0x7f94874b62f0
C 352
R
P 0x7f94870ee408
C 361
R
P 0x7f94870ee408
C 431
= 0x7f948dc05ea8
R
P 0x7f94870ee408
C 361
R
P 0x7f94870ee408
P 0x7f948dc05ea8
C 440
R
P 0x7f94870ee408
C 361
R
P 0x7f94870ee408
C 13
= 0x7f948ce877d8
R
P 0x7f94870ee408
C 361
R
P 0x7f94870ee408
P 0x7f948ce877d8
C 14
R
P 0x7f94870ee408
C 361
R
P 0x7f94870ee408
S "mbqi"
C 30
R
P 0x7f94870ee408
C 361
R
P 0x7f94870ee408
$ |mbqi|
C 219
R
P 0x7f94870ee408
C 361
R
P 0x7f94870ee408
P 0x7f948ce877d8
$ |mbqi|
I 0
C 16
R
P 0x7f94870ee408
C 361
R
P 0x7f94870ee408
P 0x7f948dc05ea8
P 0x7f948ce877d8
C 439
R
P 0x7f94870ee408
C 361
R
P 0x7f94870ee408
P 0x7f94874b62f0
C 60
= 0x7f948753d368
R
P 0x7f94870ee408
C 361
R
P 0x7f94870ee408
P 0x7f948753d368
C 275
R
P 0x7f94870ee408
C 361
R
P 0x7f94870ee408
P 0x7f948753d368
C 9
R
P 0x7f94870ee408
C 361
R
P 0x7f94870ee408
P 0x7f948dc05ea8
P 0x7f948753d368
C 447
R
P 0x7f94870ee408
C 361
R
P 0x7f94870ee408
P 0x7f948dc05ea8
C 458
R
P 0x7f94870ee408
C 361
R
P 0x7f94870ee408
P 0x7f948dc05ea8
C 463
= 0x7f948de0e388
R
P 0x7f94870ee408
C 361
R
P 0x7f94870ee408
P 0x7f948de0e388
C 319
R
P 0x7f94870ee408
C 361
R
P 0x7f94870ee408
P 0x7f948de0e388
C 356
R
P 0x7f94870ee408
C 361
M "BitvectorExample2"
R
P 0x7f94870ee408
U 32
C 35
= 0x7f9487113718
R
P 0x7f94870ee408
C 361
R
P 0x7f94870ee408
P 0x7f9487113718
C 274
R
P 0x7f94870ee408
C 361
R
P 0x7f94870ee408
P 0x7f9487113718
C 9
R
P 0x7f94870ee408
C 361
R
P 0x7f94870ee408
U 32
C 35
= 0x7f9487113718
R
P 0x7f94870ee408
C 361
R
P 0x7f94870ee408
P 0x7f9487113718
C 274
R
P 0x7f94870ee408
C 361
R
P 0x7f94870ee408
P 0x7f9487113718
C 9
R
P 0x7f94870ee408
C 361
R
P 0x7f94870ee408
S "x"
C 30
R
P 0x7f94870ee408
C 361
R
P 0x7f94870ee408
$ |x|
C 219
R
P 0x7f94870ee408
C 361
R
P 0x7f94870ee408
$ |x|
P 0x7f9487113718
C 51
= 0x7f94876f7298
R
P 0x7f94870ee408
C 361
R
P 0x7f94870ee408
P 0x7f94876f7298
C 274
R
P 0x7f94870ee408
C 361
R
P 0x7f94870ee408
P 0x7f94876f7298
C 271
= 0x7f9487113718
R
P 0x7f94870ee408
C 361
R
P 0x7f94870ee408
P 0x7f9487113718
C 226
R
P 0x7f94870ee408
C 361
R
P 0x7f94870ee408
P 0x7f94876f7298
C 277
R
P 0x7f94870ee408
C 361
R
P 0x7f94870ee408
P 0x7f94876f7298
C 276
R
P 0x7f94870ee408
C 361
R
P 0x7f94870ee408
P 0x7f94876f7298
C 275
R
P 0x7f94870ee408
C 361
R
P 0x7f94870ee408
P 0x7f94876f7298
C 9
R
P 0x7f94870ee408
C 361
R
P 0x7f94870ee408
U 32
C 35
= 0x7f9487113718
R
P 0x7f94870ee408
C 361
R
P 0x7f94870ee408
P 0x7f9487113718
C 274
R
P 0x7f94870ee408
C 361
R
P 0x7f94870ee408
P 0x7f9487113718
C 9
R
P 0x7f94870ee408
C 361
R
P 0x7f94870ee408
S "y"
C 30
R
P 0x7f94870ee408
C 361
R
P 0x7f94870ee408
$ |y|
C 219
R
P 0x7f94870ee408
C 361
R
P 0x7f94870ee408
$ |y|
P 0x7f9487113718
C 51
= 0x7f94876f7278
R
P 0x7f94870ee408
C 361
R
P 0x7f94870ee408
P 0x7f94876f7278
C 274
R
P 0x7f94870ee408
C 361
R
P 0x7f94870ee408
P 0x7f94876f7278
C 271
= 0x7f9487113718
R
P 0x7f94870ee408
C 361
R
P 0x7f94870ee408
P 0x7f9487113718
C 226
R
P 0x7f94870ee408
C 361
R
P 0x7f94870ee408
P 0x7f94876f7278
C 277
R
P 0x7f94870ee408
C 361
R
P 0x7f94870ee408
P 0x7f94876f7278
C 276
R
P 0x7f94870ee408
C 361
R
P 0x7f94870ee408
P 0x7f94876f7278
C 275
R
P 0x7f94870ee408
C 361
R
P 0x7f94870ee408
P 0x7f94876f7278
C 9
R
P 0x7f94870ee408
C 361
R
P 0x7f94870ee408
P 0x7f94876f7298
P 0x7f94876f7278
C 88
= 0x7f94876b7c70
R
P 0x7f94870ee408
C 361
R
P 0x7f94870ee408
P 0x7f94876b7c70
C 275
R
P 0x7f94870ee408
C 361
R
P 0x7f94870ee408
P 0x7f94876b7c70
C 9
R
P 0x7f94870ee408
C 361
R
P 0x7f94870ee408
S "103"
P 0x7f9487113718
C 152
= 0x7f948b0b7d18
R
P 0x7f94870ee408
C 361
R
P 0x7f94870ee408
P 0x7f948b0b7d18
C 274
R
P 0x7f94870ee408
C 361
R
P 0x7f94870ee408
P 0x7f948b0b7d18
C 271
= 0x7f9487113718
R
P 0x7f94870ee408
C 361
R
P 0x7f94870ee408
P 0x7f9487113718
C 226
R
P 0x7f94870ee408
C 361
R
P 0x7f94870ee408
P 0x7f948b0b7d18
C 277
R
P 0x7f94870ee408
C 361
R
P 0x7f94870ee408
P 0x7f948b0b7d18
C 276
R
P 0x7f94870ee408
C 361
R
P 0x7f94870ee408
P 0x7f948b0b7d18
C 275
R
P 0x7f94870ee408
C 361
R
P 0x7f94870ee408
P 0x7f948b0b7d18
C 9
R
P 0x7f94870ee408
C 361
R
P 0x7f94870ee408
P 0x7f94876b7c70
P 0x7f948b0b7d18
C 94
= 0x7f94876b7c38
R
P 0x7f94870ee408
C 361
R
P 0x7f94870ee408
P 0x7f94876b7c38
C 275
R
P 0x7f94870ee408
C 361
R
P 0x7f94870ee408
P 0x7f94876b7c38
C 9
R
P 0x7f94870ee408
C 361
R
P 0x7f94870ee408
P 0x7f94876f7298
P 0x7f94876f7278
C 95
= 0x7f94876b7c00
R
P 0x7f94870ee408
C 361
R
P 0x7f94870ee408
P 0x7f94876b7c00
C 275
R
P 0x7f94870ee408
C 361
R
P 0x7f94870ee408
P 0x7f94876b7c00
C 9
R
P 0x7f94870ee408
C 361
R
P 0x7f94870ee408
P 0x7f94876b7c38
P 0x7f94876b7c00
C 58
= 0x7f94876b7bc8
R
P 0x7f94870ee408
C 361
R
P 0x7f94870ee408
P 0x7f94876b7bc8
C 275
R
P 0x7f94870ee408
C 361
R
P 0x7f94870ee408
P 0x7f94876b7bc8
C 9
R
P 0x7f94870ee408
C 361
R
P 0x7f94870ee408
C 431
= 0x7f948de05e68
R
P 0x7f94870ee408
C 361
R
P 0x7f94870ee408
P 0x7f948de05e68
C 440
R
P 0x7f94870ee408
C 361
R
P 0x7f94870ee408
P 0x7f948de05e68
P 0x7f94876b7bc8
C 447
R
P 0x7f94870ee408
C 361
R
P 0x7f94870ee408
P 0x7f948de05e68
C 458
R
P 0x7f94870ee408
C 361
R
P 0x7f94870ee408
P 0x7f948de05e68
C 463
= 0x7f948e134648
R
P 0x7f94870ee408
C 361
R
P 0x7f94870ee408
P 0x7f948e134648
C 319
R
P 0x7f94870ee408
C 361
R
P 0x7f94870ee408
P 0x7f948e134648
C 356
R
P 0x7f94870ee408
C 361
M "ParserExample1"
R
P 0x7f94870ee408
S "\040declare-const x Int\041 \040declare-const y Int\041 \040assert \040and \040> x y\041 \040> x 0\041\041\041"
U 0
s 0
p 0
U 0
s 0
p 0
C 358
= 0x7f948e1185e8
R
P 0x7f94870ee408
C 361
R
P 0x7f94870ee408
P 0x7f948e1185e8
C 481
R
P 0x7f94870ee408
C 361
R
P 0x7f94870ee408
P 0x7f948e1185e8
C 483
R
P 0x7f94870ee408
C 361
R
P 0x7f94870ee408
P 0x7f948e1185e8
U 0
C 484
= 0x7f948bd4deb0
R
P 0x7f94870ee408
C 361
R
P 0x7f94870ee408
P 0x7f948bd4deb0
C 9
R
P 0x7f94870ee408
C 361
R
P 0x7f94870ee408
P 0x7f948bd4deb0
C 274
R
P 0x7f94870ee408
C 361
R
P 0x7f94870ee408
P 0x7f948bd4deb0
C 271
= 0x7f9487113218
R
P 0x7f94870ee408
C 361
R
P 0x7f94870ee408
P 0x7f9487113218
C 226
R
P 0x7f94870ee408
C 361
R
P 0x7f94870ee408
P 0x7f948bd4deb0
C 277
R
P 0x7f94870ee408
C 361
R
P 0x7f94870ee408
P 0x7f948bd4deb0
C 276
R
P 0x7f94870ee408
C 361
R
P 0x7f94870ee408
P 0x7f948bd4deb0
C 275
R
P 0x7f94870ee408
C 361
R
P 0x7f94870ee408
P 0x7f948bd4deb0
C 9
R
P 0x7f94870ee408
C 361
R
P 0x7f94870ee408
P 0x7f948bd4deb0
C 352
R
P 0x7f94870ee408
C 361
R
P 0x7f94870ee408
C 431
= 0x7f948e135268
R
P 0x7f94870ee408
C 361
R
P 0x7f94870ee408
P 0x7f948e135268
C 440
R
P 0x7f94870ee408
C 361
R
P 0x7f94870ee408
P 0x7f948e135268
P 0x7f948bd4deb0
C 447
R
P 0x7f94870ee408
C 361
R
P 0x7f94870ee408
P 0x7f948e135268
C 458
R
P 0x7f94870ee408
C 361
R
P 0x7f94870ee408
P 0x7f948e135268
C 463
= 0x7f948dedc4d8
R
P 0x7f94870ee408
C 361
R
P 0x7f94870ee408
P 0x7f948dedc4d8
C 319
R
P 0x7f94870ee408
C 361
M "ParserExample2"
R
P 0x7f94870ee408
S "a"
C 30
R
P 0x7f94870ee408
C 361
R
P 0x7f94870ee408
$ |a|
C 219
R
P 0x7f94870ee408
C 361
R
P 0x7f94870ee408
S "b"
C 30
R
P 0x7f94870ee408
C 361
R
P 0x7f94870ee408
$ |b|
C 219
R
P 0x7f94870ee408
C 361
R
P 0x7f94870ee408
C 33
= 0x7f94871132d8
R
P 0x7f94870ee408
C 361
R
P 0x7f94870ee408
P 0x7f94871132d8
C 274
R
P 0x7f94870ee408
C 361
R
P 0x7f94870ee408
P 0x7f94871132d8
C 9
R
P 0x7f94870ee408
C 361
R
P 0x7f94870ee408
$ |a|
U 0
p 0
P 0x7f94871132d8
C 49
= 0x7f948753d158
R
P 0x7f94870ee408
C 361
R
P 0x7f94870ee408
P 0x7f948753d158
C 274
R
P 0x7f94870ee408
C 361
R
P 0x7f94870ee408
P 0x7f948753d158
C 9
R
P 0x7f94870ee408
C 361
R
P 0x7f94870ee408
C 33
= 0x7f94871132d8
R
P 0x7f94870ee408
C 361
R
P 0x7f94870ee408
P 0x7f94871132d8
C 274
R
P 0x7f94870ee408
C 361
R
P 0x7f94870ee408
P 0x7f94871132d8
C 9
R
P 0x7f94870ee408
C 361
R
P 0x7f94870ee408
$ |b|
U 0
p 0
P 0x7f94871132d8
C 49
= 0x7f948753d1b8
R
P 0x7f94870ee408
C 361
R
P 0x7f94870ee408
P 0x7f948753d1b8
C 274
R
P 0x7f94870ee408
C 361
R
P 0x7f94870ee408
P 0x7f948753d1b8
C 9
R
P 0x7f94870ee408
C 361
R
P 0x7f94870ee408
S "\040assert \040> a b\041\041"
U 0
s 0
p 0
U 2
$ |a|
$ |b|
s 2
P 0x7f948753d158
P 0x7f948753d1b8
p 2
C 358
= 0x7f948df6ef58
R
P 0x7f94870ee408
C 361
R
P 0x7f94870ee408
P 0x7f948df6ef58
C 481
R
P 0x7f94870ee408
C 361
R
P 0x7f94870ee408
P 0x7f948df6ef58
C 483
R
P 0x7f94870ee408
C 361
R
P 0x7f94870ee408
P 0x7f948df6ef58
U 0
C 484
= 0x7f948bd4dd60
R
P 0x7f94870ee408
C 361
R
P 0x7f94870ee408
P 0x7f948bd4dd60
C 9
R
P 0x7f94870ee408
C 361
R
P 0x7f94870ee408
P 0x7f948bd4dd60
C 274
R
P 0x7f94870ee408
C 361
R
P 0x7f94870ee408
P 0x7f948bd4dd60
C 271
= 0x7f9487113218
R
P 0x7f94870ee408
C 361
R
P 0x7f94870ee408
P 0x7f9487113218
C 226
R
P 0x7f94870ee408
C 361
R
P 0x7f94870ee408
P 0x7f948bd4dd60
C 277
R
P 0x7f94870ee408
C 361
R
P 0x7f94870ee408
P 0x7f948bd4dd60
C 276
R
P 0x7f94870ee408
C 361
R
P 0x7f94870ee408
P 0x7f948bd4dd60
C 275
R
P 0x7f94870ee408
C 361
R
P 0x7f94870ee408
P 0x7f948bd4dd60
C 9
R
P 0x7f94870ee408
C 361
R
P 0x7f94870ee408
P 0x7f948bd4dd60
C 352
R
P 0x7f94870ee408
C 361
R
P 0x7f94870ee408
C 431
= 0x7f948def10d8
R
P 0x7f94870ee408
C 361
R
P 0x7f94870ee408
P 0x7f948def10d8
C 440
R
P 0x7f94870ee408
C 361
R
P 0x7f94870ee408
P 0x7f948def10d8
P 0x7f948bd4dd60
C 447
R
P 0x7f94870ee408
C 361
R
P 0x7f94870ee408
P 0x7f948def10d8
C 458
R
P 0x7f94870ee408
C 361
R
P 0x7f94870ee408
P 0x7f948def10d8
C 463
= 0x7f948df8bb48
R
P 0x7f94870ee408
C 361
R
P 0x7f94870ee408
P 0x7f948df8bb48
C 319
R
P 0x7f94870ee408
C 361
R
P 0x7f94870ee408
S "\040declare-const x Int \040declare-const y Int\041\041 \040assert \040> x y\041\041"
U 0
s 0
p 0
U 0
s 0
p 0
C 358
= 0x7f948d9763c8
R
P 0x7f94870ee408
C 361
R
P 0x7f94870ee408
U 4
C 363
M "ITEExample"
R
P 0x7f94870ee408
C 57
= 0x7f9487113298
R
P 0x7f94870ee408
C 361
R
P 0x7f94870ee408
P 0x7f9487113298
C 275
R
P 0x7f94870ee408
C 361
R
P 0x7f94870ee408
P 0x7f9487113298
C 9
R
P 0x7f94870ee408
C 361
R
P 0x7f94870ee408
I 1
P 0x7f94871132d8
C 154
= 0x7f9487113eb8
R
P 0x7f94870ee408
C 361
R
P 0x7f94870ee408
P 0x7f9487113eb8
C 275
R
P 0x7f94870ee408
C 361
R
P 0x7f94870ee408
P 0x7f9487113eb8
C 9
R
P 0x7f94870ee408
C 361
R
P 0x7f94870ee408
I 0
P 0x7f94871132d8
C 154
= 0x7f9487113c58
R
P 0x7f94870ee408
C 361
R
P 0x7f94870ee408
P 0x7f9487113c58
C 275
R
P 0x7f94870ee408
C 361
R
P 0x7f94870ee408
P 0x7f9487113c58
C 9
R
P 0x7f94870ee408
C 361
R
P 0x7f94870ee408
P 0x7f9487113298
P 0x7f9487113eb8
P 0x7f9487113c58
C 61
= 0x7f948bd5bd58
R
P 0x7f94870ee408
C 361
R
P 0x7f94870ee408
P 0x7f948bd5bd58
C 274
R
P 0x7f94870ee408
C 361
R
P 0x7f94870ee408
P 0x7f948bd5bd58
C 271
= 0x7f94871132d8
R
P 0x7f94870ee408
C 361
R
P 0x7f94870ee408
P 0x7f94871132d8
C 226
R
P 0x7f94870ee408
C 361
R
P 0x7f94870ee408
P 0x7f948bd5bd58
C 277
R
P 0x7f94870ee408
C 361
R
P 0x7f94870ee408
P 0x7f948bd5bd58
C 276
R
P 0x7f94870ee408
C 361
R
P 0x7f94870ee408
P 0x7f948bd5bd58
C 275
R
P 0x7f94870ee408
C 361
R
P 0x7f94870ee408
P 0x7f948bd5bd58
C 9
R
P 0x7f94870ee408
C 361
R
P 0x7f94870ee408
P 0x7f948bd5bd58
C 352
R
P 0x7f94870ee408
C 361
M "EvalExample1"
R
P 0x7f94870ee408
S "x"
C 30
R
P 0x7f94870ee408
C 361
R
P 0x7f94870ee408
$ |x|
C 219
R
P 0x7f94870ee408
C 361
R
P 0x7f94870ee408
$ |x|
P 0x7f94871132d8
C 51
= 0x7f9487113bf8
R
P 0x7f94870ee408
C 361
R
P 0x7f94870ee408
P 0x7f9487113bf8
C 274
R
P 0x7f94870ee408
C 361
R
P 0x7f94870ee408
P 0x7f9487113bf8
C 271
= 0x7f94871132d8
R
P 0x7f94870ee408
C 361
R
P 0x7f94870ee408
P 0x7f94871132d8
C 226
R
P 0x7f94870ee408
C 361
R
P 0x7f94870ee408
P 0x7f9487113bf8
C 277
R
P 0x7f94870ee408
C 361
R
P 0x7f94870ee408
P 0x7f9487113bf8
C 276
R
P 0x7f94870ee408
C 361
R
P 0x7f94870ee408
P 0x7f9487113bf8
C 275
R
P 0x7f94870ee408
C 361
R
P 0x7f94870ee408
P 0x7f9487113bf8
C 9
R
P 0x7f94870ee408
C 361
R
P 0x7f94870ee408
S "y"
C 30
R
P 0x7f94870ee408
C 361
R
P 0x7f94870ee408
$ |y|
C 219
R
P 0x7f94870ee408
C 361
R
P 0x7f94870ee408
$ |y|
P 0x7f94871132d8
C 51
= 0x7f9487113c18
R
P 0x7f94870ee408
C 361
R
P 0x7f94870ee408
P 0x7f9487113c18
C 274
R
P 0x7f94870ee408
C 361
R
P 0x7f94870ee408
P 0x7f9487113c18
C 271
= 0x7f94871132d8
R
P 0x7f94870ee408
C 361
R
P 0x7f94870ee408
P 0x7f94871132d8
C 226
R
P 0x7f94870ee408
C 361
R
P 0x7f94870ee408
P 0x7f9487113c18
C 277
R
P 0x7f94870ee408
C 361
R
P 0x7f94870ee408
P 0x7f9487113c18
C 276
R
P 0x7f94870ee408
C 361
R
P 0x7f94870ee408
P 0x7f9487113c18
C 275
R
P 0x7f94870ee408
C 361
R
P 0x7f94870ee408
P 0x7f9487113c18
C 9
R
P 0x7f94870ee408
C 361
R
P 0x7f94870ee408
I 2
P 0x7f94871132d8
C 154
= 0x7f9487114138
R
P 0x7f94870ee408
C 361
R
P 0x7f94870ee408
P 0x7f9487114138
C 275
R
P 0x7f94870ee408
C 361
R
P 0x7f94870ee408
P 0x7f9487114138
C 9
R
P 0x7f94870ee408
C 361
R
P 0x7f94870ee408
C 431
= 0x7f948d975f78
R
P 0x7f94870ee408
C 361
R
P 0x7f94870ee408
P 0x7f948d975f78
C 440
R
P 0x7f94870ee408
C 361
R
P 0x7f94870ee408
P 0x7f9487113bf8
P 0x7f9487113c18
C 75
= 0x7f948bd4e000
R
P 0x7f94870ee408
C 361
R
P 0x7f94870ee408
P 0x7f948bd4e000
C 275
R
P 0x7f94870ee408
C 361
R
P 0x7f94870ee408
P 0x7f948bd4e000
C 9
R
P 0x7f94870ee408
C 361
R
P 0x7f94870ee408
P 0x7f948d975f78
P 0x7f948bd4e000
C 447
R
P 0x7f94870ee408
C 361
R
P 0x7f94870ee408
P 0x7f9487113bf8
P 0x7f9487114138
C 77
= 0x7f9487531358
R
P 0x7f94870ee408
C 361
R
P 0x7f94870ee408
P 0x7f9487531358
C 275
R
P 0x7f94870ee408
C 361
R
P 0x7f94870ee408
P 0x7f9487531358
C 9
R
P 0x7f94870ee408
C 361
R
P 0x7f94870ee408
P 0x7f948d975f78
P 0x7f9487531358
C 447
R
P 0x7f94870ee408
C 361
R
P 0x7f94870ee408
P 0x7f948d975f78
C 458
R
P 0x7f94870ee408
C 361
R
P 0x7f94870ee408
P 0x7f948d975f78
C 463
= 0x7f94864c09c8
R
P 0x7f94870ee408
C 361
R
P 0x7f94870ee408
P 0x7f94864c09c8
C 319
R
P 0x7f94870ee408
C 361
R
P 0x7f94870ee408
P 0x7f94864c09c8
C 356
R
P 0x7f94870ee408
C 361
R
P 0x7f94870ee408
U 2
P 0x7f9487113bf8
P 0x7f9487113c18
p 2
C 67
= 0x7f9487119ce8
R
P 0x7f94870ee408
C 361
R
P 0x7f94870ee408
P 0x7f9487119ce8
C 274
R
P 0x7f94870ee408
C 361
R
P 0x7f94870ee408
P 0x7f9487119ce8
C 271
= 0x7f94871132d8
R
P 0x7f94870ee408
C 361
R
P 0x7f94870ee408
P 0x7f94871132d8
C 226
R
P 0x7f94870ee408
C 361
R
P 0x7f94870ee408
P 0x7f9487119ce8
C 277
R
P 0x7f94870ee408
C 361
R
P 0x7f94870ee408
P 0x7f9487119ce8
C 276
R
P 0x7f94870ee408
C 361
R
P 0x7f94870ee408
P 0x7f9487119ce8
C 275
R
P 0x7f94870ee408
C 361
R
P 0x7f94870ee408
P 0x7f9487119ce8
C 9
R
P 0x7f94870ee408
C 361
R
P 0x7f94870ee408
P 0x7f94864c09c8
P 0x7f9487119ce8
I 0
P 0x0
C 321
* 0x7f9487114ef8 4
R
P 0x7f94870ee408
C 361
R
P 0x7f94870ee408
P 0x7f9487114ef8
C 274
R
P 0x7f94870ee408
C 361
R
P 0x7f94870ee408
P 0x7f9487114ef8
C 271
= 0x7f94871132d8
R
P 0x7f94870ee408
C 361
R
P 0x7f94870ee408
P 0x7f94871132d8
C 226
R
P 0x7f94870ee408
C 361
R
P 0x7f94870ee408
P 0x7f9487114ef8
C 277
R
P 0x7f94870ee408
C 361
R
P 0x7f94870ee408
P 0x7f9487114ef8
C 276
R
P 0x7f94870ee408
C 361
R
P 0x7f94870ee408
P 0x7f9487114ef8
C 275
R
P 0x7f94870ee408
C 361
R
P 0x7f94870ee408
P 0x7f9487114ef8
C 9
R
P 0x7f94870ee408
C 361
R
P 0x7f94870ee408
P 0x7f9487114ef8
C 280
R
P 0x7f94870ee408
C 361
M "EvalExample2"
R
P 0x7f94870ee408
S "mk_tuple"
C 30
R
P 0x7f94870ee408
C 361
R
P 0x7f94870ee408
$ |mk_tuple|
C 219
R
P 0x7f94870ee408
C 361
R
P 0x7f94870ee408
S "first"
C 30
R
P 0x7f94870ee408
C 361
R
P 0x7f94870ee408
$ |first|
C 219
R
P 0x7f94870ee408
C 361
R
P 0x7f94870ee408
S "second"
C 30
R
P 0x7f94870ee408
C 361
R
P 0x7f94870ee408
$ |second|
C 219
R
P 0x7f94870ee408
C 361
R
P 0x7f94870ee408
$ |mk_tuple|
U 2
$ |first|
$ |second|
s 2
P 0x7f94871132d8
P 0x7f94871132d8
p 2
P 0x0
P 0x0
P 0x0
p 2
C 39
= 0x7f94876f1018
* 0x7f948bd5bc98 5
@ 0x7f948bd4dd28 6 0
@ 0x7f948bd4dc48 6 1
R
P 0x7f94870ee408
C 361
R
P 0x7f94870ee408
P 0x7f94876f1018
C 274
R
P 0x7f94870ee408
C 361
R
P 0x7f94870ee408
P 0x7f94876f1018
C 9
R
P 0x7f94870ee408
C 361
R
P 0x7f94870ee408
P 0x7f94876f1018
C 232
R
P 0x7f94870ee408
C 361
R
P 0x7f94870ee408
P 0x7f94876f1018
U 0
C 233
= 0x7f948bd4dd28
R
P 0x7f94870ee408
C 361
R
P 0x7f94870ee408
P 0x7f948bd4dd28
C 274
R
P 0x7f94870ee408
C 361
R
P 0x7f94870ee408
P 0x7f948bd4dd28
C 9
R
P 0x7f94870ee408
C 361
R
P 0x7f94870ee408
P 0x7f94876f1018
U 1
C 233
= 0x7f948bd4dc48
R
P 0x7f94870ee408
C 361
R
P 0x7f94870ee408
P 0x7f948bd4dc48
C 274
R
P 0x7f94870ee408
C 361
R
P 0x7f94870ee408
P 0x7f948bd4dc48
C 9
R
P 0x7f94870ee408
C 361
R
P 0x7f94870ee408
P 0x7f94876f1018
C 232
R
P 0x7f94870ee408
C 361
R
P 0x7f94870ee408
P 0x7f94876f1018
U 0
C 233
= 0x7f948bd4dd28
R
P 0x7f94870ee408
C 361
R
P 0x7f94870ee408
P 0x7f948bd4dd28
C 274
R
P 0x7f94870ee408
C 361
R
P 0x7f94870ee408
P 0x7f948bd4dd28
C 9
R
P 0x7f94870ee408
C 361
R
P 0x7f94870ee408
P 0x7f94876f1018
U 1
C 233
= 0x7f948bd4dc48
R
P 0x7f94870ee408
C 361
R
P 0x7f94870ee408
P 0x7f948bd4dc48
C 274
R
P 0x7f94870ee408
C 361
R
P 0x7f94870ee408
P 0x7f948bd4dc48
C 9
R
P 0x7f94870ee408
C 361
R
P 0x7f94870ee408
S "t1"
C 30
R
P 0x7f94870ee408
C 361
R
P 0x7f94870ee408
$ |t1|
C 219
R
P 0x7f94870ee408
C 361
R
P 0x7f94870ee408
$ |t1|
P 0x7f94876f1018
C 51
= 0x7f94876f10f8
R
P 0x7f94870ee408
C 361
R
P 0x7f94870ee408
P 0x7f94876f10f8
C 274
R
P 0x7f94870ee408
C 361
R
P 0x7f94870ee408
P 0x7f94876f10f8
C 271
= 0x7f94876f1018
R
P 0x7f94870ee408
C 361
R
P 0x7f94870ee408
P 0x7f94876f1018
C 226
R
P 0x7f94870ee408
C 361
R
P 0x7f94870ee408
P 0x7f94876f10f8
C 277
R
P 0x7f94870ee408
C 361
R
P 0x7f94870ee408
P 0x7f94876f10f8
C 276
R
P 0x7f94870ee408
C 361
R
P 0x7f94870ee408
P 0x7f94876f10f8
C 275
R
P 0x7f94870ee408
C 361
R
P 0x7f94870ee408
P 0x7f94876f10f8
C 9
R
P 0x7f94870ee408
C 361
R
P 0x7f94870ee408
S "t2"
C 30
R
P 0x7f94870ee408
C 361
R
P 0x7f94870ee408
$ |t2|
C 219
R
P 0x7f94870ee408
C 361
R
P 0x7f94870ee408
$ |t2|
P 0x7f94876f1018
C 51
= 0x7f94876f1158
R
P 0x7f94870ee408
C 361
R
P 0x7f94870ee408
P 0x7f94876f1158
C 274
R
P 0x7f94870ee408
C 361
R
P 0x7f94870ee408
P 0x7f94876f1158
C 271
= 0x7f94876f1018
R
P 0x7f94870ee408
C 361
R
P 0x7f94870ee408
P 0x7f94876f1018
C 226
R
P 0x7f94870ee408
C 361
R
P 0x7f94870ee408
P 0x7f94876f1158
C 277
R
P 0x7f94870ee408
C 361
R
P 0x7f94870ee408
P 0x7f94876f1158
C 276
R
P 0x7f94870ee408
C 361
R
P 0x7f94870ee408
P 0x7f94876f1158
C 275
R
P 0x7f94870ee408
C 361
R
P 0x7f94870ee408
P 0x7f94876f1158
C 9
R
P 0x7f94870ee408
C 361
R
P 0x7f94870ee408
C 431
= 0x7f94864e35a8
R
P 0x7f94870ee408
C 361
R
P 0x7f94870ee408
P 0x7f94864e35a8
C 440
R
P 0x7f94870ee408
C 361
R
P 0x7f94870ee408
P 0x7f94876f10f8
P 0x7f94876f1158
C 58
= 0x7f948bd4dc80
R
P 0x7f94870ee408
C 361
R
P 0x7f94870ee408
P 0x7f948bd4dc80
C 275
R
P 0x7f94870ee408
C 361
R
P 0x7f94870ee408
P 0x7f948bd4dc80
C 9
R
P 0x7f94870ee408
C 361
R
P 0x7f94870ee408
P 0x7f948bd4dc80
C 60
= 0x7f948753cdc8
R
P 0x7f94870ee408
C 361
R
P 0x7f94870ee408
P 0x7f948753cdc8
C 275
R
P 0x7f94870ee408
C 361
R
P 0x7f94870ee408
P 0x7f948753cdc8
C 9
R
P 0x7f94870ee408
C 361
R
P 0x7f94870ee408
P 0x7f94864e35a8
P 0x7f948753cdc8
C 447
R
P 0x7f94870ee408
C 361
R
P 0x7f94870ee408
P 0x7f948bd4dd28
U 1
P 0x7f94876f10f8
p 1
C 50
= 0x7f948753cd98
R
P 0x7f94870ee408
C 361
R
P 0x7f94870ee408
P 0x7f948753cd98
C 274
R
P 0x7f94870ee408
C 361
R
P 0x7f94870ee408
P 0x7f948753cd98
C 271
= 0x7f94871132d8
R
P 0x7f94870ee408
C 361
R
P 0x7f94870ee408
P 0x7f94871132d8
C 226
R
P 0x7f94870ee408
C 361
R
P 0x7f94870ee408
P 0x7f948753cd98
C 277
R
P 0x7f94870ee408
C 361
R
P 0x7f94870ee408
P 0x7f948753cd98
C 276
R
P 0x7f94870ee408
C 361
R
P 0x7f94870ee408
P 0x7f948753cd98
C 275
R
P 0x7f94870ee408
C 361
R
P 0x7f94870ee408
P 0x7f948753cd98
C 9
R
P 0x7f94870ee408
C 361
R
P 0x7f94870ee408
P 0x7f948bd4dd28
U 1
P 0x7f94876f1158
p 1
C 50
= 0x7f948753cd68
R
P 0x7f94870ee408
C 361
R
P 0x7f94870ee408
P 0x7f948753cd68
C 274
R
P 0x7f94870ee408
C 361
R
P 0x7f94870ee408
P 0x7f948753cd68
C 271
= 0x7f94871132d8
R
P 0x7f94870ee408
C 361
R
P 0x7f94870ee408
P 0x7f94871132d8
C 226
R
P 0x7f94870ee408
C 361
R
P 0x7f94870ee408
P 0x7f948753cd68
C 277
R
P 0x7f94870ee408
C 361
R
P 0x7f94870ee408
P 0x7f948753cd68
C 276
R
P 0x7f94870ee408
C 361
R
P 0x7f94870ee408
P 0x7f948753cd68
C 275
R
P 0x7f94870ee408
C 361
R
P 0x7f94870ee408
P 0x7f948753cd68
C 9
R
P 0x7f94870ee408
C 361
R
P 0x7f94870ee408
P 0x7f948753cd98
P 0x7f948753cd68
C 58
= 0x7f948bd4de40
R
P 0x7f94870ee408
C 361
R
P 0x7f94870ee408
P 0x7f948bd4de40
C 275
R
P 0x7f94870ee408
C 361
R
P 0x7f94870ee408
P 0x7f948bd4de40
C 9
R
P 0x7f94870ee408
C 361
R
P 0x7f94870ee408
P 0x7f94864e35a8
P 0x7f948bd4de40
C 447
R
P 0x7f94870ee408
C 361
R
P 0x7f94870ee408
P 0x7f94864e35a8
C 458
R
P 0x7f94870ee408
C 361
R
P 0x7f94870ee408
P 0x7f94864e35a8
C 463
= 0x7f948e2a0bf8
R
P 0x7f94870ee408
C 361
R
P 0x7f94870ee408
P 0x7f948e2a0bf8
C 319
R
P 0x7f94870ee408
C 361
R
P 0x7f94870ee408
P 0x7f948e2a0bf8
C 356
R
P 0x7f94870ee408
C 361
R
P 0x7f94870ee408
P 0x7f948e2a0bf8
P 0x7f94876f10f8
I 0
P 0x0
C 321
* 0x7f948bd4e310 4
R
P 0x7f94870ee408
C 361
R
P 0x7f94870ee408
P 0x7f948bd4e310
C 274
R
P 0x7f94870ee408
C 361
R
P 0x7f94870ee408
P 0x7f948bd4e310
C 271
= 0x7f94876f1018
R
P 0x7f94870ee408
C 361
R
P 0x7f94870ee408
P 0x7f94876f1018
C 226
R
P 0x7f94870ee408
C 361
R
P 0x7f94870ee408
P 0x7f948bd4e310
C 277
R
P 0x7f94870ee408
C 361
R
P 0x7f94870ee408
P 0x7f948bd4e310
C 276
R
P 0x7f94870ee408
C 361
R
P 0x7f94870ee408
P 0x7f948bd4e310
C 275
R
P 0x7f94870ee408
C 361
R
P 0x7f94870ee408
P 0x7f948bd4e310
C 9
R
P 0x7f94870ee408
C 361
R
P 0x7f94870ee408
P 0x7f948bd4e310
C 352
R
P 0x7f94870ee408
C 361
R
P 0x7f94870ee408
P 0x7f948e2a0bf8
P 0x7f94876f1158
I 0
P 0x0
C 321
* 0x7f948bd4de08 4
R
P 0x7f94870ee408
C 361
R
P 0x7f94870ee408
P 0x7f948bd4de08
C 274
R
P 0x7f94870ee408
C 361
R
P 0x7f94870ee408
P 0x7f948bd4de08
C 271
= 0x7f94876f1018
R
P 0x7f94870ee408
C 361
R
P 0x7f94870ee408
P 0x7f94876f1018
C 226
R
P 0x7f94870ee408
C 361
R
P 0x7f94870ee408
P 0x7f948bd4de08
C 277
R
P 0x7f94870ee408
C 361
R
P 0x7f94870ee408
P 0x7f948bd4de08
C 276
R
P 0x7f94870ee408
C 361
R
P 0x7f94870ee408
P 0x7f948bd4de08
C 275
R
P 0x7f94870ee408
C 361
R
P 0x7f94870ee408
P 0x7f948bd4de08
C 9
R
P 0x7f94870ee408
C 361
R
P 0x7f94870ee408
P 0x7f948bd4de08
C 352
R
P 0x7f94870ee408
C 361
R
P 0x7f94870ee408
P 0x7f948bd4dc48
U 1
P 0x7f94876f1158
p 1
C 50
= 0x7f948753cd38
R
P 0x7f94870ee408
C 361
R
P 0x7f94870ee408
P 0x7f948753cd38
C 274
R
P 0x7f94870ee408
C 361
R
P 0x7f94870ee408
P 0x7f948753cd38
C 271
= 0x7f94871132d8
R
P 0x7f94870ee408
C 361
R
P 0x7f94870ee408
P 0x7f94871132d8
C 226
R
P 0x7f94870ee408
C 361
R
P 0x7f94870ee408
P 0x7f948753cd38
C 277
R
P 0x7f94870ee408
C 361
R
P 0x7f94870ee408
P 0x7f948753cd38
C 276
R
P 0x7f94870ee408
C 361
R
P 0x7f94870ee408
P 0x7f948753cd38
C 275
R
P 0x7f94870ee408
C 361
R
P 0x7f94870ee408
P 0x7f948753cd38
C 9
R
P 0x7f94870ee408
C 361
R
P 0x7f94870ee408
P 0x7f948e2a0bf8
P 0x7f948753cd38
I 0
P 0x0
C 321
* 0x7f9487114138 4
R
P 0x7f94870ee408
C 361
R
P 0x7f94870ee408
P 0x7f9487114138
C 274
R
P 0x7f94870ee408
C 361
R
P 0x7f94870ee408
P 0x7f9487114138
C 271
= 0x7f94871132d8
R
P 0x7f94870ee408
C 361
R
P 0x7f94870ee408
P 0x7f94871132d8
C 226
R
P 0x7f94870ee408
C 361
R
P 0x7f94870ee408
P 0x7f9487114138
C 277
R
P 0x7f94870ee408
C 361
R
P 0x7f94870ee408
P 0x7f9487114138
C 276
R
P 0x7f94870ee408
C 361
R
P 0x7f94870ee408
P 0x7f9487114138
C 275
R
P 0x7f94870ee408
C 361
R
P 0x7f94870ee408
P 0x7f9487114138
C 9
R
P 0x7f94870ee408
C 361
R
P 0x7f94870ee408
P 0x7f9487114138
C 280
R
P 0x7f94870ee408
C 361
M "FindSmallModelExample"
R
P 0x7f94870ee408
U 32
C 35
= 0x7f9487113718
R
P 0x7f94870ee408
C 361
R
P 0x7f94870ee408
P 0x7f9487113718
C 274
R
P 0x7f94870ee408
C 361
R
P 0x7f94870ee408
P 0x7f9487113718
C 9
R
P 0x7f94870ee408
C 361
R
P 0x7f94870ee408
S "x"
C 30
R
P 0x7f94870ee408
C 361
R
P 0x7f94870ee408
$ |x|
C 219
R
P 0x7f94870ee408
C 361
R
P 0x7f94870ee408
$ |x|
P 0x7f9487113718
C 51
= 0x7f94876f7298
R
P 0x7f94870ee408
C 361
R
P 0x7f94870ee408
P 0x7f94876f7298
C 274
R
P 0x7f94870ee408
C 361
R
P 0x7f94870ee408
P 0x7f94876f7298
C 271
= 0x7f9487113718
R
P 0x7f94870ee408
C 361
R
P 0x7f94870ee408
P 0x7f9487113718
C 226
R
P 0x7f94870ee408
C 361
R
P 0x7f94870ee408
P 0x7f94876f7298
C 277
R
P 0x7f94870ee408
C 361
R
P 0x7f94870ee408
P 0x7f94876f7298
C 276
R
P 0x7f94870ee408
C 361
R
P 0x7f94870ee408
P 0x7f94876f7298
C 275
R
P 0x7f94870ee408
C 361
R
P 0x7f94870ee408
P 0x7f94876f7298
C 9
R
P 0x7f94870ee408
C 361
R
P 0x7f94870ee408
U 32
C 35
= 0x7f9487113718
R
P 0x7f94870ee408
C 361
R
P 0x7f94870ee408
P 0x7f9487113718
C 274
R
P 0x7f94870ee408
C 361
R
P 0x7f94870ee408
P 0x7f9487113718
C 9
R
P 0x7f94870ee408
C 361
R
P 0x7f94870ee408
S "y"
C 30
R
P 0x7f94870ee408
C 361
R
P 0x7f94870ee408
$ |y|
C 219
R
P 0x7f94870ee408
C 361
R
P 0x7f94870ee408
$ |y|
P 0x7f9487113718
C 51
= 0x7f94876f7278
R
P 0x7f94870ee408
C 361
R
P 0x7f94870ee408
P 0x7f94876f7278
C 274
R
P 0x7f94870ee408
C 361
R
P 0x7f94870ee408
P 0x7f94876f7278
C 271
= 0x7f9487113718
R
P 0x7f94870ee408
C 361
R
P 0x7f94870ee408
P 0x7f9487113718
C 226
R
P 0x7f94870ee408
C 361
R
P 0x7f94870ee408
P 0x7f94876f7278
C 277
R
P 0x7f94870ee408
C 361
R
P 0x7f94870ee408
P 0x7f94876f7278
C 276
R
P 0x7f94870ee408
C 361
R
P 0x7f94870ee408
P 0x7f94876f7278
C 275
R
P 0x7f94870ee408
C 361
R
P 0x7f94870ee408
P 0x7f94876f7278
C 9
R
P 0x7f94870ee408
C 361
R
P 0x7f94870ee408
U 32
C 35
= 0x7f9487113718
R
P 0x7f94870ee408
C 361
R
P 0x7f94870ee408
P 0x7f9487113718
C 274
R
P 0x7f94870ee408
C 361
R
P 0x7f94870ee408
P 0x7f9487113718
C 9
R
P 0x7f94870ee408
C 361
R
P 0x7f94870ee408
S "z"
C 30
R
P 0x7f94870ee408
C 361
R
P 0x7f94870ee408
$ |z|
C 219
R
P 0x7f94870ee408
C 361
R
P 0x7f94870ee408
$ |z|
P 0x7f9487113718
C 51
= 0x7f94876f1198
R
P 0x7f94870ee408
C 361
R
P 0x7f94870ee408
P 0x7f94876f1198
C 274
R
P 0x7f94870ee408
C 361
R
P 0x7f94870ee408
P 0x7f94876f1198
C 271
= 0x7f9487113718
R
P 0x7f94870ee408
C 361
R
P 0x7f94870ee408
P 0x7f9487113718
C 226
R
P 0x7f94870ee408
C 361
R
P 0x7f94870ee408
P 0x7f94876f1198
C 277
R
P 0x7f94870ee408
C 361
R
P 0x7f94870ee408
P 0x7f94876f1198
C 276
R
P 0x7f94870ee408
C 361
R
P 0x7f94870ee408
P 0x7f94876f1198
C 275
R
P 0x7f94870ee408
C 361
R
P 0x7f94870ee408
P 0x7f94876f1198
C 9
R
P 0x7f94870ee408
C 361
R
P 0x7f94870ee408
C 431
= 0x7f948e27d208
R
P 0x7f94870ee408
C 361
R
P 0x7f94870ee408
P 0x7f948e27d208
C 440
R
P 0x7f94870ee408
C 361
R
P 0x7f94870ee408
P 0x7f94876f7278
P 0x7f94876f1198
C 93
= 0x7f948bd4e0a8
R
P 0x7f94870ee408
C 361
R
P 0x7f94870ee408
P 0x7f948bd4e0a8
C 275
R
P 0x7f94870ee408
C 361
R
P 0x7f94870ee408
P 0x7f948bd4e0a8
C 9
R
P 0x7f94870ee408
C 361
R
P 0x7f94870ee408
P 0x7f94876f7298
P 0x7f948bd4e0a8
C 103
= 0x7f948bd4e0e0
R
P 0x7f94870ee408
C 361
R
P 0x7f94870ee408
P 0x7f948bd4e0e0
C 275
R
P 0x7f94870ee408
C 361
R
P 0x7f94870ee408
P 0x7f948bd4e0e0
C 9
R
P 0x7f94870ee408
C 361
R
P 0x7f94870ee408
P 0x7f948e27d208
P 0x7f948bd4e0e0
C 447
R
P 0x7f94870ee408
C 361
R
P 0x7f94870ee408
P 0x7f948e27d208
C 443
R
P 0x7f94870ee408
C 361
R
P 0x7f94870ee408
U 32
C 35
= 0x7f9487113718
R
P 0x7f94870ee408
C 361
R
P 0x7f94870ee408
P 0x7f9487113718
C 274
R
P 0x7f94870ee408
C 361
R
P 0x7f94870ee408
P 0x7f9487113718
C 9
R
P 0x7f94870ee408
C 361
R
P 0x7f94870ee408
I 2147483647
P 0x7f9487113718
C 154
= 0x7f94876f11d8
R
P 0x7f94870ee408
C 361
R
P 0x7f94870ee408
P 0x7f94876f11d8
C 274
R
P 0x7f94870ee408
C 361
R
P 0x7f94870ee408
P 0x7f94876f11d8
C 271
= 0x7f9487113718
R
P 0x7f94870ee408
C 361
R
P 0x7f94870ee408
P 0x7f9487113718
C 226
R
P 0x7f94870ee408
C 361
R
P 0x7f94870ee408
P 0x7f94876f11d8
C 277
R
P 0x7f94870ee408
C 361
R
P 0x7f94870ee408
P 0x7f94876f11d8
C 276
R
P 0x7f94870ee408
C 361
R
P 0x7f94870ee408
P 0x7f94876f11d8
C 275
R
P 0x7f94870ee408
C 361
R
P 0x7f94870ee408
P 0x7f94876f11d8
C 9
R
P 0x7f94870ee408
C 361
R
P 0x7f94870ee408
P 0x7f94876f7298
P 0x7f94876f11d8
C 103
= 0x7f948bd43638
R
P 0x7f94870ee408
C 361
R
P 0x7f94870ee408
P 0x7f948bd43638
C 275
R
P 0x7f94870ee408
C 361
R
P 0x7f94870ee408
P 0x7f948bd43638
C 9
R
P 0x7f94870ee408
C 361
R
P 0x7f94870ee408
P 0x7f948e27d208
P 0x7f948bd43638
C 447
R
P 0x7f94870ee408
C 361
R
P 0x7f94870ee408
U 32
C 35
= 0x7f9487113718
R
P 0x7f94870ee408
C 361
R
P 0x7f94870ee408
P 0x7f9487113718
C 274
R
P 0x7f94870ee408
C 361
R
P 0x7f94870ee408
P 0x7f9487113718
C 9
R
P 0x7f94870ee408
C 361
R
P 0x7f94870ee408
I 2147483647
P 0x7f9487113718
C 154
= 0x7f94876f11d8
R
P 0x7f94870ee408
C 361
R
P 0x7f94870ee408
P 0x7f94876f11d8
C 274
R
P 0x7f94870ee408
C 361
R
P 0x7f94870ee408
P 0x7f94876f11d8
C 271
= 0x7f9487113718
R
P 0x7f94870ee408
C 361
R
P 0x7f94870ee408
P 0x7f9487113718
C 226
R
P 0x7f94870ee408
C 361
R
P 0x7f94870ee408
P 0x7f94876f11d8
C 277
R
P 0x7f94870ee408
C 361
R
P 0x7f94870ee408
P 0x7f94876f11d8
C 276
R
P 0x7f94870ee408
C 361
R
P 0x7f94870ee408
P 0x7f94876f11d8
C 275
R
P 0x7f94870ee408
C 361
R
P 0x7f94870ee408
P 0x7f94876f11d8
C 9
R
P 0x7f94870ee408
C 361
R
P 0x7f94870ee408
P 0x7f94876f7278
P 0x7f94876f11d8
C 103
= 0x7f948bd434e8
R
P 0x7f94870ee408
C 361
R
P 0x7f94870ee408
P 0x7f948bd434e8
C 275
R
P 0x7f94870ee408
C 361
R
P 0x7f94870ee408
P 0x7f948bd434e8
C 9
R
P 0x7f94870ee408
C 361
R
P 0x7f94870ee408
P 0x7f948e27d208
P 0x7f948bd434e8
C 447
R
P 0x7f94870ee408
C 361
R
P 0x7f94870ee408
U 32
C 35
= 0x7f9487113718
R
P 0x7f94870ee408
C 361
R
P 0x7f94870ee408
P 0x7f9487113718
C 274
R
P 0x7f94870ee408
C 361
R
P 0x7f94870ee408
P 0x7f9487113718
C 9
R
P 0x7f94870ee408
C 361
R
P 0x7f94870ee408
I 2147483647
P 0x7f9487113718
C 154
= 0x7f94876f11d8
R
P 0x7f94870ee408
C 361
R
P 0x7f94870ee408
P 0x7f94876f11d8
C 274
R
P 0x7f94870ee408
C 361
R
P 0x7f94870ee408
P 0x7f94876f11d8
C 271
= 0x7f9487113718
R
P 0x7f94870ee408
C 361
R
P 0x7f94870ee408
P 0x7f9487113718
C 226
R
P 0x7f94870ee408
C 361
R
P 0x7f94870ee408
P 0x7f94876f11d8
C 277
R
P 0x7f94870ee408
C 361
R
P 0x7f94870ee408
P 0x7f94876f11d8
C 276
R
P 0x7f94870ee408
C 361
R
P 0x7f94870ee408
P 0x7f94876f11d8
C 275
R
P 0x7f94870ee408
C 361
R
P 0x7f94870ee408
P 0x7f94876f11d8
C 9
R
P 0x7f94870ee408
C 361
R
P 0x7f94870ee408
P 0x7f94876f1198
P 0x7f94876f11d8
C 103
= 0x7f948bd43408
R
P 0x7f94870ee408
C 361
R
P 0x7f94870ee408
P 0x7f948bd43408
C 275
R
P 0x7f94870ee408
C 361
R
P 0x7f94870ee408
P 0x7f948bd43408
C 9
R
P 0x7f94870ee408
C 361
R
P 0x7f94870ee408
P 0x7f948e27d208
P 0x7f948bd43408
C 447
R
P 0x7f94870ee408
C 361
R
P 0x7f94870ee408
P 0x7f948e27d208
C 458
R
P 0x7f94870ee408
C 361
R
P 0x7f94870ee408
P 0x7f948e27d208
C 463
= 0x7f948e1d0618
R
P 0x7f94870ee408
C 361
R
P 0x7f94870ee408
P 0x7f948e1d0618
C 319
R
P 0x7f94870ee408
C 361
R
P 0x7f94870ee408
P 0x7f948e1d0618
C 356
R
P 0x7f94870ee408
C 361
R
P 0x7f94870ee408
P 0x7f948e27d208
C 463
= 0x7f948e1251d8
R
P 0x7f94870ee408
C 361
R
P 0x7f94870ee408
P 0x7f948e1251d8
C 319
R
P 0x7f94870ee408
C 361
R
P 0x7f94870ee408
P 0x7f948e1251d8
P 0x7f94876f7298
I 0
P 0x0
C 321
* 0x7f948b0b7d78 4
R
P 0x7f94870ee408
C 361
R
P 0x7f94870ee408
P 0x7f948b0b7d78
C 274
R
P 0x7f94870ee408
C 361
R
P 0x7f94870ee408
P 0x7f948b0b7d78
C 271
= 0x7f9487113718
R
P 0x7f94870ee408
C 361
R
P 0x7f94870ee408
P 0x7f9487113718
C 226
R
P 0x7f94870ee408
C 361
R
P 0x7f94870ee408
P 0x7f948b0b7d78
C 277
R
P 0x7f94870ee408
C 361
R
P 0x7f94870ee408
P 0x7f948b0b7d78
C 276
R
P 0x7f94870ee408
C 361
R
P 0x7f94870ee408
P 0x7f948b0b7d78
C 275
R
P 0x7f94870ee408
C 361
R
P 0x7f94870ee408
P 0x7f948b0b7d78
C 9
R
P 0x7f94870ee408
C 361
R
P 0x7f94870ee408
P 0x7f948b0b7d78
I 0
C 287
R
P 0x7f94870ee408
C 361
R
P 0x7f94870ee408
P 0x7f948e27d208
C 463
= 0x7f948cff8fd8
R
P 0x7f94870ee408
C 361
R
P 0x7f94870ee408
P 0x7f948cff8fd8
C 319
R
P 0x7f94870ee408
C 361
R
P 0x7f94870ee408
P 0x7f948cff8fd8
P 0x7f94876f7278
I 0
P 0x0
C 321
* 0x7f948b0b7c38 4
R
P 0x7f94870ee408
C 361
R
P 0x7f94870ee408
P 0x7f948b0b7c38
C 274
R
P 0x7f94870ee408
C 361
R
P 0x7f94870ee408
P 0x7f948b0b7c38
C 271
= 0x7f9487113718
R
P 0x7f94870ee408
C 361
R
P 0x7f94870ee408
P 0x7f9487113718
C 226
R
P 0x7f94870ee408
C 361
R
P 0x7f94870ee408
P 0x7f948b0b7c38
C 277
R
P 0x7f94870ee408
C 361
R
P 0x7f94870ee408
P 0x7f948b0b7c38
C 276
R
P 0x7f94870ee408
C 361
R
P 0x7f94870ee408
P 0x7f948b0b7c38
C 275
R
P 0x7f94870ee408
C 361
R
P 0x7f94870ee408
P 0x7f948b0b7c38
C 9
R
P 0x7f94870ee408
C 361
R
P 0x7f94870ee408
P 0x7f948b0b7c38
I 0
C 287
R
P 0x7f94870ee408
C 361
R
P 0x7f94870ee408
P 0x7f948e27d208
C 463
= 0x7f948cff2178
R
P 0x7f94870ee408
C 361
R
P 0x7f94870ee408
P 0x7f948cff2178
C 319
R
P 0x7f94870ee408
C 361
R
P 0x7f94870ee408
P 0x7f948cff2178
P 0x7f94876f1198
I 0
P 0x0
C 321
* 0x7f948b0b7c98 4
R
P 0x7f94870ee408
C 361
R
P 0x7f94870ee408
P 0x7f948b0b7c98
C 274
R
P 0x7f94870ee408
C 361
R
P 0x7f94870ee408
P 0x7f948b0b7c98
C 271
= 0x7f9487113718
R
P 0x7f94870ee408
C 361
R
P 0x7f94870ee408
P 0x7f9487113718
C 226
R
P 0x7f94870ee408
C 361
R
P 0x7f94870ee408
P 0x7f948b0b7c98
C 277
R
P 0x7f94870ee408
C 361
R
P 0x7f94870ee408
P 0x7f948b0b7c98
C 276
R
P 0x7f94870ee408
C 361
R
P 0x7f94870ee408
P 0x7f948b0b7c98
C 275
R
P 0x7f94870ee408
C 361
R
P 0x7f94870ee408
P 0x7f948b0b7c98
C 9
R
P 0x7f94870ee408
C 361
R
P 0x7f94870ee408
P 0x7f948b0b7c98
I 0
C 287
R
P 0x7f94870ee408
C 361
R
P 0x7f94870ee408
U 32
C 35
= 0x7f9487113718
R
P 0x7f94870ee408
C 361
R
P 0x7f94870ee408
P 0x7f9487113718
C 274
R
P 0x7f94870ee408
C 361
R
P 0x7f94870ee408
P 0x7f9487113718
C 9
R
P 0x7f94870ee408
C 361
R
P 0x7f94870ee408
I 35652673
P 0x7f9487113718
C 154
= 0x7f948b0b7bf8
R
P 0x7f94870ee408
C 361
R
P 0x7f94870ee408
P 0x7f948b0b7bf8
C 274
R
P 0x7f94870ee408
C 361
R
P 0x7f94870ee408
P 0x7f948b0b7bf8
C 271
= 0x7f9487113718
R
P 0x7f94870ee408
C 361
R
P 0x7f94870ee408
P 0x7f9487113718
C 226
R
P 0x7f94870ee408
C 361
R
P 0x7f94870ee408
P 0x7f948b0b7bf8
C 277
R
P 0x7f94870ee408
C 361
R
P 0x7f94870ee408
P 0x7f948b0b7bf8
C 276
R
P 0x7f94870ee408
C 361
R
P 0x7f94870ee408
P 0x7f948b0b7bf8
C 275
R
P 0x7f94870ee408
C 361
R
P 0x7f94870ee408
P 0x7f948b0b7bf8
C 9
R
P 0x7f94870ee408
C 361
R
P 0x7f94870ee408
P 0x7f94876f7298
P 0x7f948b0b7bf8
C 103
= 0x7f948bd43520
R
P 0x7f94870ee408
C 361
R
P 0x7f94870ee408
P 0x7f948bd43520
C 275
R
P 0x7f94870ee408
C 361
R
P 0x7f94870ee408
P 0x7f948bd43520
C 9
R
P 0x7f94870ee408
C 361
R
P 0x7f94870ee408
P 0x7f948e27d208
P 0x7f948bd43520
C 447
R
P 0x7f94870ee408
C 361
R
P 0x7f94870ee408
U 32
C 35
= 0x7f9487113718
R
P 0x7f94870ee408
C 361
R
P 0x7f94870ee408
P 0x7f9487113718
C 274
R
P 0x7f94870ee408
C 361
R
P 0x7f94870ee408
P 0x7f9487113718
C 9
R
P 0x7f94870ee408
C 361
R
P 0x7f94870ee408
I 71305347
P 0x7f9487113718
C 154
= 0x7f948b0b7d78
R
P 0x7f94870ee408
C 361
R
P 0x7f94870ee408
P 0x7f948b0b7d78
C 274
R
P 0x7f94870ee408
C 361
R
P 0x7f94870ee408
P 0x7f948b0b7d78
C 271
= 0x7f9487113718
R
P 0x7f94870ee408
C 361
R
P 0x7f94870ee408
P 0x7f9487113718
C 226
R
P 0x7f94870ee408
C 361
R
P 0x7f94870ee408
P 0x7f948b0b7d78
C 277
R
P 0x7f94870ee408
C 361
R
P 0x7f94870ee408
P 0x7f948b0b7d78
C 276
R
P 0x7f94870ee408
C 361
R
P 0x7f94870ee408
P 0x7f948b0b7d78
C 275
R
P 0x7f94870ee408
C 361
R
P 0x7f94870ee408
P 0x7f948b0b7d78
C 9
R
P 0x7f94870ee408
C 361
R
P 0x7f94870ee408
P 0x7f94876f7298
P 0x7f948b0b7d78
C 103
= 0x7f948bd43248
R
P 0x7f94870ee408
C 361
R
P 0x7f94870ee408
P 0x7f948bd43248
C 275
R
P 0x7f94870ee408
C 361
R
P 0x7f94870ee408
P 0x7f948bd43248
C 9
R
P 0x7f94870ee408
C 361
R
P 0x7f94870ee408
P 0x7f948e27d208
P 0x7f948bd43248
C 447
R
P 0x7f94870ee408
C 361
R
P 0x7f94870ee408
U 32
C 35
= 0x7f9487113718
R
P 0x7f94870ee408
C 361
R
P 0x7f94870ee408
P 0x7f9487113718
C 274
R
P 0x7f94870ee408
C 361
R
P 0x7f94870ee408
P 0x7f9487113718
C 9
R
P 0x7f94870ee408
C 361
R
P 0x7f94870ee408
I 1073743874
P 0x7f9487113718
C 154
= 0x7f948b0b7c38
R
P 0x7f94870ee408
C 361
R
P 0x7f94870ee408
P 0x7f948b0b7c38
C 274
R
P 0x7f94870ee408
C 361
R
P 0x7f94870ee408
P 0x7f948b0b7c38
C 271
= 0x7f9487113718
R
P 0x7f94870ee408
C 361
R
P 0x7f94870ee408
P 0x7f9487113718
C 226
R
P 0x7f94870ee408
C 361
R
P 0x7f94870ee408
P 0x7f948b0b7c38
C 277
R
P 0x7f94870ee408
C 361
R
P 0x7f94870ee408
P 0x7f948b0b7c38
C 276
R
P 0x7f94870ee408
C 361
R
P 0x7f94870ee408
P 0x7f948b0b7c38
C 275
R
P 0x7f94870ee408
C 361
R
P 0x7f94870ee408
P 0x7f948b0b7c38
C 9
R
P 0x7f94870ee408
C 361
R
P 0x7f94870ee408
P 0x7f94876f7278
P 0x7f948b0b7c38
C 103
= 0x7f948bd43088
R
P 0x7f94870ee408
C 361
R
P 0x7f94870ee408
P 0x7f948bd43088
C 275
R
P 0x7f94870ee408
C 361
R
P 0x7f94870ee408
P 0x7f948bd43088
C 9
R
P 0x7f94870ee408
C 361
R
P 0x7f94870ee408
P 0x7f948e27d208
P 0x7f948bd43088
C 447
R
P 0x7f94870ee408
C 361
R
P 0x7f94870ee408
U 32
C 35
= 0x7f9487113718
R
P 0x7f94870ee408
C 361
R
P 0x7f94870ee408
P 0x7f9487113718
C 274
R
P 0x7f94870ee408
C 361
R
P 0x7f94870ee408
P 0x7f9487113718
C 9
R
P 0x7f94870ee408
C 361
R
P 0x7f94870ee408
I 1145045120
P 0x7f9487113718
C 154
= 0x7f948b0b7c98
R
P 0x7f94870ee408
C 361
R
P 0x7f94870ee408
P 0x7f948b0b7c98
C 274
R
P 0x7f94870ee408
C 361
R
P 0x7f94870ee408
P 0x7f948b0b7c98
C 271
= 0x7f9487113718
R
P 0x7f94870ee408
C 361
R
P 0x7f94870ee408
P 0x7f9487113718
C 226
R
P 0x7f94870ee408
C 361
R
P 0x7f94870ee408
P 0x7f948b0b7c98
C 277
R
P 0x7f94870ee408
C 361
R
P 0x7f94870ee408
P 0x7f948b0b7c98
C 276
R
P 0x7f94870ee408
C 361
R
P 0x7f94870ee408
P 0x7f948b0b7c98
C 275
R
P 0x7f94870ee408
C 361
R
P 0x7f94870ee408
P 0x7f948b0b7c98
C 9
R
P 0x7f94870ee408
C 361
R
P 0x7f94870ee408
P 0x7f94876f1198
P 0x7f948b0b7c98
C 103
= 0x7f948bd3e928
R
P 0x7f94870ee408
C 361
R
P 0x7f94870ee408
P 0x7f948bd3e928
C 275
R
P 0x7f94870ee408
C 361
R
P 0x7f94870ee408
P 0x7f948bd3e928
C 9
R
P 0x7f94870ee408
C 361
R
P 0x7f94870ee408
P 0x7f948e27d208
P 0x7f948bd3e928
C 447
R
P 0x7f94870ee408
C 361
R
P 0x7f94870ee408
P 0x7f948e27d208
C 458
R
P 0x7f94870ee408
C 361
R
P 0x7f94870ee408
P 0x7f948e27d208
C 463
= 0x7f948d9dced8
R
P 0x7f94870ee408
C 361
R
P 0x7f94870ee408
P 0x7f948d9dced8
C 319
R
P 0x7f94870ee408
C 361
R
P 0x7f94870ee408
P 0x7f948d9dced8
C 356
R
P 0x7f94870ee408
C 361
R
P 0x7f94870ee408
P 0x7f948e27d208
C 463
= 0x7f948d98d648
R
P 0x7f94870ee408
C 361
R
P 0x7f94870ee408
P 0x7f948d98d648
C 319
R
P 0x7f94870ee408
C 361
R
P 0x7f94870ee408
P 0x7f948d98d648
P 0x7f94876f7298
I 0
P 0x0
C 321
* 0x7f948b0b7c18 4
R
P 0x7f94870ee408
C 361
R
P 0x7f94870ee408
P 0x7f948b0b7c18
C 274
R
P 0x7f94870ee408
C 361
R
P 0x7f94870ee408
P 0x7f948b0b7c18
C 271
= 0x7f9487113718
R
P 0x7f94870ee408
C 361
R
P 0x7f94870ee408
P 0x7f9487113718
C 226
R
P 0x7f94870ee408
C 361
R
P 0x7f94870ee408
P 0x7f948b0b7c18
C 277
R
P 0x7f94870ee408
C 361
R
P 0x7f94870ee408
P 0x7f948b0b7c18
C 276
R
P 0x7f94870ee408
C 361
R
P 0x7f94870ee408
P 0x7f948b0b7c18
C 275
R
P 0x7f94870ee408
C 361
R
P 0x7f94870ee408
P 0x7f948b0b7c18
C 9
R
P 0x7f94870ee408
C 361
R
P 0x7f94870ee408
P 0x7f948b0b7c18
I 0
C 287
R
P 0x7f94870ee408
C 361
R
P 0x7f94870ee408
P 0x7f948e27d208
C 463
= 0x7f948cfc55b8
R
P 0x7f94870ee408
C 361
R
P 0x7f94870ee408
P 0x7f948cfc55b8
C 319
R
P 0x7f94870ee408
C 361
R
P 0x7f94870ee408
P 0x7f948cfc55b8
P 0x7f94876f7278
I 0
P 0x0
C 321
* 0x7f948b0b7958 4
R
P 0x7f94870ee408
C 361
R
P 0x7f94870ee408
P 0x7f948b0b7958
C 274
R
P 0x7f94870ee408
C 361
R
P 0x7f94870ee408
P 0x7f948b0b7958
C 271
= 0x7f9487113718
R
P 0x7f94870ee408
C 361
R
P 0x7f94870ee408
P 0x7f9487113718
C 226
R
P 0x7f94870ee408
C 361
R
P 0x7f94870ee408
P 0x7f948b0b7958
C 277
R
P 0x7f94870ee408
C 361
R
P 0x7f94870ee408
P 0x7f948b0b7958
C 276
R
P 0x7f94870ee408
C 361
R
P 0x7f94870ee408
P 0x7f948b0b7958
C 275
R
P 0x7f94870ee408
C 361
R
P 0x7f94870ee408
P 0x7f948b0b7958
C 9
R
P 0x7f94870ee408
C 361
R
P 0x7f94870ee408
P 0x7f948b0b7958
I 0
C 287
R
P 0x7f94870ee408
C 361
R
P 0x7f94870ee408
P 0x7f948e27d208
C 463
= 0x7f948cfe2c08
R
P 0x7f94870ee408
C 361
R
P 0x7f94870ee408
P 0x7f948cfe2c08
C 319
R
P 0x7f94870ee408
C 361
R
P 0x7f94870ee408
P 0x7f948cfe2c08
P 0x7f94876f1198
I 0
P 0x0
C 321
* 0x7f948b0b7978 4
R
P 0x7f94870ee408
C 361
R
P 0x7f94870ee408
P 0x7f948b0b7978
C 274
R
P 0x7f94870ee408
C 361
R
P 0x7f94870ee408
P 0x7f948b0b7978
C 271
= 0x7f9487113718
R
P 0x7f94870ee408
C 361
R
P 0x7f94870ee408
P 0x7f9487113718
C 226
R
P 0x7f94870ee408
C 361
R
P 0x7f94870ee408
P 0x7f948b0b7978
C 277
R
P 0x7f94870ee408
C 361
R
P 0x7f94870ee408
P 0x7f948b0b7978
C 276
R
P 0x7f94870ee408
C 361
R
P 0x7f94870ee408
P 0x7f948b0b7978
C 275
R
P 0x7f94870ee408
C 361
R
P 0x7f94870ee408
P 0x7f948b0b7978
C 9
R
P 0x7f94870ee408
C 361
R
P 0x7f94870ee408
P 0x7f948b0b7978
I 0
C 287
R
P 0x7f94870ee408
C 361
R
P 0x7f94870ee408
U 32
C 35
= 0x7f9487113718
R
P 0x7f94870ee408
C 361
R
P 0x7f94870ee408
P 0x7f9487113718
C 274
R
P 0x7f94870ee408
C 361
R
P 0x7f94870ee408
P 0x7f9487113718
C 9
R
P 0x7f94870ee408
C 361
R
P 0x7f94870ee408
I 2114641
P 0x7f9487113718
C 154
= 0x7f948b0b7898
R
P 0x7f94870ee408
C 361
R
P 0x7f94870ee408
P 0x7f948b0b7898
C 274
R
P 0x7f94870ee408
C 361
R
P 0x7f94870ee408
P 0x7f948b0b7898
C 271
= 0x7f9487113718
R
P 0x7f94870ee408
C 361
R
P 0x7f94870ee408
P 0x7f9487113718
C 226
R
P 0x7f94870ee408
C 361
R
P 0x7f94870ee408
P 0x7f948b0b7898
C 277
R
P 0x7f94870ee408
C 361
R
P 0x7f94870ee408
P 0x7f948b0b7898
C 276
R
P 0x7f94870ee408
C 361
R
P 0x7f94870ee408
P 0x7f948b0b7898
C 275
R
P 0x7f94870ee408
C 361
R
P 0x7f94870ee408
P 0x7f948b0b7898
C 9
R
P 0x7f94870ee408
C 361
R
P 0x7f94870ee408
P 0x7f94876f7298
P 0x7f948b0b7898
C 103
= 0x7f948bd3e650
R
P 0x7f94870ee408
C 361
R
P 0x7f94870ee408
P 0x7f948bd3e650
C 275
R
P 0x7f94870ee408
C 361
R
P 0x7f94870ee408
P 0x7f948bd3e650
C 9
R
P 0x7f94870ee408
C 361
R
P 0x7f94870ee408
P 0x7f948e27d208
P 0x7f948bd3e650
C 447
R
P 0x7f94870ee408
C 361
R
P 0x7f94870ee408
U 32
C 35
= 0x7f9487113718
R
P 0x7f94870ee408
C 361
R
P 0x7f94870ee408
P 0x7f9487113718
C 274
R
P 0x7f94870ee408
C 361
R
P 0x7f94870ee408
P 0x7f9487113718
C 9
R
P 0x7f94870ee408
C 361
R
P 0x7f94870ee408
I 4229283
P 0x7f9487113718
C 154
= 0x7f948b0b7c18
R
P 0x7f94870ee408
C 361
R
P 0x7f94870ee408
P 0x7f948b0b7c18
C 274
R
P 0x7f94870ee408
C 361
R
P 0x7f94870ee408
P 0x7f948b0b7c18
C 271
= 0x7f9487113718
R
P 0x7f94870ee408
C 361
R
P 0x7f94870ee408
P 0x7f9487113718
C 226
R
P 0x7f94870ee408
C 361
R
P 0x7f94870ee408
P 0x7f948b0b7c18
C 277
R
P 0x7f94870ee408
C 361
R
P 0x7f94870ee408
P 0x7f948b0b7c18
C 276
R
P 0x7f94870ee408
C 361
R
P 0x7f94870ee408
P 0x7f948b0b7c18
C 275
R
P 0x7f94870ee408
C 361
R
P 0x7f94870ee408
P 0x7f948b0b7c18
C 9
R
P 0x7f94870ee408
C 361
R
P 0x7f94870ee408
P 0x7f94876f7298
P 0x7f948b0b7c18
C 103
= 0x7f948bd3e490
R
P 0x7f94870ee408
C 361
R
P 0x7f94870ee408
P 0x7f948bd3e490
C 275
R
P 0x7f94870ee408
C 361
R
P 0x7f94870ee408
P 0x7f948bd3e490
C 9
R
P 0x7f94870ee408
C 361
R
P 0x7f94870ee408
P 0x7f948e27d208
P 0x7f948bd3e490
C 447
R
P 0x7f94870ee408
C 361
R
P 0x7f94870ee408
U 32
C 35
= 0x7f9487113718
R
P 0x7f94870ee408
C 361
R
P 0x7f94870ee408
P 0x7f9487113718
C 274
R
P 0x7f94870ee408
C 361
R
P 0x7f94870ee408
P 0x7f9487113718
C 9
R
P 0x7f94870ee408
C 361
R
P 0x7f94870ee408
I 1073741954
P 0x7f9487113718
C 154
= 0x7f948b0b7958
R
P 0x7f94870ee408
C 361
R
P 0x7f94870ee408
P 0x7f948b0b7958
C 274
R
P 0x7f94870ee408
C 361
R
P 0x7f94870ee408
P 0x7f948b0b7958
C 271
= 0x7f9487113718
R
P 0x7f94870ee408
C 361
R
P 0x7f94870ee408
P 0x7f9487113718
C 226
R
P 0x7f94870ee408
C 361
R
P 0x7f94870ee408
P 0x7f948b0b7958
C 277
R
P 0x7f94870ee408
C 361
R
P 0x7f94870ee408
P 0x7f948b0b7958
C 276
R
P 0x7f94870ee408
C 361
R
P 0x7f94870ee408
P 0x7f948b0b7958
C 275
R
P 0x7f94870ee408
C 361
R
P 0x7f94870ee408
P 0x7f948b0b7958
C 9
R
P 0x7f94870ee408
C 361
R
P 0x7f94870ee408
P 0x7f94876f7278
P 0x7f948b0b7958
C 103
= 0x7f948bd3e2d0
R
P 0x7f94870ee408
C 361
R
P 0x7f94870ee408
P 0x7f948bd3e2d0
C 275
R
P 0x7f94870ee408
C 361
R
P 0x7f94870ee408
P 0x7f948bd3e2d0
C 9
R
P 0x7f94870ee408
C 361
R
P 0x7f94870ee408
P 0x7f948e27d208
P 0x7f948bd3e2d0
C 447
R
P 0x7f94870ee408
C 361
R
P 0x7f94870ee408
U 32
C 35
= 0x7f9487113718
R
P 0x7f94870ee408
C 361
R
P 0x7f94870ee408
P 0x7f9487113718
C 274
R
P 0x7f94870ee408
C 361
R
P 0x7f94870ee408
P 0x7f9487113718
C 9
R
P 0x7f94870ee408
C 361
R
P 0x7f94870ee408
I 1077968896
P 0x7f9487113718
C 154
= 0x7f948b0b7978
R
P 0x7f94870ee408
C 361
R
P 0x7f94870ee408
P 0x7f948b0b7978
C 274
R
P 0x7f94870ee408
C 361
R
P 0x7f94870ee408
P 0x7f948b0b7978
C 271
= 0x7f9487113718
R
P 0x7f94870ee408
C 361
R
P 0x7f94870ee408
P 0x7f9487113718
C 226
R
P 0x7f94870ee408
C 361
R
P 0x7f94870ee408
P 0x7f948b0b7978
C 277
R
P 0x7f94870ee408
C 361
R
P 0x7f94870ee408
P 0x7f948b0b7978
C 276
R
P 0x7f94870ee408
C 361
R
P 0x7f94870ee408
P 0x7f948b0b7978
C 275
R
P 0x7f94870ee408
C 361
R
P 0x7f94870ee408
P 0x7f948b0b7978
C 9
R
P 0x7f94870ee408
C 361
R
P 0x7f94870ee408
P 0x7f94876f1198
P 0x7f948b0b7978
C 103
= 0x7f948bd3e1f0
R
P 0x7f94870ee408
C 361
R
P 0x7f94870ee408
P 0x7f948bd3e1f0
C 275
R
P 0x7f94870ee408
C 361
R
P 0x7f94870ee408
P 0x7f948bd3e1f0
C 9
R
P 0x7f94870ee408
C 361
R
P 0x7f94870ee408
P 0x7f948e27d208
P 0x7f948bd3e1f0
C 447
R
P 0x7f94870ee408
C 361
R
P 0x7f94870ee408
P 0x7f948e27d208
C 458
R
P 0x7f94870ee408
C 361
R
P 0x7f94870ee408
P 0x7f948e27d208
C 463
= 0x7f948e574448
R
P 0x7f94870ee408
C 361
R
P 0x7f94870ee408
P 0x7f948e574448
C 319
R
P 0x7f94870ee408
C 361
R
P 0x7f94870ee408
P 0x7f948e574448
C 356
R
P 0x7f94870ee408
C 361
R
P 0x7f94870ee408
P 0x7f948e27d208
C 463
= 0x7f948e576388
R
P 0x7f94870ee408
C 361
R
P 0x7f94870ee408
P 0x7f948e576388
C 319
R
P 0x7f94870ee408
C 361
R
P 0x7f94870ee408
P 0x7f948e576388
P 0x7f94876f7298
I 0
P 0x0
C 321
* 0x7f948b0b78f8 4
R
P 0x7f94870ee408
C 361
R
P 0x7f94870ee408
P 0x7f948b0b78f8
C 274
R
P 0x7f94870ee408
C 361
R
P 0x7f94870ee408
P 0x7f948b0b78f8
C 271
= 0x7f9487113718
R
P 0x7f94870ee408
C 361
R
P 0x7f94870ee408
P 0x7f9487113718
C 226
R
P 0x7f94870ee408
C 361
R
P 0x7f94870ee408
P 0x7f948b0b78f8
C 277
R
P 0x7f94870ee408
C 361
R
P 0x7f94870ee408
P 0x7f948b0b78f8
C 276
R
P 0x7f94870ee408
C 361
R
P 0x7f94870ee408
P 0x7f948b0b78f8
C 275
R
P 0x7f94870ee408
C 361
R
P 0x7f94870ee408
P 0x7f948b0b78f8
C 9
R
P 0x7f94870ee408
C 361
R
P 0x7f94870ee408
P 0x7f948b0b78f8
I 0
C 287
R
P 0x7f94870ee408
C 361
R
P 0x7f94870ee408
P 0x7f948e27d208
C 463
= 0x7f948e5764c8
R
P 0x7f94870ee408
C 361
R
P 0x7f94870ee408
P 0x7f948e5764c8
C 319
R
P 0x7f94870ee408
C 361
R
P 0x7f94870ee408
P 0x7f948e5764c8
P 0x7f94876f7278
I 0
P 0x0
C 321
* 0x7f948b0b7938 4
R
P 0x7f94870ee408
C 361
R
P 0x7f94870ee408
P 0x7f948b0b7938
C 274
R
P 0x7f94870ee408
C 361
R
P 0x7f94870ee408
P 0x7f948b0b7938
C 271
= 0x7f9487113718
R
P 0x7f94870ee408
C 361
R
P 0x7f94870ee408
P 0x7f9487113718
C 226
R
P 0x7f94870ee408
C 361
R
P 0x7f94870ee408
P 0x7f948b0b7938
C 277
R
P 0x7f94870ee408
C 361
R
P 0x7f94870ee408
P 0x7f948b0b7938
C 276
R
P 0x7f94870ee408
C 361
R
P 0x7f94870ee408
P 0x7f948b0b7938
C 275
R
P 0x7f94870ee408
C 361
R
P 0x7f94870ee408
P 0x7f948b0b7938
C 9
R
P 0x7f94870ee408
C 361
R
P 0x7f94870ee408
P 0x7f948b0b7938
I 0
C 287
R
P 0x7f94870ee408
C 361
R
P 0x7f94870ee408
P 0x7f948e27d208
C 463
= 0x7f948e577008
R
P 0x7f94870ee408
C 361
R
P 0x7f94870ee408
P 0x7f948e577008
C 319
R
P 0x7f94870ee408
C 361
R
P 0x7f94870ee408
P 0x7f948e577008
P 0x7f94876f1198
I 0
P 0x0
C 321
* 0x7f948b0b7918 4
R
P 0x7f94870ee408
C 361
R
P 0x7f94870ee408
P 0x7f948b0b7918
C 274
R
P 0x7f94870ee408
C 361
R
P 0x7f94870ee408
P 0x7f948b0b7918
C 271
= 0x7f9487113718
R
P 0x7f94870ee408
C 361
R
P 0x7f94870ee408
P 0x7f9487113718
C 226
R
P 0x7f94870ee408
C 361
R
P 0x7f94870ee408
P 0x7f948b0b7918
C 277
R
P 0x7f94870ee408
C 361
R
P 0x7f94870ee408
P 0x7f948b0b7918
C 276
R
P 0x7f94870ee408
C 361
R
P 0x7f94870ee408
P 0x7f948b0b7918
C 275
R
P 0x7f94870ee408
C 361
R
P 0x7f94870ee408
P 0x7f948b0b7918
C 9
R
P 0x7f94870ee408
C 361
R
P 0x7f94870ee408
P 0x7f948b0b7918
I 0
C 287
R
P 0x7f94870ee408
C 361
R
P 0x7f94870ee408
U 32
C 35
= 0x7f9487113718
R
P 0x7f94870ee408
C 361
R
P 0x7f94870ee408
P 0x7f9487113718
C 274
R
P 0x7f94870ee408
C 361
R
P 0x7f94870ee408
P 0x7f9487113718
C 9
R
P 0x7f94870ee408
C 361
R
P 0x7f94870ee408
I 18005
P 0x7f9487113718
C 154
= 0x7f948b0b7678
R
P 0x7f94870ee408
C 361
R
P 0x7f94870ee408
P 0x7f948b0b7678
C 274
R
P 0x7f94870ee408
C 361
R
P 0x7f94870ee408
P 0x7f948b0b7678
C 271
= 0x7f9487113718
R
P 0x7f94870ee408
C 361
R
P 0x7f94870ee408
P 0x7f9487113718
C 226
R
P 0x7f94870ee408
C 361
R
P 0x7f94870ee408
P 0x7f948b0b7678
C 277
R
P 0x7f94870ee408
C 361
R
P 0x7f94870ee408
P 0x7f948b0b7678
C 276
R
P 0x7f94870ee408
C 361
R
P 0x7f94870ee408
P 0x7f948b0b7678
C 275
R
P 0x7f94870ee408
C 361
R
P 0x7f94870ee408
P 0x7f948b0b7678
C 9
R
P 0x7f94870ee408
C 361
R
P 0x7f94870ee408
P 0x7f94876f7298
P 0x7f948b0b7678
C 103
= 0x7f948bd3df50
R
P 0x7f94870ee408
C 361
R
P 0x7f94870ee408
P 0x7f948bd3df50
C 275
R
P 0x7f94870ee408
C 361
R
P 0x7f94870ee408
P 0x7f948bd3df50
C 9
R
P 0x7f94870ee408
C 361
R
P 0x7f94870ee408
P 0x7f948e27d208
P 0x7f948bd3df50
C 447
R
P 0x7f94870ee408
C 361
R
P 0x7f94870ee408
U 32
C 35
= 0x7f9487113718
R
P 0x7f94870ee408
C 361
R
P 0x7f94870ee408
P 0x7f9487113718
C 274
R
P 0x7f94870ee408
C 361
R
P 0x7f94870ee408
P 0x7f9487113718
C 9
R
P 0x7f94870ee408
C 361
R
P 0x7f94870ee408
I 36011
P 0x7f9487113718
C 154
= 0x7f948b0b78f8
R
P 0x7f94870ee408
C 361
R
P 0x7f94870ee408
P 0x7f948b0b78f8
C 274
R
P 0x7f94870ee408
C 361
R
P 0x7f94870ee408
P 0x7f948b0b78f8
C 271
= 0x7f9487113718
R
P 0x7f94870ee408
C 361
R
P 0x7f94870ee408
P 0x7f9487113718
C 226
R
P 0x7f94870ee408
C 361
R
P 0x7f94870ee408
P 0x7f948b0b78f8
C 277
R
P 0x7f94870ee408
C 361
R
P 0x7f94870ee408
P 0x7f948b0b78f8
C 276
R
P 0x7f94870ee408
C 361
R
P 0x7f94870ee408
P 0x7f948b0b78f8
C 275
R
P 0x7f94870ee408
C 361
R
P 0x7f94870ee408
P 0x7f948b0b78f8
C 9
R
P 0x7f94870ee408
C 361
R
P 0x7f94870ee408
P 0x7f94876f7298
P 0x7f948b0b78f8
C 103
= 0x7f948bd3dd90
R
P 0x7f94870ee408
C 361
R
P 0x7f94870ee408
P 0x7f948bd3dd90
C 275
R
P 0x7f94870ee408
C 361
R
P 0x7f94870ee408
P 0x7f948bd3dd90
C 9
R
P 0x7f94870ee408
C 361
R
P 0x7f94870ee408
P 0x7f948e27d208
P 0x7f948bd3dd90
C 447
R
P 0x7f94870ee408
C 361
R
P 0x7f94870ee408
U 32
C 35
= 0x7f9487113718
R
P 0x7f94870ee408
C 361
R
P 0x7f94870ee408
P 0x7f9487113718
C 274
R
P 0x7f94870ee408
C 361
R
P 0x7f94870ee408
P 0x7f9487113718
C 9
R
P 0x7f94870ee408
C 361
R
P 0x7f94870ee408
I 1073741826
P 0x7f9487113718
C 154
= 0x7f948b0b7938
R
P 0x7f94870ee408
C 361
R
P 0x7f94870ee408
P 0x7f948b0b7938
C 274
R
P 0x7f94870ee408
C 361
R
P 0x7f94870ee408
P 0x7f948b0b7938
C 271
= 0x7f9487113718
R
P 0x7f94870ee408
C 361
R
P 0x7f94870ee408
P 0x7f9487113718
C 226
R
P 0x7f94870ee408
C 361
R
P 0x7f94870ee408
P 0x7f948b0b7938
C 277
R
P 0x7f94870ee408
C 361
R
P 0x7f94870ee408
P 0x7f948b0b7938
C 276
R
P 0x7f94870ee408
C 361
R
P 0x7f94870ee408
P 0x7f948b0b7938
C 275
R
P 0x7f94870ee408
C 361
R
P 0x7f94870ee408
P 0x7f948b0b7938
C 9
R
P 0x7f94870ee408
C 361
R
P 0x7f94870ee408
P 0x7f94876f7278
P 0x7f948b0b7938
C 103
= 0x7f948bd3dbd0
R
P 0x7f94870ee408
C 361
R
P 0x7f94870ee408
P 0x7f948bd3dbd0
C 275
R
P 0x7f94870ee408
C 361
R
P 0x7f94870ee408
P 0x7f948bd3dbd0
C 9
R
P 0x7f94870ee408
C 361
R
P 0x7f94870ee408
P 0x7f948e27d208
P 0x7f948bd3dbd0
C 447
R
P 0x7f94870ee408
C 361
R
P 0x7f94870ee408
U 32
C 35
= 0x7f9487113718
R
P 0x7f94870ee408
C 361
R
P 0x7f94870ee408
P 0x7f9487113718
C 274
R
P 0x7f94870ee408
C 361
R
P 0x7f94870ee408
P 0x7f9487113718
C 9
R
P 0x7f94870ee408
C 361
R
P 0x7f94870ee408
I 1073774720
P 0x7f9487113718
C 154
= 0x7f948b0b7918
R
P 0x7f94870ee408
C 361
R
P 0x7f94870ee408
P 0x7f948b0b7918
C 274
R
P 0x7f94870ee408
C 361
R
P 0x7f94870ee408
P 0x7f948b0b7918
C 271
= 0x7f9487113718
R
P 0x7f94870ee408
C 361
R
P 0x7f94870ee408
P 0x7f9487113718
C 226
R
P 0x7f94870ee408
C 361
R
P 0x7f94870ee408
P 0x7f948b0b7918
C 277
R
P 0x7f94870ee408
C 361
R
P 0x7f94870ee408
P 0x7f948b0b7918
C 276
R
P 0x7f94870ee408
C 361
R
P 0x7f94870ee408
P 0x7f948b0b7918
C 275
R
P 0x7f94870ee408
C 361
R
P 0x7f94870ee408
P 0x7f948b0b7918
C 9
R
P 0x7f94870ee408
C 361
R
P 0x7f94870ee408
P 0x7f94876f1198
P 0x7f948b0b7918
C 103
= 0x7f948bd3daf0
R
P 0x7f94870ee408
C 361
R
P 0x7f94870ee408
P 0x7f948bd3daf0
C 275
R
P 0x7f94870ee408
C 361
R
P 0x7f94870ee408
P 0x7f948bd3daf0
C 9
R
P 0x7f94870ee408
C 361
R
P 0x7f94870ee408
P 0x7f948e27d208
P 0x7f948bd3daf0
C 447
R
P 0x7f94870ee408
C 361
R
P 0x7f94870ee408
P 0x7f948e27d208
C 458
R
P 0x7f94870ee408
C 361
R
P 0x7f94870ee408
P 0x7f948e27d208
C 463
= 0x7f948e580988
R
P 0x7f94870ee408
C 361
R
P 0x7f94870ee408
P 0x7f948e580988
C 319
R
P 0x7f94870ee408
C 361
R
P 0x7f94870ee408
P 0x7f948e580988
C 356
R
P 0x7f94870ee408
C 361
R
P 0x7f94870ee408
P 0x7f948e27d208
C 463
= 0x7f948e574a88
R
P 0x7f94870ee408
C 361
R
P 0x7f94870ee408
P 0x7f948e574a88
C 319
R
P 0x7f94870ee408
C 361
R
P 0x7f94870ee408
P 0x7f948e574a88
P 0x7f94876f7298
I 0
P 0x0
C 321
* 0x7f948b0b7698 4
R
P 0x7f94870ee408
C 361
R
P 0x7f94870ee408
P 0x7f948b0b7698
C 274
R
P 0x7f94870ee408
C 361
R
P 0x7f94870ee408
P 0x7f948b0b7698
C 271
= 0x7f9487113718
R
P 0x7f94870ee408
C 361
R
P 0x7f94870ee408
P 0x7f9487113718
C 226
R
P 0x7f94870ee408
C 361
R
P 0x7f94870ee408
P 0x7f948b0b7698
C 277
R
P 0x7f94870ee408
C 361
R
P 0x7f94870ee408
P 0x7f948b0b7698
C 276
R
P 0x7f94870ee408
C 361
R
P 0x7f94870ee408
P 0x7f948b0b7698
C 275
R
P 0x7f94870ee408
C 361
R
P 0x7f94870ee408
P 0x7f948b0b7698
C 9
R
P 0x7f94870ee408
C 361
R
P 0x7f94870ee408
P 0x7f948b0b7698
I 0
C 287
R
P 0x7f94870ee408
C 361
R
P 0x7f94870ee408
P 0x7f948e27d208
C 463
= 0x7f948e564758
R
P 0x7f94870ee408
C 361
R
P 0x7f94870ee408
P 0x7f948e564758
C 319
R
P 0x7f94870ee408
C 361
R
P 0x7f94870ee408
P 0x7f948e564758
P 0x7f94876f7278
I 0
P 0x0
C 321
* 0x7f948b0b7938 4
R
P 0x7f94870ee408
C 361
R
P 0x7f94870ee408
P 0x7f948b0b7938
C 274
R
P 0x7f94870ee408
C 361
R
P 0x7f94870ee408
P 0x7f948b0b7938
C 271
= 0x7f9487113718
R
P 0x7f94870ee408
C 361
R
P 0x7f94870ee408
P 0x7f9487113718
C 226
R
P 0x7f94870ee408
C 361
R
P 0x7f94870ee408
P 0x7f948b0b7938
C 277
R
P 0x7f94870ee408
C 361
R
P 0x7f94870ee408
P 0x7f948b0b7938
C 276
R
P 0x7f94870ee408
C 361
R
P 0x7f94870ee408
P 0x7f948b0b7938
C 275
R
P 0x7f94870ee408
C 361
R
P 0x7f94870ee408
P 0x7f948b0b7938
C 9
R
P 0x7f94870ee408
C 361
R
P 0x7f94870ee408
P 0x7f948b0b7938
I 0
C 287
R
P 0x7f94870ee408
C 361
R
P 0x7f94870ee408
P 0x7f948e27d208
C 463
= 0x7f948e5767d8
R
P 0x7f94870ee408
C 361
R
P 0x7f94870ee408
P 0x7f948e5767d8
C 319
R
P 0x7f94870ee408
C 361
R
P 0x7f94870ee408
P 0x7f948e5767d8
P 0x7f94876f1198
I 0
P 0x0
C 321
* 0x7f948b0b76b8 4
R
P 0x7f94870ee408
C 361
R
P 0x7f94870ee408
P 0x7f948b0b76b8
C 274
R
P 0x7f94870ee408
C 361
R
P 0x7f94870ee408
P 0x7f948b0b76b8
C 271
= 0x7f9487113718
R
P 0x7f94870ee408
C 361
R
P 0x7f94870ee408
P 0x7f9487113718
C 226
R
P 0x7f94870ee408
C 361
R
P 0x7f94870ee408
P 0x7f948b0b76b8
C 277
R
P 0x7f94870ee408
C 361
R
P 0x7f94870ee408
P 0x7f948b0b76b8
C 276
R
P 0x7f94870ee408
C 361
R
P 0x7f94870ee408
P 0x7f948b0b76b8
C 275
R
P 0x7f94870ee408
C 361
R
P 0x7f94870ee408
P 0x7f948b0b76b8
C 9
R
P 0x7f94870ee408
C 361
R
P 0x7f94870ee408
P 0x7f948b0b76b8
I 0
C 287
R
P 0x7f94870ee408
C 361
R
P 0x7f94870ee408
U 32
C 35
= 0x7f9487113718
R
P 0x7f94870ee408
C 361
R
P 0x7f94870ee408
P 0x7f9487113718
C 274
R
P 0x7f94870ee408
C 361
R
P 0x7f94870ee408
P 0x7f9487113718
C 9
R
P 0x7f94870ee408
C 361
R
P 0x7f94870ee408
I 1653
P 0x7f9487113718
C 154
= 0x7f948b0b74f8
R
P 0x7f94870ee408
C 361
R
P 0x7f94870ee408
P 0x7f948b0b74f8
C 274
R
P 0x7f94870ee408
C 361
R
P 0x7f94870ee408
P 0x7f948b0b74f8
C 271
= 0x7f9487113718
R
P 0x7f94870ee408
C 361
R
P 0x7f94870ee408
P 0x7f9487113718
C 226
R
P 0x7f94870ee408
C 361
R
P 0x7f94870ee408
P 0x7f948b0b74f8
C 277
R
P 0x7f94870ee408
C 361
R
P 0x7f94870ee408
P 0x7f948b0b74f8
C 276
R
P 0x7f94870ee408
C 361
R
P 0x7f94870ee408
P 0x7f948b0b74f8
C 275
R
P 0x7f94870ee408
C 361
R
P 0x7f94870ee408
P 0x7f948b0b74f8
C 9
R
P 0x7f94870ee408
C 361
R
P 0x7f94870ee408
P 0x7f94876f7298
P 0x7f948b0b74f8
C 103
= 0x7f948bd3d8f8
R
P 0x7f94870ee408
C 361
R
P 0x7f94870ee408
P 0x7f948bd3d8f8
C 275
R
P 0x7f94870ee408
C 361
R
P 0x7f94870ee408
P 0x7f948bd3d8f8
C 9
R
P 0x7f94870ee408
C 361
R
P 0x7f94870ee408
P 0x7f948e27d208
P 0x7f948bd3d8f8
C 447
R
P 0x7f94870ee408
C 361
R
P 0x7f94870ee408
U 32
C 35
= 0x7f9487113718
R
P 0x7f94870ee408
C 361
R
P 0x7f94870ee408
P 0x7f9487113718
C 274
R
P 0x7f94870ee408
C 361
R
P 0x7f94870ee408
P 0x7f9487113718
C 9
R
P 0x7f94870ee408
C 361
R
P 0x7f94870ee408
I 3307
P 0x7f9487113718
C 154
= 0x7f948b0b7698
R
P 0x7f94870ee408
C 361
R
P 0x7f94870ee408
P 0x7f948b0b7698
C 274
R
P 0x7f94870ee408
C 361
R
P 0x7f94870ee408
P 0x7f948b0b7698
C 271
= 0x7f9487113718
R
P 0x7f94870ee408
C 361
R
P 0x7f94870ee408
P 0x7f9487113718
C 226
R
P 0x7f94870ee408
C 361
R
P 0x7f94870ee408
P 0x7f948b0b7698
C 277
R
P 0x7f94870ee408
C 361
R
P 0x7f94870ee408
P 0x7f948b0b7698
C 276
R
P 0x7f94870ee408
C 361
R
P 0x7f94870ee408
P 0x7f948b0b7698
C 275
R
P 0x7f94870ee408
C 361
R
P 0x7f94870ee408
P 0x7f948b0b7698
C 9
R
P 0x7f94870ee408
C 361
R
P 0x7f94870ee408
P 0x7f94876f7298
P 0x7f948b0b7698
C 103
= 0x7f948bd3d738
R
P 0x7f94870ee408
C 361
R
P 0x7f94870ee408
P 0x7f948bd3d738
C 275
R
P 0x7f94870ee408
C 361
R
P 0x7f94870ee408
P 0x7f948bd3d738
C 9
R
P 0x7f94870ee408
C 361
R
P 0x7f94870ee408
P 0x7f948e27d208
P 0x7f948bd3d738
C 447
R
P 0x7f94870ee408
C 361
R
P 0x7f94870ee408
U 32
C 35
= 0x7f9487113718
R
P 0x7f94870ee408
C 361
R
P 0x7f94870ee408
P 0x7f9487113718
C 274
R
P 0x7f94870ee408
C 361
R
P 0x7f94870ee408
P 0x7f9487113718
C 9
R
P 0x7f94870ee408
C 361
R
P 0x7f94870ee408
I 1073741826
P 0x7f9487113718
C 154
= 0x7f948b0b7938
R
P 0x7f94870ee408
C 361
R
P 0x7f94870ee408
P 0x7f948b0b7938
C 274
R
P 0x7f94870ee408
C 361
R
P 0x7f94870ee408
P 0x7f948b0b7938
C 271
= 0x7f9487113718
R
P 0x7f94870ee408
C 361
R
P 0x7f94870ee408
P 0x7f9487113718
C 226
R
P 0x7f94870ee408
C 361
R
P 0x7f94870ee408
P 0x7f948b0b7938
C 277
R
P 0x7f94870ee408
C 361
R
P 0x7f94870ee408
P 0x7f948b0b7938
C 276
R
P 0x7f94870ee408
C 361
R
P 0x7f94870ee408
P 0x7f948b0b7938
C 275
R
P 0x7f94870ee408
C 361
R
P 0x7f94870ee408
P 0x7f948b0b7938
C 9
R
P 0x7f94870ee408
C 361
R
P 0x7f94870ee408
P 0x7f94876f7278
P 0x7f948b0b7938
C 103
= 0x7f948bd3dbd0
R
P 0x7f94870ee408
C 361
R
P 0x7f94870ee408
P 0x7f948bd3dbd0
C 275
R
P 0x7f94870ee408
C 361
R
P 0x7f94870ee408
P 0x7f948bd3dbd0
C 9
R
P 0x7f94870ee408
C 361
R
P 0x7f94870ee408
P 0x7f948e27d208
P 0x7f948bd3dbd0
C 447
R
P 0x7f94870ee408
C 361
R
P 0x7f94870ee408
U 32
C 35
= 0x7f9487113718
R
P 0x7f94870ee408
C 361
R
P 0x7f94870ee408
P 0x7f9487113718
C 274
R
P 0x7f94870ee408
C 361
R
P 0x7f94870ee408
P 0x7f9487113718
C 9
R
P 0x7f94870ee408
C 361
R
P 0x7f94870ee408
I 1073741952
P 0x7f9487113718
C 154
= 0x7f948b0b76b8
R
P 0x7f94870ee408
C 361
R
P 0x7f94870ee408
P 0x7f948b0b76b8
C 274
R
P 0x7f94870ee408
C 361
R
P 0x7f94870ee408
P 0x7f948b0b76b8
C 271
= 0x7f9487113718
R
P 0x7f94870ee408
C 361
R
P 0x7f94870ee408
P 0x7f9487113718
C 226
R
P 0x7f94870ee408
C 361
R
P 0x7f94870ee408
P 0x7f948b0b76b8
C 277
R
P 0x7f94870ee408
C 361
R
P 0x7f94870ee408
P 0x7f948b0b76b8
C 276
R
P 0x7f94870ee408
C 361
R
P 0x7f94870ee408
P 0x7f948b0b76b8
C 275
R
P 0x7f94870ee408
C 361
R
P 0x7f94870ee408
P 0x7f948b0b76b8
C 9
R
P 0x7f94870ee408
C 361
R
P 0x7f94870ee408
P 0x7f94876f1198
P 0x7f948b0b76b8
C 103
= 0x7f948bd3d508
R
P 0x7f94870ee408
C 361
R
P 0x7f94870ee408
P 0x7f948bd3d508
C 275
R
P 0x7f94870ee408
C 361
R
P 0x7f94870ee408
P 0x7f948bd3d508
C 9
R
P 0x7f94870ee408
C 361
R
P 0x7f94870ee408
P 0x7f948e27d208
P 0x7f948bd3d508
C 447
R
P 0x7f94870ee408
C 361
R
P 0x7f94870ee408
P 0x7f948e27d208
C 458
R
P 0x7f94870ee408
C 361
R
P 0x7f94870ee408
P 0x7f948e27d208
C 463
= 0x7f948e586798
R
P 0x7f94870ee408
C 361
R
P 0x7f94870ee408
P 0x7f948e586798
C 319
R
P 0x7f94870ee408
C 361
R
P 0x7f94870ee408
P 0x7f948e586798
C 356
R
P 0x7f94870ee408
C 361
R
P 0x7f94870ee408
P 0x7f948e27d208
C 463
= 0x7f948e57cdb8
R
P 0x7f94870ee408
C 361
R
P 0x7f94870ee408
P 0x7f948e57cdb8
C 319
R
P 0x7f94870ee408
C 361
R
P 0x7f94870ee408
P 0x7f948e57cdb8
P 0x7f94876f7298
I 0
P 0x0
C 321
* 0x7f948b0b7518 4
R
P 0x7f94870ee408
C 361
R
P 0x7f94870ee408
P 0x7f948b0b7518
C 274
R
P 0x7f94870ee408
C 361
R
P 0x7f94870ee408
P 0x7f948b0b7518
C 271
= 0x7f9487113718
R
P 0x7f94870ee408
C 361
R
P 0x7f94870ee408
P 0x7f9487113718
C 226
R
P 0x7f94870ee408
C 361
R
P 0x7f94870ee408
P 0x7f948b0b7518
C 277
R
P 0x7f94870ee408
C 361
R
P 0x7f94870ee408
P 0x7f948b0b7518
C 276
R
P 0x7f94870ee408
C 361
R
P 0x7f94870ee408
P 0x7f948b0b7518
C 275
R
P 0x7f94870ee408
C 361
R
P 0x7f94870ee408
P 0x7f948b0b7518
C 9
R
P 0x7f94870ee408
C 361
R
P 0x7f94870ee408
P 0x7f948b0b7518
I 0
C 287
R
P 0x7f94870ee408
C 361
R
P 0x7f94870ee408
P 0x7f948e27d208
C 463
= 0x7f948e576c58
R
P 0x7f94870ee408
C 361
R
P 0x7f94870ee408
P 0x7f948e576c58
C 319
R
P 0x7f94870ee408
C 361
R
P 0x7f94870ee408
P 0x7f948e576c58
P 0x7f94876f7278
I 0
P 0x0
C 321
* 0x7f948b0b7938 4
R
P 0x7f94870ee408
C 361
R
P 0x7f94870ee408
P 0x7f948b0b7938
C 274
R
P 0x7f94870ee408
C 361
R
P 0x7f94870ee408
P 0x7f948b0b7938
C 271
= 0x7f9487113718
R
P 0x7f94870ee408
C 361
R
P 0x7f94870ee408
P 0x7f9487113718
C 226
R
P 0x7f94870ee408
C 361
R
P 0x7f94870ee408
P 0x7f948b0b7938
C 277
R
P 0x7f94870ee408
C 361
R
P 0x7f94870ee408
P 0x7f948b0b7938
C 276
R
P 0x7f94870ee408
C 361
R
P 0x7f94870ee408
P 0x7f948b0b7938
C 275
R
P 0x7f94870ee408
C 361
R
P 0x7f94870ee408
P 0x7f948b0b7938
C 9
R
P 0x7f94870ee408
C 361
R
P 0x7f94870ee408
P 0x7f948b0b7938
I 0
C 287
R
P 0x7f94870ee408
C 361
R
P 0x7f94870ee408
P 0x7f948e27d208
C 463
= 0x7f948e57ccb8
R
P 0x7f94870ee408
C 361
R
P 0x7f94870ee408
P 0x7f948e57ccb8
C 319
R
P 0x7f94870ee408
C 361
R
P 0x7f94870ee408
P 0x7f948e57ccb8
P 0x7f94876f1198
I 0
P 0x0
C 321
* 0x7f948b0b76b8 4
R
P 0x7f94870ee408
C 361
R
P 0x7f94870ee408
P 0x7f948b0b76b8
C 274
R
P 0x7f94870ee408
C 361
R
P 0x7f94870ee408
P 0x7f948b0b76b8
C 271
= 0x7f9487113718
R
P 0x7f94870ee408
C 361
R
P 0x7f94870ee408
P 0x7f9487113718
C 226
R
P 0x7f94870ee408
C 361
R
P 0x7f94870ee408
P 0x7f948b0b76b8
C 277
R
P 0x7f94870ee408
C 361
R
P 0x7f94870ee408
P 0x7f948b0b76b8
C 276
R
P 0x7f94870ee408
C 361
R
P 0x7f94870ee408
P 0x7f948b0b76b8
C 275
R
P 0x7f94870ee408
C 361
R
P 0x7f94870ee408
P 0x7f948b0b76b8
C 9
R
P 0x7f94870ee408
C 361
R
P 0x7f94870ee408
P 0x7f948b0b76b8
I 0
C 287
R
P 0x7f94870ee408
C 361
R
P 0x7f94870ee408
U 32
C 35
= 0x7f9487113718
R
P 0x7f94870ee408
C 361
R
P 0x7f94870ee408
P 0x7f9487113718
C 274
R
P 0x7f94870ee408
C 361
R
P 0x7f94870ee408
P 0x7f9487113718
C 9
R
P 0x7f94870ee408
C 361
R
P 0x7f94870ee408
I 757
P 0x7f9487113718
C 154
= 0x7f948b0b7418
R
P 0x7f94870ee408
C 361
R
P 0x7f94870ee408
P 0x7f948b0b7418
C 274
R
P 0x7f94870ee408
C 361
R
P 0x7f94870ee408
P 0x7f948b0b7418
C 271
= 0x7f9487113718
R
P 0x7f94870ee408
C 361
R
P 0x7f94870ee408
P 0x7f9487113718
C 226
R
P 0x7f94870ee408
C 361
R
P 0x7f94870ee408
P 0x7f948b0b7418
C 277
R
P 0x7f94870ee408
C 361
R
P 0x7f94870ee408
P 0x7f948b0b7418
C 276
R
P 0x7f94870ee408
C 361
R
P 0x7f94870ee408
P 0x7f948b0b7418
C 275
R
P 0x7f94870ee408
C 361
R
P 0x7f94870ee408
P 0x7f948b0b7418
C 9
R
P 0x7f94870ee408
C 361
R
P 0x7f94870ee408
P 0x7f94876f7298
P 0x7f948b0b7418
C 103
= 0x7f948bd3e8b8
R
P 0x7f94870ee408
C 361
R
P 0x7f94870ee408
P 0x7f948bd3e8b8
C 275
R
P 0x7f94870ee408
C 361
R
P 0x7f94870ee408
P 0x7f948bd3e8b8
C 9
R
P 0x7f94870ee408
C 361
R
P 0x7f94870ee408
P 0x7f948e27d208
P 0x7f948bd3e8b8
C 447
R
P 0x7f94870ee408
C 361
R
P 0x7f94870ee408
U 32
C 35
= 0x7f9487113718
R
P 0x7f94870ee408
C 361
R
P 0x7f94870ee408
P 0x7f9487113718
C 274
R
P 0x7f94870ee408
C 361
R
P 0x7f94870ee408
P 0x7f9487113718
C 9
R
P 0x7f94870ee408
C 361
R
P 0x7f94870ee408
I 1515
P 0x7f9487113718
C 154
= 0x7f948b0b7518
R
P 0x7f94870ee408
C 361
R
P 0x7f94870ee408
P 0x7f948b0b7518
C 274
R
P 0x7f94870ee408
C 361
R
P 0x7f94870ee408
P 0x7f948b0b7518
C 271
= 0x7f9487113718
R
P 0x7f94870ee408
C 361
R
P 0x7f94870ee408
P 0x7f9487113718
C 226
R
P 0x7f94870ee408
C 361
R
P 0x7f94870ee408
P 0x7f948b0b7518
C 277
R
P 0x7f94870ee408
C 361
R
P 0x7f94870ee408
P 0x7f948b0b7518
C 276
R
P 0x7f94870ee408
C 361
R
P 0x7f94870ee408
P 0x7f948b0b7518
C 275
R
P 0x7f94870ee408
C 361
R
P 0x7f94870ee408
P 0x7f948b0b7518
C 9
R
P 0x7f94870ee408
C 361
R
P 0x7f94870ee408
P 0x7f94876f7298
P 0x7f948b0b7518
C 103
= 0x7f948bd3d4d0
R
P 0x7f94870ee408
C 361
R
P 0x7f94870ee408
P 0x7f948bd3d4d0
C 275
R
P 0x7f94870ee408
C 361
R
P 0x7f94870ee408
P 0x7f948bd3d4d0
C 9
R
P 0x7f94870ee408
C 361
R
P 0x7f94870ee408
P 0x7f948e27d208
P 0x7f948bd3d4d0
C 447
R
P 0x7f94870ee408
C 361
R
P 0x7f94870ee408
U 32
C 35
= 0x7f9487113718
R
P 0x7f94870ee408
C 361
R
P 0x7f94870ee408
P 0x7f9487113718
C 274
R
P 0x7f94870ee408
C 361
R
P 0x7f94870ee408
P 0x7f9487113718
C 9
R
P 0x7f94870ee408
C 361
R
P 0x7f94870ee408
I 1073741826
P 0x7f9487113718
C 154
= 0x7f948b0b7938
R
P 0x7f94870ee408
C 361
R
P 0x7f94870ee408
P 0x7f948b0b7938
C 274
R
P 0x7f94870ee408
C 361
R
P 0x7f94870ee408
P 0x7f948b0b7938
C 271
= 0x7f9487113718
R
P 0x7f94870ee408
C 361
R
P 0x7f94870ee408
P 0x7f9487113718
C 226
R
P 0x7f94870ee408
C 361
R
P 0x7f94870ee408
P 0x7f948b0b7938
C 277
R
P 0x7f94870ee408
C 361
R
P 0x7f94870ee408
P 0x7f948b0b7938
C 276
R
P 0x7f94870ee408
C 361
R
P 0x7f94870ee408
P 0x7f948b0b7938
C 275
R
P 0x7f94870ee408
C 361
R
P 0x7f94870ee408
P 0x7f948b0b7938
C 9
R
P 0x7f94870ee408
C 361
R
P 0x7f94870ee408
P 0x7f94876f7278
P 0x7f948b0b7938
C 103
= 0x7f948bd3dbd0
R
P 0x7f94870ee408
C 361
R
P 0x7f94870ee408
P 0x7f948bd3dbd0
C 275
R
P 0x7f94870ee408
C 361
R
P 0x7f94870ee408
P 0x7f948bd3dbd0
C 9
R
P 0x7f94870ee408
C 361
R
P 0x7f94870ee408
P 0x7f948e27d208
P 0x7f948bd3dbd0
C 447
R
P 0x7f94870ee408
C 361
R
P 0x7f94870ee408
U 32
C 35
= 0x7f9487113718
R
P 0x7f94870ee408
C 361
R
P 0x7f94870ee408
P 0x7f9487113718
C 274
R
P 0x7f94870ee408
C 361
R
P 0x7f94870ee408
P 0x7f9487113718
C 9
R
P 0x7f94870ee408
C 361
R
P 0x7f94870ee408
I 1073741952
P 0x7f9487113718
C 154
= 0x7f948b0b76b8
R
P 0x7f94870ee408
C 361
R
P 0x7f94870ee408
P 0x7f948b0b76b8
C 274
R
P 0x7f94870ee408
C 361
R
P 0x7f94870ee408
P 0x7f948b0b76b8
C 271
= 0x7f9487113718
R
P 0x7f94870ee408
C 361
R
P 0x7f94870ee408
P 0x7f9487113718
C 226
R
P 0x7f94870ee408
C 361
R
P 0x7f94870ee408
P 0x7f948b0b76b8
C 277
R
P 0x7f94870ee408
C 361
R
P 0x7f94870ee408
P 0x7f948b0b76b8
C 276
R
P 0x7f94870ee408
C 361
R
P 0x7f94870ee408
P 0x7f948b0b76b8
C 275
R
P 0x7f94870ee408
C 361
R
P 0x7f94870ee408
P 0x7f948b0b76b8
C 9
R
P 0x7f94870ee408
C 361
R
P 0x7f94870ee408
P 0x7f94876f1198
P 0x7f948b0b76b8
C 103
= 0x7f948bd3d508
R
P 0x7f94870ee408
C 361
R
P 0x7f94870ee408
P 0x7f948bd3d508
C 275
R
P 0x7f94870ee408
C 361
R
P 0x7f94870ee408
P 0x7f948bd3d508
C 9
R
P 0x7f94870ee408
C 361
R
P 0x7f94870ee408
P 0x7f948e27d208
P 0x7f948bd3d508
C 447
R
P 0x7f94870ee408
C 361
R
P 0x7f94870ee408
P 0x7f948e27d208
C 458
R
P 0x7f94870ee408
C 361
R
P 0x7f94870ee408
P 0x7f948e27d208
C 463
= 0x7f948e583718
R
P 0x7f94870ee408
C 361
R
P 0x7f94870ee408
P 0x7f948e583718
C 319
R
P 0x7f94870ee408
C 361
R
P 0x7f94870ee408
P 0x7f948e583718
C 356
R
P 0x7f94870ee408
C 361
R
P 0x7f94870ee408
P 0x7f948e27d208
C 463
= 0x7f948e57f898
R
P 0x7f94870ee408
C 361
R
P 0x7f94870ee408
P 0x7f948e57f898
C 319
R
P 0x7f94870ee408
C 361
R
P 0x7f94870ee408
P 0x7f948e57f898
P 0x7f94876f7298
I 0
P 0x0
C 321
* 0x7f948b0b7a38 4
R
P 0x7f94870ee408
C 361
R
P 0x7f94870ee408
P 0x7f948b0b7a38
C 274
R
P 0x7f94870ee408
C 361
R
P 0x7f94870ee408
P 0x7f948b0b7a38
C 271
= 0x7f9487113718
R
P 0x7f94870ee408
C 361
R
P 0x7f94870ee408
P 0x7f9487113718
C 226
R
P 0x7f94870ee408
C 361
R
P 0x7f94870ee408
P 0x7f948b0b7a38
C 277
R
P 0x7f94870ee408
C 361
R
P 0x7f94870ee408
P 0x7f948b0b7a38
C 276
R
P 0x7f94870ee408
C 361
R
P 0x7f94870ee408
P 0x7f948b0b7a38
C 275
R
P 0x7f94870ee408
C 361
R
P 0x7f94870ee408
P 0x7f948b0b7a38
C 9
R
P 0x7f94870ee408
C 361
R
P 0x7f94870ee408
P 0x7f948b0b7a38
I 0
C 287
R
P 0x7f94870ee408
C 361
R
P 0x7f94870ee408
P 0x7f948e27d208
C 463
= 0x7f948e57c678
R
P 0x7f94870ee408
C 361
R
P 0x7f94870ee408
P 0x7f948e57c678
C 319
R
P 0x7f94870ee408
C 361
R
P 0x7f94870ee408
P 0x7f948e57c678
P 0x7f94876f7278
I 0
P 0x0
C 321
* 0x7f948b0b7938 4
R
P 0x7f94870ee408
C 361
R
P 0x7f94870ee408
P 0x7f948b0b7938
C 274
R
P 0x7f94870ee408
C 361
R
P 0x7f94870ee408
P 0x7f948b0b7938
C 271
= 0x7f9487113718
R
P 0x7f94870ee408
C 361
R
P 0x7f94870ee408
P 0x7f9487113718
C 226
R
P 0x7f94870ee408
C 361
R
P 0x7f94870ee408
P 0x7f948b0b7938
C 277
R
P 0x7f94870ee408
C 361
R
P 0x7f94870ee408
P 0x7f948b0b7938
C 276
R
P 0x7f94870ee408
C 361
R
P 0x7f94870ee408
P 0x7f948b0b7938
C 275
R
P 0x7f94870ee408
C 361
R
P 0x7f94870ee408
P 0x7f948b0b7938
C 9
R
P 0x7f94870ee408
C 361
R
P 0x7f94870ee408
P 0x7f948b0b7938
I 0
C 287
R
P 0x7f94870ee408
C 361
R
P 0x7f94870ee408
P 0x7f948e27d208
C 463
= 0x7f948e572838
R
P 0x7f94870ee408
C 361
R
P 0x7f94870ee408
P 0x7f948e572838
C 319
R
P 0x7f94870ee408
C 361
R
P 0x7f94870ee408
P 0x7f948e572838
P 0x7f94876f1198
I 0
P 0x0
C 321
* 0x7f948b0b76b8 4
R
P 0x7f94870ee408
C 361
R
P 0x7f94870ee408
P 0x7f948b0b76b8
C 274
R
P 0x7f94870ee408
C 361
R
P 0x7f94870ee408
P 0x7f948b0b76b8
C 271
= 0x7f9487113718
R
P 0x7f94870ee408
C 361
R
P 0x7f94870ee408
P 0x7f9487113718
C 226
R
P 0x7f94870ee408
C 361
R
P 0x7f94870ee408
P 0x7f948b0b76b8
C 277
R
P 0x7f94870ee408
C 361
R
P 0x7f94870ee408
P 0x7f948b0b76b8
C 276
R
P 0x7f94870ee408
C 361
R
P 0x7f94870ee408
P 0x7f948b0b76b8
C 275
R
P 0x7f94870ee408
C 361
R
P 0x7f94870ee408
P 0x7f948b0b76b8
C 9
R
P 0x7f94870ee408
C 361
R
P 0x7f94870ee408
P 0x7f948b0b76b8
I 0
C 287
R
P 0x7f94870ee408
C 361
R
P 0x7f94870ee408
U 32
C 35
= 0x7f9487113718
R
P 0x7f94870ee408
C 361
R
P 0x7f94870ee408
P 0x7f9487113718
C 274
R
P 0x7f94870ee408
C 361
R
P 0x7f94870ee408
P 0x7f9487113718
C 9
R
P 0x7f94870ee408
C 361
R
P 0x7f94870ee408
I 245
P 0x7f9487113718
C 154
= 0x7f948b0b7318
R
P 0x7f94870ee408
C 361
R
P 0x7f94870ee408
P 0x7f948b0b7318
C 274
R
P 0x7f94870ee408
C 361
R
P 0x7f94870ee408
P 0x7f948b0b7318
C 271
= 0x7f9487113718
R
P 0x7f94870ee408
C 361
R
P 0x7f94870ee408
P 0x7f9487113718
C 226
R
P 0x7f94870ee408
C 361
R
P 0x7f94870ee408
P 0x7f948b0b7318
C 277
R
P 0x7f94870ee408
C 361
R
P 0x7f94870ee408
P 0x7f948b0b7318
C 276
R
P 0x7f94870ee408
C 361
R
P 0x7f94870ee408
P 0x7f948b0b7318
C 275
R
P 0x7f94870ee408
C 361
R
P 0x7f94870ee408
P 0x7f948b0b7318
C 9
R
P 0x7f94870ee408
C 361
R
P 0x7f94870ee408
P 0x7f94876f7298
P 0x7f948b0b7318
C 103
= 0x7f948bd3d7e0
R
P 0x7f94870ee408
C 361
R
P 0x7f94870ee408
P 0x7f948bd3d7e0
C 275
R
P 0x7f94870ee408
C 361
R
P 0x7f94870ee408
P 0x7f948bd3d7e0
C 9
R
P 0x7f94870ee408
C 361
R
P 0x7f94870ee408
P 0x7f948e27d208
P 0x7f948bd3d7e0
C 447
R
P 0x7f94870ee408
C 361
R
P 0x7f94870ee408
U 32
C 35
= 0x7f9487113718
R
P 0x7f94870ee408
C 361
R
P 0x7f94870ee408
P 0x7f9487113718
C 274
R
P 0x7f94870ee408
C 361
R
P 0x7f94870ee408
P 0x7f9487113718
C 9
R
P 0x7f94870ee408
C 361
R
P 0x7f94870ee408
I 491
P 0x7f9487113718
C 154
= 0x7f948b0b7a38
R
P 0x7f94870ee408
C 361
R
P 0x7f94870ee408
P 0x7f948b0b7a38
C 274
R
P 0x7f94870ee408
C 361
R
P 0x7f94870ee408
P 0x7f948b0b7a38
C 271
= 0x7f9487113718
R
P 0x7f94870ee408
C 361
R
P 0x7f94870ee408
P 0x7f9487113718
C 226
R
P 0x7f94870ee408
C 361
R
P 0x7f94870ee408
P 0x7f948b0b7a38
C 277
R
P 0x7f94870ee408
C 361
R
P 0x7f94870ee408
P 0x7f948b0b7a38
C 276
R
P 0x7f94870ee408
C 361
R
P 0x7f94870ee408
P 0x7f948b0b7a38
C 275
R
P 0x7f94870ee408
C 361
R
P 0x7f94870ee408
P 0x7f948b0b7a38
C 9
R
P 0x7f94870ee408
C 361
R
P 0x7f94870ee408
P 0x7f94876f7298
P 0x7f948b0b7a38
C 103
= 0x7f948bd3d1f8
R
P 0x7f94870ee408
C 361
R
P 0x7f94870ee408
P 0x7f948bd3d1f8
C 275
R
P 0x7f94870ee408
C 361
R
P 0x7f94870ee408
P 0x7f948bd3d1f8
C 9
R
P 0x7f94870ee408
C 361
R
P 0x7f94870ee408
P 0x7f948e27d208
P 0x7f948bd3d1f8
C 447
R
P 0x7f94870ee408
C 361
R
P 0x7f94870ee408
U 32
C 35
= 0x7f9487113718
R
P 0x7f94870ee408
C 361
R
P 0x7f94870ee408
P 0x7f9487113718
C 274
R
P 0x7f94870ee408
C 361
R
P 0x7f94870ee408
P 0x7f9487113718
C 9
R
P 0x7f94870ee408
C 361
R
P 0x7f94870ee408
I 1073741826
P 0x7f9487113718
C 154
= 0x7f948b0b7938
R
P 0x7f94870ee408
C 361
R
P 0x7f94870ee408
P 0x7f948b0b7938
C 274
R
P 0x7f94870ee408
C 361
R
P 0x7f94870ee408
P 0x7f948b0b7938
C 271
= 0x7f9487113718
R
P 0x7f94870ee408
C 361
R
P 0x7f94870ee408
P 0x7f9487113718
C 226
R
P 0x7f94870ee408
C 361
R
P 0x7f94870ee408
P 0x7f948b0b7938
C 277
R
P 0x7f94870ee408
C 361
R
P 0x7f94870ee408
P 0x7f948b0b7938
C 276
R
P 0x7f94870ee408
C 361
R
P 0x7f94870ee408
P 0x7f948b0b7938
C 275
R
P 0x7f94870ee408
C 361
R
P 0x7f94870ee408
P 0x7f948b0b7938
C 9
R
P 0x7f94870ee408
C 361
R
P 0x7f94870ee408
P 0x7f94876f7278
P 0x7f948b0b7938
C 103
= 0x7f948bd3dbd0
R
P 0x7f94870ee408
C 361
R
P 0x7f94870ee408
P 0x7f948bd3dbd0
C 275
R
P 0x7f94870ee408
C 361
R
P 0x7f94870ee408
P 0x7f948bd3dbd0
C 9
R
P 0x7f94870ee408
C 361
R
P 0x7f94870ee408
P 0x7f948e27d208
P 0x7f948bd3dbd0
C 447
R
P 0x7f94870ee408
C 361
R
P 0x7f94870ee408
U 32
C 35
= 0x7f9487113718
R
P 0x7f94870ee408
C 361
R
P 0x7f94870ee408
P 0x7f9487113718
C 274
R
P 0x7f94870ee408
C 361
R
P 0x7f94870ee408
P 0x7f9487113718
C 9
R
P 0x7f94870ee408
C 361
R
P 0x7f94870ee408
I 1073741952
P 0x7f9487113718
C 154
= 0x7f948b0b76b8
R
P 0x7f94870ee408
C 361
R
P 0x7f94870ee408
P 0x7f948b0b76b8
C 274
R
P 0x7f94870ee408
C 361
R
P 0x7f94870ee408
P 0x7f948b0b76b8
C 271
= 0x7f9487113718
R
P 0x7f94870ee408
C 361
R
P 0x7f94870ee408
P 0x7f9487113718
C 226
R
P 0x7f94870ee408
C 361
R
P 0x7f94870ee408
P 0x7f948b0b76b8
C 277
R
P 0x7f94870ee408
C 361
R
P 0x7f94870ee408
P 0x7f948b0b76b8
C 276
R
P 0x7f94870ee408
C 361
R
P 0x7f94870ee408
P 0x7f948b0b76b8
C 275
R
P 0x7f94870ee408
C 361
R
P 0x7f94870ee408
P 0x7f948b0b76b8
C 9
R
P 0x7f94870ee408
C 361
R
P 0x7f94870ee408
P 0x7f94876f1198
P 0x7f948b0b76b8
C 103
= 0x7f948bd3d508
R
P 0x7f94870ee408
C 361
R
P 0x7f94870ee408
P 0x7f948bd3d508
C 275
R
P 0x7f94870ee408
C 361
R
P 0x7f94870ee408
P 0x7f948bd3d508
C 9
R
P 0x7f94870ee408
C 361
R
P 0x7f94870ee408
P 0x7f948e27d208
P 0x7f948bd3d508
C 447
R
P 0x7f94870ee408
C 361
R
P 0x7f94870ee408
P 0x7f948e27d208
C 458
R
P 0x7f94870ee408
C 361
R
P 0x7f94870ee408
P 0x7f948e27d208
C 463
= 0x7f948e58c978
R
P 0x7f94870ee408
C 361
R
P 0x7f94870ee408
P 0x7f948e58c978
C 319
R
P 0x7f94870ee408
C 361
R
P 0x7f94870ee408
P 0x7f948e58c978
C 356
R
P 0x7f94870ee408
C 361
R
P 0x7f94870ee408
P 0x7f948e27d208
C 463
= 0x7f948e58a0e8
R
P 0x7f94870ee408
C 361
R
P 0x7f94870ee408
P 0x7f948e58a0e8
C 319
R
P 0x7f94870ee408
C 361
R
P 0x7f94870ee408
P 0x7f948e58a0e8
P 0x7f94876f7298
I 0
P 0x0
C 321
* 0x7f948b0b7338 4
R
P 0x7f94870ee408
C 361
R
P 0x7f94870ee408
P 0x7f948b0b7338
C 274
R
P 0x7f94870ee408
C 361
R
P 0x7f94870ee408
P 0x7f948b0b7338
C 271
= 0x7f9487113718
R
P 0x7f94870ee408
C 361
R
P 0x7f94870ee408
P 0x7f9487113718
C 226
R
P 0x7f94870ee408
C 361
R
P 0x7f94870ee408
P 0x7f948b0b7338
C 277
R
P 0x7f94870ee408
C 361
R
P 0x7f94870ee408
P 0x7f948b0b7338
C 276
R
P 0x7f94870ee408
C 361
R
P 0x7f94870ee408
P 0x7f948b0b7338
C 275
R
P 0x7f94870ee408
C 361
R
P 0x7f94870ee408
P 0x7f948b0b7338
C 9
R
P 0x7f94870ee408
C 361
R
P 0x7f94870ee408
P 0x7f948b0b7338
I 0
C 287
R
P 0x7f94870ee408
C 361
R
P 0x7f94870ee408
P 0x7f948e27d208
C 463
= 0x7f948e57c798
R
P 0x7f94870ee408
C 361
R
P 0x7f94870ee408
P 0x7f948e57c798
C 319
R
P 0x7f94870ee408
C 361
R
P 0x7f94870ee408
P 0x7f948e57c798
P 0x7f94876f7278
I 0
P 0x0
C 321
* 0x7f948b0b7938 4
R
P 0x7f94870ee408
C 361
R
P 0x7f94870ee408
P 0x7f948b0b7938
C 274
R
P 0x7f94870ee408
C 361
R
P 0x7f94870ee408
P 0x7f948b0b7938
C 271
= 0x7f9487113718
R
P 0x7f94870ee408
C 361
R
P 0x7f94870ee408
P 0x7f9487113718
C 226
R
P 0x7f94870ee408
C 361
R
P 0x7f94870ee408
P 0x7f948b0b7938
C 277
R
P 0x7f94870ee408
C 361
R
P 0x7f94870ee408
P 0x7f948b0b7938
C 276
R
P 0x7f94870ee408
C 361
R
P 0x7f94870ee408
P 0x7f948b0b7938
C 275
R
P 0x7f94870ee408
C 361
R
P 0x7f94870ee408
P 0x7f948b0b7938
C 9
R
P 0x7f94870ee408
C 361
R
P 0x7f94870ee408
P 0x7f948b0b7938
I 0
C 287
R
P 0x7f94870ee408
C 361
R
P 0x7f94870ee408
P 0x7f948e27d208
C 463
= 0x7f948e58c588
R
P 0x7f94870ee408
C 361
R
P 0x7f94870ee408
P 0x7f948e58c588
C 319
R
P 0x7f94870ee408
C 361
R
P 0x7f94870ee408
P 0x7f948e58c588
P 0x7f94876f1198
I 0
P 0x0
C 321
* 0x7f948b0b76b8 4
R
P 0x7f94870ee408
C 361
R
P 0x7f94870ee408
P 0x7f948b0b76b8
C 274
R
P 0x7f94870ee408
C 361
R
P 0x7f94870ee408
P 0x7f948b0b76b8
C 271
= 0x7f9487113718
R
P 0x7f94870ee408
C 361
R
P 0x7f94870ee408
P 0x7f9487113718
C 226
R
P 0x7f94870ee408
C 361
R
P 0x7f94870ee408
P 0x7f948b0b76b8
C 277
R
P 0x7f94870ee408
C 361
R
P 0x7f94870ee408
P 0x7f948b0b76b8
C 276
R
P 0x7f94870ee408
C 361
R
P 0x7f94870ee408
P 0x7f948b0b76b8
C 275
R
P 0x7f94870ee408
C 361
R
P 0x7f94870ee408
P 0x7f948b0b76b8
C 9
R
P 0x7f94870ee408
C 361
R
P 0x7f94870ee408
P 0x7f948b0b76b8
I 0
C 287
R
P 0x7f94870ee408
C 361
R
P 0x7f94870ee408
U 32
C 35
= 0x7f9487113718
R
P 0x7f94870ee408
C 361
R
P 0x7f94870ee408
P 0x7f9487113718
C 274
R
P 0x7f94870ee408
C 361
R
P 0x7f94870ee408
P 0x7f9487113718
C 9
R
P 0x7f94870ee408
C 361
R
P 0x7f94870ee408
I 117
P 0x7f9487113718
C 154
= 0x7f948b0b7218
R
P 0x7f94870ee408
C 361
R
P 0x7f94870ee408
P 0x7f948b0b7218
C 274
R
P 0x7f94870ee408
C 361
R
P 0x7f94870ee408
P 0x7f948b0b7218
C 271
= 0x7f9487113718
R
P 0x7f94870ee408
C 361
R
P 0x7f94870ee408
P 0x7f9487113718
C 226
R
P 0x7f94870ee408
C 361
R
P 0x7f94870ee408
P 0x7f948b0b7218
C 277
R
P 0x7f94870ee408
C 361
R
P 0x7f94870ee408
P 0x7f948b0b7218
C 276
R
P 0x7f94870ee408
C 361
R
P 0x7f94870ee408
P 0x7f948b0b7218
C 275
R
P 0x7f94870ee408
C 361
R
P 0x7f94870ee408
P 0x7f948b0b7218
C 9
R
P 0x7f94870ee408
C 361
R
P 0x7f94870ee408
P 0x7f94876f7298
P 0x7f948b0b7218
C 103
= 0x7f948bd3d000
R
P 0x7f94870ee408
C 361
R
P 0x7f94870ee408
P 0x7f948bd3d000
C 275
R
P 0x7f94870ee408
C 361
R
P 0x7f94870ee408
P 0x7f948bd3d000
C 9
R
P 0x7f94870ee408
C 361
R
P 0x7f94870ee408
P 0x7f948e27d208
P 0x7f948bd3d000
C 447
R
P 0x7f94870ee408
C 361
R
P 0x7f94870ee408
U 32
C 35
= 0x7f9487113718
R
P 0x7f94870ee408
C 361
R
P 0x7f94870ee408
P 0x7f9487113718
C 274
R
P 0x7f94870ee408
C 361
R
P 0x7f94870ee408
P 0x7f9487113718
C 9
R
P 0x7f94870ee408
C 361
R
P 0x7f94870ee408
I 235
P 0x7f9487113718
C 154
= 0x7f948b0b7338
R
P 0x7f94870ee408
C 361
R
P 0x7f94870ee408
P 0x7f948b0b7338
C 274
R
P 0x7f94870ee408
C 361
R
P 0x7f94870ee408
P 0x7f948b0b7338
C 271
= 0x7f9487113718
R
P 0x7f94870ee408
C 361
R
P 0x7f94870ee408
P 0x7f9487113718
C 226
R
P 0x7f94870ee408
C 361
R
P 0x7f94870ee408
P 0x7f948b0b7338
C 277
R
P 0x7f94870ee408
C 361
R
P 0x7f94870ee408
P 0x7f948b0b7338
C 276
R
P 0x7f94870ee408
C 361
R
P 0x7f94870ee408
P 0x7f948b0b7338
C 275
R
P 0x7f94870ee408
C 361
R
P 0x7f94870ee408
P 0x7f948b0b7338
C 9
R
P 0x7f94870ee408
C 361
R
P 0x7f94870ee408
P 0x7f94876f7298
P 0x7f948b0b7338
C 103
= 0x7f948bd3d2a0
R
P 0x7f94870ee408
C 361
R
P 0x7f94870ee408
P 0x7f948bd3d2a0
C 275
R
P 0x7f94870ee408
C 361
R
P 0x7f94870ee408
P 0x7f948bd3d2a0
C 9
R
P 0x7f94870ee408
C 361
R
P 0x7f94870ee408
P 0x7f948e27d208
P 0x7f948bd3d2a0
C 447
R
P 0x7f94870ee408
C 361
R
P 0x7f94870ee408
U 32
C 35
= 0x7f9487113718
R
P 0x7f94870ee408
C 361
R
P 0x7f94870ee408
P 0x7f9487113718
C 274
R
P 0x7f94870ee408
C 361
R
P 0x7f94870ee408
P 0x7f9487113718
C 9
R
P 0x7f94870ee408
C 361
R
P 0x7f94870ee408
I 1073741826
P 0x7f9487113718
C 154
= 0x7f948b0b7938
R
P 0x7f94870ee408
C 361
R
P 0x7f94870ee408
P 0x7f948b0b7938
C 274
R
P 0x7f94870ee408
C 361
R
P 0x7f94870ee408
P 0x7f948b0b7938
C 271
= 0x7f9487113718
R
P 0x7f94870ee408
C 361
R
P 0x7f94870ee408
P 0x7f9487113718
C 226
R
P 0x7f94870ee408
C 361
R
P 0x7f94870ee408
P 0x7f948b0b7938
C 277
R
P 0x7f94870ee408
C 361
R
P 0x7f94870ee408
P 0x7f948b0b7938
C 276
R
P 0x7f94870ee408
C 361
R
P 0x7f94870ee408
P 0x7f948b0b7938
C 275
R
P 0x7f94870ee408
C 361
R
P 0x7f94870ee408
P 0x7f948b0b7938
C 9
R
P 0x7f94870ee408
C 361
R
P 0x7f94870ee408
P 0x7f94876f7278
P 0x7f948b0b7938
C 103
= 0x7f948bd3dbd0
R
P 0x7f94870ee408
C 361
R
P 0x7f94870ee408
P 0x7f948bd3dbd0
C 275
R
P 0x7f94870ee408
C 361
R
P 0x7f94870ee408
P 0x7f948bd3dbd0
C 9
R
P 0x7f94870ee408
C 361
R
P 0x7f94870ee408
P 0x7f948e27d208
P 0x7f948bd3dbd0
C 447
R
P 0x7f94870ee408
C 361
R
P 0x7f94870ee408
U 32
C 35
= 0x7f9487113718
R
P 0x7f94870ee408
C 361
R
P 0x7f94870ee408
P 0x7f9487113718
C 274
R
P 0x7f94870ee408
C 361
R
P 0x7f94870ee408
P 0x7f9487113718
C 9
R
P 0x7f94870ee408
C 361
R
P 0x7f94870ee408
I 1073741952
P 0x7f9487113718
C 154
= 0x7f948b0b76b8
R
P 0x7f94870ee408
C 361
R
P 0x7f94870ee408
P 0x7f948b0b76b8
C 274
R
P 0x7f94870ee408
C 361
R
P 0x7f94870ee408
P 0x7f948b0b76b8
C 271
= 0x7f9487113718
R
P 0x7f94870ee408
C 361
R
P 0x7f94870ee408
P 0x7f9487113718
C 226
R
P 0x7f94870ee408
C 361
R
P 0x7f94870ee408
P 0x7f948b0b76b8
C 277
R
P 0x7f94870ee408
C 361
R
P 0x7f94870ee408
P 0x7f948b0b76b8
C 276
R
P 0x7f94870ee408
C 361
R
P 0x7f94870ee408
P 0x7f948b0b76b8
C 275
R
P 0x7f94870ee408
C 361
R
P 0x7f94870ee408
P 0x7f948b0b76b8
C 9
R
P 0x7f94870ee408
C 361
R
P 0x7f94870ee408
P 0x7f94876f1198
P 0x7f948b0b76b8
C 103
= 0x7f948bd3d508
R
P 0x7f94870ee408
C 361
R
P 0x7f94870ee408
P 0x7f948bd3d508
C 275
R
P 0x7f94870ee408
C 361
R
P 0x7f94870ee408
P 0x7f948bd3d508
C 9
R
P 0x7f94870ee408
C 361
R
P 0x7f94870ee408
P 0x7f948e27d208
P 0x7f948bd3d508
C 447
R
P 0x7f94870ee408
C 361
R
P 0x7f94870ee408
P 0x7f948e27d208
C 458
R
P 0x7f94870ee408
C 361
R
P 0x7f94870ee408
P 0x7f948e27d208
C 463
= 0x7f948e584198
R
P 0x7f94870ee408
C 361
R
P 0x7f94870ee408
P 0x7f948e584198
C 319
R
P 0x7f94870ee408
C 361
R
P 0x7f94870ee408
P 0x7f948e584198
C 356
R
P 0x7f94870ee408
C 361
R
P 0x7f94870ee408
P 0x7f948e27d208
C 463
= 0x7f948e57d7f8
R
P 0x7f94870ee408
C 361
R
P 0x7f94870ee408
P 0x7f948e57d7f8
C 319
R
P 0x7f94870ee408
C 361
R
P 0x7f94870ee408
P 0x7f948e57d7f8
P 0x7f94876f7298
I 0
P 0x0
C 321
* 0x7f948b0b7238 4
R
P 0x7f94870ee408
C 361
R
P 0x7f94870ee408
P 0x7f948b0b7238
C 274
R
P 0x7f94870ee408
C 361
R
P 0x7f94870ee408
P 0x7f948b0b7238
C 271
= 0x7f9487113718
R
P 0x7f94870ee408
C 361
R
P 0x7f94870ee408
P 0x7f9487113718
C 226
R
P 0x7f94870ee408
C 361
R
P 0x7f94870ee408
P 0x7f948b0b7238
C 277
R
P 0x7f94870ee408
C 361
R
P 0x7f94870ee408
P 0x7f948b0b7238
C 276
R
P 0x7f94870ee408
C 361
R
P 0x7f94870ee408
P 0x7f948b0b7238
C 275
R
P 0x7f94870ee408
C 361
R
P 0x7f94870ee408
P 0x7f948b0b7238
C 9
R
P 0x7f94870ee408
C 361
R
P 0x7f94870ee408
P 0x7f948b0b7238
I 0
C 287
R
P 0x7f94870ee408
C 361
R
P 0x7f94870ee408
P 0x7f948e27d208
C 463
= 0x7f948e58c678
R
P 0x7f94870ee408
C 361
R
P 0x7f94870ee408
P 0x7f948e58c678
C 319
R
P 0x7f94870ee408
C 361
R
P 0x7f94870ee408
P 0x7f948e58c678
P 0x7f94876f7278
I 0
P 0x0
C 321
* 0x7f948b0b7938 4
R
P 0x7f94870ee408
C 361
R
P 0x7f94870ee408
P 0x7f948b0b7938
C 274
R
P 0x7f94870ee408
C 361
R
P 0x7f94870ee408
P 0x7f948b0b7938
C 271
= 0x7f9487113718
R
P 0x7f94870ee408
C 361
R
P 0x7f94870ee408
P 0x7f9487113718
C 226
R
P 0x7f94870ee408
C 361
R
P 0x7f94870ee408
P 0x7f948b0b7938
C 277
R
P 0x7f94870ee408
C 361
R
P 0x7f94870ee408
P 0x7f948b0b7938
C 276
R
P 0x7f94870ee408
C 361
R
P 0x7f94870ee408
P 0x7f948b0b7938
C 275
R
P 0x7f94870ee408
C 361
R
P 0x7f94870ee408
P 0x7f948b0b7938
C 9
R
P 0x7f94870ee408
C 361
R
P 0x7f94870ee408
P 0x7f948b0b7938
I 0
C 287
R
P 0x7f94870ee408
C 361
R
P 0x7f94870ee408
P 0x7f948e27d208
C 463
= 0x7f948e58cfa8
R
P 0x7f94870ee408
C 361
R
P 0x7f94870ee408
P 0x7f948e58cfa8
C 319
R
P 0x7f94870ee408
C 361
R
P 0x7f94870ee408
P 0x7f948e58cfa8
P 0x7f94876f1198
I 0
P 0x0
C 321
* 0x7f948b0b7278 4
R
P 0x7f94870ee408
C 361
R
P 0x7f94870ee408
P 0x7f948b0b7278
C 274
R
P 0x7f94870ee408
C 361
R
P 0x7f94870ee408
P 0x7f948b0b7278
C 271
= 0x7f9487113718
R
P 0x7f94870ee408
C 361
R
P 0x7f94870ee408
P 0x7f9487113718
C 226
R
P 0x7f94870ee408
C 361
R
P 0x7f94870ee408
P 0x7f948b0b7278
C 277
R
P 0x7f94870ee408
C 361
R
P 0x7f94870ee408
P 0x7f948b0b7278
C 276
R
P 0x7f94870ee408
C 361
R
P 0x7f94870ee408
P 0x7f948b0b7278
C 275
R
P 0x7f94870ee408
C 361
R
P 0x7f94870ee408
P 0x7f948b0b7278
C 9
R
P 0x7f94870ee408
C 361
R
P 0x7f94870ee408
P 0x7f948b0b7278
I 0
C 287
R
P 0x7f94870ee408
C 361
R
P 0x7f94870ee408
U 32
C 35
= 0x7f9487113718
R
P 0x7f94870ee408
C 361
R
P 0x7f94870ee408
P 0x7f9487113718
C 274
R
P 0x7f94870ee408
C 361
R
P 0x7f94870ee408
P 0x7f9487113718
C 9
R
P 0x7f94870ee408
C 361
R
P 0x7f94870ee408
I 53
P 0x7f9487113718
C 154
= 0x7f948b0b7798
R
P 0x7f94870ee408
C 361
R
P 0x7f94870ee408
P 0x7f948b0b7798
C 274
R
P 0x7f94870ee408
C 361
R
P 0x7f94870ee408
P 0x7f948b0b7798
C 271
= 0x7f9487113718
R
P 0x7f94870ee408
C 361
R
P 0x7f94870ee408
P 0x7f9487113718
C 226
R
P 0x7f94870ee408
C 361
R
P 0x7f94870ee408
P 0x7f948b0b7798
C 277
R
P 0x7f94870ee408
C 361
R
P 0x7f94870ee408
P 0x7f948b0b7798
C 276
R
P 0x7f94870ee408
C 361
R
P 0x7f94870ee408
P 0x7f948b0b7798
C 275
R
P 0x7f94870ee408
C 361
R
P 0x7f94870ee408
P 0x7f948b0b7798
C 9
R
P 0x7f94870ee408
C 361
R
P 0x7f94870ee408
P 0x7f94876f7298
P 0x7f948b0b7798
C 103
= 0x7f948bd43130
R
P 0x7f94870ee408
C 361
R
P 0x7f94870ee408
P 0x7f948bd43130
C 275
R
P 0x7f94870ee408
C 361
R
P 0x7f94870ee408
P 0x7f948bd43130
C 9
R
P 0x7f94870ee408
C 361
R
P 0x7f94870ee408
P 0x7f948e27d208
P 0x7f948bd43130
C 447
R
P 0x7f94870ee408
C 361
R
P 0x7f94870ee408
U 32
C 35
= 0x7f9487113718
R
P 0x7f94870ee408
C 361
R
P 0x7f94870ee408
P 0x7f9487113718
C 274
R
P 0x7f94870ee408
C 361
R
P 0x7f94870ee408
P 0x7f9487113718
C 9
R
P 0x7f94870ee408
C 361
R
P 0x7f94870ee408
I 107
P 0x7f9487113718
C 154
= 0x7f948b0b7238
R
P 0x7f94870ee408
C 361
R
P 0x7f94870ee408
P 0x7f948b0b7238
C 274
R
P 0x7f94870ee408
C 361
R
P 0x7f94870ee408
P 0x7f948b0b7238
C 271
= 0x7f9487113718
R
P 0x7f94870ee408
C 361
R
P 0x7f94870ee408
P 0x7f9487113718
C 226
R
P 0x7f94870ee408
C 361
R
P 0x7f94870ee408
P 0x7f948b0b7238
C 277
R
P 0x7f94870ee408
C 361
R
P 0x7f94870ee408
P 0x7f948b0b7238
C 276
R
P 0x7f94870ee408
C 361
R
P 0x7f94870ee408
P 0x7f948b0b7238
C 275
R
P 0x7f94870ee408
C 361
R
P 0x7f94870ee408
P 0x7f948b0b7238
C 9
R
P 0x7f94870ee408
C 361
R
P 0x7f94870ee408
P 0x7f94876f7298
P 0x7f948b0b7238
C 103
= 0x7f948bd3d0e0
R
P 0x7f94870ee408
C 361
R
P 0x7f94870ee408
P 0x7f948bd3d0e0
C 275
R
P 0x7f94870ee408
C 361
R
P 0x7f94870ee408
P 0x7f948bd3d0e0
C 9
R
P 0x7f94870ee408
C 361
R
P 0x7f94870ee408
P 0x7f948e27d208
P 0x7f948bd3d0e0
C 447
R
P 0x7f94870ee408
C 361
R
P 0x7f94870ee408
U 32
C 35
= 0x7f9487113718
R
P 0x7f94870ee408
C 361
R
P 0x7f94870ee408
P 0x7f9487113718
C 274
R
P 0x7f94870ee408
C 361
R
P 0x7f94870ee408
P 0x7f9487113718
C 9
R
P 0x7f94870ee408
C 361
R
P 0x7f94870ee408
I 1073741826
P 0x7f9487113718
C 154
= 0x7f948b0b7938
R
P 0x7f94870ee408
C 361
R
P 0x7f94870ee408
P 0x7f948b0b7938
C 274
R
P 0x7f94870ee408
C 361
R
P 0x7f94870ee408
P 0x7f948b0b7938
C 271
= 0x7f9487113718
R
P 0x7f94870ee408
C 361
R
P 0x7f94870ee408
P 0x7f9487113718
C 226
R
P 0x7f94870ee408
C 361
R
P 0x7f94870ee408
P 0x7f948b0b7938
C 277
R
P 0x7f94870ee408
C 361
R
P 0x7f94870ee408
P 0x7f948b0b7938
C 276
R
P 0x7f94870ee408
C 361
R
P 0x7f94870ee408
P 0x7f948b0b7938
C 275
R
P 0x7f94870ee408
C 361
R
P 0x7f94870ee408
P 0x7f948b0b7938
C 9
R
P 0x7f94870ee408
C 361
R
P 0x7f94870ee408
P 0x7f94876f7278
P 0x7f948b0b7938
C 103
= 0x7f948bd3dbd0
R
P 0x7f94870ee408
C 361
R
P 0x7f94870ee408
P 0x7f948bd3dbd0
C 275
R
P 0x7f94870ee408
C 361
R
P 0x7f94870ee408
P 0x7f948bd3dbd0
C 9
R
P 0x7f94870ee408
C 361
R
P 0x7f94870ee408
P 0x7f948e27d208
P 0x7f948bd3dbd0
C 447
R
P 0x7f94870ee408
C 361
R
P 0x7f94870ee408
U 32
C 35
= 0x7f9487113718
R
P 0x7f94870ee408
C 361
R
P 0x7f94870ee408
P 0x7f9487113718
C 274
R
P 0x7f94870ee408
C 361
R
P 0x7f94870ee408
P 0x7f9487113718
C 9
R
P 0x7f94870ee408
C 361
R
P 0x7f94870ee408
I 1073741840
P 0x7f9487113718
C 154
= 0x7f948b0b7278
R
P 0x7f94870ee408
C 361
R
P 0x7f94870ee408
P 0x7f948b0b7278
C 274
R
P 0x7f94870ee408
C 361
R
P 0x7f94870ee408
P 0x7f948b0b7278
C 271
= 0x7f9487113718
R
P 0x7f94870ee408
C 361
R
P 0x7f94870ee408
P 0x7f9487113718
C 226
R
P 0x7f94870ee408
C 361
R
P 0x7f94870ee408
P 0x7f948b0b7278
C 277
R
P 0x7f94870ee408
C 361
R
P 0x7f94870ee408
P 0x7f948b0b7278
C 276
R
P 0x7f94870ee408
C 361
R
P 0x7f94870ee408
P 0x7f948b0b7278
C 275
R
P 0x7f94870ee408
C 361
R
P 0x7f94870ee408
P 0x7f948b0b7278
C 9
R
P 0x7f94870ee408
C 361
R
P 0x7f94870ee408
P 0x7f94876f1198
P 0x7f948b0b7278
C 103
= 0x7f948bd3ccb8
R
P 0x7f94870ee408
C 361
R
P 0x7f94870ee408
P 0x7f948bd3ccb8
C 275
R
P 0x7f94870ee408
C 361
R
P 0x7f94870ee408
P 0x7f948bd3ccb8
C 9
R
P 0x7f94870ee408
C 361
R
P 0x7f94870ee408
P 0x7f948e27d208
P 0x7f948bd3ccb8
C 447
R
P 0x7f94870ee408
C 361
R
P 0x7f94870ee408
P 0x7f948e27d208
C 458
R
P 0x7f94870ee408
C 361
R
P 0x7f94870ee408
P 0x7f948e27d208
C 463
= 0x7f948e5886a8
R
P 0x7f94870ee408
C 361
R
P 0x7f94870ee408
P 0x7f948e5886a8
C 319
R
P 0x7f94870ee408
C 361
R
P 0x7f94870ee408
P 0x7f948e5886a8
C 356
R
P 0x7f94870ee408
C 361
R
P 0x7f94870ee408
P 0x7f948e27d208
C 463
= 0x7f948e5834d8
R
P 0x7f94870ee408
C 361
R
P 0x7f94870ee408
P 0x7f948e5834d8
C 319
R
P 0x7f94870ee408
C 361
R
P 0x7f94870ee408
P 0x7f948e5834d8
P 0x7f94876f7298
I 0
P 0x0
C 321
* 0x7f948b0b75d8 4
R
P 0x7f94870ee408
C 361
R
P 0x7f94870ee408
P 0x7f948b0b75d8
C 274
R
P 0x7f94870ee408
C 361
R
P 0x7f94870ee408
P 0x7f948b0b75d8
C 271
= 0x7f9487113718
R
P 0x7f94870ee408
C 361
R
P 0x7f94870ee408
P 0x7f9487113718
C 226
R
P 0x7f94870ee408
C 361
R
P 0x7f94870ee408
P 0x7f948b0b75d8
C 277
R
P 0x7f94870ee408
C 361
R
P 0x7f94870ee408
P 0x7f948b0b75d8
C 276
R
P 0x7f94870ee408
C 361
R
P 0x7f94870ee408
P 0x7f948b0b75d8
C 275
R
P 0x7f94870ee408
C 361
R
P 0x7f94870ee408
P 0x7f948b0b75d8
C 9
R
P 0x7f94870ee408
C 361
R
P 0x7f94870ee408
P 0x7f948b0b75d8
I 0
C 287
R
P 0x7f94870ee408
C 361
R
P 0x7f94870ee408
P 0x7f948e27d208
C 463
= 0x7f948e58e978
R
P 0x7f94870ee408
C 361
R
P 0x7f94870ee408
P 0x7f948e58e978
C 319
R
P 0x7f94870ee408
C 361
R
P 0x7f94870ee408
P 0x7f948e58e978
P 0x7f94876f7278
I 0
P 0x0
C 321
* 0x7f948b0b7938 4
R
P 0x7f94870ee408
C 361
R
P 0x7f94870ee408
P 0x7f948b0b7938
C 274
R
P 0x7f94870ee408
C 361
R
P 0x7f94870ee408
P 0x7f948b0b7938
C 271
= 0x7f9487113718
R
P 0x7f94870ee408
C 361
R
P 0x7f94870ee408
P 0x7f9487113718
C 226
R
P 0x7f94870ee408
C 361
R
P 0x7f94870ee408
P 0x7f948b0b7938
C 277
R
P 0x7f94870ee408
C 361
R
P 0x7f94870ee408
P 0x7f948b0b7938
C 276
R
P 0x7f94870ee408
C 361
R
P 0x7f94870ee408
P 0x7f948b0b7938
C 275
R
P 0x7f94870ee408
C 361
R
P 0x7f94870ee408
P 0x7f948b0b7938
C 9
R
P 0x7f94870ee408
C 361
R
P 0x7f94870ee408
P 0x7f948b0b7938
I 0
C 287
R
P 0x7f94870ee408
C 361
R
P 0x7f94870ee408
P 0x7f948e27d208
C 463
= 0x7f948e57b7b8
R
P 0x7f94870ee408
C 361
R
P 0x7f94870ee408
P 0x7f948e57b7b8
C 319
R
P 0x7f94870ee408
C 361
R
P 0x7f94870ee408
P 0x7f948e57b7b8
P 0x7f94876f1198
I 0
P 0x0
C 321
* 0x7f948b0b7278 4
R
P 0x7f94870ee408
C 361
R
P 0x7f94870ee408
P 0x7f948b0b7278
C 274
R
P 0x7f94870ee408
C 361
R
P 0x7f94870ee408
P 0x7f948b0b7278
C 271
= 0x7f9487113718
R
P 0x7f94870ee408
C 361
R
P 0x7f94870ee408
P 0x7f9487113718
C 226
R
P 0x7f94870ee408
C 361
R
P 0x7f94870ee408
P 0x7f948b0b7278
C 277
R
P 0x7f94870ee408
C 361
R
P 0x7f94870ee408
P 0x7f948b0b7278
C 276
R
P 0x7f94870ee408
C 361
R
P 0x7f94870ee408
P 0x7f948b0b7278
C 275
R
P 0x7f94870ee408
C 361
R
P 0x7f94870ee408
P 0x7f948b0b7278
C 9
R
P 0x7f94870ee408
C 361
R
P 0x7f94870ee408
P 0x7f948b0b7278
I 0
C 287
R
P 0x7f94870ee408
C 361
R
P 0x7f94870ee408
U 32
C 35
= 0x7f9487113718
R
P 0x7f94870ee408
C 361
R
P 0x7f94870ee408
P 0x7f9487113718
C 274
R
P 0x7f94870ee408
C 361
R
P 0x7f94870ee408
P 0x7f9487113718
C 9
R
P 0x7f94870ee408
C 361
R
P 0x7f94870ee408
I 24
P 0x7f9487113718
C 154
= 0x7f948b0b7118
R
P 0x7f94870ee408
C 361
R
P 0x7f94870ee408
P 0x7f948b0b7118
C 274
R
P 0x7f94870ee408
C 361
R
P 0x7f94870ee408
P 0x7f948b0b7118
C 271
= 0x7f9487113718
R
P 0x7f94870ee408
C 361
R
P 0x7f94870ee408
P 0x7f9487113718
C 226
R
P 0x7f94870ee408
C 361
R
P 0x7f94870ee408
P 0x7f948b0b7118
C 277
R
P 0x7f94870ee408
C 361
R
P 0x7f94870ee408
P 0x7f948b0b7118
C 276
R
P 0x7f94870ee408
C 361
R
P 0x7f94870ee408
P 0x7f948b0b7118
C 275
R
P 0x7f94870ee408
C 361
R
P 0x7f94870ee408
P 0x7f948b0b7118
C 9
R
P 0x7f94870ee408
C 361
R
P 0x7f94870ee408
P 0x7f94876f7298
P 0x7f948b0b7118
C 103
= 0x7f948bd3cc48
R
P 0x7f94870ee408
C 361
R
P 0x7f94870ee408
P 0x7f948bd3cc48
C 275
R
P 0x7f94870ee408
C 361
R
P 0x7f94870ee408
P 0x7f948bd3cc48
C 9
R
P 0x7f94870ee408
C 361
R
P 0x7f94870ee408
P 0x7f948e27d208
P 0x7f948bd3cc48
C 447
R
P 0x7f94870ee408
C 361
R
P 0x7f94870ee408
U 32
C 35
= 0x7f9487113718
R
P 0x7f94870ee408
C 361
R
P 0x7f94870ee408
P 0x7f9487113718
C 274
R
P 0x7f94870ee408
C 361
R
P 0x7f94870ee408
P 0x7f9487113718
C 9
R
P 0x7f94870ee408
C 361
R
P 0x7f94870ee408
I 49
P 0x7f9487113718
C 154
= 0x7f948b0b75d8
R
P 0x7f94870ee408
C 361
R
P 0x7f94870ee408
P 0x7f948b0b75d8
C 274
R
P 0x7f94870ee408
C 361
R
P 0x7f94870ee408
P 0x7f948b0b75d8
C 271
= 0x7f9487113718
R
P 0x7f94870ee408
C 361
R
P 0x7f94870ee408
P 0x7f9487113718
C 226
R
P 0x7f94870ee408
C 361
R
P 0x7f94870ee408
P 0x7f948b0b75d8
C 277
R
P 0x7f94870ee408
C 361
R
P 0x7f94870ee408
P 0x7f948b0b75d8
C 276
R
P 0x7f94870ee408
C 361
R
P 0x7f94870ee408
P 0x7f948b0b75d8
C 275
R
P 0x7f94870ee408
C 361
R
P 0x7f94870ee408
P 0x7f948b0b75d8
C 9
R
P 0x7f94870ee408
C 361
R
P 0x7f94870ee408
P 0x7f94876f7298
P 0x7f948b0b75d8
C 103
= 0x7f948bd3cb68
R
P 0x7f94870ee408
C 361
R
P 0x7f94870ee408
P 0x7f948bd3cb68
C 275
R
P 0x7f94870ee408
C 361
R
P 0x7f94870ee408
P 0x7f948bd3cb68
C 9
R
P 0x7f94870ee408
C 361
R
P 0x7f94870ee408
P 0x7f948e27d208
P 0x7f948bd3cb68
C 447
R
P 0x7f94870ee408
C 361
R
P 0x7f94870ee408
U 32
C 35
= 0x7f9487113718
R
P 0x7f94870ee408
C 361
R
P 0x7f94870ee408
P 0x7f9487113718
C 274
R
P 0x7f94870ee408
C 361
R
P 0x7f94870ee408
P 0x7f9487113718
C 9
R
P 0x7f94870ee408
C 361
R
P 0x7f94870ee408
I 1073741826
P 0x7f9487113718
C 154
= 0x7f948b0b7938
R
P 0x7f94870ee408
C 361
R
P 0x7f94870ee408
P 0x7f948b0b7938
C 274
R
P 0x7f94870ee408
C 361
R
P 0x7f94870ee408
P 0x7f948b0b7938
C 271
= 0x7f9487113718
R
P 0x7f94870ee408
C 361
R
P 0x7f94870ee408
P 0x7f9487113718
C 226
R
P 0x7f94870ee408
C 361
R
P 0x7f94870ee408
P 0x7f948b0b7938
C 277
R
P 0x7f94870ee408
C 361
R
P 0x7f94870ee408
P 0x7f948b0b7938
C 276
R
P 0x7f94870ee408
C 361
R
P 0x7f94870ee408
P 0x7f948b0b7938
C 275
R
P 0x7f94870ee408
C 361
R
P 0x7f94870ee408
P 0x7f948b0b7938
C 9
R
P 0x7f94870ee408
C 361
R
P 0x7f94870ee408
P 0x7f94876f7278
P 0x7f948b0b7938
C 103
= 0x7f948bd3dbd0
R
P 0x7f94870ee408
C 361
R
P 0x7f94870ee408
P 0x7f948bd3dbd0
C 275
R
P 0x7f94870ee408
C 361
R
P 0x7f94870ee408
P 0x7f948bd3dbd0
C 9
R
P 0x7f94870ee408
C 361
R
P 0x7f94870ee408
P 0x7f948e27d208
P 0x7f948bd3dbd0
C 447
R
P 0x7f94870ee408
C 361
R
P 0x7f94870ee408
U 32
C 35
= 0x7f9487113718
R
P 0x7f94870ee408
C 361
R
P 0x7f94870ee408
P 0x7f9487113718
C 274
R
P 0x7f94870ee408
C 361
R
P 0x7f94870ee408
P 0x7f9487113718
C 9
R
P 0x7f94870ee408
C 361
R
P 0x7f94870ee408
I 1073741840
P 0x7f9487113718
C 154
= 0x7f948b0b7278
R
P 0x7f94870ee408
C 361
R
P 0x7f94870ee408
P 0x7f948b0b7278
C 274
R
P 0x7f94870ee408
C 361
R
P 0x7f94870ee408
P 0x7f948b0b7278
C 271
= 0x7f9487113718
R
P 0x7f94870ee408
C 361
R
P 0x7f94870ee408
P 0x7f9487113718
C 226
R
P 0x7f94870ee408
C 361
R
P 0x7f94870ee408
P 0x7f948b0b7278
C 277
R
P 0x7f94870ee408
C 361
R
P 0x7f94870ee408
P 0x7f948b0b7278
C 276
R
P 0x7f94870ee408
C 361
R
P 0x7f94870ee408
P 0x7f948b0b7278
C 275
R
P 0x7f94870ee408
C 361
R
P 0x7f94870ee408
P 0x7f948b0b7278
C 9
R
P 0x7f94870ee408
C 361
R
P 0x7f94870ee408
P 0x7f94876f1198
P 0x7f948b0b7278
C 103
= 0x7f948bd3ccb8
R
P 0x7f94870ee408
C 361
R
P 0x7f94870ee408
P 0x7f948bd3ccb8
C 275
R
P 0x7f94870ee408
C 361
R
P 0x7f94870ee408
P 0x7f948bd3ccb8
C 9
R
P 0x7f94870ee408
C 361
R
P 0x7f94870ee408
P 0x7f948e27d208
P 0x7f948bd3ccb8
C 447
R
P 0x7f94870ee408
C 361
R
P 0x7f94870ee408
P 0x7f948e27d208
C 458
R
P 0x7f94870ee408
C 361
R
P 0x7f94870ee408
P 0x7f948e27d208
C 463
= 0x7f948e585ce8
R
P 0x7f94870ee408
C 361
R
P 0x7f94870ee408
P 0x7f948e585ce8
C 319
R
P 0x7f94870ee408
C 361
R
P 0x7f94870ee408
P 0x7f948e585ce8
C 356
R
P 0x7f94870ee408
C 361
R
P 0x7f94870ee408
P 0x7f948e27d208
C 463
= 0x7f948e57caa8
R
P 0x7f94870ee408
C 361
R
P 0x7f94870ee408
P 0x7f948e57caa8
C 319
R
P 0x7f94870ee408
C 361
R
P 0x7f94870ee408
P 0x7f948e57caa8
P 0x7f94876f7298
I 0
P 0x0
C 321
* 0x7f948b0b7158 4
R
P 0x7f94870ee408
C 361
R
P 0x7f94870ee408
P 0x7f948b0b7158
C 274
R
P 0x7f94870ee408
C 361
R
P 0x7f94870ee408
P 0x7f948b0b7158
C 271
= 0x7f9487113718
R
P 0x7f94870ee408
C 361
R
P 0x7f94870ee408
P 0x7f9487113718
C 226
R
P 0x7f94870ee408
C 361
R
P 0x7f94870ee408
P 0x7f948b0b7158
C 277
R
P 0x7f94870ee408
C 361
R
P 0x7f94870ee408
P 0x7f948b0b7158
C 276
R
P 0x7f94870ee408
C 361
R
P 0x7f94870ee408
P 0x7f948b0b7158
C 275
R
P 0x7f94870ee408
C 361
R
P 0x7f94870ee408
P 0x7f948b0b7158
C 9
R
P 0x7f94870ee408
C 361
R
P 0x7f94870ee408
P 0x7f948b0b7158
I 0
C 287
R
P 0x7f94870ee408
C 361
R
P 0x7f94870ee408
P 0x7f948e27d208
C 463
= 0x7f948e58f1e8
R
P 0x7f94870ee408
C 361
R
P 0x7f94870ee408
P 0x7f948e58f1e8
C 319
R
P 0x7f94870ee408
C 361
R
P 0x7f94870ee408
P 0x7f948e58f1e8
P 0x7f94876f7278
I 0
P 0x0
C 321
* 0x7f948b0b7938 4
R
P 0x7f94870ee408
C 361
R
P 0x7f94870ee408
P 0x7f948b0b7938
C 274
R
P 0x7f94870ee408
C 361
R
P 0x7f94870ee408
P 0x7f948b0b7938
C 271
= 0x7f9487113718
R
P 0x7f94870ee408
C 361
R
P 0x7f94870ee408
P 0x7f9487113718
C 226
R
P 0x7f94870ee408
C 361
R
P 0x7f94870ee408
P 0x7f948b0b7938
C 277
R
P 0x7f94870ee408
C 361
R
P 0x7f94870ee408
P 0x7f948b0b7938
C 276
R
P 0x7f94870ee408
C 361
R
P 0x7f94870ee408
P 0x7f948b0b7938
C 275
R
P 0x7f94870ee408
C 361
R
P 0x7f94870ee408
P 0x7f948b0b7938
C 9
R
P 0x7f94870ee408
C 361
R
P 0x7f94870ee408
P 0x7f948b0b7938
I 0
C 287
R
P 0x7f94870ee408
C 361
R
P 0x7f94870ee408
P 0x7f948e27d208
C 463
= 0x7f948e58e948
R
P 0x7f94870ee408
C 361
R
P 0x7f94870ee408
P 0x7f948e58e948
C 319
R
P 0x7f94870ee408
C 361
R
P 0x7f94870ee408
P 0x7f948e58e948
P 0x7f94876f1198
I 0
P 0x0
C 321
* 0x7f948b0b7278 4
R
P 0x7f94870ee408
C 361
R
P 0x7f94870ee408
P 0x7f948b0b7278
C 274
R
P 0x7f94870ee408
C 361
R
P 0x7f94870ee408
P 0x7f948b0b7278
C 271
= 0x7f9487113718
R
P 0x7f94870ee408
C 361
R
P 0x7f94870ee408
P 0x7f9487113718
C 226
R
P 0x7f94870ee408
C 361
R
P 0x7f94870ee408
P 0x7f948b0b7278
C 277
R
P 0x7f94870ee408
C 361
R
P 0x7f94870ee408
P 0x7f948b0b7278
C 276
R
P 0x7f94870ee408
C 361
R
P 0x7f94870ee408
P 0x7f948b0b7278
C 275
R
P 0x7f94870ee408
C 361
R
P 0x7f94870ee408
P 0x7f948b0b7278
C 9
R
P 0x7f94870ee408
C 361
R
P 0x7f94870ee408
P 0x7f948b0b7278
I 0
C 287
R
P 0x7f94870ee408
C 361
R
P 0x7f94870ee408
U 32
C 35
= 0x7f9487113718
R
P 0x7f94870ee408
C 361
R
P 0x7f94870ee408
P 0x7f9487113718
C 274
R
P 0x7f94870ee408
C 361
R
P 0x7f94870ee408
P 0x7f9487113718
C 9
R
P 0x7f94870ee408
C 361
R
P 0x7f94870ee408
I 11
P 0x7f9487113718
C 154
= 0x7f948b0b7058
R
P 0x7f94870ee408
C 361
R
P 0x7f94870ee408
P 0x7f948b0b7058
C 274
R
P 0x7f94870ee408
C 361
R
P 0x7f94870ee408
P 0x7f948b0b7058
C 271
= 0x7f9487113718
R
P 0x7f94870ee408
C 361
R
P 0x7f94870ee408
P 0x7f9487113718
C 226
R
P 0x7f94870ee408
C 361
R
P 0x7f94870ee408
P 0x7f948b0b7058
C 277
R
P 0x7f94870ee408
C 361
R
P 0x7f94870ee408
P 0x7f948b0b7058
C 276
R
P 0x7f94870ee408
C 361
R
P 0x7f94870ee408
P 0x7f948b0b7058
C 275
R
P 0x7f94870ee408
C 361
R
P 0x7f94870ee408
P 0x7f948b0b7058
C 9
R
P 0x7f94870ee408
C 361
R
P 0x7f94870ee408
P 0x7f94876f7298
P 0x7f948b0b7058
C 103
= 0x7f948bd3ca50
R
P 0x7f94870ee408
C 361
R
P 0x7f94870ee408
P 0x7f948bd3ca50
C 275
R
P 0x7f94870ee408
C 361
R
P 0x7f94870ee408
P 0x7f948bd3ca50
C 9
R
P 0x7f94870ee408
C 361
R
P 0x7f94870ee408
P 0x7f948e27d208
P 0x7f948bd3ca50
C 447
R
P 0x7f94870ee408
C 361
R
P 0x7f94870ee408
U 32
C 35
= 0x7f9487113718
R
P 0x7f94870ee408
C 361
R
P 0x7f94870ee408
P 0x7f9487113718
C 274
R
P 0x7f94870ee408
C 361
R
P 0x7f94870ee408
P 0x7f9487113718
C 9
R
P 0x7f94870ee408
C 361
R
P 0x7f94870ee408
I 22
P 0x7f9487113718
C 154
= 0x7f948b0b7158
R
P 0x7f94870ee408
C 361
R
P 0x7f94870ee408
P 0x7f948b0b7158
C 274
R
P 0x7f94870ee408
C 361
R
P 0x7f94870ee408
P 0x7f948b0b7158
C 271
= 0x7f9487113718
R
P 0x7f94870ee408
C 361
R
P 0x7f94870ee408
P 0x7f9487113718
C 226
R
P 0x7f94870ee408
C 361
R
P 0x7f94870ee408
P 0x7f948b0b7158
C 277
R
P 0x7f94870ee408
C 361
R
P 0x7f94870ee408
P 0x7f948b0b7158
C 276
R
P 0x7f94870ee408
C 361
R
P 0x7f94870ee408
P 0x7f948b0b7158
C 275
R
P 0x7f94870ee408
C 361
R
P 0x7f94870ee408
P 0x7f948b0b7158
C 9
R
P 0x7f94870ee408
C 361
R
P 0x7f94870ee408
P 0x7f94876f7298
P 0x7f948b0b7158
C 103
= 0x7f948bd38360
R
P 0x7f94870ee408
C 361
R
P 0x7f94870ee408
P 0x7f948bd38360
C 275
R
P 0x7f94870ee408
C 361
R
P 0x7f94870ee408
P 0x7f948bd38360
C 9
R
P 0x7f94870ee408
C 361
R
P 0x7f94870ee408
P 0x7f948e27d208
P 0x7f948bd38360
C 447
R
P 0x7f94870ee408
C 361
R
P 0x7f94870ee408
U 32
C 35
= 0x7f9487113718
R
P 0x7f94870ee408
C 361
R
P 0x7f94870ee408
P 0x7f9487113718
C 274
R
P 0x7f94870ee408
C 361
R
P 0x7f94870ee408
P 0x7f9487113718
C 9
R
P 0x7f94870ee408
C 361
R
P 0x7f94870ee408
I 1073741826
P 0x7f9487113718
C 154
= 0x7f948b0b7938
R
P 0x7f94870ee408
C 361
R
P 0x7f94870ee408
P 0x7f948b0b7938
C 274
R
P 0x7f94870ee408
C 361
R
P 0x7f94870ee408
P 0x7f948b0b7938
C 271
= 0x7f9487113718
R
P 0x7f94870ee408
C 361
R
P 0x7f94870ee408
P 0x7f9487113718
C 226
R
P 0x7f94870ee408
C 361
R
P 0x7f94870ee408
P 0x7f948b0b7938
C 277
R
P 0x7f94870ee408
C 361
R
P 0x7f94870ee408
P 0x7f948b0b7938
C 276
R
P 0x7f94870ee408
C 361
R
P 0x7f94870ee408
P 0x7f948b0b7938
C 275
R
P 0x7f94870ee408
C 361
R
P 0x7f94870ee408
P 0x7f948b0b7938
C 9
R
P 0x7f94870ee408
C 361
R
P 0x7f94870ee408
P 0x7f94876f7278
P 0x7f948b0b7938
C 103
= 0x7f948bd3dbd0
R
P 0x7f94870ee408
C 361
R
P 0x7f94870ee408
P 0x7f948bd3dbd0
C 275
R
P 0x7f94870ee408
C 361
R
P 0x7f94870ee408
P 0x7f948bd3dbd0
C 9
R
P 0x7f94870ee408
C 361
R
P 0x7f94870ee408
P 0x7f948e27d208
P 0x7f948bd3dbd0
C 447
R
P 0x7f94870ee408
C 361
R
P 0x7f94870ee408
U 32
C 35
= 0x7f9487113718
R
P 0x7f94870ee408
C 361
R
P 0x7f94870ee408
P 0x7f9487113718
C 274
R
P 0x7f94870ee408
C 361
R
P 0x7f94870ee408
P 0x7f9487113718
C 9
R
P 0x7f94870ee408
C 361
R
P 0x7f94870ee408
I 1073741840
P 0x7f9487113718
C 154
= 0x7f948b0b7278
R
P 0x7f94870ee408
C 361
R
P 0x7f94870ee408
P 0x7f948b0b7278
C 274
R
P 0x7f94870ee408
C 361
R
P 0x7f94870ee408
P 0x7f948b0b7278
C 271
= 0x7f9487113718
R
P 0x7f94870ee408
C 361
R
P 0x7f94870ee408
P 0x7f9487113718
C 226
R
P 0x7f94870ee408
C 361
R
P 0x7f94870ee408
P 0x7f948b0b7278
C 277
R
P 0x7f94870ee408
C 361
R
P 0x7f94870ee408
P 0x7f948b0b7278
C 276
R
P 0x7f94870ee408
C 361
R
P 0x7f94870ee408
P 0x7f948b0b7278
C 275
R
P 0x7f94870ee408
C 361
R
P 0x7f94870ee408
P 0x7f948b0b7278
C 9
R
P 0x7f94870ee408
C 361
R
P 0x7f94870ee408
P 0x7f94876f1198
P 0x7f948b0b7278
C 103
= 0x7f948bd3ccb8
R
P 0x7f94870ee408
C 361
R
P 0x7f94870ee408
P 0x7f948bd3ccb8
C 275
R
P 0x7f94870ee408
C 361
R
P 0x7f94870ee408
P 0x7f948bd3ccb8
C 9
R
P 0x7f94870ee408
C 361
R
P 0x7f94870ee408
P 0x7f948e27d208
P 0x7f948bd3ccb8
C 447
R
P 0x7f94870ee408
C 361
R
P 0x7f94870ee408
P 0x7f948e27d208
C 458
R
P 0x7f94870ee408
C 361
R
P 0x7f94870ee408
P 0x7f948e27d208
C 463
= 0x7f948e593c58
R
P 0x7f94870ee408
C 361
R
P 0x7f94870ee408
P 0x7f948e593c58
C 319
R
P 0x7f94870ee408
C 361
R
P 0x7f94870ee408
P 0x7f948e593c58
C 356
R
P 0x7f94870ee408
C 361
R
P 0x7f94870ee408
P 0x7f948e27d208
C 463
= 0x7f948e583c38
R
P 0x7f94870ee408
C 361
R
P 0x7f94870ee408
P 0x7f948e583c38
C 319
R
P 0x7f94870ee408
C 361
R
P 0x7f94870ee408
P 0x7f948e583c38
P 0x7f94876f7298
I 0
P 0x0
C 321
* 0x7f948b0b7098 4
R
P 0x7f94870ee408
C 361
R
P 0x7f94870ee408
P 0x7f948b0b7098
C 274
R
P 0x7f94870ee408
C 361
R
P 0x7f94870ee408
P 0x7f948b0b7098
C 271
= 0x7f9487113718
R
P 0x7f94870ee408
C 361
R
P 0x7f94870ee408
P 0x7f9487113718
C 226
R
P 0x7f94870ee408
C 361
R
P 0x7f94870ee408
P 0x7f948b0b7098
C 277
R
P 0x7f94870ee408
C 361
R
P 0x7f94870ee408
P 0x7f948b0b7098
C 276
R
P 0x7f94870ee408
C 361
R
P 0x7f94870ee408
P 0x7f948b0b7098
C 275
R
P 0x7f94870ee408
C 361
R
P 0x7f94870ee408
P 0x7f948b0b7098
C 9
R
P 0x7f94870ee408
C 361
R
P 0x7f94870ee408
P 0x7f948b0b7098
I 0
C 287
R
P 0x7f94870ee408
C 361
R
P 0x7f94870ee408
P 0x7f948e27d208
C 463
= 0x7f948e58c618
R
P 0x7f94870ee408
C 361
R
P 0x7f94870ee408
P 0x7f948e58c618
C 319
R
P 0x7f94870ee408
C 361
R
P 0x7f94870ee408
P 0x7f948e58c618
P 0x7f94876f7278
I 0
P 0x0
C 321
* 0x7f948b0b7938 4
R
P 0x7f94870ee408
C 361
R
P 0x7f94870ee408
P 0x7f948b0b7938
C 274
R
P 0x7f94870ee408
C 361
R
P 0x7f94870ee408
P 0x7f948b0b7938
C 271
= 0x7f9487113718
R
P 0x7f94870ee408
C 361
R
P 0x7f94870ee408
P 0x7f9487113718
C 226
R
P 0x7f94870ee408
C 361
R
P 0x7f94870ee408
P 0x7f948b0b7938
C 277
R
P 0x7f94870ee408
C 361
R
P 0x7f94870ee408
P 0x7f948b0b7938
C 276
R
P 0x7f94870ee408
C 361
R
P 0x7f94870ee408
P 0x7f948b0b7938
C 275
R
P 0x7f94870ee408
C 361
R
P 0x7f94870ee408
P 0x7f948b0b7938
C 9
R
P 0x7f94870ee408
C 361
R
P 0x7f94870ee408
P 0x7f948b0b7938
I 0
C 287
R
P 0x7f94870ee408
C 361
R
P 0x7f94870ee408
P 0x7f948e27d208
C 463
= 0x7f948e587ea8
R
P 0x7f94870ee408
C 361
R
P 0x7f94870ee408
P 0x7f948e587ea8
C 319
R
P 0x7f94870ee408
C 361
R
P 0x7f94870ee408
P 0x7f948e587ea8
P 0x7f94876f1198
I 0
P 0x0
C 321
* 0x7f948b0b70b8 4
R
P 0x7f94870ee408
C 361
R
P 0x7f94870ee408
P 0x7f948b0b70b8
C 274
R
P 0x7f94870ee408
C 361
R
P 0x7f94870ee408
P 0x7f948b0b70b8
C 271
= 0x7f9487113718
R
P 0x7f94870ee408
C 361
R
P 0x7f94870ee408
P 0x7f9487113718
C 226
R
P 0x7f94870ee408
C 361
R
P 0x7f94870ee408
P 0x7f948b0b70b8
C 277
R
P 0x7f94870ee408
C 361
R
P 0x7f94870ee408
P 0x7f948b0b70b8
C 276
R
P 0x7f94870ee408
C 361
R
P 0x7f94870ee408
P 0x7f948b0b70b8
C 275
R
P 0x7f94870ee408
C 361
R
P 0x7f94870ee408
P 0x7f948b0b70b8
C 9
R
P 0x7f94870ee408
C 361
R
P 0x7f94870ee408
P 0x7f948b0b70b8
I 0
C 287
R
P 0x7f94870ee408
C 361
R
P 0x7f94870ee408
U 32
C 35
= 0x7f9487113718
R
P 0x7f94870ee408
C 361
R
P 0x7f94870ee408
P 0x7f9487113718
C 274
R
P 0x7f94870ee408
C 361
R
P 0x7f94870ee408
P 0x7f9487113718
C 9
R
P 0x7f94870ee408
C 361
R
P 0x7f94870ee408
I 3
P 0x7f9487113718
C 154
= 0x7f948b0b6fb8
R
P 0x7f94870ee408
C 361
R
P 0x7f94870ee408
P 0x7f948b0b6fb8
C 274
R
P 0x7f94870ee408
C 361
R
P 0x7f94870ee408
P 0x7f948b0b6fb8
C 271
= 0x7f9487113718
R
P 0x7f94870ee408
C 361
R
P 0x7f94870ee408
P 0x7f9487113718
C 226
R
P 0x7f94870ee408
C 361
R
P 0x7f94870ee408
P 0x7f948b0b6fb8
C 277
R
P 0x7f94870ee408
C 361
R
P 0x7f94870ee408
P 0x7f948b0b6fb8
C 276
R
P 0x7f94870ee408
C 361
R
P 0x7f94870ee408
P 0x7f948b0b6fb8
C 275
R
P 0x7f94870ee408
C 361
R
P 0x7f94870ee408
P 0x7f948b0b6fb8
C 9
R
P 0x7f94870ee408
C 361
R
P 0x7f94870ee408
P 0x7f94876f7298
P 0x7f948b0b6fb8
C 103
= 0x7f948bd381d8
R
P 0x7f94870ee408
C 361
R
P 0x7f94870ee408
P 0x7f948bd381d8
C 275
R
P 0x7f94870ee408
C 361
R
P 0x7f94870ee408
P 0x7f948bd381d8
C 9
R
P 0x7f94870ee408
C 361
R
P 0x7f94870ee408
P 0x7f948e27d208
P 0x7f948bd381d8
C 447
R
P 0x7f94870ee408
C 361
R
P 0x7f94870ee408
U 32
C 35
= 0x7f9487113718
R
P 0x7f94870ee408
C 361
R
P 0x7f94870ee408
P 0x7f9487113718
C 274
R
P 0x7f94870ee408
C 361
R
P 0x7f94870ee408
P 0x7f9487113718
C 9
R
P 0x7f94870ee408
C 361
R
P 0x7f94870ee408
I 7
P 0x7f9487113718
C 154
= 0x7f948b0b7098
R
P 0x7f94870ee408
C 361
R
P 0x7f94870ee408
P 0x7f948b0b7098
C 274
R
P 0x7f94870ee408
C 361
R
P 0x7f94870ee408
P 0x7f948b0b7098
C 271
= 0x7f9487113718
R
P 0x7f94870ee408
C 361
R
P 0x7f94870ee408
P 0x7f9487113718
C 226
R
P 0x7f94870ee408
C 361
R
P 0x7f94870ee408
P 0x7f948b0b7098
C 277
R
P 0x7f94870ee408
C 361
R
P 0x7f94870ee408
P 0x7f948b0b7098
C 276
R
P 0x7f94870ee408
C 361
R
P 0x7f94870ee408
P 0x7f948b0b7098
C 275
R
P 0x7f94870ee408
C 361
R
P 0x7f94870ee408
P 0x7f948b0b7098
C 9
R
P 0x7f94870ee408
C 361
R
P 0x7f94870ee408
P 0x7f94876f7298
P 0x7f948b0b7098
C 103
= 0x7f948bd381a0
R
P 0x7f94870ee408
C 361
R
P 0x7f94870ee408
P 0x7f948bd381a0
C 275
R
P 0x7f94870ee408
C 361
R
P 0x7f94870ee408
P 0x7f948bd381a0
C 9
R
P 0x7f94870ee408
C 361
R
P 0x7f94870ee408
P 0x7f948e27d208
P 0x7f948bd381a0
C 447
R
P 0x7f94870ee408
C 361
R
P 0x7f94870ee408
U 32
C 35
= 0x7f9487113718
R
P 0x7f94870ee408
C 361
R
P 0x7f94870ee408
P 0x7f9487113718
C 274
R
P 0x7f94870ee408
C 361
R
P 0x7f94870ee408
P 0x7f9487113718
C 9
R
P 0x7f94870ee408
C 361
R
P 0x7f94870ee408
I 1073741826
P 0x7f9487113718
C 154
= 0x7f948b0b7938
R
P 0x7f94870ee408
C 361
R
P 0x7f94870ee408
P 0x7f948b0b7938
C 274
R
P 0x7f94870ee408
C 361
R
P 0x7f94870ee408
P 0x7f948b0b7938
C 271
= 0x7f9487113718
R
P 0x7f94870ee408
C 361
R
P 0x7f94870ee408
P 0x7f9487113718
C 226
R
P 0x7f94870ee408
C 361
R
P 0x7f94870ee408
P 0x7f948b0b7938
C 277
R
P 0x7f94870ee408
C 361
R
P 0x7f94870ee408
P 0x7f948b0b7938
C 276
R
P 0x7f94870ee408
C 361
R
P 0x7f94870ee408
P 0x7f948b0b7938
C 275
R
P 0x7f94870ee408
C 361
R
P 0x7f94870ee408
P 0x7f948b0b7938
C 9
R
P 0x7f94870ee408
C 361
R
P 0x7f94870ee408
P 0x7f94876f7278
P 0x7f948b0b7938
C 103
= 0x7f948bd3dbd0
R
P 0x7f94870ee408
C 361
R
P 0x7f94870ee408
P 0x7f948bd3dbd0
C 275
R
P 0x7f94870ee408
C 361
R
P 0x7f94870ee408
P 0x7f948bd3dbd0
C 9
R
P 0x7f94870ee408
C 361
R
P 0x7f94870ee408
P 0x7f948e27d208
P 0x7f948bd3dbd0
C 447
R
P 0x7f94870ee408
C 361
R
P 0x7f94870ee408
U 32
C 35
= 0x7f9487113718
R
P 0x7f94870ee408
C 361
R
P 0x7f94870ee408
P 0x7f9487113718
C 274
R
P 0x7f94870ee408
C 361
R
P 0x7f94870ee408
P 0x7f9487113718
C 9
R
P 0x7f94870ee408
C 361
R
P 0x7f94870ee408
I 1073741824
P 0x7f9487113718
C 154
= 0x7f948b0b70b8
R
P 0x7f94870ee408
C 361
R
P 0x7f94870ee408
P 0x7f948b0b70b8
C 274
R
P 0x7f94870ee408
C 361
R
P 0x7f94870ee408
P 0x7f948b0b70b8
C 271
= 0x7f9487113718
R
P 0x7f94870ee408
C 361
R
P 0x7f94870ee408
P 0x7f9487113718
C 226
R
P 0x7f94870ee408
C 361
R
P 0x7f94870ee408
P 0x7f948b0b70b8
C 277
R
P 0x7f94870ee408
C 361
R
P 0x7f94870ee408
P 0x7f948b0b70b8
C 276
R
P 0x7f94870ee408
C 361
R
P 0x7f94870ee408
P 0x7f948b0b70b8
C 275
R
P 0x7f94870ee408
C 361
R
P 0x7f94870ee408
P 0x7f948b0b70b8
C 9
R
P 0x7f94870ee408
C 361
R
P 0x7f94870ee408
P 0x7f94876f1198
P 0x7f948b0b70b8
C 103
= 0x7f948bd37fe0
R
P 0x7f94870ee408
C 361
R
P 0x7f94870ee408
P 0x7f948bd37fe0
C 275
R
P 0x7f94870ee408
C 361
R
P 0x7f94870ee408
P 0x7f948bd37fe0
C 9
R
P 0x7f94870ee408
C 361
R
P 0x7f94870ee408
P 0x7f948e27d208
P 0x7f948bd37fe0
C 447
R
P 0x7f94870ee408
C 361
R
P 0x7f94870ee408
P 0x7f948e27d208
C 458
R
P 0x7f94870ee408
C 361
R
P 0x7f94870ee408
P 0x7f948e27d208
C 463
= 0x7f948e595f18
R
P 0x7f94870ee408
C 361
R
P 0x7f94870ee408
P 0x7f948e595f18
C 319
R
P 0x7f94870ee408
C 361
R
P 0x7f94870ee408
P 0x7f948e595f18
C 356
R
P 0x7f94870ee408
C 361
R
P 0x7f94870ee408
P 0x7f948e27d208
C 463
= 0x7f948e591498
R
P 0x7f94870ee408
C 361
R
P 0x7f94870ee408
P 0x7f948e591498
C 319
R
P 0x7f94870ee408
C 361
R
P 0x7f94870ee408
P 0x7f948e591498
P 0x7f94876f7298
I 0
P 0x0
C 321
* 0x7f948b0b6fb8 4
R
P 0x7f94870ee408
C 361
R
P 0x7f94870ee408
P 0x7f948b0b6fb8
C 274
R
P 0x7f94870ee408
C 361
R
P 0x7f94870ee408
P 0x7f948b0b6fb8
C 271
= 0x7f9487113718
R
P 0x7f94870ee408
C 361
R
P 0x7f94870ee408
P 0x7f9487113718
C 226
R
P 0x7f94870ee408
C 361
R
P 0x7f94870ee408
P 0x7f948b0b6fb8
C 277
R
P 0x7f94870ee408
C 361
R
P 0x7f94870ee408
P 0x7f948b0b6fb8
C 276
R
P 0x7f94870ee408
C 361
R
P 0x7f94870ee408
P 0x7f948b0b6fb8
C 275
R
P 0x7f94870ee408
C 361
R
P 0x7f94870ee408
P 0x7f948b0b6fb8
C 9
R
P 0x7f94870ee408
C 361
R
P 0x7f94870ee408
P 0x7f948b0b6fb8
I 0
C 287
R
P 0x7f94870ee408
C 361
R
P 0x7f94870ee408
P 0x7f948e27d208
C 463
= 0x7f948e1ad108
R
P 0x7f94870ee408
C 361
R
P 0x7f94870ee408
P 0x7f948e1ad108
C 319
R
P 0x7f94870ee408
C 361
R
P 0x7f94870ee408
P 0x7f948e1ad108
P 0x7f94876f7278
I 0
P 0x0
C 321
* 0x7f948b0b7938 4
R
P 0x7f94870ee408
C 361
R
P 0x7f94870ee408
P 0x7f948b0b7938
C 274
R
P 0x7f94870ee408
C 361
R
P 0x7f94870ee408
P 0x7f948b0b7938
C 271
= 0x7f9487113718
R
P 0x7f94870ee408
C 361
R
P 0x7f94870ee408
P 0x7f9487113718
C 226
R
P 0x7f94870ee408
C 361
R
P 0x7f94870ee408
P 0x7f948b0b7938
C 277
R
P 0x7f94870ee408
C 361
R
P 0x7f94870ee408
P 0x7f948b0b7938
C 276
R
P 0x7f94870ee408
C 361
R
P 0x7f94870ee408
P 0x7f948b0b7938
C 275
R
P 0x7f94870ee408
C 361
R
P 0x7f94870ee408
P 0x7f948b0b7938
C 9
R
P 0x7f94870ee408
C 361
R
P 0x7f94870ee408
P 0x7f948b0b7938
I 0
C 287
R
P 0x7f94870ee408
C 361
R
P 0x7f94870ee408
P 0x7f948e27d208
C 463
= 0x7f948e58d028
R
P 0x7f94870ee408
C 361
R
P 0x7f94870ee408
P 0x7f948e58d028
C 319
R
P 0x7f94870ee408
C 361
R
P 0x7f94870ee408
P 0x7f948e58d028
P 0x7f94876f1198
I 0
P 0x0
C 321
* 0x7f948b0b70b8 4
R
P 0x7f94870ee408
C 361
R
P 0x7f94870ee408
P 0x7f948b0b70b8
C 274
R
P 0x7f94870ee408
C 361
R
P 0x7f94870ee408
P 0x7f948b0b70b8
C 271
= 0x7f9487113718
R
P 0x7f94870ee408
C 361
R
P 0x7f94870ee408
P 0x7f9487113718
C 226
R
P 0x7f94870ee408
C 361
R
P 0x7f94870ee408
P 0x7f948b0b70b8
C 277
R
P 0x7f94870ee408
C 361
R
P 0x7f94870ee408
P 0x7f948b0b70b8
C 276
R
P 0x7f94870ee408
C 361
R
P 0x7f94870ee408
P 0x7f948b0b70b8
C 275
R
P 0x7f94870ee408
C 361
R
P 0x7f94870ee408
P 0x7f948b0b70b8
C 9
R
P 0x7f94870ee408
C 361
R
P 0x7f94870ee408
P 0x7f948b0b70b8
I 0
C 287
R
P 0x7f94870ee408
C 361
R
P 0x7f94870ee408
U 32
C 35
= 0x7f9487113718
R
P 0x7f94870ee408
C 361
R
P 0x7f94870ee408
P 0x7f9487113718
C 274
R
P 0x7f94870ee408
C 361
R
P 0x7f94870ee408
P 0x7f9487113718
C 9
R
P 0x7f94870ee408
C 361
R
P 0x7f94870ee408
I 1
P 0x7f9487113718
C 154
= 0x7f94871140b8
R
P 0x7f94870ee408
C 361
R
P 0x7f94870ee408
P 0x7f94871140b8
C 274
R
P 0x7f94870ee408
C 361
R
P 0x7f94870ee408
P 0x7f94871140b8
C 271
= 0x7f9487113718
R
P 0x7f94870ee408
C 361
R
P 0x7f94870ee408
P 0x7f9487113718
C 226
R
P 0x7f94870ee408
C 361
R
P 0x7f94870ee408
P 0x7f94871140b8
C 277
R
P 0x7f94870ee408
C 361
R
P 0x7f94870ee408
P 0x7f94871140b8
C 276
R
P 0x7f94870ee408
C 361
R
P 0x7f94870ee408
P 0x7f94871140b8
C 275
R
P 0x7f94870ee408
C 361
R
P 0x7f94870ee408
P 0x7f94871140b8
C 9
R
P 0x7f94870ee408
C 361
R
P 0x7f94870ee408
P 0x7f94876f7298
P 0x7f94871140b8
C 103
= 0x7f948bd38398
R
P 0x7f94870ee408
C 361
R
P 0x7f94870ee408
P 0x7f948bd38398
C 275
R
P 0x7f94870ee408
C 361
R
P 0x7f94870ee408
P 0x7f948bd38398
C 9
R
P 0x7f94870ee408
C 361
R
P 0x7f94870ee408
P 0x7f948e27d208
P 0x7f948bd38398
C 447
R
P 0x7f94870ee408
C 361
R
P 0x7f94870ee408
U 32
C 35
= 0x7f9487113718
R
P 0x7f94870ee408
C 361
R
P 0x7f94870ee408
P 0x7f9487113718
C 274
R
P 0x7f94870ee408
C 361
R
P 0x7f94870ee408
P 0x7f9487113718
C 9
R
P 0x7f94870ee408
C 361
R
P 0x7f94870ee408
I 3
P 0x7f9487113718
C 154
= 0x7f948b0b6fb8
R
P 0x7f94870ee408
C 361
R
P 0x7f94870ee408
P 0x7f948b0b6fb8
C 274
R
P 0x7f94870ee408
C 361
R
P 0x7f94870ee408
P 0x7f948b0b6fb8
C 271
= 0x7f9487113718
R
P 0x7f94870ee408
C 361
R
P 0x7f94870ee408
P 0x7f9487113718
C 226
R
P 0x7f94870ee408
C 361
R
P 0x7f94870ee408
P 0x7f948b0b6fb8
C 277
R
P 0x7f94870ee408
C 361
R
P 0x7f94870ee408
P 0x7f948b0b6fb8
C 276
R
P 0x7f94870ee408
C 361
R
P 0x7f94870ee408
P 0x7f948b0b6fb8
C 275
R
P 0x7f94870ee408
C 361
R
P 0x7f94870ee408
P 0x7f948b0b6fb8
C 9
R
P 0x7f94870ee408
C 361
R
P 0x7f94870ee408
P 0x7f94876f7298
P 0x7f948b0b6fb8
C 103
= 0x7f948bd381d8
R
P 0x7f94870ee408
C 361
R
P 0x7f94870ee408
P 0x7f948bd381d8
C 275
R
P 0x7f94870ee408
C 361
R
P 0x7f94870ee408
P 0x7f948bd381d8
C 9
R
P 0x7f94870ee408
C 361
R
P 0x7f94870ee408
P 0x7f948e27d208
P 0x7f948bd381d8
C 447
R
P 0x7f94870ee408
C 361
R
P 0x7f94870ee408
U 32
C 35
= 0x7f9487113718
R
P 0x7f94870ee408
C 361
R
P 0x7f94870ee408
P 0x7f9487113718
C 274
R
P 0x7f94870ee408
C 361
R
P 0x7f94870ee408
P 0x7f9487113718
C 9
R
P 0x7f94870ee408
C 361
R
P 0x7f94870ee408
I 1073741826
P 0x7f9487113718
C 154
= 0x7f948b0b7938
R
P 0x7f94870ee408
C 361
R
P 0x7f94870ee408
P 0x7f948b0b7938
C 274
R
P 0x7f94870ee408
C 361
R
P 0x7f94870ee408
P 0x7f948b0b7938
C 271
= 0x7f9487113718
R
P 0x7f94870ee408
C 361
R
P 0x7f94870ee408
P 0x7f9487113718
C 226
R
P 0x7f94870ee408
C 361
R
P 0x7f94870ee408
P 0x7f948b0b7938
C 277
R
P 0x7f94870ee408
C 361
R
P 0x7f94870ee408
P 0x7f948b0b7938
C 276
R
P 0x7f94870ee408
C 361
R
P 0x7f94870ee408
P 0x7f948b0b7938
C 275
R
P 0x7f94870ee408
C 361
R
P 0x7f94870ee408
P 0x7f948b0b7938
C 9
R
P 0x7f94870ee408
C 361
R
P 0x7f94870ee408
P 0x7f94876f7278
P 0x7f948b0b7938
C 103
= 0x7f948bd3dbd0
R
P 0x7f94870ee408
C 361
R
P 0x7f94870ee408
P 0x7f948bd3dbd0
C 275
R
P 0x7f94870ee408
C 361
R
P 0x7f94870ee408
P 0x7f948bd3dbd0
C 9
R
P 0x7f94870ee408
C 361
R
P 0x7f94870ee408
P 0x7f948e27d208
P 0x7f948bd3dbd0
C 447
R
P 0x7f94870ee408
C 361
R
P 0x7f94870ee408
U 32
C 35
= 0x7f9487113718
R
P 0x7f94870ee408
C 361
R
P 0x7f94870ee408
P 0x7f9487113718
C 274
R
P 0x7f94870ee408
C 361
R
P 0x7f94870ee408
P 0x7f9487113718
C 9
R
P 0x7f94870ee408
C 361
R
P 0x7f94870ee408
I 1073741824
P 0x7f9487113718
C 154
= 0x7f948b0b70b8
R
P 0x7f94870ee408
C 361
R
P 0x7f94870ee408
P 0x7f948b0b70b8
C 274
R
P 0x7f94870ee408
C 361
R
P 0x7f94870ee408
P 0x7f948b0b70b8
C 271
= 0x7f9487113718
R
P 0x7f94870ee408
C 361
R
P 0x7f94870ee408
P 0x7f9487113718
C 226
R
P 0x7f94870ee408
C 361
R
P 0x7f94870ee408
P 0x7f948b0b70b8
C 277
R
P 0x7f94870ee408
C 361
R
P 0x7f94870ee408
P 0x7f948b0b70b8
C 276
R
P 0x7f94870ee408
C 361
R
P 0x7f94870ee408
P 0x7f948b0b70b8
C 275
R
P 0x7f94870ee408
C 361
R
P 0x7f94870ee408
P 0x7f948b0b70b8
C 9
R
P 0x7f94870ee408
C 361
R
P 0x7f94870ee408
P 0x7f94876f1198
P 0x7f948b0b70b8
C 103
= 0x7f948bd37fe0
R
P 0x7f94870ee408
C 361
R
P 0x7f94870ee408
P 0x7f948bd37fe0
C 275
R
P 0x7f94870ee408
C 361
R
P 0x7f94870ee408
P 0x7f948bd37fe0
C 9
R
P 0x7f94870ee408
C 361
R
P 0x7f94870ee408
P 0x7f948e27d208
P 0x7f948bd37fe0
C 447
R
P 0x7f94870ee408
C 361
R
P 0x7f94870ee408
P 0x7f948e27d208
C 458
R
P 0x7f94870ee408
C 361
R
P 0x7f94870ee408
P 0x7f948e27d208
C 463
= 0x7f948e598ec8
R
P 0x7f94870ee408
C 361
R
P 0x7f94870ee408
P 0x7f948e598ec8
C 319
R
P 0x7f94870ee408
C 361
R
P 0x7f94870ee408
P 0x7f948e598ec8
C 356
R
P 0x7f94870ee408
C 361
R
P 0x7f94870ee408
P 0x7f948e27d208
C 463
= 0x7f948e57c1d8
R
P 0x7f94870ee408
C 361
R
P 0x7f94870ee408
P 0x7f948e57c1d8
C 319
R
P 0x7f94870ee408
C 361
R
P 0x7f94870ee408
P 0x7f948e57c1d8
P 0x7f94876f7298
I 0
P 0x0
C 321
* 0x7f94871140b8 4
R
P 0x7f94870ee408
C 361
R
P 0x7f94870ee408
P 0x7f94871140b8
C 274
R
P 0x7f94870ee408
C 361
R
P 0x7f94870ee408
P 0x7f94871140b8
C 271
= 0x7f9487113718
R
P 0x7f94870ee408
C 361
R
P 0x7f94870ee408
P 0x7f9487113718
C 226
R
P 0x7f94870ee408
C 361
R
P 0x7f94870ee408
P 0x7f94871140b8
C 277
R
P 0x7f94870ee408
C 361
R
P 0x7f94870ee408
P 0x7f94871140b8
C 276
R
P 0x7f94870ee408
C 361
R
P 0x7f94870ee408
P 0x7f94871140b8
C 275
R
P 0x7f94870ee408
C 361
R
P 0x7f94870ee408
P 0x7f94871140b8
C 9
R
P 0x7f94870ee408
C 361
R
P 0x7f94870ee408
P 0x7f94871140b8
I 0
C 287
R
P 0x7f94870ee408
C 361
R
P 0x7f94870ee408
P 0x7f948e27d208
C 463
= 0x7f948e583cf8
R
P 0x7f94870ee408
C 361
R
P 0x7f94870ee408
P 0x7f948e583cf8
C 319
R
P 0x7f94870ee408
C 361
R
P 0x7f94870ee408
P 0x7f948e583cf8
P 0x7f94876f7278
I 0
P 0x0
C 321
* 0x7f948b0b7938 4
R
P 0x7f94870ee408
C 361
R
P 0x7f94870ee408
P 0x7f948b0b7938
C 274
R
P 0x7f94870ee408
C 361
R
P 0x7f94870ee408
P 0x7f948b0b7938
C 271
= 0x7f9487113718
R
P 0x7f94870ee408
C 361
R
P 0x7f94870ee408
P 0x7f9487113718
C 226
R
P 0x7f94870ee408
C 361
R
P 0x7f94870ee408
P 0x7f948b0b7938
C 277
R
P 0x7f94870ee408
C 361
R
P 0x7f94870ee408
P 0x7f948b0b7938
C 276
R
P 0x7f94870ee408
C 361
R
P 0x7f94870ee408
P 0x7f948b0b7938
C 275
R
P 0x7f94870ee408
C 361
R
P 0x7f94870ee408
P 0x7f948b0b7938
C 9
R
P 0x7f94870ee408
C 361
R
P 0x7f94870ee408
P 0x7f948b0b7938
I 0
C 287
R
P 0x7f94870ee408
C 361
R
P 0x7f94870ee408
P 0x7f948e27d208
C 463
= 0x7f948e595ab8
R
P 0x7f94870ee408
C 361
R
P 0x7f94870ee408
P 0x7f948e595ab8
C 319
R
P 0x7f94870ee408
C 361
R
P 0x7f94870ee408
P 0x7f948e595ab8
P 0x7f94876f1198
I 0
P 0x0
C 321
* 0x7f948b0b70b8 4
R
P 0x7f94870ee408
C 361
R
P 0x7f94870ee408
P 0x7f948b0b70b8
C 274
R
P 0x7f94870ee408
C 361
R
P 0x7f94870ee408
P 0x7f948b0b70b8
C 271
= 0x7f9487113718
R
P 0x7f94870ee408
C 361
R
P 0x7f94870ee408
P 0x7f9487113718
C 226
R
P 0x7f94870ee408
C 361
R
P 0x7f94870ee408
P 0x7f948b0b70b8
C 277
R
P 0x7f94870ee408
C 361
R
P 0x7f94870ee408
P 0x7f948b0b70b8
C 276
R
P 0x7f94870ee408
C 361
R
P 0x7f94870ee408
P 0x7f948b0b70b8
C 275
R
P 0x7f94870ee408
C 361
R
P 0x7f94870ee408
P 0x7f948b0b70b8
C 9
R
P 0x7f94870ee408
C 361
R
P 0x7f94870ee408
P 0x7f948b0b70b8
I 0
C 287
R
P 0x7f94870ee408
C 361
R
P 0x7f94870ee408
U 32
C 35
= 0x7f9487113718
R
P 0x7f94870ee408
C 361
R
P 0x7f94870ee408
P 0x7f9487113718
C 274
R
P 0x7f94870ee408
C 361
R
P 0x7f94870ee408
P 0x7f9487113718
C 9
R
P 0x7f94870ee408
C 361
R
P 0x7f94870ee408
I 0
P 0x7f9487113718
C 154
= 0x7f94876f7258
R
P 0x7f94870ee408
C 361
R
P 0x7f94870ee408
P 0x7f94876f7258
C 274
R
P 0x7f94870ee408
C 361
R
P 0x7f94870ee408
P 0x7f94876f7258
C 271
= 0x7f9487113718
R
P 0x7f94870ee408
C 361
R
P 0x7f94870ee408
P 0x7f9487113718
C 226
R
P 0x7f94870ee408
C 361
R
P 0x7f94870ee408
P 0x7f94876f7258
C 277
R
P 0x7f94870ee408
C 361
R
P 0x7f94870ee408
P 0x7f94876f7258
C 276
R
P 0x7f94870ee408
C 361
R
P 0x7f94870ee408
P 0x7f94876f7258
C 275
R
P 0x7f94870ee408
C 361
R
P 0x7f94870ee408
P 0x7f94876f7258
C 9
R
P 0x7f94870ee408
C 361
R
P 0x7f94870ee408
P 0x7f94876f7298
P 0x7f94876f7258
C 103
= 0x7f948bd37e90
R
P 0x7f94870ee408
C 361
R
P 0x7f94870ee408
P 0x7f948bd37e90
C 275
R
P 0x7f94870ee408
C 361
R
P 0x7f94870ee408
P 0x7f948bd37e90
C 9
R
P 0x7f94870ee408
C 361
R
P 0x7f94870ee408
P 0x7f948e27d208
P 0x7f948bd37e90
C 447
R
P 0x7f94870ee408
C 361
R
P 0x7f94870ee408
U 32
C 35
= 0x7f9487113718
R
P 0x7f94870ee408
C 361
R
P 0x7f94870ee408
P 0x7f9487113718
C 274
R
P 0x7f94870ee408
C 361
R
P 0x7f94870ee408
P 0x7f9487113718
C 9
R
P 0x7f94870ee408
C 361
R
P 0x7f94870ee408
I 1
P 0x7f9487113718
C 154
= 0x7f94871140b8
R
P 0x7f94870ee408
C 361
R
P 0x7f94870ee408
P 0x7f94871140b8
C 274
R
P 0x7f94870ee408
C 361
R
P 0x7f94870ee408
P 0x7f94871140b8
C 271
= 0x7f9487113718
R
P 0x7f94870ee408
C 361
R
P 0x7f94870ee408
P 0x7f9487113718
C 226
R
P 0x7f94870ee408
C 361
R
P 0x7f94870ee408
P 0x7f94871140b8
C 277
R
P 0x7f94870ee408
C 361
R
P 0x7f94870ee408
P 0x7f94871140b8
C 276
R
P 0x7f94870ee408
C 361
R
P 0x7f94870ee408
P 0x7f94871140b8
C 275
R
P 0x7f94870ee408
C 361
R
P 0x7f94870ee408
P 0x7f94871140b8
C 9
R
P 0x7f94870ee408
C 361
R
P 0x7f94870ee408
P 0x7f94876f7298
P 0x7f94871140b8
C 103
= 0x7f948bd38398
R
P 0x7f94870ee408
C 361
R
P 0x7f94870ee408
P 0x7f948bd38398
C 275
R
P 0x7f94870ee408
C 361
R
P 0x7f94870ee408
P 0x7f948bd38398
C 9
R
P 0x7f94870ee408
C 361
R
P 0x7f94870ee408
P 0x7f948e27d208
P 0x7f948bd38398
C 447
R
P 0x7f94870ee408
C 361
R
P 0x7f94870ee408
U 32
C 35
= 0x7f9487113718
R
P 0x7f94870ee408
C 361
R
P 0x7f94870ee408
P 0x7f9487113718
C 274
R
P 0x7f94870ee408
C 361
R
P 0x7f94870ee408
P 0x7f9487113718
C 9
R
P 0x7f94870ee408
C 361
R
P 0x7f94870ee408
I 1073741826
P 0x7f9487113718
C 154
= 0x7f948b0b7938
R
P 0x7f94870ee408
C 361
R
P 0x7f94870ee408
P 0x7f948b0b7938
C 274
R
P 0x7f94870ee408
C 361
R
P 0x7f94870ee408
P 0x7f948b0b7938
C 271
= 0x7f9487113718
R
P 0x7f94870ee408
C 361
R
P 0x7f94870ee408
P 0x7f9487113718
C 226
R
P 0x7f94870ee408
C 361
R
P 0x7f94870ee408
P 0x7f948b0b7938
C 277
R
P 0x7f94870ee408
C 361
R
P 0x7f94870ee408
P 0x7f948b0b7938
C 276
R
P 0x7f94870ee408
C 361
R
P 0x7f94870ee408
P 0x7f948b0b7938
C 275
R
P 0x7f94870ee408
C 361
R
P 0x7f94870ee408
P 0x7f948b0b7938
C 9
R
P 0x7f94870ee408
C 361
R
P 0x7f94870ee408
P 0x7f94876f7278
P 0x7f948b0b7938
C 103
= 0x7f948bd3dbd0
R
P 0x7f94870ee408
C 361
R
P 0x7f94870ee408
P 0x7f948bd3dbd0
C 275
R
P 0x7f94870ee408
C 361
R
P 0x7f94870ee408
P 0x7f948bd3dbd0
C 9
R
P 0x7f94870ee408
C 361
R
P 0x7f94870ee408
P 0x7f948e27d208
P 0x7f948bd3dbd0
C 447
R
P 0x7f94870ee408
C 361
R
P 0x7f94870ee408
U 32
C 35
= 0x7f9487113718
R
P 0x7f94870ee408
C 361
R
P 0x7f94870ee408
P 0x7f9487113718
C 274
R
P 0x7f94870ee408
C 361
R
P 0x7f94870ee408
P 0x7f9487113718
C 9
R
P 0x7f94870ee408
C 361
R
P 0x7f94870ee408
I 1073741824
P 0x7f9487113718
C 154
= 0x7f948b0b70b8
R
P 0x7f94870ee408
C 361
R
P 0x7f94870ee408
P 0x7f948b0b70b8
C 274
R
P 0x7f94870ee408
C 361
R
P 0x7f94870ee408
P 0x7f948b0b70b8
C 271
= 0x7f9487113718
R
P 0x7f94870ee408
C 361
R
P 0x7f94870ee408
P 0x7f9487113718
C 226
R
P 0x7f94870ee408
C 361
R
P 0x7f94870ee408
P 0x7f948b0b70b8
C 277
R
P 0x7f94870ee408
C 361
R
P 0x7f94870ee408
P 0x7f948b0b70b8
C 276
R
P 0x7f94870ee408
C 361
R
P 0x7f94870ee408
P 0x7f948b0b70b8
C 275
R
P 0x7f94870ee408
C 361
R
P 0x7f94870ee408
P 0x7f948b0b70b8
C 9
R
P 0x7f94870ee408
C 361
R
P 0x7f94870ee408
P 0x7f94876f1198
P 0x7f948b0b70b8
C 103
= 0x7f948bd37fe0
R
P 0x7f94870ee408
C 361
R
P 0x7f94870ee408
P 0x7f948bd37fe0
C 275
R
P 0x7f94870ee408
C 361
R
P 0x7f94870ee408
P 0x7f948bd37fe0
C 9
R
P 0x7f94870ee408
C 361
R
P 0x7f94870ee408
P 0x7f948e27d208
P 0x7f948bd37fe0
C 447
R
P 0x7f94870ee408
C 361
R
P 0x7f94870ee408
P 0x7f948e27d208
C 458
R
P 0x7f94870ee408
C 361
R
P 0x7f94870ee408
P 0x7f948e27d208
C 463
= 0x7f948e583d28
R
P 0x7f94870ee408
C 361
R
P 0x7f94870ee408
P 0x7f948e583d28
C 319
R
P 0x7f94870ee408
C 361
R
P 0x7f94870ee408
P 0x7f948e583d28
C 356
R
P 0x7f94870ee408
C 361
R
P 0x7f94870ee408
P 0x7f948e27d208
C 463
= 0x7f948e5937d8
R
P 0x7f94870ee408
C 361
R
P 0x7f94870ee408
P 0x7f948e5937d8
C 319
R
P 0x7f94870ee408
C 361
R
P 0x7f94870ee408
P 0x7f948e5937d8
P 0x7f94876f7298
I 0
P 0x0
C 321
* 0x7f94876f7258 4
R
P 0x7f94870ee408
C 361
R
P 0x7f94870ee408
P 0x7f94876f7258
C 274
R
P 0x7f94870ee408
C 361
R
P 0x7f94870ee408
P 0x7f94876f7258
C 271
= 0x7f9487113718
R
P 0x7f94870ee408
C 361
R
P 0x7f94870ee408
P 0x7f9487113718
C 226
R
P 0x7f94870ee408
C 361
R
P 0x7f94870ee408
P 0x7f94876f7258
C 277
R
P 0x7f94870ee408
C 361
R
P 0x7f94870ee408
P 0x7f94876f7258
C 276
R
P 0x7f94870ee408
C 361
R
P 0x7f94870ee408
P 0x7f94876f7258
C 275
R
P 0x7f94870ee408
C 361
R
P 0x7f94870ee408
P 0x7f94876f7258
C 9
R
P 0x7f94870ee408
C 361
R
P 0x7f94870ee408
P 0x7f94876f7258
I 0
C 287
R
P 0x7f94870ee408
C 361
R
P 0x7f94870ee408
P 0x7f948e27d208
C 463
= 0x7f948c1bc0a8
R
P 0x7f94870ee408
C 361
R
P 0x7f94870ee408
P 0x7f948c1bc0a8
C 319
R
P 0x7f94870ee408
C 361
R
P 0x7f94870ee408
P 0x7f948c1bc0a8
P 0x7f94876f7278
I 0
P 0x0
C 321
* 0x7f948b0b7938 4
R
P 0x7f94870ee408
C 361
R
P 0x7f94870ee408
P 0x7f948b0b7938
C 274
R
P 0x7f94870ee408
C 361
R
P 0x7f94870ee408
P 0x7f948b0b7938
C 271
= 0x7f9487113718
R
P 0x7f94870ee408
C 361
R
P 0x7f94870ee408
P 0x7f9487113718
C 226
R
P 0x7f94870ee408
C 361
R
P 0x7f94870ee408
P 0x7f948b0b7938
C 277
R
P 0x7f94870ee408
C 361
R
P 0x7f94870ee408
P 0x7f948b0b7938
C 276
R
P 0x7f94870ee408
C 361
R
P 0x7f94870ee408
P 0x7f948b0b7938
C 275
R
P 0x7f94870ee408
C 361
R
P 0x7f94870ee408
P 0x7f948b0b7938
C 9
R
P 0x7f94870ee408
C 361
R
P 0x7f94870ee408
P 0x7f948b0b7938
I 0
C 287
R
P 0x7f94870ee408
C 361
R
P 0x7f94870ee408
P 0x7f948e27d208
C 463
= 0x7f948c18b328
R
P 0x7f94870ee408
C 361
R
P 0x7f94870ee408
P 0x7f948c18b328
C 319
R
P 0x7f94870ee408
C 361
R
P 0x7f94870ee408
P 0x7f948c18b328
P 0x7f94876f1198
I 0
P 0x0
C 321
* 0x7f948b0b70b8 4
R
P 0x7f94870ee408
C 361
R
P 0x7f94870ee408
P 0x7f948b0b70b8
C 274
R
P 0x7f94870ee408
C 361
R
P 0x7f94870ee408
P 0x7f948b0b70b8
C 271
= 0x7f9487113718
R
P 0x7f94870ee408
C 361
R
P 0x7f94870ee408
P 0x7f9487113718
C 226
R
P 0x7f94870ee408
C 361
R
P 0x7f94870ee408
P 0x7f948b0b70b8
C 277
R
P 0x7f94870ee408
C 361
R
P 0x7f94870ee408
P 0x7f948b0b70b8
C 276
R
P 0x7f94870ee408
C 361
R
P 0x7f94870ee408
P 0x7f948b0b70b8
C 275
R
P 0x7f94870ee408
C 361
R
P 0x7f94870ee408
P 0x7f948b0b70b8
C 9
R
P 0x7f94870ee408
C 361
R
P 0x7f94870ee408
P 0x7f948b0b70b8
I 0
C 287
R
P 0x7f94870ee408
C 361
R
P 0x7f94870ee408
U 32
C 35
= 0x7f9487113718
R
P 0x7f94870ee408
C 361
R
P 0x7f94870ee408
P 0x7f9487113718
C 274
R
P 0x7f94870ee408
C 361
R
P 0x7f94870ee408
P 0x7f9487113718
C 9
R
P 0x7f94870ee408
C 361
R
P 0x7f94870ee408
I 536870913
P 0x7f9487113718
C 154
= 0x7f948b0b7718
R
P 0x7f94870ee408
C 361
R
P 0x7f94870ee408
P 0x7f948b0b7718
C 274
R
P 0x7f94870ee408
C 361
R
P 0x7f94870ee408
P 0x7f948b0b7718
C 271
= 0x7f9487113718
R
P 0x7f94870ee408
C 361
R
P 0x7f94870ee408
P 0x7f9487113718
C 226
R
P 0x7f94870ee408
C 361
R
P 0x7f94870ee408
P 0x7f948b0b7718
C 277
R
P 0x7f94870ee408
C 361
R
P 0x7f94870ee408
P 0x7f948b0b7718
C 276
R
P 0x7f94870ee408
C 361
R
P 0x7f94870ee408
P 0x7f948b0b7718
C 275
R
P 0x7f94870ee408
C 361
R
P 0x7f94870ee408
P 0x7f948b0b7718
C 9
R
P 0x7f94870ee408
C 361
R
P 0x7f94870ee408
P 0x7f94876f7278
P 0x7f948b0b7718
C 103
= 0x7f948bd38088
R
P 0x7f94870ee408
C 361
R
P 0x7f94870ee408
P 0x7f948bd38088
C 275
R
P 0x7f94870ee408
C 361
R
P 0x7f94870ee408
P 0x7f948bd38088
C 9
R
P 0x7f94870ee408
C 361
R
P 0x7f94870ee408
P 0x7f948e27d208
P 0x7f948bd38088
C 447
R
P 0x7f94870ee408
C 361
R
P 0x7f94870ee408
U 32
C 35
= 0x7f9487113718
R
P 0x7f94870ee408
C 361
R
P 0x7f94870ee408
P 0x7f9487113718
C 274
R
P 0x7f94870ee408
C 361
R
P 0x7f94870ee408
P 0x7f9487113718
C 9
R
P 0x7f94870ee408
C 361
R
P 0x7f94870ee408
I 0
P 0x7f9487113718
C 154
= 0x7f94876f7258
R
P 0x7f94870ee408
C 361
R
P 0x7f94870ee408
P 0x7f94876f7258
C 274
R
P 0x7f94870ee408
C 361
R
P 0x7f94870ee408
P 0x7f94876f7258
C 271
= 0x7f9487113718
R
P 0x7f94870ee408
C 361
R
P 0x7f94870ee408
P 0x7f9487113718
C 226
R
P 0x7f94870ee408
C 361
R
P 0x7f94870ee408
P 0x7f94876f7258
C 277
R
P 0x7f94870ee408
C 361
R
P 0x7f94870ee408
P 0x7f94876f7258
C 276
R
P 0x7f94870ee408
C 361
R
P 0x7f94870ee408
P 0x7f94876f7258
C 275
R
P 0x7f94870ee408
C 361
R
P 0x7f94870ee408
P 0x7f94876f7258
C 9
R
P 0x7f94870ee408
C 361
R
P 0x7f94870ee408
P 0x7f94876f7298
P 0x7f94876f7258
C 103
= 0x7f948bd37e90
R
P 0x7f94870ee408
C 361
R
P 0x7f94870ee408
P 0x7f948bd37e90
C 275
R
P 0x7f94870ee408
C 361
R
P 0x7f94870ee408
P 0x7f948bd37e90
C 9
R
P 0x7f94870ee408
C 361
R
P 0x7f94870ee408
P 0x7f948e27d208
P 0x7f948bd37e90
C 447
R
P 0x7f94870ee408
C 361
R
P 0x7f94870ee408
U 32
C 35
= 0x7f9487113718
R
P 0x7f94870ee408
C 361
R
P 0x7f94870ee408
P 0x7f9487113718
C 274
R
P 0x7f94870ee408
C 361
R
P 0x7f94870ee408
P 0x7f9487113718
C 9
R
P 0x7f94870ee408
C 361
R
P 0x7f94870ee408
I 1073741826
P 0x7f9487113718
C 154
= 0x7f948b0b7938
R
P 0x7f94870ee408
C 361
R
P 0x7f94870ee408
P 0x7f948b0b7938
C 274
R
P 0x7f94870ee408
C 361
R
P 0x7f94870ee408
P 0x7f948b0b7938
C 271
= 0x7f9487113718
R
P 0x7f94870ee408
C 361
R
P 0x7f94870ee408
P 0x7f9487113718
C 226
R
P 0x7f94870ee408
C 361
R
P 0x7f94870ee408
P 0x7f948b0b7938
C 277
R
P 0x7f94870ee408
C 361
R
P 0x7f94870ee408
P 0x7f948b0b7938
C 276
R
P 0x7f94870ee408
C 361
R
P 0x7f94870ee408
P 0x7f948b0b7938
C 275
R
P 0x7f94870ee408
C 361
R
P 0x7f94870ee408
P 0x7f948b0b7938
C 9
R
P 0x7f94870ee408
C 361
R
P 0x7f94870ee408
P 0x7f94876f7278
P 0x7f948b0b7938
C 103
= 0x7f948bd3dbd0
R
P 0x7f94870ee408
C 361
R
P 0x7f94870ee408
P 0x7f948bd3dbd0
C 275
R
P 0x7f94870ee408
C 361
R
P 0x7f94870ee408
P 0x7f948bd3dbd0
C 9
R
P 0x7f94870ee408
C 361
R
P 0x7f94870ee408
P 0x7f948e27d208
P 0x7f948bd3dbd0
C 447
R
P 0x7f94870ee408
C 361
R
P 0x7f94870ee408
U 32
C 35
= 0x7f9487113718
R
P 0x7f94870ee408
C 361
R
P 0x7f94870ee408
P 0x7f9487113718
C 274
R
P 0x7f94870ee408
C 361
R
P 0x7f94870ee408
P 0x7f9487113718
C 9
R
P 0x7f94870ee408
C 361
R
P 0x7f94870ee408
I 1073741824
P 0x7f9487113718
C 154
= 0x7f948b0b70b8
R
P 0x7f94870ee408
C 361
R
P 0x7f94870ee408
P 0x7f948b0b70b8
C 274
R
P 0x7f94870ee408
C 361
R
P 0x7f94870ee408
P 0x7f948b0b70b8
C 271
= 0x7f9487113718
R
P 0x7f94870ee408
C 361
R
P 0x7f94870ee408
P 0x7f9487113718
C 226
R
P 0x7f94870ee408
C 361
R
P 0x7f94870ee408
P 0x7f948b0b70b8
C 277
R
P 0x7f94870ee408
C 361
R
P 0x7f94870ee408
P 0x7f948b0b70b8
C 276
R
P 0x7f94870ee408
C 361
R
P 0x7f94870ee408
P 0x7f948b0b70b8
C 275
R
P 0x7f94870ee408
C 361
R
P 0x7f94870ee408
P 0x7f948b0b70b8
C 9
R
P 0x7f94870ee408
C 361
R
P 0x7f94870ee408
P 0x7f94876f1198
P 0x7f948b0b70b8
C 103
= 0x7f948bd37fe0
R
P 0x7f94870ee408
C 361
R
P 0x7f94870ee408
P 0x7f948bd37fe0
C 275
R
P 0x7f94870ee408
C 361
R
P 0x7f94870ee408
P 0x7f948bd37fe0
C 9
R
P 0x7f94870ee408
C 361
R
P 0x7f94870ee408
P 0x7f948e27d208
P 0x7f948bd37fe0
C 447
R
P 0x7f94870ee408
C 361
R
P 0x7f94870ee408
P 0x7f948e27d208
C 458
R
P 0x7f94870ee408
C 361
R
P 0x7f94870ee408
P 0x7f948e27d208
C 463
= 0x7f948c18f7e8
R
P 0x7f94870ee408
C 361
R
P 0x7f94870ee408
P 0x7f948c18f7e8
C 319
R
P 0x7f94870ee408
C 361
R
P 0x7f94870ee408
P 0x7f948c18f7e8
C 356
R
P 0x7f94870ee408
C 361
R
P 0x7f94870ee408
P 0x7f948e27d208
C 463
= 0x7f948c1bfcc8
R
P 0x7f94870ee408
C 361
R
P 0x7f94870ee408
P 0x7f948c1bfcc8
C 319
R
P 0x7f94870ee408
C 361
R
P 0x7f94870ee408
P 0x7f948c1bfcc8
P 0x7f94876f7298
I 0
P 0x0
C 321
* 0x7f94876f7258 4
R
P 0x7f94870ee408
C 361
R
P 0x7f94870ee408
P 0x7f94876f7258
C 274
R
P 0x7f94870ee408
C 361
R
P 0x7f94870ee408
P 0x7f94876f7258
C 271
= 0x7f9487113718
R
P 0x7f94870ee408
C 361
R
P 0x7f94870ee408
P 0x7f9487113718
C 226
R
P 0x7f94870ee408
C 361
R
P 0x7f94870ee408
P 0x7f94876f7258
C 277
R
P 0x7f94870ee408
C 361
R
P 0x7f94870ee408
P 0x7f94876f7258
C 276
R
P 0x7f94870ee408
C 361
R
P 0x7f94870ee408
P 0x7f94876f7258
C 275
R
P 0x7f94870ee408
C 361
R
P 0x7f94870ee408
P 0x7f94876f7258
C 9
R
P 0x7f94870ee408
C 361
R
P 0x7f94870ee408
P 0x7f94876f7258
I 0
C 287
R
P 0x7f94870ee408
C 361
R
P 0x7f94870ee408
P 0x7f948e27d208
C 463
= 0x7f948c1b3778
R
P 0x7f94870ee408
C 361
R
P 0x7f94870ee408
P 0x7f948c1b3778
C 319
R
P 0x7f94870ee408
C 361
R
P 0x7f94870ee408
P 0x7f948c1b3778
P 0x7f94876f7278
I 0
P 0x0
C 321
* 0x7f9487114118 4
R
P 0x7f94870ee408
C 361
R
P 0x7f94870ee408
P 0x7f9487114118
C 274
R
P 0x7f94870ee408
C 361
R
P 0x7f94870ee408
P 0x7f9487114118
C 271
= 0x7f9487113718
R
P 0x7f94870ee408
C 361
R
P 0x7f94870ee408
P 0x7f9487113718
C 226
R
P 0x7f94870ee408
C 361
R
P 0x7f94870ee408
P 0x7f9487114118
C 277
R
P 0x7f94870ee408
C 361
R
P 0x7f94870ee408
P 0x7f9487114118
C 276
R
P 0x7f94870ee408
C 361
R
P 0x7f94870ee408
P 0x7f9487114118
C 275
R
P 0x7f94870ee408
C 361
R
P 0x7f94870ee408
P 0x7f9487114118
C 9
R
P 0x7f94870ee408
C 361
R
P 0x7f94870ee408
P 0x7f9487114118
I 0
C 287
R
P 0x7f94870ee408
C 361
R
P 0x7f94870ee408
P 0x7f948e27d208
C 463
= 0x7f948c1b3a28
R
P 0x7f94870ee408
C 361
R
P 0x7f94870ee408
P 0x7f948c1b3a28
C 319
R
P 0x7f94870ee408
C 361
R
P 0x7f94870ee408
P 0x7f948c1b3a28
P 0x7f94876f1198
I 0
P 0x0
C 321
* 0x7f94876f7258 4
R
P 0x7f94870ee408
C 361
R
P 0x7f94870ee408
P 0x7f94876f7258
C 274
R
P 0x7f94870ee408
C 361
R
P 0x7f94870ee408
P 0x7f94876f7258
C 271
= 0x7f9487113718
R
P 0x7f94870ee408
C 361
R
P 0x7f94870ee408
P 0x7f9487113718
C 226
R
P 0x7f94870ee408
C 361
R
P 0x7f94870ee408
P 0x7f94876f7258
C 277
R
P 0x7f94870ee408
C 361
R
P 0x7f94870ee408
P 0x7f94876f7258
C 276
R
P 0x7f94870ee408
C 361
R
P 0x7f94870ee408
P 0x7f94876f7258
C 275
R
P 0x7f94870ee408
C 361
R
P 0x7f94870ee408
P 0x7f94876f7258
C 9
R
P 0x7f94870ee408
C 361
R
P 0x7f94870ee408
P 0x7f94876f7258
I 0
C 287
R
P 0x7f94870ee408
C 361
R
P 0x7f94870ee408
U 32
C 35
= 0x7f9487113718
R
P 0x7f94870ee408
C 361
R
P 0x7f94870ee408
P 0x7f9487113718
C 274
R
P 0x7f94870ee408
C 361
R
P 0x7f94870ee408
P 0x7f9487113718
C 9
R
P 0x7f94870ee408
C 361
R
P 0x7f94870ee408
I 1
P 0x7f9487113718
C 154
= 0x7f94871140b8
R
P 0x7f94870ee408
C 361
R
P 0x7f94870ee408
P 0x7f94871140b8
C 274
R
P 0x7f94870ee408
C 361
R
P 0x7f94870ee408
P 0x7f94871140b8
C 271
= 0x7f9487113718
R
P 0x7f94870ee408
C 361
R
P 0x7f94870ee408
P 0x7f9487113718
C 226
R
P 0x7f94870ee408
C 361
R
P 0x7f94870ee408
P 0x7f94871140b8
C 277
R
P 0x7f94870ee408
C 361
R
P 0x7f94870ee408
P 0x7f94871140b8
C 276
R
P 0x7f94870ee408
C 361
R
P 0x7f94870ee408
P 0x7f94871140b8
C 275
R
P 0x7f94870ee408
C 361
R
P 0x7f94870ee408
P 0x7f94871140b8
C 9
R
P 0x7f94870ee408
C 361
R
P 0x7f94870ee408
P 0x7f94876f7278
P 0x7f94871140b8
C 103
= 0x7f948bd37db0
R
P 0x7f94870ee408
C 361
R
P 0x7f94870ee408
P 0x7f948bd37db0
C 275
R
P 0x7f94870ee408
C 361
R
P 0x7f94870ee408
P 0x7f948bd37db0
C 9
R
P 0x7f94870ee408
C 361
R
P 0x7f94870ee408
P 0x7f948e27d208
P 0x7f948bd37db0
C 447
R
P 0x7f94870ee408
C 361
R
P 0x7f94870ee408
U 32
C 35
= 0x7f9487113718
R
P 0x7f94870ee408
C 361
R
P 0x7f94870ee408
P 0x7f9487113718
C 274
R
P 0x7f94870ee408
C 361
R
P 0x7f94870ee408
P 0x7f9487113718
C 9
R
P 0x7f94870ee408
C 361
R
P 0x7f94870ee408
I 0
P 0x7f9487113718
C 154
= 0x7f94876f7258
R
P 0x7f94870ee408
C 361
R
P 0x7f94870ee408
P 0x7f94876f7258
C 274
R
P 0x7f94870ee408
C 361
R
P 0x7f94870ee408
P 0x7f94876f7258
C 271
= 0x7f9487113718
R
P 0x7f94870ee408
C 361
R
P 0x7f94870ee408
P 0x7f9487113718
C 226
R
P 0x7f94870ee408
C 361
R
P 0x7f94870ee408
P 0x7f94876f7258
C 277
R
P 0x7f94870ee408
C 361
R
P 0x7f94870ee408
P 0x7f94876f7258
C 276
R
P 0x7f94870ee408
C 361
R
P 0x7f94870ee408
P 0x7f94876f7258
C 275
R
P 0x7f94870ee408
C 361
R
P 0x7f94870ee408
P 0x7f94876f7258
C 9
R
P 0x7f94870ee408
C 361
R
P 0x7f94870ee408
P 0x7f94876f7298
P 0x7f94876f7258
C 103
= 0x7f948bd37e90
R
P 0x7f94870ee408
C 361
R
P 0x7f94870ee408
P 0x7f948bd37e90
C 275
R
P 0x7f94870ee408
C 361
R
P 0x7f94870ee408
P 0x7f948bd37e90
C 9
R
P 0x7f94870ee408
C 361
R
P 0x7f94870ee408
P 0x7f948e27d208
P 0x7f948bd37e90
C 447
R
P 0x7f94870ee408
C 361
R
P 0x7f94870ee408
U 32
C 35
= 0x7f9487113718
R
P 0x7f94870ee408
C 361
R
P 0x7f94870ee408
P 0x7f9487113718
C 274
R
P 0x7f94870ee408
C 361
R
P 0x7f94870ee408
P 0x7f9487113718
C 9
R
P 0x7f94870ee408
C 361
R
P 0x7f94870ee408
I 2
P 0x7f9487113718
C 154
= 0x7f9487114118
R
P 0x7f94870ee408
C 361
R
P 0x7f94870ee408
P 0x7f9487114118
C 274
R
P 0x7f94870ee408
C 361
R
P 0x7f94870ee408
P 0x7f9487114118
C 271
= 0x7f9487113718
R
P 0x7f94870ee408
C 361
R
P 0x7f94870ee408
P 0x7f9487113718
C 226
R
P 0x7f94870ee408
C 361
R
P 0x7f94870ee408
P 0x7f9487114118
C 277
R
P 0x7f94870ee408
C 361
R
P 0x7f94870ee408
P 0x7f9487114118
C 276
R
P 0x7f94870ee408
C 361
R
P 0x7f94870ee408
P 0x7f9487114118
C 275
R
P 0x7f94870ee408
C 361
R
P 0x7f94870ee408
P 0x7f9487114118
C 9
R
P 0x7f94870ee408
C 361
R
P 0x7f94870ee408
P 0x7f94876f7278
P 0x7f9487114118
C 103
= 0x7f948bd37c98
R
P 0x7f94870ee408
C 361
R
P 0x7f94870ee408
P 0x7f948bd37c98
C 275
R
P 0x7f94870ee408
C 361
R
P 0x7f94870ee408
P 0x7f948bd37c98
C 9
R
P 0x7f94870ee408
C 361
R
P 0x7f94870ee408
P 0x7f948e27d208
P 0x7f948bd37c98
C 447
R
P 0x7f94870ee408
C 361
R
P 0x7f94870ee408
U 32
C 35
= 0x7f9487113718
R
P 0x7f94870ee408
C 361
R
P 0x7f94870ee408
P 0x7f9487113718
C 274
R
P 0x7f94870ee408
C 361
R
P 0x7f94870ee408
P 0x7f9487113718
C 9
R
P 0x7f94870ee408
C 361
R
P 0x7f94870ee408
I 0
P 0x7f9487113718
C 154
= 0x7f94876f7258
R
P 0x7f94870ee408
C 361
R
P 0x7f94870ee408
P 0x7f94876f7258
C 274
R
P 0x7f94870ee408
C 361
R
P 0x7f94870ee408
P 0x7f94876f7258
C 271
= 0x7f9487113718
R
P 0x7f94870ee408
C 361
R
P 0x7f94870ee408
P 0x7f9487113718
C 226
R
P 0x7f94870ee408
C 361
R
P 0x7f94870ee408
P 0x7f94876f7258
C 277
R
P 0x7f94870ee408
C 361
R
P 0x7f94870ee408
P 0x7f94876f7258
C 276
R
P 0x7f94870ee408
C 361
R
P 0x7f94870ee408
P 0x7f94876f7258
C 275
R
P 0x7f94870ee408
C 361
R
P 0x7f94870ee408
P 0x7f94876f7258
C 9
R
P 0x7f94870ee408
C 361
R
P 0x7f94870ee408
P 0x7f94876f1198
P 0x7f94876f7258
C 103
= 0x7f948bd37b10
R
P 0x7f94870ee408
C 361
R
P 0x7f94870ee408
P 0x7f948bd37b10
C 275
R
P 0x7f94870ee408
C 361
R
P 0x7f94870ee408
P 0x7f948bd37b10
C 9
R
P 0x7f94870ee408
C 361
R
P 0x7f94870ee408
P 0x7f948e27d208
P 0x7f948bd37b10
C 447
R
P 0x7f94870ee408
C 361
R
P 0x7f94870ee408
P 0x7f948e27d208
C 458
R
P 0x7f94870ee408
C 361
R
P 0x7f94870ee408
P 0x7f948e27d208
C 463
= 0x7f948c1ef4b8
R
P 0x7f94870ee408
C 361
R
P 0x7f94870ee408
P 0x7f948c1ef4b8
C 319
R
P 0x7f94870ee408
C 361
R
P 0x7f94870ee408
P 0x7f948c1ef4b8
C 356
R
P 0x7f94870ee408
C 361
R
P 0x7f94870ee408
P 0x7f948e27d208
C 463
= 0x7f948c1a5d18
R
P 0x7f94870ee408
C 361
R
P 0x7f94870ee408
P 0x7f948c1a5d18
C 319
R
P 0x7f94870ee408
C 361
R
P 0x7f94870ee408
P 0x7f948c1a5d18
P 0x7f94876f7298
I 0
P 0x0
C 321
* 0x7f94876f7258 4
R
P 0x7f94870ee408
C 361
R
P 0x7f94870ee408
P 0x7f94876f7258
C 274
R
P 0x7f94870ee408
C 361
R
P 0x7f94870ee408
P 0x7f94876f7258
C 271
= 0x7f9487113718
R
P 0x7f94870ee408
C 361
R
P 0x7f94870ee408
P 0x7f9487113718
C 226
R
P 0x7f94870ee408
C 361
R
P 0x7f94870ee408
P 0x7f94876f7258
C 277
R
P 0x7f94870ee408
C 361
R
P 0x7f94870ee408
P 0x7f94876f7258
C 276
R
P 0x7f94870ee408
C 361
R
P 0x7f94870ee408
P 0x7f94876f7258
C 275
R
P 0x7f94870ee408
C 361
R
P 0x7f94870ee408
P 0x7f94876f7258
C 9
R
P 0x7f94870ee408
C 361
R
P 0x7f94870ee408
P 0x7f94876f7258
I 0
C 287
R
P 0x7f94870ee408
C 361
R
P 0x7f94870ee408
P 0x7f948e27d208
C 463
= 0x7f948c1b3928
R
P 0x7f94870ee408
C 361
R
P 0x7f94870ee408
P 0x7f948c1b3928
C 319
R
P 0x7f94870ee408
C 361
R
P 0x7f94870ee408
P 0x7f948c1b3928
P 0x7f94876f7278
I 0
P 0x0
C 321
* 0x7f94876f7258 4
R
P 0x7f94870ee408
C 361
R
P 0x7f94870ee408
P 0x7f94876f7258
C 274
R
P 0x7f94870ee408
C 361
R
P 0x7f94870ee408
P 0x7f94876f7258
C 271
= 0x7f9487113718
R
P 0x7f94870ee408
C 361
R
P 0x7f94870ee408
P 0x7f9487113718
C 226
R
P 0x7f94870ee408
C 361
R
P 0x7f94870ee408
P 0x7f94876f7258
C 277
R
P 0x7f94870ee408
C 361
R
P 0x7f94870ee408
P 0x7f94876f7258
C 276
R
P 0x7f94870ee408
C 361
R
P 0x7f94870ee408
P 0x7f94876f7258
C 275
R
P 0x7f94870ee408
C 361
R
P 0x7f94870ee408
P 0x7f94876f7258
C 9
R
P 0x7f94870ee408
C 361
R
P 0x7f94870ee408
P 0x7f94876f7258
I 0
C 287
R
P 0x7f94870ee408
C 361
R
P 0x7f94870ee408
P 0x7f948e27d208
C 463
= 0x7f948c176ad8
R
P 0x7f94870ee408
C 361
R
P 0x7f94870ee408
P 0x7f948c176ad8
C 319
R
P 0x7f94870ee408
C 361
R
P 0x7f94870ee408
P 0x7f948c176ad8
P 0x7f94876f1198
I 0
P 0x0
C 321
* 0x7f94876f7258 4
R
P 0x7f94870ee408
C 361
R
P 0x7f94870ee408
P 0x7f94876f7258
C 274
R
P 0x7f94870ee408
C 361
R
P 0x7f94870ee408
P 0x7f94876f7258
C 271
= 0x7f9487113718
R
P 0x7f94870ee408
C 361
R
P 0x7f94870ee408
P 0x7f9487113718
C 226
R
P 0x7f94870ee408
C 361
R
P 0x7f94870ee408
P 0x7f94876f7258
C 277
R
P 0x7f94870ee408
C 361
R
P 0x7f94870ee408
P 0x7f94876f7258
C 276
R
P 0x7f94870ee408
C 361
R
P 0x7f94870ee408
P 0x7f94876f7258
C 275
R
P 0x7f94870ee408
C 361
R
P 0x7f94870ee408
P 0x7f94876f7258
C 9
R
P 0x7f94870ee408
C 361
R
P 0x7f94870ee408
P 0x7f94876f7258
I 0
C 287
R
P 0x7f94870ee408
C 361
R
P 0x7f94870ee408
P 0x7f948e27d208
U 1
C 444
R
P 0x7f94870ee408
C 361
M "SimplifierExample"
R
P 0x7f94870ee408
S "x"
C 30
R
P 0x7f94870ee408
C 361
R
P 0x7f94870ee408
$ |x|
C 219
R
P 0x7f94870ee408
C 361
R
P 0x7f94870ee408
$ |x|
P 0x7f94871132d8
C 51
= 0x7f9487113bf8
R
P 0x7f94870ee408
C 361
R
P 0x7f94870ee408
P 0x7f9487113bf8
C 274
R
P 0x7f94870ee408
C 361
R
P 0x7f94870ee408
P 0x7f9487113bf8
C 271
= 0x7f94871132d8
R
P 0x7f94870ee408
C 361
R
P 0x7f94870ee408
P 0x7f94871132d8
C 226
R
P 0x7f94870ee408
C 361
R
P 0x7f94870ee408
P 0x7f9487113bf8
C 277
R
P 0x7f94870ee408
C 361
R
P 0x7f94870ee408
P 0x7f9487113bf8
C 276
R
P 0x7f94870ee408
C 361
R
P 0x7f94870ee408
P 0x7f9487113bf8
C 275
R
P 0x7f94870ee408
C 361
R
P 0x7f94870ee408
P 0x7f9487113bf8
C 9
R
P 0x7f94870ee408
C 361
R
P 0x7f94870ee408
S "y"
C 30
R
P 0x7f94870ee408
C 361
R
P 0x7f94870ee408
$ |y|
C 219
R
P 0x7f94870ee408
C 361
R
P 0x7f94870ee408
$ |y|
P 0x7f94871132d8
C 51
= 0x7f9487113c18
R
P 0x7f94870ee408
C 361
R
P 0x7f94870ee408
P 0x7f9487113c18
C 274
R
P 0x7f94870ee408
C 361
R
P 0x7f94870ee408
P 0x7f9487113c18
C 271
= 0x7f94871132d8
R
P 0x7f94870ee408
C 361
R
P 0x7f94870ee408
P 0x7f94871132d8
C 226
R
P 0x7f94870ee408
C 361
R
P 0x7f94870ee408
P 0x7f9487113c18
C 277
R
P 0x7f94870ee408
C 361
R
P 0x7f94870ee408
P 0x7f9487113c18
C 276
R
P 0x7f94870ee408
C 361
R
P 0x7f94870ee408
P 0x7f9487113c18
C 275
R
P 0x7f94870ee408
C 361
R
P 0x7f94870ee408
P 0x7f9487113c18
C 9
R
P 0x7f94870ee408
C 361
R
P 0x7f94870ee408
S "z"
C 30
R
P 0x7f94870ee408
C 361
R
P 0x7f94870ee408
$ |z|
C 219
R
P 0x7f94870ee408
C 361
R
P 0x7f94870ee408
$ |z|
P 0x7f94871132d8
C 51
= 0x7f948b0b7178
R
P 0x7f94870ee408
C 361
R
P 0x7f94870ee408
P 0x7f948b0b7178
C 274
R
P 0x7f94870ee408
C 361
R
P 0x7f94870ee408
P 0x7f948b0b7178
C 271
= 0x7f94871132d8
R
P 0x7f94870ee408
C 361
R
P 0x7f94870ee408
P 0x7f94871132d8
C 226
R
P 0x7f94870ee408
C 361
R
P 0x7f94870ee408
P 0x7f948b0b7178
C 277
R
P 0x7f94870ee408
C 361
R
P 0x7f94870ee408
P 0x7f948b0b7178
C 276
R
P 0x7f94870ee408
C 361
R
P 0x7f94870ee408
P 0x7f948b0b7178
C 275
R
P 0x7f94870ee408
C 361
R
P 0x7f94870ee408
P 0x7f948b0b7178
C 9
R
P 0x7f94870ee408
C 361
R
P 0x7f94870ee408
S "u"
C 30
R
P 0x7f94870ee408
C 361
R
P 0x7f94870ee408
$ |u|
C 219
R
P 0x7f94870ee408
C 361
R
P 0x7f94870ee408
$ |u|
P 0x7f94871132d8
C 51
= 0x7f948b0b75b8
R
P 0x7f94870ee408
C 361
R
P 0x7f94870ee408
P 0x7f948b0b75b8
C 274
R
P 0x7f94870ee408
C 361
R
P 0x7f94870ee408
P 0x7f948b0b75b8
C 271
= 0x7f94871132d8
R
P 0x7f94870ee408
C 361
R
P 0x7f94870ee408
P 0x7f94871132d8
C 226
R
P 0x7f94870ee408
C 361
R
P 0x7f94870ee408
P 0x7f948b0b75b8
C 277
R
P 0x7f94870ee408
C 361
R
P 0x7f94870ee408
P 0x7f948b0b75b8
C 276
R
P 0x7f94870ee408
C 361
R
P 0x7f94870ee408
P 0x7f948b0b75b8
C 275
R
P 0x7f94870ee408
C 361
R
P 0x7f94870ee408
P 0x7f948b0b75b8
C 9
R
P 0x7f94870ee408
C 361
R
P 0x7f94870ee408
U 2
P 0x7f9487113bf8
P 0x7f948b0b7178
p 2
C 67
= 0x7f948bd37ad8
R
P 0x7f94870ee408
C 361
R
P 0x7f94870ee408
P 0x7f948bd37ad8
C 274
R
P 0x7f94870ee408
C 361
R
P 0x7f94870ee408
P 0x7f948bd37ad8
C 271
= 0x7f94871132d8
R
P 0x7f94870ee408
C 361
R
P 0x7f94870ee408
P 0x7f94871132d8
C 226
R
P 0x7f94870ee408
C 361
R
P 0x7f94870ee408
P 0x7f948bd37ad8
C 277
R
P 0x7f94870ee408
C 361
R
P 0x7f94870ee408
P 0x7f948bd37ad8
C 276
R
P 0x7f94870ee408
C 361
R
P 0x7f94870ee408
P 0x7f948bd37ad8
C 275
R
P 0x7f94870ee408
C 361
R
P 0x7f94870ee408
P 0x7f948bd37ad8
C 9
R
P 0x7f94870ee408
C 361
R
P 0x7f94870ee408
U 2
P 0x7f9487113c18
P 0x7f948bd37ad8
p 2
C 69
= 0x7f948bd37b80
R
P 0x7f94870ee408
C 361
R
P 0x7f94870ee408
P 0x7f948bd37b80
C 274
R
P 0x7f94870ee408
C 361
R
P 0x7f94870ee408
P 0x7f948bd37b80
C 271
= 0x7f94871132d8
R
P 0x7f94870ee408
C 361
R
P 0x7f94870ee408
P 0x7f94871132d8
C 226
R
P 0x7f94870ee408
C 361
R
P 0x7f94870ee408
P 0x7f948bd37b80
C 277
R
P 0x7f94870ee408
C 361
R
P 0x7f94870ee408
P 0x7f948bd37b80
C 276
R
P 0x7f94870ee408
C 361
R
P 0x7f94870ee408
P 0x7f948bd37b80
C 275
R
P 0x7f94870ee408
C 361
R
P 0x7f94870ee408
P 0x7f948bd37b80
C 9
R
P 0x7f94870ee408
C 361
R
P 0x7f94870ee408
U 2
P 0x7f9487113bf8
P 0x7f948bd37b80
p 2
C 67
= 0x7f948bd3caf8
R
P 0x7f94870ee408
C 361
R
P 0x7f94870ee408
P 0x7f948bd3caf8
C 274
R
P 0x7f94870ee408
C 361
R
P 0x7f94870ee408
P 0x7f948bd3caf8
C 271
= 0x7f94871132d8
R
P 0x7f94870ee408
C 361
R
P 0x7f94870ee408
P 0x7f94871132d8
C 226
R
P 0x7f94870ee408
C 361
R
P 0x7f94870ee408
P 0x7f948bd3caf8
C 277
R
P 0x7f94870ee408
C 361
R
P 0x7f94870ee408
P 0x7f948bd3caf8
C 276
R
P 0x7f94870ee408
C 361
R
P 0x7f94870ee408
P 0x7f948bd3caf8
C 275
R
P 0x7f94870ee408
C 361
R
P 0x7f94870ee408
P 0x7f948bd3caf8
C 9
R
P 0x7f94870ee408
C 361
R
P 0x7f94870ee408
P 0x7f948bd3caf8
C 310
= 0x7f948bd37f70
R
P 0x7f94870ee408
C 361
R
P 0x7f94870ee408
P 0x7f948bd37f70
C 274
R
P 0x7f94870ee408
C 361
R
P 0x7f94870ee408
P 0x7f948bd37f70
C 271
= 0x7f94871132d8
R
P 0x7f94870ee408
C 361
R
P 0x7f94870ee408
P 0x7f94871132d8
C 226
R
P 0x7f94870ee408
C 361
R
P 0x7f94870ee408
P 0x7f948bd37f70
C 277
R
P 0x7f94870ee408
C 361
R
P 0x7f94870ee408
P 0x7f948bd37f70
C 276
R
P 0x7f94870ee408
C 361
R
P 0x7f94870ee408
P 0x7f948bd37f70
C 275
R
P 0x7f94870ee408
C 361
R
P 0x7f94870ee408
P 0x7f948bd37f70
C 9
R
P 0x7f94870ee408
C 361
R
P 0x7f94870ee408
P 0x7f948bd3caf8
C 352
R
P 0x7f94870ee408
C 361
R
P 0x7f94870ee408
P 0x7f948bd37f70
C 352
R
P 0x7f94870ee408
C 361
M "FiniteDomainExample"
R
P 0x7f94870ee408
S "S"
C 30
R
P 0x7f94870ee408
C 361
R
P 0x7f94870ee408
$ |S|
C 219
R
P 0x7f94870ee408
C 361
R
P 0x7f94870ee408
$ |S|
U 10
C 36
= 0x7f948b0b7d98
R
P 0x7f94870ee408
C 361
R
P 0x7f94870ee408
P 0x7f948b0b7d98
C 274
R
P 0x7f94870ee408
C 361
R
P 0x7f94870ee408
P 0x7f948b0b7d98
C 9
R
P 0x7f94870ee408
C 361
R
P 0x7f94870ee408
S "T"
C 30
R
P 0x7f94870ee408
C 361
R
P 0x7f94870ee408
$ |T|
C 219
R
P 0x7f94870ee408
C 361
R
P 0x7f94870ee408
$ |T|
U 10
C 36
= 0x7f948b0b7dd8
R
P 0x7f94870ee408
C 361
R
P 0x7f94870ee408
P 0x7f948b0b7dd8
C 274
R
P 0x7f94870ee408
C 361
R
P 0x7f94870ee408
P 0x7f948b0b7dd8
C 9
R
P 0x7f94870ee408
C 361
R
P 0x7f94870ee408
I 1
P 0x7f948b0b7d98
C 154
= 0x7f94876f10b8
R
P 0x7f94870ee408
C 361
R
P 0x7f94870ee408
P 0x7f94876f10b8
C 274
R
P 0x7f94870ee408
C 361
R
P 0x7f94870ee408
P 0x7f94876f10b8
C 271
= 0x7f948b0b7d98
R
P 0x7f94870ee408
C 361
R
P 0x7f94870ee408
P 0x7f948b0b7d98
C 226
R
P 0x7f94870ee408
C 361
R
P 0x7f94870ee408
P 0x7f94876f10b8
C 277
R
P 0x7f94870ee408
C 361
R
P 0x7f94870ee408
P 0x7f94876f10b8
C 276
R
P 0x7f94870ee408
C 361
R
P 0x7f94870ee408
P 0x7f94876f10b8
C 275
R
P 0x7f94870ee408
C 361
R
P 0x7f94870ee408
P 0x7f94876f10b8
C 9
R
P 0x7f94870ee408
C 361
R
P 0x7f94870ee408
I 1
P 0x7f948b0b7dd8
C 154
= 0x7f94876f1098
R
P 0x7f94870ee408
C 361
R
P 0x7f94870ee408
P 0x7f94876f1098
C 274
R
P 0x7f94870ee408
C 361
R
P 0x7f94870ee408
P 0x7f94876f1098
C 271
= 0x7f948b0b7dd8
R
P 0x7f94870ee408
C 361
R
P 0x7f94870ee408
P 0x7f948b0b7dd8
C 226
R
P 0x7f94870ee408
C 361
R
P 0x7f94870ee408
P 0x7f94876f1098
C 277
R
P 0x7f94870ee408
C 361
R
P 0x7f94870ee408
P 0x7f94876f1098
C 276
R
P 0x7f94870ee408
C 361
R
P 0x7f94870ee408
P 0x7f94876f1098
C 275
R
P 0x7f94870ee408
C 361
R
P 0x7f94870ee408
P 0x7f94876f1098
C 9
R
P 0x7f94870ee408
C 361
R
P 0x7f94870ee408
P 0x7f948b0b7d98
C 352
R
P 0x7f94870ee408
C 361
R
P 0x7f94870ee408
P 0x7f948b0b7dd8
C 352
R
P 0x7f94870ee408
C 361
R
P 0x7f94870ee408
P 0x7f94876f10b8
C 280
R
P 0x7f94870ee408
C 361
R
P 0x7f94870ee408
P 0x7f94876f1098
C 280
R
P 0x7f94870ee408
C 361
R
P 0x7f94870ee408
P 0x7f94876f10b8
I 0
C 287
R
P 0x7f94870ee408
C 361
R
P 0x7f94870ee408
P 0x7f94876f1098
I 0
C 287
R
P 0x7f94870ee408
C 361
M "FloatingPointExample1"
R
P 0x7f94870ee408
U 11
U 53
C 609
= 0x7f94876f1058
R
P 0x7f94870ee408
C 361
R
P 0x7f94870ee408
P 0x7f94876f1058
C 274
R
P 0x7f94870ee408
C 361
R
P 0x7f94870ee408
P 0x7f94876f1058
C 9
R
P 0x7f94870ee408
C 361
R
P 0x7f94870ee408
P 0x7f94876f1058
C 352
R
P 0x7f94870ee408
C 361
R
P 0x7f94870ee408
S "-1e1"
P 0x7f94876f1058
C 152
= 0x7f94876f1038
R
P 0x7f94870ee408
C 361
R
P 0x7f94870ee408
P 0x7f94876f1038
C 274
R
P 0x7f94870ee408
C 361
R
P 0x7f94870ee408
P 0x7f94876f1038
C 271
= 0x7f94876f1058
R
P 0x7f94870ee408
C 361
R
P 0x7f94870ee408
P 0x7f94876f1058
C 226
R
P 0x7f94870ee408
C 361
R
P 0x7f94870ee408
P 0x7f94876f1038
C 277
R
P 0x7f94870ee408
C 361
R
P 0x7f94870ee408
P 0x7f94876f1038
C 276
R
P 0x7f94870ee408
C 361
R
P 0x7f94870ee408
P 0x7f94876f1038
C 275
R
P 0x7f94870ee408
C 361
R
P 0x7f94870ee408
P 0x7f94876f1038
C 9
R
P 0x7f94870ee408
C 361
R
P 0x7f94870ee408
S "-10"
P 0x7f94876f1058
C 152
= 0x7f94876f1038
R
P 0x7f94870ee408
C 361
R
P 0x7f94870ee408
P 0x7f94876f1038
C 274
R
P 0x7f94870ee408
C 361
R
P 0x7f94870ee408
P 0x7f94876f1038
C 271
= 0x7f94876f1058
R
P 0x7f94870ee408
C 361
R
P 0x7f94870ee408
P 0x7f94876f1058
C 226
R
P 0x7f94870ee408
C 361
R
P 0x7f94870ee408
P 0x7f94876f1038
C 277
R
P 0x7f94870ee408
C 361
R
P 0x7f94870ee408
P 0x7f94876f1038
C 276
R
P 0x7f94870ee408
C 361
R
P 0x7f94870ee408
P 0x7f94876f1038
C 275
R
P 0x7f94870ee408
C 361
R
P 0x7f94870ee408
P 0x7f94876f1038
C 9
R
P 0x7f94870ee408
C 361
R
P 0x7f94870ee408
S "-1.25p3"
P 0x7f94876f1058
C 152
= 0x7f94876f1038
R
P 0x7f94870ee408
C 361
R
P 0x7f94870ee408
P 0x7f94876f1038
C 274
R
P 0x7f94870ee408
C 361
R
P 0x7f94870ee408
P 0x7f94876f1038
C 271
= 0x7f94876f1058
R
P 0x7f94870ee408
C 361
R
P 0x7f94870ee408
P 0x7f94876f1058
C 226
R
P 0x7f94870ee408
C 361
R
P 0x7f94870ee408
P 0x7f94876f1038
C 277
R
P 0x7f94870ee408
C 361
R
P 0x7f94870ee408
P 0x7f94876f1038
C 276
R
P 0x7f94870ee408
C 361
R
P 0x7f94870ee408
P 0x7f94876f1038
C 275
R
P 0x7f94870ee408
C 361
R
P 0x7f94870ee408
P 0x7f94876f1038
C 9
R
P 0x7f94870ee408
C 361
R
P 0x7f94870ee408
P 0x7f94876f1038
C 280
R
P 0x7f94870ee408
C 361
R
P 0x7f94870ee408
P 0x7f94876f1038
C 280
R
P 0x7f94870ee408
C 361
R
P 0x7f94870ee408
P 0x7f94876f1038
C 280
R
P 0x7f94870ee408
C 361
R
P 0x7f94870ee408
P 0x7f94876f1038
P 0x7f94876f1038
C 643
= 0x7f948bd38328
R
P 0x7f94870ee408
C 361
R
P 0x7f94870ee408
P 0x7f948bd38328
C 275
R
P 0x7f94870ee408
C 361
R
P 0x7f94870ee408
P 0x7f948bd38328
C 9
R
P 0x7f94870ee408
C 361
R
P 0x7f94870ee408
P 0x7f94876f1038
P 0x7f94876f1038
C 643
= 0x7f948bd38328
R
P 0x7f94870ee408
C 361
R
P 0x7f94870ee408
P 0x7f948bd38328
C 275
R
P 0x7f94870ee408
C 361
R
P 0x7f94870ee408
P 0x7f948bd38328
C 9
R
P 0x7f94870ee408
C 361
R
P 0x7f94870ee408
U 2
P 0x7f948bd38328
P 0x7f948bd38328
p 2
C 65
= 0x7f948bd37e58
R
P 0x7f94870ee408
C 361
R
P 0x7f94870ee408
P 0x7f948bd37e58
C 275
R
P 0x7f94870ee408
C 361
R
P 0x7f94870ee408
P 0x7f948bd37e58
C 9
R
P 0x7f94870ee408
C 361
R
P 0x7f94870ee408
P 0x7f948bd37e58
C 60
= 0x7f9487533528
R
P 0x7f94870ee408
C 361
R
P 0x7f94870ee408
P 0x7f9487533528
C 275
R
P 0x7f94870ee408
C 361
R
P 0x7f94870ee408
P 0x7f9487533528
C 9
R
P 0x7f94870ee408
C 361
R
P 0x7f94870ee408
C 431
= 0x7f948cfa60a8
R
P 0x7f94870ee408
C 361
R
P 0x7f94870ee408
P 0x7f948cfa60a8
C 440
R
P 0x7f94870ee408
C 361
R
P 0x7f94870ee408
P 0x7f948cfa60a8
P 0x7f9487533528
C 447
R
P 0x7f94870ee408
C 361
R
P 0x7f94870ee408
P 0x7f948cfa60a8
C 458
R
P 0x7f94870ee408
C 361
R
P 0x7f94870ee408
S "x"
C 30
R
P 0x7f94870ee408
C 361
R
P 0x7f94870ee408
$ |x|
C 219
R
P 0x7f94870ee408
C 361
R
P 0x7f94870ee408
$ |x|
P 0x7f94876f1058
C 51
= 0x7f94876f0ff8
R
P 0x7f94870ee408
C 361
R
P 0x7f94870ee408
P 0x7f94876f0ff8
C 274
R
P 0x7f94870ee408
C 361
R
P 0x7f94870ee408
P 0x7f94876f0ff8
C 271
= 0x7f94876f1058
R
P 0x7f94870ee408
C 361
R
P 0x7f94870ee408
P 0x7f94876f1058
C 226
R
P 0x7f94870ee408
C 361
R
P 0x7f94870ee408
P 0x7f94876f0ff8
C 277
R
P 0x7f94870ee408
C 361
R
P 0x7f94870ee408
P 0x7f94876f0ff8
C 276
R
P 0x7f94870ee408
C 361
R
P 0x7f94870ee408
P 0x7f94876f0ff8
C 275
R
P 0x7f94870ee408
C 361
R
P 0x7f94870ee408
P 0x7f94876f0ff8
C 9
R
P 0x7f94870ee408
C 361
R
P 0x7f94870ee408
P 0x7f94876f1058
C 618
= 0x7f94876f0fb8
R
P 0x7f94870ee408
C 361
R
P 0x7f94870ee408
P 0x7f94876f0fb8
C 275
R
P 0x7f94870ee408
C 361
R
P 0x7f94870ee408
P 0x7f94876f0fb8
C 9
R
P 0x7f94870ee408
C 361
R
P 0x7f94870ee408
S "QF_FP"
C 30
R
P 0x7f94870ee408
C 361
R
P 0x7f94870ee408
$ |QF_FP|
C 219
R
P 0x7f94870ee408
C 361
R
P 0x7f94870ee408
$ |QF_FP|
C 433
= 0x7f948e337ac8
R
P 0x7f94870ee408
C 361
R
P 0x7f94870ee408
P 0x7f948e337ac8
C 440
R
P 0x7f94870ee408
C 361
R
P 0x7f94870ee408
P 0x7f94876f0fb8
P 0x7f94876f0ff8
C 643
= 0x7f948bd37c60
R
P 0x7f94870ee408
C 361
R
P 0x7f94870ee408
P 0x7f948bd37c60
C 275
R
P 0x7f94870ee408
C 361
R
P 0x7f94870ee408
P 0x7f948bd37c60
C 9
R
P 0x7f94870ee408
C 361
R
P 0x7f94870ee408
P 0x7f948e337ac8
P 0x7f948bd37c60
C 447
R
P 0x7f94870ee408
C 361
R
P 0x7f94870ee408
P 0x7f948e337ac8
C 458
R
P 0x7f94870ee408
C 361
R
P 0x7f94870ee408
P 0x7f948e337ac8
C 468
R
P 0x7f94870ee408
C 361
R
P 0x7f94870ee408
S "QF_FP"
C 30
R
P 0x7f94870ee408
C 361
R
P 0x7f94870ee408
$ |QF_FP|
C 219
R
P 0x7f94870ee408
C 361
R
P 0x7f94870ee408
$ |QF_FP|
C 433
= 0x7f948e1b2078
R
P 0x7f94870ee408
C 361
R
P 0x7f94870ee408
P 0x7f948e1b2078
C 440
R
P 0x7f94870ee408
C 361
R
P 0x7f94870ee408
P 0x7f94876f0fb8
P 0x7f94876f0fb8
C 58
= 0x7f948bd37f38
R
P 0x7f94870ee408
C 361
R
P 0x7f94870ee408
P 0x7f948bd37f38
C 275
R
P 0x7f94870ee408
C 361
R
P 0x7f94870ee408
P 0x7f948bd37f38
C 9
R
P 0x7f94870ee408
C 361
R
P 0x7f94870ee408
P 0x7f948e1b2078
P 0x7f948bd37f38
C 447
R
P 0x7f94870ee408
C 361
R
P 0x7f94870ee408
P 0x7f948e1b2078
C 458
R
P 0x7f94870ee408
C 361
R
P 0x7f94870ee408
P 0x7f948e1b2078
C 468
R
P 0x7f94870ee408
C 361
R
P 0x7f94870ee408
S "-1e1"
P 0x7f94876f1058
C 152
= 0x7f94876f1038
R
P 0x7f94870ee408
C 361
R
P 0x7f94870ee408
P 0x7f94876f1038
C 274
R
P 0x7f94870ee408
C 361
R
P 0x7f94870ee408
P 0x7f94876f1038
C 271
= 0x7f94876f1058
R
P 0x7f94870ee408
C 361
R
P 0x7f94870ee408
P 0x7f94876f1058
C 226
R
P 0x7f94870ee408
C 361
R
P 0x7f94870ee408
P 0x7f94876f1038
C 277
R
P 0x7f94870ee408
C 361
R
P 0x7f94870ee408
P 0x7f94876f1038
C 276
R
P 0x7f94870ee408
C 361
R
P 0x7f94870ee408
P 0x7f94876f1038
C 275
R
P 0x7f94870ee408
C 361
R
P 0x7f94870ee408
P 0x7f94876f1038
C 9
R
P 0x7f94870ee408
C 361
R
P 0x7f94870ee408
S "-1.25p3"
P 0x7f94876f1058
C 152
= 0x7f94876f1038
R
P 0x7f94870ee408
C 361
R
P 0x7f94870ee408
P 0x7f94876f1038
C 274
R
P 0x7f94870ee408
C 361
R
P 0x7f94870ee408
P 0x7f94876f1038
C 271
= 0x7f94876f1058
R
P 0x7f94870ee408
C 361
R
P 0x7f94870ee408
P 0x7f94876f1058
C 226
R
P 0x7f94870ee408
C 361
R
P 0x7f94870ee408
P 0x7f94876f1038
C 277
R
P 0x7f94870ee408
C 361
R
P 0x7f94870ee408
P 0x7f94876f1038
C 276
R
P 0x7f94870ee408
C 361
R
P 0x7f94870ee408
P 0x7f94876f1038
C 275
R
P 0x7f94870ee408
C 361
R
P 0x7f94870ee408
P 0x7f94876f1038
C 9
R
P 0x7f94870ee408
C 361
R
P 0x7f94870ee408
S "x_plus_y"
C 30
R
P 0x7f94870ee408
C 361
R
P 0x7f94870ee408
$ |x_plus_y|
C 219
R
P 0x7f94870ee408
C 361
R
P 0x7f94870ee408
$ |x_plus_y|
P 0x7f94876f1058
C 51
= 0x7f94876f0f78
R
P 0x7f94870ee408
C 361
R
P 0x7f94870ee408
P 0x7f94876f0f78
C 274
R
P 0x7f94870ee408
C 361
R
P 0x7f94870ee408
P 0x7f94876f0f78
C 271
= 0x7f94876f1058
R
P 0x7f94870ee408
C 361
R
P 0x7f94870ee408
P 0x7f94876f1058
C 226
R
P 0x7f94870ee408
C 361
R
P 0x7f94870ee408
P 0x7f94876f0f78
C 277
R
P 0x7f94870ee408
C 361
R
P 0x7f94870ee408
P 0x7f94876f0f78
C 276
R
P 0x7f94870ee408
C 361
R
P 0x7f94870ee408
P 0x7f94876f0f78
C 275
R
P 0x7f94870ee408
C 361
R
P 0x7f94870ee408
P 0x7f94876f0f78
C 9
R
P 0x7f94870ee408
C 361
R
P 0x7f94870ee408
S "100"
P 0x7f94876f1058
C 152
= 0x7f94876f1138
R
P 0x7f94870ee408
C 361
R
P 0x7f94870ee408
P 0x7f94876f1138
C 274
R
P 0x7f94870ee408
C 361
R
P 0x7f94870ee408
P 0x7f94876f1138
C 271
= 0x7f94876f1058
R
P 0x7f94870ee408
C 361
R
P 0x7f94870ee408
P 0x7f94876f1058
C 226
R
P 0x7f94870ee408
C 361
R
P 0x7f94870ee408
P 0x7f94876f1138
C 277
R
P 0x7f94870ee408
C 361
R
P 0x7f94870ee408
P 0x7f94876f1138
C 276
R
P 0x7f94870ee408
C 361
R
P 0x7f94870ee408
P 0x7f94876f1138
C 275
R
P 0x7f94870ee408
C 361
R
P 0x7f94870ee408
P 0x7f94876f1138
C 9
R
P 0x7f94870ee408
C 361
R
P 0x7f94870ee408
S "QF_FP"
C 30
R
P 0x7f94870ee408
C 361
R
P 0x7f94870ee408
$ |QF_FP|
C 219
R
P 0x7f94870ee408
C 361
R
P 0x7f94870ee408
$ |QF_FP|
C 433
= 0x7f948e1b1fa8
R
P 0x7f94870ee408
C 361
R
P 0x7f94870ee408
P 0x7f948e1b1fa8
C 440
R
P 0x7f94870ee408
C 361
R
P 0x7f94870ee408
C 601
= 0x7f94876f1258
R
P 0x7f94870ee408
C 361
R
P 0x7f94870ee408
P 0x7f94876f1258
C 275
R
P 0x7f94870ee408
C 361
R
P 0x7f94870ee408
P 0x7f94876f1258
C 9
R
P 0x7f94870ee408
C 361
R
P 0x7f94870ee408
P 0x7f94876f1258
P 0x7f94876f1038
P 0x7f94876f1038
C 629
= 0x7f948bd5bed8
R
P 0x7f94870ee408
C 361
R
P 0x7f94870ee408
P 0x7f948bd5bed8
C 275
R
P 0x7f94870ee408
C 361
R
P 0x7f94870ee408
P 0x7f948bd5bed8
C 9
R
P 0x7f94870ee408
C 361
R
P 0x7f94870ee408
P 0x7f94876f0f78
P 0x7f948bd5bed8
C 58
= 0x7f948bd382f0
R
P 0x7f94870ee408
C 361
R
P 0x7f94870ee408
P 0x7f948bd382f0
C 275
R
P 0x7f94870ee408
C 361
R
P 0x7f94870ee408
P 0x7f948bd382f0
C 9
R
P 0x7f94870ee408
C 361
R
P 0x7f94870ee408
P 0x7f948e1b1fa8
P 0x7f948bd382f0
C 447
R
P 0x7f94870ee408
C 361
R
P 0x7f94870ee408
P 0x7f94876f0f78
P 0x7f94876f1138
C 643
= 0x7f948bd38130
R
P 0x7f94870ee408
C 361
R
P 0x7f94870ee408
P 0x7f948bd38130
C 275
R
P 0x7f94870ee408
C 361
R
P 0x7f94870ee408
P 0x7f948bd38130
C 9
R
P 0x7f94870ee408
C 361
R
P 0x7f94870ee408
P 0x7f948bd38130
C 60
= 0x7f9487534008
R
P 0x7f94870ee408
C 361
R
P 0x7f94870ee408
P 0x7f9487534008
C 275
R
P 0x7f94870ee408
C 361
R
P 0x7f94870ee408
P 0x7f9487534008
C 9
R
P 0x7f94870ee408
C 361
R
P 0x7f94870ee408
P 0x7f948e1b1fa8
P 0x7f9487534008
C 447
R
P 0x7f94870ee408
C 361
R
P 0x7f94870ee408
P 0x7f948e1b1fa8
C 458
R
P 0x7f94870ee408
C 361
R
P 0x7f94870ee408
P 0x7f948e1b1fa8
C 468
R
P 0x7f94870ee408
C 361
R
C 3
= 0x7f948f04f198
R
P 0x7f948f04f198
S "proof"
S "true"
C 5
R
P 0x7f948f04f198
C 7
= 0x7f948e876608
R
P 0x7f948f04f198
C 4
R
P 0x7f948e876608
U 2
C 351
R
P 0x7f948e876608
C 361
M "ProveExample1"
R
P 0x7f948e876608
S "U"
C 30
R
P 0x7f948e876608
C 361
R
P 0x7f948e876608
$ |U|
C 219
R
P 0x7f948e876608
C 361
R
P 0x7f948e876608
$ |U|
C 31
= 0x7f948e8803f8
R
P 0x7f948e876608
C 361
R
P 0x7f948e876608
P 0x7f948e8803f8
C 274
R
P 0x7f948e876608
C 361
R
P 0x7f948e876608
P 0x7f948e8803f8
C 9
R
P 0x7f948e876608
C 361
R
P 0x7f948e876608
S "g"
C 30
R
P 0x7f948e876608
C 361
R
P 0x7f948e876608
$ |g|
C 219
R
P 0x7f948e876608
C 361
R
P 0x7f948e876608
$ |g|
U 1
P 0x7f948e8803f8
p 1
P 0x7f948e8803f8
C 49
= 0x7f948e8864e8
R
P 0x7f948e876608
C 361
R
P 0x7f948e876608
P 0x7f948e8864e8
C 274
R
P 0x7f948e876608
C 361
R
P 0x7f948e876608
P 0x7f948e8864e8
C 9
R
P 0x7f948e876608
C 361
R
P 0x7f948e876608
S "x"
C 30
R
P 0x7f948e876608
C 361
R
P 0x7f948e876608
$ |x|
C 219
R
P 0x7f948e876608
C 361
R
P 0x7f948e876608
$ |x|
P 0x7f948e8803f8
C 51
= 0x7f948e880418
R
P 0x7f948e876608
C 361
R
P 0x7f948e876608
P 0x7f948e880418
C 274
R
P 0x7f948e876608
C 361
R
P 0x7f948e876608
P 0x7f948e880418
C 271
= 0x7f948e8803f8
R
P 0x7f948e876608
C 361
R
P 0x7f948e876608
P 0x7f948e8803f8
C 226
R
P 0x7f948e876608
C 361
R
P 0x7f948e876608
P 0x7f948e880418
C 277
R
P 0x7f948e876608
C 361
R
P 0x7f948e876608
P 0x7f948e880418
C 276
R
P 0x7f948e876608
C 361
R
P 0x7f948e876608
P 0x7f948e880418
C 275
R
P 0x7f948e876608
C 361
R
P 0x7f948e876608
P 0x7f948e880418
C 9
R
P 0x7f948e876608
C 361
R
P 0x7f948e876608
S "y"
C 30
R
P 0x7f948e876608
C 361
R
P 0x7f948e876608
$ |y|
C 219
R
P 0x7f948e876608
C 361
R
P 0x7f948e876608
$ |y|
P 0x7f948e8803f8
C 51
= 0x7f948e880438
R
P 0x7f948e876608
C 361
R
P 0x7f948e876608
P 0x7f948e880438
C 274
R
P 0x7f948e876608
C 361
R
P 0x7f948e876608
P 0x7f948e880438
C 271
= 0x7f948e8803f8
R
P 0x7f948e876608
C 361
R
P 0x7f948e876608
P 0x7f948e8803f8
C 226
R
P 0x7f948e876608
C 361
R
P 0x7f948e876608
P 0x7f948e880438
C 277
R
P 0x7f948e876608
C 361
R
P 0x7f948e876608
P 0x7f948e880438
C 276
R
P 0x7f948e876608
C 361
R
P 0x7f948e876608
P 0x7f948e880438
C 275
R
P 0x7f948e876608
C 361
R
P 0x7f948e876608
P 0x7f948e880438
C 9
R
P 0x7f948e876608
C 361
R
P 0x7f948e876608
P 0x7f948e8864e8
U 1
P 0x7f948e880418
p 1
C 50
= 0x7f948e881dc8
R
P 0x7f948e876608
C 361
R
P 0x7f948e876608
P 0x7f948e881dc8
C 274
R
P 0x7f948e876608
C 361
R
P 0x7f948e876608
P 0x7f948e881dc8
C 271
= 0x7f948e8803f8
R
P 0x7f948e876608
C 361
R
P 0x7f948e876608
P 0x7f948e8803f8
C 226
R
P 0x7f948e876608
C 361
R
P 0x7f948e876608
P 0x7f948e881dc8
C 277
R
P 0x7f948e876608
C 361
R
P 0x7f948e876608
P 0x7f948e881dc8
C 276
R
P 0x7f948e876608
C 361
R
P 0x7f948e876608
P 0x7f948e881dc8
C 275
R
P 0x7f948e876608
C 361
R
P 0x7f948e876608
P 0x7f948e881dc8
C 9
R
P 0x7f948e876608
C 361
R
P 0x7f948e876608
P 0x7f948e8864e8
U 1
P 0x7f948e880438
p 1
C 50
= 0x7f948e881df8
R
P 0x7f948e876608
C 361
R
P 0x7f948e876608
P 0x7f948e881df8
C 274
R
P 0x7f948e876608
C 361
R
P 0x7f948e876608
P 0x7f948e881df8
C 271
= 0x7f948e8803f8
R
P 0x7f948e876608
C 361
R
P 0x7f948e876608
P 0x7f948e8803f8
C 226
R
P 0x7f948e876608
C 361
R
P 0x7f948e876608
P 0x7f948e881df8
C 277
R
P 0x7f948e876608
C 361
R
P 0x7f948e876608
P 0x7f948e881df8
C 276
R
P 0x7f948e876608
C 361
R
P 0x7f948e876608
P 0x7f948e881df8
C 275
R
P 0x7f948e876608
C 361
R
P 0x7f948e876608
P 0x7f948e881df8
C 9
R
P 0x7f948e876608
C 361
R
P 0x7f948e876608
P 0x7f948e880418
P 0x7f948e880438
C 58
= 0x7f948e886520
R
P 0x7f948e876608
C 361
R
P 0x7f948e876608
P 0x7f948e886520
C 275
R
P 0x7f948e876608
C 361
R
P 0x7f948e876608
P 0x7f948e886520
C 9
R
P 0x7f948e876608
C 361
R
P 0x7f948e876608
P 0x7f948e881dc8
P 0x7f948e881df8
C 58
= 0x7f948e886558
R
P 0x7f948e876608
C 361
R
P 0x7f948e876608
P 0x7f948e886558
C 275
R
P 0x7f948e876608
C 361
R
P 0x7f948e876608
P 0x7f948e886558
C 9
R
P 0x7f948e876608
C 361
R
P 0x7f948e876608
P 0x7f948e886520
P 0x7f948e886558
C 63
= 0x7f948e886590
R
P 0x7f948e876608
C 361
R
P 0x7f948e876608
P 0x7f948e886590
C 275
R
P 0x7f948e876608
C 361
R
P 0x7f948e876608
P 0x7f948e886590
C 9
R
P 0x7f948e876608
C 361
R
P 0x7f948e876608
P 0x7f948e886590
C 352
R
P 0x7f948e876608
C 361
R
P 0x7f948e876608
C 431
= 0x7f948f057618
R
P 0x7f948e876608
C 361
R
P 0x7f948e876608
P 0x7f948f057618
C 440
R
P 0x7f948e876608
C 361
R
P 0x7f948e876608
C 13
= 0x7f948f058558
R
P 0x7f948e876608
C 361
R
P 0x7f948e876608
P 0x7f948f058558
C 14
R
P 0x7f948e876608
C 361
R
P 0x7f948e876608
S "mbqi"
C 30
R
P 0x7f948e876608
C 361
R
P 0x7f948e876608
$ |mbqi|
C 219
R
P 0x7f948e876608
C 361
R
P 0x7f948e876608
P 0x7f948f058558
$ |mbqi|
I 0
C 16
R
P 0x7f948e876608
C 361
R
P 0x7f948e876608
P 0x7f948f057618
P 0x7f948f058558
C 439
R
P 0x7f948e876608
C 361
R
P 0x7f948e876608
P 0x7f948e886590
C 60
= 0x7f948e881e28
R
P 0x7f948e876608
C 361
R
P 0x7f948e876608
P 0x7f948e881e28
C 275
R
P 0x7f948e876608
C 361
R
P 0x7f948e876608
P 0x7f948e881e28
C 9
R
P 0x7f948e876608
C 361
R
P 0x7f948e876608
P 0x7f948f057618
P 0x7f948e881e28
C 447
R
P 0x7f948e876608
C 361
R
P 0x7f948e876608
P 0x7f948f057618
C 458
R
P 0x7f948e876608
C 361
R
P 0x7f948e876608
P 0x7f948f057618
C 464
= 0x7f948e884698
R
P 0x7f948e876608
C 361
R
P 0x7f948e876608
P 0x7f948e884698
C 274
R
P 0x7f948e876608
C 361
R
P 0x7f948e876608
P 0x7f948e884698
C 271
= 0x7f948e87fa38
R
P 0x7f948e876608
C 361
R
P 0x7f948e876608
P 0x7f948e87fa38
C 226
R
P 0x7f948e876608
C 361
R
P 0x7f948e876608
P 0x7f948e884698
C 277
R
P 0x7f948e876608
C 361
R
P 0x7f948e876608
P 0x7f948e884698
C 276
R
P 0x7f948e876608
C 361
R
P 0x7f948e876608
P 0x7f948e884698
C 275
R
P 0x7f948e876608
C 361
R
P 0x7f948e876608
P 0x7f948e884698
C 9
R
P 0x7f948e876608
C 361
R
P 0x7f948e876608
P 0x7f948e884698
C 352
R
P 0x7f948e876608
C 361
R
P 0x7f948e876608
P 0x7f948e8864e8
U 1
P 0x7f948e881dc8
p 1
C 50
= 0x7f948e882008
R
P 0x7f948e876608
C 361
R
P 0x7f948e876608
P 0x7f948e882008
C 274
R
P 0x7f948e876608
C 361
R
P 0x7f948e876608
P 0x7f948e882008
C 271
= 0x7f948e8803f8
R
P 0x7f948e876608
C 361
R
P 0x7f948e876608
P 0x7f948e8803f8
C 226
R
P 0x7f948e876608
C 361
R
P 0x7f948e876608
P 0x7f948e882008
C 277
R
P 0x7f948e876608
C 361
R
P 0x7f948e876608
P 0x7f948e882008
C 276
R
P 0x7f948e876608
C 361
R
P 0x7f948e876608
P 0x7f948e882008
C 275
R
P 0x7f948e876608
C 361
R
P 0x7f948e876608
P 0x7f948e882008
C 9
R
P 0x7f948e876608
C 361
R
P 0x7f948e876608
P 0x7f948e882008
P 0x7f948e881df8
C 58
= 0x7f948e8867c0
R
P 0x7f948e876608
C 361
R
P 0x7f948e876608
P 0x7f948e8867c0
C 275
R
P 0x7f948e876608
C 361
R
P 0x7f948e876608
P 0x7f948e8867c0
C 9
R
P 0x7f948e876608
C 361
R
P 0x7f948e876608
P 0x7f948e886520
P 0x7f948e8867c0
C 63
= 0x7f948e886a60
R
P 0x7f948e876608
C 361
R
P 0x7f948e876608
P 0x7f948e886a60
C 275
R
P 0x7f948e876608
C 361
R
P 0x7f948e876608
P 0x7f948e886a60
C 9
R
P 0x7f948e876608
C 361
R
P 0x7f948e876608
P 0x7f948e886a60
C 352
R
P 0x7f948e876608
C 361
R
P 0x7f948e876608
C 431
= 0x7f948f51adc8
R
P 0x7f948e876608
C 361
R
P 0x7f948e876608
P 0x7f948f51adc8
C 440
R
P 0x7f948e876608
C 361
R
P 0x7f948e876608
C 13
= 0x7f948f516fc8
R
P 0x7f948e876608
C 361
R
P 0x7f948e876608
P 0x7f948f516fc8
C 14
R
P 0x7f948e876608
C 361
R
P 0x7f948e876608
S "mbqi"
C 30
R
P 0x7f948e876608
C 361
R
P 0x7f948e876608
$ |mbqi|
C 219
R
P 0x7f948e876608
C 361
R
P 0x7f948e876608
P 0x7f948f516fc8
$ |mbqi|
I 0
C 16
R
P 0x7f948e876608
C 361
R
P 0x7f948e876608
P 0x7f948f51adc8
P 0x7f948f516fc8
C 439
R
P 0x7f948e876608
C 361
R
P 0x7f948e876608
P 0x7f948e886a60
C 60
= 0x7f948e882128
R
P 0x7f948e876608
C 361
R
P 0x7f948e876608
P 0x7f948e882128
C 275
R
P 0x7f948e876608
C 361
R
P 0x7f948e876608
P 0x7f948e882128
C 9
R
P 0x7f948e876608
C 361
R
P 0x7f948e876608
P 0x7f948f51adc8
P 0x7f948e882128
C 447
R
P 0x7f948e876608
C 361
R
P 0x7f948e876608
P 0x7f948f51adc8
C 458
R
P 0x7f948e876608
C 361
R
P 0x7f948e876608
P 0x7f948f51adc8
C 463
= 0x7f948cf8b638
R
P 0x7f948e876608
C 361
R
P 0x7f948e876608
P 0x7f948cf8b638
C 319
R
P 0x7f948e876608
C 361
R
P 0x7f948e876608
P 0x7f948cf8b638
C 356
R
P 0x7f948e876608
C 361
R
P 0x7f948e876608
P 0x7f948e8867c0
C 60
= 0x7f948e882218
R
P 0x7f948e876608
C 361
R
P 0x7f948e876608
P 0x7f948e882218
C 275
R
P 0x7f948e876608
C 361
R
P 0x7f948e876608
P 0x7f948e882218
C 9
R
P 0x7f948e876608
C 361
R
P 0x7f948e876608
C 431
= 0x7f948cfd7008
R
P 0x7f948e876608
C 361
R
P 0x7f948e876608
P 0x7f948cfd7008
C 440
R
P 0x7f948e876608
C 361
R
P 0x7f948e876608
P 0x7f948cfd7008
P 0x7f948e882218
C 447
R
P 0x7f948e876608
C 361
R
P 0x7f948e876608
P 0x7f948cfd7008
C 458
R
P 0x7f948e876608
C 361
R
P 0x7f948e876608
P 0x7f948cfd7008
C 463
= 0x7f948e39e878
R
P 0x7f948e876608
C 361
R
P 0x7f948e876608
P 0x7f948e39e878
C 319
R
P 0x7f948e876608
C 361
R
P 0x7f948e876608
P 0x7f948e39e878
C 356
R
P 0x7f948e876608
C 361
M "ProveExample2"
R
P 0x7f948e876608
C 33
= 0x7f948e87fad8
R
P 0x7f948e876608
C 361
R
P 0x7f948e876608
P 0x7f948e87fad8
C 274
R
P 0x7f948e876608
C 361
R
P 0x7f948e876608
P 0x7f948e87fad8
C 9
R
P 0x7f948e876608
C 361
R
P 0x7f948e876608
S "g"
C 30
R
P 0x7f948e876608
C 361
R
P 0x7f948e876608
$ |g|
C 219
R
P 0x7f948e876608
C 361
R
P 0x7f948e876608
$ |g|
U 1
P 0x7f948e87fad8
p 1
P 0x7f948e87fad8
C 49
= 0x7f948e886c58
R
P 0x7f948e876608
C 361
R
P 0x7f948e876608
P 0x7f948e886c58
C 274
R
P 0x7f948e876608
C 361
R
P 0x7f948e876608
P 0x7f948e886c58
C 9
R
P 0x7f948e876608
C 361
R
P 0x7f948e876608
S "x"
C 30
R
P 0x7f948e876608
C 361
R
P 0x7f948e876608
$ |x|
C 219
R
P 0x7f948e876608
C 361
R
P 0x7f948e876608
$ |x|
P 0x7f948e87fad8
C 51
= 0x7f948e880718
R
P 0x7f948e876608
C 361
R
P 0x7f948e876608
P 0x7f948e880718
C 274
R
P 0x7f948e876608
C 361
R
P 0x7f948e876608
P 0x7f948e880718
C 271
= 0x7f948e87fad8
R
P 0x7f948e876608
C 361
R
P 0x7f948e876608
P 0x7f948e87fad8
C 226
R
P 0x7f948e876608
C 361
R
P 0x7f948e876608
P 0x7f948e880718
C 277
R
P 0x7f948e876608
C 361
R
P 0x7f948e876608
P 0x7f948e880718
C 276
R
P 0x7f948e876608
C 361
R
P 0x7f948e876608
P 0x7f948e880718
C 275
R
P 0x7f948e876608
C 361
R
P 0x7f948e876608
P 0x7f948e880718
C 9
R
P 0x7f948e876608
C 361
R
P 0x7f948e876608
S "y"
C 30
R
P 0x7f948e876608
C 361
R
P 0x7f948e876608
$ |y|
C 219
R
P 0x7f948e876608
C 361
R
P 0x7f948e876608
$ |y|
P 0x7f948e87fad8
C 51
= 0x7f948e880738
R
P 0x7f948e876608
C 361
R
P 0x7f948e876608
P 0x7f948e880738
C 274
R
P 0x7f948e876608
C 361
R
P 0x7f948e876608
P 0x7f948e880738
C 271
= 0x7f948e87fad8
R
P 0x7f948e876608
C 361
R
P 0x7f948e876608
P 0x7f948e87fad8
C 226
R
P 0x7f948e876608
C 361
R
P 0x7f948e876608
P 0x7f948e880738
C 277
R
P 0x7f948e876608
C 361
R
P 0x7f948e876608
P 0x7f948e880738
C 276
R
P 0x7f948e876608
C 361
R
P 0x7f948e876608
P 0x7f948e880738
C 275
R
P 0x7f948e876608
C 361
R
P 0x7f948e876608
P 0x7f948e880738
C 9
R
P 0x7f948e876608
C 361
R
P 0x7f948e876608
S "z"
C 30
R
P 0x7f948e876608
C 361
R
P 0x7f948e876608
$ |z|
C 219
R
P 0x7f948e876608
C 361
R
P 0x7f948e876608
$ |z|
P 0x7f948e87fad8
C 51
= 0x7f948e880758
R
P 0x7f948e876608
C 361
R
P 0x7f948e876608
P 0x7f948e880758
C 274
R
P 0x7f948e876608
C 361
R
P 0x7f948e876608
P 0x7f948e880758
C 271
= 0x7f948e87fad8
R
P 0x7f948e876608
C 361
R
P 0x7f948e876608
P 0x7f948e87fad8
C 226
R
P 0x7f948e876608
C 361
R
P 0x7f948e876608
P 0x7f948e880758
C 277
R
P 0x7f948e876608
C 361
R
P 0x7f948e876608
P 0x7f948e880758
C 276
R
P 0x7f948e876608
C 361
R
P 0x7f948e876608
P 0x7f948e880758
C 275
R
P 0x7f948e876608
C 361
R
P 0x7f948e876608
P 0x7f948e880758
C 9
R
P 0x7f948e876608
C 361
R
P 0x7f948e876608
P 0x7f948e886c58
U 1
P 0x7f948e880718
p 1
C 50
= 0x7f948e8823f8
R
P 0x7f948e876608
C 361
R
P 0x7f948e876608
P 0x7f948e8823f8
C 274
R
P 0x7f948e876608
C 361
R
P 0x7f948e876608
P 0x7f948e8823f8
C 271
= 0x7f948e87fad8
R
P 0x7f948e876608
C 361
R
P 0x7f948e876608
P 0x7f948e87fad8
C 226
R
P 0x7f948e876608
C 361
R
P 0x7f948e876608
P 0x7f948e8823f8
C 277
R
P 0x7f948e876608
C 361
R
P 0x7f948e876608
P 0x7f948e8823f8
C 276
R
P 0x7f948e876608
C 361
R
P 0x7f948e876608
P 0x7f948e8823f8
C 275
R
P 0x7f948e876608
C 361
R
P 0x7f948e876608
P 0x7f948e8823f8
C 9
R
P 0x7f948e876608
C 361
R
P 0x7f948e876608
P 0x7f948e886c58
U 1
P 0x7f948e880738
p 1
C 50
= 0x7f948e882428
R
P 0x7f948e876608
C 361
R
P 0x7f948e876608
P 0x7f948e882428
C 274
R
P 0x7f948e876608
C 361
R
P 0x7f948e876608
P 0x7f948e882428
C 271
= 0x7f948e87fad8
R
P 0x7f948e876608
C 361
R
P 0x7f948e876608
P 0x7f948e87fad8
C 226
R
P 0x7f948e876608
C 361
R
P 0x7f948e876608
P 0x7f948e882428
C 277
R
P 0x7f948e876608
C 361
R
P 0x7f948e876608
P 0x7f948e882428
C 276
R
P 0x7f948e876608
C 361
R
P 0x7f948e876608
P 0x7f948e882428
C 275
R
P 0x7f948e876608
C 361
R
P 0x7f948e876608
P 0x7f948e882428
C 9
R
P 0x7f948e876608
C 361
R
P 0x7f948e876608
P 0x7f948e886c58
U 1
P 0x7f948e880758
p 1
C 50
= 0x7f948e882458
R
P 0x7f948e876608
C 361
R
P 0x7f948e876608
P 0x7f948e882458
C 274
R
P 0x7f948e876608
C 361
R
P 0x7f948e876608
P 0x7f948e882458
C 271
= 0x7f948e87fad8
R
P 0x7f948e876608
C 361
R
P 0x7f948e876608
P 0x7f948e87fad8
C 226
R
P 0x7f948e876608
C 361
R
P 0x7f948e876608
P 0x7f948e882458
C 277
R
P 0x7f948e876608
C 361
R
P 0x7f948e876608
P 0x7f948e882458
C 276
R
P 0x7f948e876608
C 361
R
P 0x7f948e876608
P 0x7f948e882458
C 275
R
P 0x7f948e876608
C 361
R
P 0x7f948e876608
P 0x7f948e882458
C 9
R
P 0x7f948e876608
C 361
R
P 0x7f948e876608
I 0
P 0x7f948e87fad8
C 154
= 0x7f948e880778
R
P 0x7f948e876608
C 361
R
P 0x7f948e876608
P 0x7f948e880778
C 275
R
P 0x7f948e876608
C 361
R
P 0x7f948e876608
P 0x7f948e880778
C 9
R
P 0x7f948e876608
C 361
R
P 0x7f948e876608
U 2
P 0x7f948e8823f8
P 0x7f948e882428
p 2
C 69
= 0x7f948e886be8
R
P 0x7f948e876608
C 361
R
P 0x7f948e876608
P 0x7f948e886be8
C 274
R
P 0x7f948e876608
C 361
R
P 0x7f948e876608
P 0x7f948e886be8
C 271
= 0x7f948e87fad8
R
P 0x7f948e876608
C 361
R
P 0x7f948e876608
P 0x7f948e87fad8
C 226
R
P 0x7f948e876608
C 361
R
P 0x7f948e876608
P 0x7f948e886be8
C 277
R
P 0x7f948e876608
C 361
R
P 0x7f948e876608
P 0x7f948e886be8
C 276
R
P 0x7f948e876608
C 361
R
P 0x7f948e876608
P 0x7f948e886be8
C 275
R
P 0x7f948e876608
C 361
R
P 0x7f948e876608
P 0x7f948e886be8
C 9
R
P 0x7f948e876608
C 361
R
P 0x7f948e876608
P 0x7f948e886c58
U 1
P 0x7f948e886be8
p 1
C 50
= 0x7f948e8824b8
R
P 0x7f948e876608
C 361
R
P 0x7f948e876608
P 0x7f948e8824b8
C 274
R
P 0x7f948e876608
C 361
R
P 0x7f948e876608
P 0x7f948e8824b8
C 271
= 0x7f948e87fad8
R
P 0x7f948e876608
C 361
R
P 0x7f948e876608
P 0x7f948e87fad8
C 226
R
P 0x7f948e876608
C 361
R
P 0x7f948e876608
P 0x7f948e8824b8
C 277
R
P 0x7f948e876608
C 361
R
P 0x7f948e876608
P 0x7f948e8824b8
C 276
R
P 0x7f948e876608
C 361
R
P 0x7f948e876608
P 0x7f948e8824b8
C 275
R
P 0x7f948e876608
C 361
R
P 0x7f948e876608
P 0x7f948e8824b8
C 9
R
P 0x7f948e876608
C 361
R
P 0x7f948e876608
P 0x7f948e8824b8
P 0x7f948e882458
C 58
= 0x7f948e886cc8
R
P 0x7f948e876608
C 361
R
P 0x7f948e876608
P 0x7f948e886cc8
C 275
R
P 0x7f948e876608
C 361
R
P 0x7f948e876608
P 0x7f948e886cc8
C 9
R
P 0x7f948e876608
C 361
R
P 0x7f948e876608
P 0x7f948e886cc8
C 60
= 0x7f948e8824e8
R
P 0x7f948e876608
C 361
R
P 0x7f948e876608
P 0x7f948e8824e8
C 275
R
P 0x7f948e876608
C 361
R
P 0x7f948e876608
P 0x7f948e8824e8
C 9
R
P 0x7f948e876608
C 361
R
P 0x7f948e876608
U 2
P 0x7f948e880718
P 0x7f948e880758
p 2
C 67
= 0x7f948e886c20
R
P 0x7f948e876608
C 361
R
P 0x7f948e876608
P 0x7f948e886c20
C 274
R
P 0x7f948e876608
C 361
R
P 0x7f948e876608
P 0x7f948e886c20
C 271
= 0x7f948e87fad8
R
P 0x7f948e876608
C 361
R
P 0x7f948e876608
P 0x7f948e87fad8
C 226
R
P 0x7f948e876608
C 361
R
P 0x7f948e876608
P 0x7f948e886c20
C 277
R
P 0x7f948e876608
C 361
R
P 0x7f948e876608
P 0x7f948e886c20
C 276
R
P 0x7f948e876608
C 361
R
P 0x7f948e876608
P 0x7f948e886c20
C 275
R
P 0x7f948e876608
C 361
R
P 0x7f948e876608
P 0x7f948e886c20
C 9
R
P 0x7f948e876608
C 361
R
P 0x7f948e876608
P 0x7f948e886c20
P 0x7f948e880738
C 76
= 0x7f948e886c90
R
P 0x7f948e876608
C 361
R
P 0x7f948e876608
P 0x7f948e886c90
C 275
R
P 0x7f948e876608
C 361
R
P 0x7f948e876608
P 0x7f948e886c90
C 9
R
P 0x7f948e876608
C 361
R
P 0x7f948e876608
P 0x7f948e880738
P 0x7f948e880718
C 76
= 0x7f948e886bb0
R
P 0x7f948e876608
C 361
R
P 0x7f948e876608
P 0x7f948e886bb0
C 275
R
P 0x7f948e876608
C 361
R
P 0x7f948e876608
P 0x7f948e886bb0
C 9
R
P 0x7f948e876608
C 361
R
P 0x7f948e876608
P 0x7f948e880758
P 0x7f948e880778
C 75
= 0x7f948e886d00
R
P 0x7f948e876608
C 361
R
P 0x7f948e876608
P 0x7f948e886d00
C 275
R
P 0x7f948e876608
C 361
R
P 0x7f948e876608
P 0x7f948e886d00
C 9
R
P 0x7f948e876608
C 361
R
P 0x7f948e876608
P 0x7f948e886d00
C 352
R
P 0x7f948e876608
C 361
R
P 0x7f948e876608
C 431
= 0x7f948e15d1c8
R
P 0x7f948e876608
C 361
R
P 0x7f948e876608
P 0x7f948e15d1c8
C 440
R
P 0x7f948e876608
C 361
R
P 0x7f948e876608
C 13
= 0x7f948e181ee8
R
P 0x7f948e876608
C 361
R
P 0x7f948e876608
P 0x7f948e181ee8
C 14
R
P 0x7f948e876608
C 361
R
P 0x7f948e876608
S "mbqi"
C 30
R
P 0x7f948e876608
C 361
R
P 0x7f948e876608
$ |mbqi|
C 219
R
P 0x7f948e876608
C 361
R
P 0x7f948e876608
P 0x7f948e181ee8
$ |mbqi|
I 0
C 16
R
P 0x7f948e876608
C 361
R
P 0x7f948e876608
P 0x7f948e15d1c8
P 0x7f948e181ee8
C 439
R
P 0x7f948e876608
C 361
R
P 0x7f948e876608
P 0x7f948e15d1c8
P 0x7f948e8824e8
C 447
R
P 0x7f948e876608
C 361
R
P 0x7f948e876608
P 0x7f948e15d1c8
P 0x7f948e886c90
C 447
R
P 0x7f948e876608
C 361
R
P 0x7f948e876608
P 0x7f948e15d1c8
P 0x7f948e886bb0
C 447
R
P 0x7f948e876608
C 361
R
P 0x7f948e876608
P 0x7f948e886d00
C 60
= 0x7f948e882788
R
P 0x7f948e876608
C 361
R
P 0x7f948e876608
P 0x7f948e882788
C 275
R
P 0x7f948e876608
C 361
R
P 0x7f948e876608
P 0x7f948e882788
C 9
R
P 0x7f948e876608
C 361
R
P 0x7f948e876608
P 0x7f948e15d1c8
P 0x7f948e882788
C 447
R
P 0x7f948e876608
C 361
R
P 0x7f948e876608
P 0x7f948e15d1c8
C 458
R
P 0x7f948e876608
C 361
R
P 0x7f948e876608
P 0x7f948e15d1c8
C 464
= 0x7f948e88a580
R
P 0x7f948e876608
C 361
R
P 0x7f948e876608
P 0x7f948e88a580
C 274
R
P 0x7f948e876608
C 361
R
P 0x7f948e876608
P 0x7f948e88a580
C 271
= 0x7f948e87fa38
R
P 0x7f948e876608
C 361
R
P 0x7f948e876608
P 0x7f948e87fa38
C 226
R
P 0x7f948e876608
C 361
R
P 0x7f948e876608
P 0x7f948e88a580
C 277
R
P 0x7f948e876608
C 361
R
P 0x7f948e876608
P 0x7f948e88a580
C 276
R
P 0x7f948e876608
C 361
R
P 0x7f948e876608
P 0x7f948e88a580
C 275
R
P 0x7f948e876608
C 361
R
P 0x7f948e876608
P 0x7f948e88a580
C 9
R
P 0x7f948e876608
C 361
R
P 0x7f948e876608
P 0x7f948e88a580
C 352
R
P 0x7f948e876608
C 361
R
P 0x7f948e876608
I -1
P 0x7f948e87fad8
C 154
= 0x7f948e880798
R
P 0x7f948e876608
C 361
R
P 0x7f948e876608
P 0x7f948e880798
C 275
R
P 0x7f948e876608
C 361
R
P 0x7f948e876608
P 0x7f948e880798
C 9
R
P 0x7f948e876608
C 361
R
P 0x7f948e876608
P 0x7f948e880758
P 0x7f948e880798
C 75
= 0x7f948e8874a8
R
P 0x7f948e876608
C 361
R
P 0x7f948e876608
P 0x7f948e8874a8
C 275
R
P 0x7f948e876608
C 361
R
P 0x7f948e876608
P 0x7f948e8874a8
C 9
R
P 0x7f948e876608
C 361
R
P 0x7f948e876608
P 0x7f948e8874a8
C 352
R
P 0x7f948e876608
C 361
R
P 0x7f948e876608
C 431
= 0x7f948cfd9218
R
P 0x7f948e876608
C 361
R
P 0x7f948e876608
P 0x7f948cfd9218
C 440
R
P 0x7f948e876608
C 361
R
P 0x7f948e876608
C 13
= 0x7f948cff8988
R
P 0x7f948e876608
C 361
R
P 0x7f948e876608
P 0x7f948cff8988
C 14
R
P 0x7f948e876608
C 361
R
P 0x7f948e876608
S "mbqi"
C 30
R
P 0x7f948e876608
C 361
R
P 0x7f948e876608
$ |mbqi|
C 219
R
P 0x7f948e876608
C 361
R
P 0x7f948e876608
P 0x7f948cff8988
$ |mbqi|
I 0
C 16
R
P 0x7f948e876608
C 361
R
P 0x7f948e876608
P 0x7f948cfd9218
P 0x7f948cff8988
C 439
R
P 0x7f948e876608
C 361
R
P 0x7f948e876608
P 0x7f948cfd9218
P 0x7f948e8824e8
C 447
R
P 0x7f948e876608
C 361
R
P 0x7f948e876608
P 0x7f948cfd9218
P 0x7f948e886c90
C 447
R
P 0x7f948e876608
C 361
R
P 0x7f948e876608
P 0x7f948cfd9218
P 0x7f948e886bb0
C 447
R
P 0x7f948e876608
C 361
R
P 0x7f948e876608
P 0x7f948e8874a8
C 60
= 0x7f948e882db8
R
P 0x7f948e876608
C 361
R
P 0x7f948e876608
P 0x7f948e882db8
C 275
R
P 0x7f948e876608
C 361
R
P 0x7f948e876608
P 0x7f948e882db8
C 9
R
P 0x7f948e876608
C 361
R
P 0x7f948e876608
P 0x7f948cfd9218
P 0x7f948e882db8
C 447
R
P 0x7f948e876608
C 361
R
P 0x7f948e876608
P 0x7f948cfd9218
C 458
R
P 0x7f948e876608
C 361
R
P 0x7f948e876608
P 0x7f948cfd9218
C 463
= 0x7f948fb568e8
R
P 0x7f948e876608
C 361
R
P 0x7f948e876608
P 0x7f948fb568e8
C 319
R
P 0x7f948e876608
C 361
R
P 0x7f948e876608
P 0x7f948fb568e8
C 356
R
P 0x7f948e876608
C 361
M "ArrayExample2"
R
P 0x7f948e876608
P 0x7f948e87fad8
P 0x7f948e87fad8
C 37
= 0x7f948e8808b8
R
P 0x7f948e876608
C 361
R
P 0x7f948e876608
P 0x7f948e8808b8
C 274
R
P 0x7f948e876608
C 361
R
P 0x7f948e876608
P 0x7f948e8808b8
C 9
R
P 0x7f948e876608
C 361
R
P 0x7f948e876608
S "a1"
C 30
R
P 0x7f948e876608
C 361
R
P 0x7f948e876608
$ |a1|
C 219
R
P 0x7f948e876608
C 361
R
P 0x7f948e876608
$ |a1|
P 0x7f948e8808b8
C 51
= 0x7f948e880858
R
P 0x7f948e876608
C 361
R
P 0x7f948e876608
P 0x7f948e880858
C 274
R
P 0x7f948e876608
C 361
R
P 0x7f948e876608
P 0x7f948e880858
C 271
= 0x7f948e8808b8
R
P 0x7f948e876608
C 361
R
P 0x7f948e876608
P 0x7f948e8808b8
C 226
R
P 0x7f948e876608
C 361
R
P 0x7f948e876608
P 0x7f948e880858
C 277
R
P 0x7f948e876608
C 361
R
P 0x7f948e876608
P 0x7f948e880858
C 276
R
P 0x7f948e876608
C 361
R
P 0x7f948e876608
P 0x7f948e880858
C 275
R
P 0x7f948e876608
C 361
R
P 0x7f948e876608
P 0x7f948e880858
C 9
R
P 0x7f948e876608
C 361
R
P 0x7f948e876608
S "a2"
C 30
R
P 0x7f948e876608
C 361
R
P 0x7f948e876608
$ |a2|
C 219
R
P 0x7f948e876608
C 361
R
P 0x7f948e876608
P 0x7f948e87fad8
P 0x7f948e87fad8
C 37
= 0x7f948e8808b8
R
P 0x7f948e876608
C 361
R
P 0x7f948e876608
P 0x7f948e8808b8
C 274
R
P 0x7f948e876608
C 361
R
P 0x7f948e876608
P 0x7f948e8808b8
C 9
R
P 0x7f948e876608
C 361
R
P 0x7f948e876608
$ |a2|
P 0x7f948e8808b8
C 51
= 0x7f948e880818
R
P 0x7f948e876608
C 361
R
P 0x7f948e876608
P 0x7f948e880818
C 274
R
P 0x7f948e876608
C 361
R
P 0x7f948e876608
P 0x7f948e880818
C 271
= 0x7f948e8808b8
R
P 0x7f948e876608
C 361
R
P 0x7f948e876608
P 0x7f948e8808b8
C 226
R
P 0x7f948e876608
C 361
R
P 0x7f948e876608
P 0x7f948e880818
C 277
R
P 0x7f948e876608
C 361
R
P 0x7f948e876608
P 0x7f948e880818
C 276
R
P 0x7f948e876608
C 361
R
P 0x7f948e876608
P 0x7f948e880818
C 275
R
P 0x7f948e876608
C 361
R
P 0x7f948e876608
P 0x7f948e880818
C 9
R
P 0x7f948e876608
C 361
R
P 0x7f948e876608
S "i1"
C 30
R
P 0x7f948e876608
C 361
R
P 0x7f948e876608
$ |i1|
C 219
R
P 0x7f948e876608
C 361
R
P 0x7f948e876608
$ |i1|
P 0x7f948e87fad8
C 51
= 0x7f948e880838
R
P 0x7f948e876608
C 361
R
P 0x7f948e876608
P 0x7f948e880838
C 274
R
P 0x7f948e876608
C 361
R
P 0x7f948e876608
P 0x7f948e880838
C 271
= 0x7f948e87fad8
R
P 0x7f948e876608
C 361
R
P 0x7f948e876608
P 0x7f948e87fad8
C 226
R
P 0x7f948e876608
C 361
R
P 0x7f948e876608
P 0x7f948e880838
C 277
R
P 0x7f948e876608
C 361
R
P 0x7f948e876608
P 0x7f948e880838
C 276
R
P 0x7f948e876608
C 361
R
P 0x7f948e876608
P 0x7f948e880838
C 275
R
P 0x7f948e876608
C 361
R
P 0x7f948e876608
P 0x7f948e880838
C 9
R
P 0x7f948e876608
C 361
R
P 0x7f948e876608
S "i2"
C 30
R
P 0x7f948e876608
C 361
R
P 0x7f948e876608
$ |i2|
C 219
R
P 0x7f948e876608
C 361
R
P 0x7f948e876608
$ |i2|
P 0x7f948e87fad8
C 51
= 0x7f948e880878
R
P 0x7f948e876608
C 361
R
P 0x7f948e876608
P 0x7f948e880878
C 274
R
P 0x7f948e876608
C 361
R
P 0x7f948e876608
P 0x7f948e880878
C 271
= 0x7f948e87fad8
R
P 0x7f948e876608
C 361
R
P 0x7f948e876608
P 0x7f948e87fad8
C 226
R
P 0x7f948e876608
C 361
R
P 0x7f948e876608
P 0x7f948e880878
C 277
R
P 0x7f948e876608
C 361
R
P 0x7f948e876608
P 0x7f948e880878
C 276
R
P 0x7f948e876608
C 361
R
P 0x7f948e876608
P 0x7f948e880878
C 275
R
P 0x7f948e876608
C 361
R
P 0x7f948e876608
P 0x7f948e880878
C 9
R
P 0x7f948e876608
C 361
R
P 0x7f948e876608
S "i3"
C 30
R
P 0x7f948e876608
C 361
R
P 0x7f948e876608
$ |i3|
C 219
R
P 0x7f948e876608
C 361
R
P 0x7f948e876608
$ |i3|
P 0x7f948e87fad8
C 51
= 0x7f948e880898
R
P 0x7f948e876608
C 361
R
P 0x7f948e876608
P 0x7f948e880898
C 274
R
P 0x7f948e876608
C 361
R
P 0x7f948e876608
P 0x7f948e880898
C 271
= 0x7f948e87fad8
R
P 0x7f948e876608
C 361
R
P 0x7f948e876608
P 0x7f948e87fad8
C 226
R
P 0x7f948e876608
C 361
R
P 0x7f948e876608
P 0x7f948e880898
C 277
R
P 0x7f948e876608
C 361
R
P 0x7f948e876608
P 0x7f948e880898
C 276
R
P 0x7f948e876608
C 361
R
P 0x7f948e876608
P 0x7f948e880898
C 275
R
P 0x7f948e876608
C 361
R
P 0x7f948e876608
P 0x7f948e880898
C 9
R
P 0x7f948e876608
C 361
R
P 0x7f948e876608
S "v1"
C 30
R
P 0x7f948e876608
C 361
R
P 0x7f948e876608
$ |v1|
C 219
R
P 0x7f948e876608
C 361
R
P 0x7f948e876608
$ |v1|
P 0x7f948e87fad8
C 51
= 0x7f948e880978
R
P 0x7f948e876608
C 361
R
P 0x7f948e876608
P 0x7f948e880978
C 274
R
P 0x7f948e876608
C 361
R
P 0x7f948e876608
P 0x7f948e880978
C 271
= 0x7f948e87fad8
R
P 0x7f948e876608
C 361
R
P 0x7f948e876608
P 0x7f948e87fad8
C 226
R
P 0x7f948e876608
C 361
R
P 0x7f948e876608
P 0x7f948e880978
C 277
R
P 0x7f948e876608
C 361
R
P 0x7f948e876608
P 0x7f948e880978
C 276
R
P 0x7f948e876608
C 361
R
P 0x7f948e876608
P 0x7f948e880978
C 275
R
P 0x7f948e876608
C 361
R
P 0x7f948e876608
P 0x7f948e880978
C 9
R
P 0x7f948e876608
C 361
R
P 0x7f948e876608
S "v2"
C 30
R
P 0x7f948e876608
C 361
R
P 0x7f948e876608
$ |v2|
C 219
R
P 0x7f948e876608
C 361
R
P 0x7f948e876608
$ |v2|
P 0x7f948e87fad8
C 51
= 0x7f948e880998
R
P 0x7f948e876608
C 361
R
P 0x7f948e876608
P 0x7f948e880998
C 274
R
P 0x7f948e876608
C 361
R
P 0x7f948e876608
P 0x7f948e880998
C 271
= 0x7f948e87fad8
R
P 0x7f948e876608
C 361
R
P 0x7f948e876608
P 0x7f948e87fad8
C 226
R
P 0x7f948e876608
C 361
R
P 0x7f948e876608
P 0x7f948e880998
C 277
R
P 0x7f948e876608
C 361
R
P 0x7f948e876608
P 0x7f948e880998
C 276
R
P 0x7f948e876608
C 361
R
P 0x7f948e876608
P 0x7f948e880998
C 275
R
P 0x7f948e876608
C 361
R
P 0x7f948e876608
P 0x7f948e880998
C 9
R
P 0x7f948e876608
C 361
R
P 0x7f948e876608
P 0x7f948e880858
P 0x7f948e880838
P 0x7f948e880978
C 133
= 0x7f948e884b18
R
P 0x7f948e876608
C 361
R
P 0x7f948e876608
P 0x7f948e884b18
C 275
R
P 0x7f948e876608
C 361
R
P 0x7f948e876608
P 0x7f948e884b18
C 9
R
P 0x7f948e876608
C 361
R
P 0x7f948e876608
P 0x7f948e880818
P 0x7f948e880878
P 0x7f948e880998
C 133
= 0x7f948e884b58
R
P 0x7f948e876608
C 361
R
P 0x7f948e876608
P 0x7f948e884b58
C 275
R
P 0x7f948e876608
C 361
R
P 0x7f948e876608
P 0x7f948e884b58
C 9
R
P 0x7f948e876608
C 361
R
P 0x7f948e876608
P 0x7f948e880858
P 0x7f948e880898
C 131
= 0x7f948e887978
R
P 0x7f948e876608
C 361
R
P 0x7f948e876608
P 0x7f948e887978
C 274
R
P 0x7f948e876608
C 361
R
P 0x7f948e876608
P 0x7f948e887978
C 271
= 0x7f948e87fad8
R
P 0x7f948e876608
C 361
R
P 0x7f948e876608
P 0x7f948e87fad8
C 226
R
P 0x7f948e876608
C 361
R
P 0x7f948e876608
P 0x7f948e887978
C 277
R
P 0x7f948e876608
C 361
R
P 0x7f948e876608
P 0x7f948e887978
C 276
R
P 0x7f948e876608
C 361
R
P 0x7f948e876608
P 0x7f948e887978
C 275
R
P 0x7f948e876608
C 361
R
P 0x7f948e876608
P 0x7f948e887978
C 9
R
P 0x7f948e876608
C 361
R
P 0x7f948e876608
P 0x7f948e880818
P 0x7f948e880898
C 131
= 0x7f948e887dd8
R
P 0x7f948e876608
C 361
R
P 0x7f948e876608
P 0x7f948e887dd8
C 274
R
P 0x7f948e876608
C 361
R
P 0x7f948e876608
P 0x7f948e887dd8
C 271
= 0x7f948e87fad8
R
P 0x7f948e876608
C 361
R
P 0x7f948e876608
P 0x7f948e87fad8
C 226
R
P 0x7f948e876608
C 361
R
P 0x7f948e876608
P 0x7f948e887dd8
C 277
R
P 0x7f948e876608
C 361
R
P 0x7f948e876608
P 0x7f948e887dd8
C 276
R
P 0x7f948e876608
C 361
R
P 0x7f948e876608
P 0x7f948e887dd8
C 275
R
P 0x7f948e876608
C 361
R
P 0x7f948e876608
P 0x7f948e887dd8
C 9
R
P 0x7f948e876608
C 361
R
P 0x7f948e876608
P 0x7f948e884b18
P 0x7f948e884b58
C 58
= 0x7f948e887e10
R
P 0x7f948e876608
C 361
R
P 0x7f948e876608
P 0x7f948e887e10
C 275
R
P 0x7f948e876608
C 361
R
P 0x7f948e876608
P 0x7f948e887e10
C 9
R
P 0x7f948e876608
C 361
R
P 0x7f948e876608
P 0x7f948e880838
P 0x7f948e880898
C 58
= 0x7f948e887f98
R
P 0x7f948e876608
C 361
R
P 0x7f948e876608
P 0x7f948e887f98
C 275
R
P 0x7f948e876608
C 361
R
P 0x7f948e876608
P 0x7f948e887f98
C 9
R
P 0x7f948e876608
C 361
R
P 0x7f948e876608
P 0x7f948e880878
P 0x7f948e880898
C 58
= 0x7f948e887710
R
P 0x7f948e876608
C 361
R
P 0x7f948e876608
P 0x7f948e887710
C 275
R
P 0x7f948e876608
C 361
R
P 0x7f948e876608
P 0x7f948e887710
C 9
R
P 0x7f948e876608
C 361
R
P 0x7f948e876608
P 0x7f948e887978
P 0x7f948e887dd8
C 58
= 0x7f948e887748
R
P 0x7f948e876608
C 361
R
P 0x7f948e876608
P 0x7f948e887748
C 275
R
P 0x7f948e876608
C 361
R
P 0x7f948e876608
P 0x7f948e887748
C 9
R
P 0x7f948e876608
C 361
R
P 0x7f948e876608
U 3
P 0x7f948e887f98
P 0x7f948e887710
P 0x7f948e887748
p 3
C 66
= 0x7f948e884e18
R
P 0x7f948e876608
C 361
R
P 0x7f948e876608
P 0x7f948e884e18
C 275
R
P 0x7f948e876608
C 361
R
P 0x7f948e876608
P 0x7f948e884e18
C 9
R
P 0x7f948e876608
C 361
R
P 0x7f948e876608
P 0x7f948e887e10
P 0x7f948e884e18
C 63
= 0x7f948e887828
R
P 0x7f948e876608
C 361
R
P 0x7f948e876608
P 0x7f948e887828
C 275
R
P 0x7f948e876608
C 361
R
P 0x7f948e876608
P 0x7f948e887828
C 9
R
P 0x7f948e876608
C 361
R
P 0x7f948e876608
P 0x7f948e887828
C 352
R
P 0x7f948e876608
C 361
R
P 0x7f948e876608
P 0x7f948e887828
C 352
R
P 0x7f948e876608
C 361
R
P 0x7f948e876608
C 431
= 0x7f948f386248
R
P 0x7f948e876608
C 361
R
P 0x7f948e876608
P 0x7f948f386248
C 440
R
P 0x7f948e876608
C 361
R
P 0x7f948e876608
C 13
= 0x7f948f3862f8
R
P 0x7f948e876608
C 361
R
P 0x7f948e876608
P 0x7f948f3862f8
C 14
R
P 0x7f948e876608
C 361
R
P 0x7f948e876608
S "mbqi"
C 30
R
P 0x7f948e876608
C 361
R
P 0x7f948e876608
$ |mbqi|
C 219
R
P 0x7f948e876608
C 361
R
P 0x7f948e876608
P 0x7f948f3862f8
$ |mbqi|
I 0
C 16
R
P 0x7f948e876608
C 361
R
P 0x7f948e876608
P 0x7f948f386248
P 0x7f948f3862f8
C 439
R
P 0x7f948e876608
C 361
R
P 0x7f948e876608
P 0x7f948e887828
C 60
= 0x7f948e882908
R
P 0x7f948e876608
C 361
R
P 0x7f948e876608
P 0x7f948e882908
C 275
R
P 0x7f948e876608
C 361
R
P 0x7f948e876608
P 0x7f948e882908
C 9
R
P 0x7f948e876608
C 361
R
P 0x7f948e876608
P 0x7f948f386248
P 0x7f948e882908
C 447
R
P 0x7f948e876608
C 361
R
P 0x7f948e876608
P 0x7f948f386248
C 458
R
P 0x7f948e876608
C 361
R
P 0x7f948e876608
P 0x7f948f386248
C 464
= 0x7f948e8857d8
R
P 0x7f948e876608
C 361
R
P 0x7f948e876608
P 0x7f948e8857d8
C 274
R
P 0x7f948e876608
C 361
R
P 0x7f948e876608
P 0x7f948e8857d8
C 271
= 0x7f948e87fa38
R
P 0x7f948e876608
C 361
R
P 0x7f948e876608
P 0x7f948e87fa38
C 226
R
P 0x7f948e876608
C 361
R
P 0x7f948e876608
P 0x7f948e8857d8
C 277
R
P 0x7f948e876608
C 361
R
P 0x7f948e876608
P 0x7f948e8857d8
C 276
R
P 0x7f948e876608
C 361
R
P 0x7f948e876608
P 0x7f948e8857d8
C 275
R
P 0x7f948e876608
C 361
R
P 0x7f948e876608
P 0x7f948e8857d8
C 9
R
P 0x7f948e876608
C 361
R
P 0x7f948e876608
P 0x7f948e8857d8
C 352
R
P 0x7f948e876608
C 361
M "TupleExample"
R
P 0x7f948e876608
S "mk_tuple"
C 30
R
P 0x7f948e876608
C 361
R
P 0x7f948e876608
$ |mk_tuple|
C 219
R
P 0x7f948e876608
C 361
R
P 0x7f948e876608
S "first"
C 30
R
P 0x7f948e876608
C 361
R
P 0x7f948e876608
$ |first|
C 219
R
P 0x7f948e876608
C 361
R
P 0x7f948e876608
S "second"
C 30
R
P 0x7f948e876608
C 361
R
P 0x7f948e876608
$ |second|
C 219
R
P 0x7f948e876608
C 361
R
P 0x7f948e876608
$ |mk_tuple|
U 2
$ |first|
$ |second|
s 2
P 0x7f948e87fad8
P 0x7f948e87fad8
p 2
P 0x0
P 0x0
P 0x0
p 2
C 39
= 0x7f948e880a38
* 0x7f948e8851d8 5
@ 0x7f9486ca1828 6 0
@ 0x7f9486ca1400 6 1
R
P 0x7f948e876608
C 361
R
P 0x7f948e876608
P 0x7f948e880a38
C 274
R
P 0x7f948e876608
C 361
R
P 0x7f948e876608
P 0x7f948e880a38
C 9
R
P 0x7f948e876608
C 361
R
P 0x7f948e876608
P 0x7f948e880a38
C 232
R
P 0x7f948e876608
C 361
R
P 0x7f948e876608
P 0x7f948e880a38
U 0
C 233
= 0x7f9486ca1828
R
P 0x7f948e876608
C 361
R
P 0x7f948e876608
P 0x7f9486ca1828
C 274
R
P 0x7f948e876608
C 361
R
P 0x7f948e876608
P 0x7f9486ca1828
C 9
R
P 0x7f948e876608
C 361
R
P 0x7f948e876608
P 0x7f948e880a38
U 1
C 233
= 0x7f9486ca1400
R
P 0x7f948e876608
C 361
R
P 0x7f948e876608
P 0x7f9486ca1400
C 274
R
P 0x7f948e876608
C 361
R
P 0x7f948e876608
P 0x7f9486ca1400
C 9
R
P 0x7f948e876608
C 361
R
P 0x7f948e876608
P 0x7f948e880a38
C 232
R
P 0x7f948e876608
C 361
R
P 0x7f948e876608
P 0x7f948e880a38
U 0
C 233
= 0x7f9486ca1828
R
P 0x7f948e876608
C 361
R
P 0x7f948e876608
P 0x7f9486ca1828
C 274
R
P 0x7f948e876608
C 361
R
P 0x7f948e876608
P 0x7f9486ca1828
C 9
R
P 0x7f948e876608
C 361
R
P 0x7f948e876608
P 0x7f948e880a38
U 1
C 233
= 0x7f9486ca1400
R
P 0x7f948e876608
C 361
R
P 0x7f948e876608
P 0x7f9486ca1400
C 274
R
P 0x7f948e876608
C 361
R
P 0x7f948e876608
P 0x7f9486ca1400
C 9
R
P 0x7f948e876608
C 361
R
P 0x7f948e876608
S "x"
C 30
R
P 0x7f948e876608
C 361
R
P 0x7f948e876608
$ |x|
C 219
R
P 0x7f948e876608
C 361
R
P 0x7f948e876608
$ |x|
P 0x7f948e87fad8
C 51
= 0x7f948e880718
R
P 0x7f948e876608
C 361
R
P 0x7f948e876608
P 0x7f948e880718
C 274
R
P 0x7f948e876608
C 361
R
P 0x7f948e876608
P 0x7f948e880718
C 271
= 0x7f948e87fad8
R
P 0x7f948e876608
C 361
R
P 0x7f948e876608
P 0x7f948e87fad8
C 226
R
P 0x7f948e876608
C 361
R
P 0x7f948e876608
P 0x7f948e880718
C 277
R
P 0x7f948e876608
C 361
R
P 0x7f948e876608
P 0x7f948e880718
C 276
R
P 0x7f948e876608
C 361
R
P 0x7f948e876608
P 0x7f948e880718
C 275
R
P 0x7f948e876608
C 361
R
P 0x7f948e876608
P 0x7f948e880718
C 9
R
P 0x7f948e876608
C 361
R
P 0x7f948e876608
S "y"
C 30
R
P 0x7f948e876608
C 361
R
P 0x7f948e876608
$ |y|
C 219
R
P 0x7f948e876608
C 361
R
P 0x7f948e876608
$ |y|
P 0x7f948e87fad8
C 51
= 0x7f948e880738
R
P 0x7f948e876608
C 361
R
P 0x7f948e876608
P 0x7f948e880738
C 274
R
P 0x7f948e876608
C 361
R
P 0x7f948e876608
P 0x7f948e880738
C 271
= 0x7f948e87fad8
R
P 0x7f948e876608
C 361
R
P 0x7f948e876608
P 0x7f948e87fad8
C 226
R
P 0x7f948e876608
C 361
R
P 0x7f948e876608
P 0x7f948e880738
C 277
R
P 0x7f948e876608
C 361
R
P 0x7f948e876608
P 0x7f948e880738
C 276
R
P 0x7f948e876608
C 361
R
P 0x7f948e876608
P 0x7f948e880738
C 275
R
P 0x7f948e876608
C 361
R
P 0x7f948e876608
P 0x7f948e880738
C 9
R
P 0x7f948e876608
C 361
R
P 0x7f948e876608
P 0x7f948e880a38
C 231
= 0x7f948e8851d8
R
P 0x7f948e876608
C 361
R
P 0x7f948e876608
P 0x7f948e8851d8
C 274
R
P 0x7f948e876608
C 361
R
P 0x7f948e876608
P 0x7f948e8851d8
C 9
R
P 0x7f948e876608
C 361
R
P 0x7f948e876608
P 0x7f948e8851d8
U 2
P 0x7f948e880718
P 0x7f948e880738
p 2
C 50
= 0x7f9486ca1438
R
P 0x7f948e876608
C 361
R
P 0x7f948e876608
P 0x7f9486ca1438
C 274
R
P 0x7f948e876608
C 361
R
P 0x7f948e876608
P 0x7f9486ca1438
C 271
= 0x7f948e880a38
R
P 0x7f948e876608
C 361
R
P 0x7f948e876608
P 0x7f948e880a38
C 226
R
P 0x7f948e876608
C 361
R
P 0x7f948e876608
P 0x7f9486ca1438
C 277
R
P 0x7f948e876608
C 361
R
P 0x7f948e876608
P 0x7f9486ca1438
C 276
R
P 0x7f948e876608
C 361
R
P 0x7f948e876608
P 0x7f9486ca1438
C 275
R
P 0x7f948e876608
C 361
R
P 0x7f948e876608
P 0x7f9486ca1438
C 9
R
P 0x7f948e876608
C 361
R
P 0x7f948e876608
P 0x7f9486ca1828
U 1
P 0x7f9486ca1438
p 1
C 50
= 0x7f948e8833e8
R
P 0x7f948e876608
C 361
R
P 0x7f948e876608
P 0x7f948e8833e8
C 274
R
P 0x7f948e876608
C 361
R
P 0x7f948e876608
P 0x7f948e8833e8
C 271
= 0x7f948e87fad8
R
P 0x7f948e876608
C 361
R
P 0x7f948e876608
P 0x7f948e87fad8
C 226
R
P 0x7f948e876608
C 361
R
P 0x7f948e876608
P 0x7f948e8833e8
C 277
R
P 0x7f948e876608
C 361
R
P 0x7f948e876608
P 0x7f948e8833e8
C 276
R
P 0x7f948e876608
C 361
R
P 0x7f948e876608
P 0x7f948e8833e8
C 275
R
P 0x7f948e876608
C 361
R
P 0x7f948e876608
P 0x7f948e8833e8
C 9
R
P 0x7f948e876608
C 361
R
P 0x7f948e876608
P 0x7f948e880718
P 0x7f948e8833e8
C 58
= 0x7f9486ca1470
R
P 0x7f948e876608
C 361
R
P 0x7f948e876608
P 0x7f9486ca1470
C 275
R
P 0x7f948e876608
C 361
R
P 0x7f948e876608
P 0x7f9486ca1470
C 9
R
P 0x7f948e876608
C 361
R
P 0x7f948e876608
P 0x7f9486ca1470
C 352
R
P 0x7f948e876608
C 361
R
P 0x7f948e876608
P 0x7f9486ca1470
C 352
R
P 0x7f948e876608
C 361
R
P 0x7f948e876608
C 431
= 0x7f948f30bb98
R
P 0x7f948e876608
C 361
R
P 0x7f948e876608
P 0x7f948f30bb98
C 440
R
P 0x7f948e876608
C 361
R
P 0x7f948e876608
C 13
= 0x7f948f3f7498
R
P 0x7f948e876608
C 361
R
P 0x7f948e876608
P 0x7f948f3f7498
C 14
R
P 0x7f948e876608
C 361
R
P 0x7f948e876608
S "mbqi"
C 30
R
P 0x7f948e876608
C 361
R
P 0x7f948e876608
$ |mbqi|
C 219
R
P 0x7f948e876608
C 361
R
P 0x7f948e876608
P 0x7f948f3f7498
$ |mbqi|
I 0
C 16
R
P 0x7f948e876608
C 361
R
P 0x7f948e876608
P 0x7f948f30bb98
P 0x7f948f3f7498
C 439
R
P 0x7f948e876608
C 361
R
P 0x7f948e876608
P 0x7f9486ca1470
C 60
= 0x7f948e883628
R
P 0x7f948e876608
C 361
R
P 0x7f948e876608
P 0x7f948e883628
C 275
R
P 0x7f948e876608
C 361
R
P 0x7f948e876608
P 0x7f948e883628
C 9
R
P 0x7f948e876608
C 361
R
P 0x7f948e876608
P 0x7f948f30bb98
P 0x7f948e883628
C 447
R
P 0x7f948e876608
C 361
R
P 0x7f948e876608
P 0x7f948f30bb98
C 458
R
P 0x7f948e876608
C 361
R
P 0x7f948e876608
P 0x7f948f30bb98
C 464
= 0x7f948e885898
R
P 0x7f948e876608
C 361
R
P 0x7f948e876608
P 0x7f948e885898
C 274
R
P 0x7f948e876608
C 361
R
P 0x7f948e876608
P 0x7f948e885898
C 271
= 0x7f948e87fa38
R
P 0x7f948e876608
C 361
R
P 0x7f948e876608
P 0x7f948e87fa38
C 226
R
P 0x7f948e876608
C 361
R
P 0x7f948e876608
P 0x7f948e885898
C 277
R
P 0x7f948e876608
C 361
R
P 0x7f948e876608
P 0x7f948e885898
C 276
R
P 0x7f948e876608
C 361
R
P 0x7f948e876608
P 0x7f948e885898
C 275
R
P 0x7f948e876608
C 361
R
P 0x7f948e876608
P 0x7f948e885898
C 9
R
P 0x7f948e876608
C 361
R
P 0x7f948e876608
P 0x7f948e885898
C 352
R
P 0x7f948e876608
C 361
M "EnumExample"
R
P 0x7f948e876608
S "fruit"
C 30
R
P 0x7f948e876608
C 361
R
P 0x7f948e876608
$ |fruit|
C 219
R
P 0x7f948e876608
C 361
R
P 0x7f948e876608
S "apple"
C 30
R
P 0x7f948e876608
C 361
R
P 0x7f948e876608
$ |apple|
C 219
R
P 0x7f948e876608
C 361
R
P 0x7f948e876608
S "banana"
C 30
R
P 0x7f948e876608
C 361
R
P 0x7f948e876608
$ |banana|
C 219
R
P 0x7f948e876608
C 361
R
P 0x7f948e876608
S "orange"
C 30
R
P 0x7f948e876608
C 361
R
P 0x7f948e876608
$ |orange|
C 219
R
P 0x7f948e876608
C 361
R
P 0x7f948e876608
$ |fruit|
U 3
$ |apple|
$ |banana|
$ |orange|
s 3
P 0x0
P 0x0
P 0x0
p 3
P 0x0
P 0x0
P 0x0
p 3
C 40
= 0x7f948e880a58
@ 0x7f948e883b98 4 0
@ 0x7f948e883bc8 4 1
@ 0x7f948eb97a18 4 2
@ 0x7f9486ca1630 5 0
@ 0x7f9486ca1668 5 1
@ 0x7f9486ca16a0 5 2
R
P 0x7f948e876608
C 361
R
P 0x7f948e876608
P 0x7f948e880a58
C 274
R
P 0x7f948e876608
C 361
R
P 0x7f948e876608
P 0x7f948e880a58
C 9
R
P 0x7f948e876608
C 361
R
P 0x7f948e876608
P 0x7f948e880a58
C 234
R
P 0x7f948e876608
C 361
R
P 0x7f948e876608
P 0x7f948e880a58
U 0
C 235
= 0x7f948e883b98
R
P 0x7f948e876608
C 361
R
P 0x7f948e876608
P 0x7f948e883b98
C 274
R
P 0x7f948e876608
C 361
R
P 0x7f948e876608
P 0x7f948e883b98
C 9
R
P 0x7f948e876608
C 361
R
P 0x7f948e876608
P 0x7f948e880a58
U 1
C 235
= 0x7f948e883bc8
R
P 0x7f948e876608
C 361
R
P 0x7f948e876608
P 0x7f948e883bc8
C 274
R
P 0x7f948e876608
C 361
R
P 0x7f948e876608
P 0x7f948e883bc8
C 9
R
P 0x7f948e876608
C 361
R
P 0x7f948e876608
P 0x7f948e880a58
U 2
C 235
= 0x7f948eb97a18
R
P 0x7f948e876608
C 361
R
P 0x7f948e876608
P 0x7f948eb97a18
C 274
R
P 0x7f948e876608
C 361
R
P 0x7f948e876608
P 0x7f948eb97a18
C 9
R
P 0x7f948e876608
C 361
R
P 0x7f948e876608
P 0x7f948e883b98
U 0
p 0
C 50
= 0x7f948e880a78
R
P 0x7f948e876608
C 361
R
P 0x7f948e876608
P 0x7f948e880a78
C 274
R
P 0x7f948e876608
C 361
R
P 0x7f948e876608
P 0x7f948e880a78
C 271
= 0x7f948e880a58
R
P 0x7f948e876608
C 361
R
P 0x7f948e876608
P 0x7f948e880a58
C 226
R
P 0x7f948e876608
C 361
R
P 0x7f948e876608
P 0x7f948e880a78
C 277
R
P 0x7f948e876608
C 361
R
P 0x7f948e876608
P 0x7f948e880a78
C 276
R
P 0x7f948e876608
C 361
R
P 0x7f948e876608
P 0x7f948e880a78
C 275
R
P 0x7f948e876608
C 361
R
P 0x7f948e876608
P 0x7f948e880a78
C 9
R
P 0x7f948e876608
C 361
R
P 0x7f948e876608
P 0x7f948e883bc8
U 0
p 0
C 50
= 0x7f948e880a98
R
P 0x7f948e876608
C 361
R
P 0x7f948e876608
P 0x7f948e880a98
C 274
R
P 0x7f948e876608
C 361
R
P 0x7f948e876608
P 0x7f948e880a98
C 271
= 0x7f948e880a58
R
P 0x7f948e876608
C 361
R
P 0x7f948e876608
P 0x7f948e880a58
C 226
R
P 0x7f948e876608
C 361
R
P 0x7f948e876608
P 0x7f948e880a98
C 277
R
P 0x7f948e876608
C 361
R
P 0x7f948e876608
P 0x7f948e880a98
C 276
R
P 0x7f948e876608
C 361
R
P 0x7f948e876608
P 0x7f948e880a98
C 275
R
P 0x7f948e876608
C 361
R
P 0x7f948e876608
P 0x7f948e880a98
C 9
R
P 0x7f948e876608
C 361
R
P 0x7f948e876608
P 0x7f948eb97a18
U 0
p 0
C 50
= 0x7f948e880ab8
R
P 0x7f948e876608
C 361
R
P 0x7f948e876608
P 0x7f948e880ab8
C 274
R
P 0x7f948e876608
C 361
R
P 0x7f948e876608
P 0x7f948e880ab8
C 271
= 0x7f948e880a58
R
P 0x7f948e876608
C 361
R
P 0x7f948e876608
P 0x7f948e880a58
C 226
R
P 0x7f948e876608
C 361
R
P 0x7f948e876608
P 0x7f948e880ab8
C 277
R
P 0x7f948e876608
C 361
R
P 0x7f948e876608
P 0x7f948e880ab8
C 276
R
P 0x7f948e876608
C 361
R
P 0x7f948e876608
P 0x7f948e880ab8
C 275
R
P 0x7f948e876608
C 361
R
P 0x7f948e876608
P 0x7f948e880ab8
C 9
R
P 0x7f948e876608
C 361
R
P 0x7f948e876608
P 0x7f948e880a78
C 352
R
P 0x7f948e876608
C 361
R
P 0x7f948e876608
P 0x7f948e880a58
C 234
R
P 0x7f948e876608
C 361
R
P 0x7f948e876608
P 0x7f948e880a58
U 0
C 235
= 0x7f948e883b98
R
P 0x7f948e876608
C 361
R
P 0x7f948e876608
P 0x7f948e883b98
C 274
R
P 0x7f948e876608
C 361
R
P 0x7f948e876608
P 0x7f948e883b98
C 9
R
P 0x7f948e876608
C 361
R
P 0x7f948e876608
P 0x7f948e880a58
U 1
C 235
= 0x7f948e883bc8
R
P 0x7f948e876608
C 361
R
P 0x7f948e876608
P 0x7f948e883bc8
C 274
R
P 0x7f948e876608
C 361
R
P 0x7f948e876608
P 0x7f948e883bc8
C 9
R
P 0x7f948e876608
C 361
R
P 0x7f948e876608
P 0x7f948e880a58
U 2
C 235
= 0x7f948eb97a18
R
P 0x7f948e876608
C 361
R
P 0x7f948e876608
P 0x7f948eb97a18
C 274
R
P 0x7f948e876608
C 361
R
P 0x7f948e876608
P 0x7f948eb97a18
C 9
R
P 0x7f948e876608
C 361
R
P 0x7f948e876608
P 0x7f948e883b98
U 0
p 0
C 50
= 0x7f948e880a78
R
P 0x7f948e876608
C 361
R
P 0x7f948e876608
P 0x7f948e880a78
C 274
R
P 0x7f948e876608
C 361
R
P 0x7f948e876608
P 0x7f948e880a78
C 271
= 0x7f948e880a58
R
P 0x7f948e876608
C 361
R
P 0x7f948e876608
P 0x7f948e880a58
C 226
R
P 0x7f948e876608
C 361
R
P 0x7f948e876608
P 0x7f948e880a78
C 277
R
P 0x7f948e876608
C 361
R
P 0x7f948e876608
P 0x7f948e880a78
C 276
R
P 0x7f948e876608
C 361
R
P 0x7f948e876608
P 0x7f948e880a78
C 275
R
P 0x7f948e876608
C 361
R
P 0x7f948e876608
P 0x7f948e880a78
C 9
R
P 0x7f948e876608
C 361
R
P 0x7f948e876608
P 0x7f948e883bc8
U 0
p 0
C 50
= 0x7f948e880a98
R
P 0x7f948e876608
C 361
R
P 0x7f948e876608
P 0x7f948e880a98
C 274
R
P 0x7f948e876608
C 361
R
P 0x7f948e876608
P 0x7f948e880a98
C 271
= 0x7f948e880a58
R
P 0x7f948e876608
C 361
R
P 0x7f948e876608
P 0x7f948e880a58
C 226
R
P 0x7f948e876608
C 361
R
P 0x7f948e876608
P 0x7f948e880a98
C 277
R
P 0x7f948e876608
C 361
R
P 0x7f948e876608
P 0x7f948e880a98
C 276
R
P 0x7f948e876608
C 361
R
P 0x7f948e876608
P 0x7f948e880a98
C 275
R
P 0x7f948e876608
C 361
R
P 0x7f948e876608
P 0x7f948e880a98
C 9
R
P 0x7f948e876608
C 361
R
P 0x7f948e876608
P 0x7f948eb97a18
U 0
p 0
C 50
= 0x7f948e880ab8
R
P 0x7f948e876608
C 361
R
P 0x7f948e876608
P 0x7f948e880ab8
C 274
R
P 0x7f948e876608
C 361
R
P 0x7f948e876608
P 0x7f948e880ab8
C 271
= 0x7f948e880a58
R
P 0x7f948e876608
C 361
R
P 0x7f948e876608
P 0x7f948e880a58
C 226
R
P 0x7f948e876608
C 361
R
P 0x7f948e876608
P 0x7f948e880ab8
C 277
R
P 0x7f948e876608
C 361
R
P 0x7f948e876608
P 0x7f948e880ab8
C 276
R
P 0x7f948e876608
C 361
R
P 0x7f948e876608
P 0x7f948e880ab8
C 275
R
P 0x7f948e876608
C 361
R
P 0x7f948e876608
P 0x7f948e880ab8
C 9
R
P 0x7f948e876608
C 361
R
P 0x7f948e876608
P 0x7f948e880a98
C 352
R
P 0x7f948e876608
C 361
R
P 0x7f948e876608
P 0x7f948e880a58
C 234
R
P 0x7f948e876608
C 361
R
P 0x7f948e876608
P 0x7f948e880a58
U 0
C 235
= 0x7f948e883b98
R
P 0x7f948e876608
C 361
R
P 0x7f948e876608
P 0x7f948e883b98
C 274
R
P 0x7f948e876608
C 361
R
P 0x7f948e876608
P 0x7f948e883b98
C 9
R
P 0x7f948e876608
C 361
R
P 0x7f948e876608
P 0x7f948e880a58
U 1
C 235
= 0x7f948e883bc8
R
P 0x7f948e876608
C 361
R
P 0x7f948e876608
P 0x7f948e883bc8
C 274
R
P 0x7f948e876608
C 361
R
P 0x7f948e876608
P 0x7f948e883bc8
C 9
R
P 0x7f948e876608
C 361
R
P 0x7f948e876608
P 0x7f948e880a58
U 2
C 235
= 0x7f948eb97a18
R
P 0x7f948e876608
C 361
R
P 0x7f948e876608
P 0x7f948eb97a18
C 274
R
P 0x7f948e876608
C 361
R
P 0x7f948e876608
P 0x7f948eb97a18
C 9
R
P 0x7f948e876608
C 361
R
P 0x7f948e876608
P 0x7f948e883b98
U 0
p 0
C 50
= 0x7f948e880a78
R
P 0x7f948e876608
C 361
R
P 0x7f948e876608
P 0x7f948e880a78
C 274
R
P 0x7f948e876608
C 361
R
P 0x7f948e876608
P 0x7f948e880a78
C 271
= 0x7f948e880a58
R
P 0x7f948e876608
C 361
R
P 0x7f948e876608
P 0x7f948e880a58
C 226
R
P 0x7f948e876608
C 361
R
P 0x7f948e876608
P 0x7f948e880a78
C 277
R
P 0x7f948e876608
C 361
R
P 0x7f948e876608
P 0x7f948e880a78
C 276
R
P 0x7f948e876608
C 361
R
P 0x7f948e876608
P 0x7f948e880a78
C 275
R
P 0x7f948e876608
C 361
R
P 0x7f948e876608
P 0x7f948e880a78
C 9
R
P 0x7f948e876608
C 361
R
P 0x7f948e876608
P 0x7f948e883bc8
U 0
p 0
C 50
= 0x7f948e880a98
R
P 0x7f948e876608
C 361
R
P 0x7f948e876608
P 0x7f948e880a98
C 274
R
P 0x7f948e876608
C 361
R
P 0x7f948e876608
P 0x7f948e880a98
C 271
= 0x7f948e880a58
R
P 0x7f948e876608
C 361
R
P 0x7f948e876608
P 0x7f948e880a58
C 226
R
P 0x7f948e876608
C 361
R
P 0x7f948e876608
P 0x7f948e880a98
C 277
R
P 0x7f948e876608
C 361
R
P 0x7f948e876608
P 0x7f948e880a98
C 276
R
P 0x7f948e876608
C 361
R
P 0x7f948e876608
P 0x7f948e880a98
C 275
R
P 0x7f948e876608
C 361
R
P 0x7f948e876608
P 0x7f948e880a98
C 9
R
P 0x7f948e876608
C 361
R
P 0x7f948e876608
P 0x7f948eb97a18
U 0
p 0
C 50
= 0x7f948e880ab8
R
P 0x7f948e876608
C 361
R
P 0x7f948e876608
P 0x7f948e880ab8
C 274
R
P 0x7f948e876608
C 361
R
P 0x7f948e876608
P 0x7f948e880ab8
C 271
= 0x7f948e880a58
R
P 0x7f948e876608
C 361
R
P 0x7f948e876608
P 0x7f948e880a58
C 226
R
P 0x7f948e876608
C 361
R
P 0x7f948e876608
P 0x7f948e880ab8
C 277
R
P 0x7f948e876608
C 361
R
P 0x7f948e876608
P 0x7f948e880ab8
C 276
R
P 0x7f948e876608
C 361
R
P 0x7f948e876608
P 0x7f948e880ab8
C 275
R
P 0x7f948e876608
C 361
R
P 0x7f948e876608
P 0x7f948e880ab8
C 9
R
P 0x7f948e876608
C 361
R
P 0x7f948e876608
P 0x7f948e880ab8
C 352
R
P 0x7f948e876608
C 361
R
P 0x7f948e876608
P 0x7f948e880a58
C 234
R
P 0x7f948e876608
C 361
R
P 0x7f948e876608
P 0x7f948e880a58
U 0
C 236
= 0x7f9486ca16a0
R
P 0x7f948e876608
C 361
R
P 0x7f948e876608
P 0x7f9486ca16a0
C 274
R
P 0x7f948e876608
C 361
R
P 0x7f948e876608
P 0x7f9486ca16a0
C 9
R
P 0x7f948e876608
C 361
R
P 0x7f948e876608
P 0x7f948e880a58
U 1
C 236
= 0x7f9486ca1668
R
P 0x7f948e876608
C 361
R
P 0x7f948e876608
P 0x7f9486ca1668
C 274
R
P 0x7f948e876608
C 361
R
P 0x7f948e876608
P 0x7f9486ca1668
C 9
R
P 0x7f948e876608
C 361
R
P 0x7f948e876608
P 0x7f948e880a58
U 2
C 236
= 0x7f9486ca1630
R
P 0x7f948e876608
C 361
R
P 0x7f948e876608
P 0x7f9486ca1630
C 274
R
P 0x7f948e876608
C 361
R
P 0x7f948e876608
P 0x7f9486ca1630
C 9
R
P 0x7f948e876608
C 361
R
P 0x7f948e876608
P 0x7f9486ca16a0
C 352
R
P 0x7f948e876608
C 361
R
P 0x7f948e876608
P 0x7f948e880a58
C 234
R
P 0x7f948e876608
C 361
R
P 0x7f948e876608
P 0x7f948e880a58
U 0
C 236
= 0x7f9486ca16a0
R
P 0x7f948e876608
C 361
R
P 0x7f948e876608
P 0x7f9486ca16a0
C 274
R
P 0x7f948e876608
C 361
R
P 0x7f948e876608
P 0x7f9486ca16a0
C 9
R
P 0x7f948e876608
C 361
R
P 0x7f948e876608
P 0x7f948e880a58
U 1
C 236
= 0x7f9486ca1668
R
P 0x7f948e876608
C 361
R
P 0x7f948e876608
P 0x7f9486ca1668
C 274
R
P 0x7f948e876608
C 361
R
P 0x7f948e876608
P 0x7f9486ca1668
C 9
R
P 0x7f948e876608
C 361
R
P 0x7f948e876608
P 0x7f948e880a58
U 2
C 236
= 0x7f9486ca1630
R
P 0x7f948e876608
C 361
R
P 0x7f948e876608
P 0x7f9486ca1630
C 274
R
P 0x7f948e876608
C 361
R
P 0x7f948e876608
P 0x7f9486ca1630
C 9
R
P 0x7f948e876608
C 361
R
P 0x7f948e876608
P 0x7f9486ca1668
C 352
R
P 0x7f948e876608
C 361
R
P 0x7f948e876608
P 0x7f948e880a58
C 234
R
P 0x7f948e876608
C 361
R
P 0x7f948e876608
P 0x7f948e880a58
U 0
C 236
= 0x7f9486ca16a0
R
P 0x7f948e876608
C 361
R
P 0x7f948e876608
P 0x7f9486ca16a0
C 274
R
P 0x7f948e876608
C 361
R
P 0x7f948e876608
P 0x7f9486ca16a0
C 9
R
P 0x7f948e876608
C 361
R
P 0x7f948e876608
P 0x7f948e880a58
U 1
C 236
= 0x7f9486ca1668
R
P 0x7f948e876608
C 361
R
P 0x7f948e876608
P 0x7f9486ca1668
C 274
R
P 0x7f948e876608
C 361
R
P 0x7f948e876608
P 0x7f9486ca1668
C 9
R
P 0x7f948e876608
C 361
R
P 0x7f948e876608
P 0x7f948e880a58
U 2
C 236
= 0x7f9486ca1630
R
P 0x7f948e876608
C 361
R
P 0x7f948e876608
P 0x7f9486ca1630
C 274
R
P 0x7f948e876608
C 361
R
P 0x7f948e876608
P 0x7f9486ca1630
C 9
R
P 0x7f948e876608
C 361
R
P 0x7f948e876608
P 0x7f9486ca1630
C 352
R
P 0x7f948e876608
C 361
R
P 0x7f948e876608
P 0x7f948e880a58
C 234
R
P 0x7f948e876608
C 361
R
P 0x7f948e876608
P 0x7f948e880a58
U 0
C 235
= 0x7f948e883b98
R
P 0x7f948e876608
C 361
R
P 0x7f948e876608
P 0x7f948e883b98
C 274
R
P 0x7f948e876608
C 361
R
P 0x7f948e876608
P 0x7f948e883b98
C 9
R
P 0x7f948e876608
C 361
R
P 0x7f948e876608
P 0x7f948e880a58
U 1
C 235
= 0x7f948e883bc8
R
P 0x7f948e876608
C 361
R
P 0x7f948e876608
P 0x7f948e883bc8
C 274
R
P 0x7f948e876608
C 361
R
P 0x7f948e876608
P 0x7f948e883bc8
C 9
R
P 0x7f948e876608
C 361
R
P 0x7f948e876608
P 0x7f948e880a58
U 2
C 235
= 0x7f948eb97a18
R
P 0x7f948e876608
C 361
R
P 0x7f948e876608
P 0x7f948eb97a18
C 274
R
P 0x7f948e876608
C 361
R
P 0x7f948e876608
P 0x7f948eb97a18
C 9
R
P 0x7f948e876608
C 361
R
P 0x7f948e876608
P 0x7f948e883b98
U 0
p 0
C 50
= 0x7f948e880a78
R
P 0x7f948e876608
C 361
R
P 0x7f948e876608
P 0x7f948e880a78
C 274
R
P 0x7f948e876608
C 361
R
P 0x7f948e876608
P 0x7f948e880a78
C 271
= 0x7f948e880a58
R
P 0x7f948e876608
C 361
R
P 0x7f948e876608
P 0x7f948e880a58
C 226
R
P 0x7f948e876608
C 361
R
P 0x7f948e876608
P 0x7f948e880a78
C 277
R
P 0x7f948e876608
C 361
R
P 0x7f948e876608
P 0x7f948e880a78
C 276
R
P 0x7f948e876608
C 361
R
P 0x7f948e876608
P 0x7f948e880a78
C 275
R
P 0x7f948e876608
C 361
R
P 0x7f948e876608
P 0x7f948e880a78
C 9
R
P 0x7f948e876608
C 361
R
P 0x7f948e876608
P 0x7f948e883bc8
U 0
p 0
C 50
= 0x7f948e880a98
R
P 0x7f948e876608
C 361
R
P 0x7f948e876608
P 0x7f948e880a98
C 274
R
P 0x7f948e876608
C 361
R
P 0x7f948e876608
P 0x7f948e880a98
C 271
= 0x7f948e880a58
R
P 0x7f948e876608
C 361
R
P 0x7f948e876608
P 0x7f948e880a58
C 226
R
P 0x7f948e876608
C 361
R
P 0x7f948e876608
P 0x7f948e880a98
C 277
R
P 0x7f948e876608
C 361
R
P 0x7f948e876608
P 0x7f948e880a98
C 276
R
P 0x7f948e876608
C 361
R
P 0x7f948e876608
P 0x7f948e880a98
C 275
R
P 0x7f948e876608
C 361
R
P 0x7f948e876608
P 0x7f948e880a98
C 9
R
P 0x7f948e876608
C 361
R
P 0x7f948e876608
P 0x7f948eb97a18
U 0
p 0
C 50
= 0x7f948e880ab8
R
P 0x7f948e876608
C 361
R
P 0x7f948e876608
P 0x7f948e880ab8
C 274
R
P 0x7f948e876608
C 361
R
P 0x7f948e876608
P 0x7f948e880ab8
C 271
= 0x7f948e880a58
R
P 0x7f948e876608
C 361
R
P 0x7f948e876608
P 0x7f948e880a58
C 226
R
P 0x7f948e876608
C 361
R
P 0x7f948e876608
P 0x7f948e880ab8
C 277
R
P 0x7f948e876608
C 361
R
P 0x7f948e876608
P 0x7f948e880ab8
C 276
R
P 0x7f948e876608
C 361
R
P 0x7f948e876608
P 0x7f948e880ab8
C 275
R
P 0x7f948e876608
C 361
R
P 0x7f948e876608
P 0x7f948e880ab8
C 9
R
P 0x7f948e876608
C 361
R
P 0x7f948e876608
P 0x7f948e880a58
C 234
R
P 0x7f948e876608
C 361
R
P 0x7f948e876608
P 0x7f948e880a58
U 0
C 235
= 0x7f948e883b98
R
P 0x7f948e876608
C 361
R
P 0x7f948e876608
P 0x7f948e883b98
C 274
R
P 0x7f948e876608
C 361
R
P 0x7f948e876608
P 0x7f948e883b98
C 9
R
P 0x7f948e876608
C 361
R
P 0x7f948e876608
P 0x7f948e880a58
U 1
C 235
= 0x7f948e883bc8
R
P 0x7f948e876608
C 361
R
P 0x7f948e876608
P 0x7f948e883bc8
C 274
R
P 0x7f948e876608
C 361
R
P 0x7f948e876608
P 0x7f948e883bc8
C 9
R
P 0x7f948e876608
C 361
R
P 0x7f948e876608
P 0x7f948e880a58
U 2
C 235
= 0x7f948eb97a18
R
P 0x7f948e876608
C 361
R
P 0x7f948e876608
P 0x7f948eb97a18
C 274
R
P 0x7f948e876608
C 361
R
P 0x7f948e876608
P 0x7f948eb97a18
C 9
R
P 0x7f948e876608
C 361
R
P 0x7f948e876608
P 0x7f948e883b98
U 0
p 0
C 50
= 0x7f948e880a78
R
P 0x7f948e876608
C 361
R
P 0x7f948e876608
P 0x7f948e880a78
C 274
R
P 0x7f948e876608
C 361
R
P 0x7f948e876608
P 0x7f948e880a78
C 271
= 0x7f948e880a58
R
P 0x7f948e876608
C 361
R
P 0x7f948e876608
P 0x7f948e880a58
C 226
R
P 0x7f948e876608
C 361
R
P 0x7f948e876608
P 0x7f948e880a78
C 277
R
P 0x7f948e876608
C 361
R
P 0x7f948e876608
P 0x7f948e880a78
C 276
R
P 0x7f948e876608
C 361
R
P 0x7f948e876608
P 0x7f948e880a78
C 275
R
P 0x7f948e876608
C 361
R
P 0x7f948e876608
P 0x7f948e880a78
C 9
R
P 0x7f948e876608
C 361
R
P 0x7f948e876608
P 0x7f948e883bc8
U 0
p 0
C 50
= 0x7f948e880a98
R
P 0x7f948e876608
C 361
R
P 0x7f948e876608
P 0x7f948e880a98
C 274
R
P 0x7f948e876608
C 361
R
P 0x7f948e876608
P 0x7f948e880a98
C 271
= 0x7f948e880a58
R
P 0x7f948e876608
C 361
R
P 0x7f948e876608
P 0x7f948e880a58
C 226
R
P 0x7f948e876608
C 361
R
P 0x7f948e876608
P 0x7f948e880a98
C 277
R
P 0x7f948e876608
C 361
R
P 0x7f948e876608
P 0x7f948e880a98
C 276
R
P 0x7f948e876608
C 361
R
P 0x7f948e876608
P 0x7f948e880a98
C 275
R
P 0x7f948e876608
C 361
R
P 0x7f948e876608
P 0x7f948e880a98
C 9
R
P 0x7f948e876608
C 361
R
P 0x7f948e876608
P 0x7f948eb97a18
U 0
p 0
C 50
= 0x7f948e880ab8
R
P 0x7f948e876608
C 361
R
P 0x7f948e876608
P 0x7f948e880ab8
C 274
R
P 0x7f948e876608
C 361
R
P 0x7f948e876608
P 0x7f948e880ab8
C 271
= 0x7f948e880a58
R
P 0x7f948e876608
C 361
R
P 0x7f948e876608
P 0x7f948e880a58
C 226
R
P 0x7f948e876608
C 361
R
P 0x7f948e876608
P 0x7f948e880ab8
C 277
R
P 0x7f948e876608
C 361
R
P 0x7f948e876608
P 0x7f948e880ab8
C 276
R
P 0x7f948e876608
C 361
R
P 0x7f948e876608
P 0x7f948e880ab8
C 275
R
P 0x7f948e876608
C 361
R
P 0x7f948e876608
P 0x7f948e880ab8
C 9
R
P 0x7f948e876608
C 361
R
P 0x7f948e876608
P 0x7f948e880a58
C 234
R
P 0x7f948e876608
C 361
R
P 0x7f948e876608
P 0x7f948e880a58
U 0
C 235
= 0x7f948e883b98
R
P 0x7f948e876608
C 361
R
P 0x7f948e876608
P 0x7f948e883b98
C 274
R
P 0x7f948e876608
C 361
R
P 0x7f948e876608
P 0x7f948e883b98
C 9
R
P 0x7f948e876608
C 361
R
P 0x7f948e876608
P 0x7f948e880a58
U 1
C 235
= 0x7f948e883bc8
R
P 0x7f948e876608
C 361
R
P 0x7f948e876608
P 0x7f948e883bc8
C 274
R
P 0x7f948e876608
C 361
R
P 0x7f948e876608
P 0x7f948e883bc8
C 9
R
P 0x7f948e876608
C 361
R
P 0x7f948e876608
P 0x7f948e880a58
U 2
C 235
= 0x7f948eb97a18
R
P 0x7f948e876608
C 361
R
P 0x7f948e876608
P 0x7f948eb97a18
C 274
R
P 0x7f948e876608
C 361
R
P 0x7f948e876608
P 0x7f948eb97a18
C 9
R
P 0x7f948e876608
C 361
R
P 0x7f948e876608
P 0x7f948e883b98
U 0
p 0
C 50
= 0x7f948e880a78
R
P 0x7f948e876608
C 361
R
P 0x7f948e876608
P 0x7f948e880a78
C 274
R
P 0x7f948e876608
C 361
R
P 0x7f948e876608
P 0x7f948e880a78
C 271
= 0x7f948e880a58
R
P 0x7f948e876608
C 361
R
P 0x7f948e876608
P 0x7f948e880a58
C 226
R
P 0x7f948e876608
C 361
R
P 0x7f948e876608
P 0x7f948e880a78
C 277
R
P 0x7f948e876608
C 361
R
P 0x7f948e876608
P 0x7f948e880a78
C 276
R
P 0x7f948e876608
C 361
R
P 0x7f948e876608
P 0x7f948e880a78
C 275
R
P 0x7f948e876608
C 361
R
P 0x7f948e876608
P 0x7f948e880a78
C 9
R
P 0x7f948e876608
C 361
R
P 0x7f948e876608
P 0x7f948e883bc8
U 0
p 0
C 50
= 0x7f948e880a98
R
P 0x7f948e876608
C 361
R
P 0x7f948e876608
P 0x7f948e880a98
C 274
R
P 0x7f948e876608
C 361
R
P 0x7f948e876608
P 0x7f948e880a98
C 271
= 0x7f948e880a58
R
P 0x7f948e876608
C 361
R
P 0x7f948e876608
P 0x7f948e880a58
C 226
R
P 0x7f948e876608
C 361
R
P 0x7f948e876608
P 0x7f948e880a98
C 277
R
P 0x7f948e876608
C 361
R
P 0x7f948e876608
P 0x7f948e880a98
C 276
R
P 0x7f948e876608
C 361
R
P 0x7f948e876608
P 0x7f948e880a98
C 275
R
P 0x7f948e876608
C 361
R
P 0x7f948e876608
P 0x7f948e880a98
C 9
R
P 0x7f948e876608
C 361
R
P 0x7f948e876608
P 0x7f948eb97a18
U 0
p 0
C 50
= 0x7f948e880ab8
R
P 0x7f948e876608
C 361
R
P 0x7f948e876608
P 0x7f948e880ab8
C 274
R
P 0x7f948e876608
C 361
R
P 0x7f948e876608
P 0x7f948e880ab8
C 271
= 0x7f948e880a58
R
P 0x7f948e876608
C 361
R
P 0x7f948e876608
P 0x7f948e880a58
C 226
R
P 0x7f948e876608
C 361
R
P 0x7f948e876608
P 0x7f948e880ab8
C 277
R
P 0x7f948e876608
C 361
R
P 0x7f948e876608
P 0x7f948e880ab8
C 276
R
P 0x7f948e876608
C 361
R
P 0x7f948e876608
P 0x7f948e880ab8
C 275
R
P 0x7f948e876608
C 361
R
P 0x7f948e876608
P 0x7f948e880ab8
C 9
R
P 0x7f948e876608
C 361
R
P 0x7f948e876608
P 0x7f948e880a78
P 0x7f948e880ab8
C 58
= 0x7f9486ca16d8
R
P 0x7f948e876608
C 361
R
P 0x7f948e876608
P 0x7f9486ca16d8
C 275
R
P 0x7f948e876608
C 361
R
P 0x7f948e876608
P 0x7f9486ca16d8
C 9
R
P 0x7f948e876608
C 361
R
P 0x7f948e876608
P 0x7f9486ca16d8
C 60
= 0x7f948eb97a48
R
P 0x7f948e876608
C 361
R
P 0x7f948e876608
P 0x7f948eb97a48
C 275
R
P 0x7f948e876608
C 361
R
P 0x7f948e876608
P 0x7f948eb97a48
C 9
R
P 0x7f948e876608
C 361
R
P 0x7f948e876608
P 0x7f948eb97a48
C 352
R
P 0x7f948e876608
C 361
R
P 0x7f948e876608
C 431
= 0x7f948feff898
R
P 0x7f948e876608
C 361
R
P 0x7f948e876608
P 0x7f948feff898
C 440
R
P 0x7f948e876608
C 361
R
P 0x7f948e876608
C 13
= 0x7f948ffbecb8
R
P 0x7f948e876608
C 361
R
P 0x7f948e876608
P 0x7f948ffbecb8
C 14
R
P 0x7f948e876608
C 361
R
P 0x7f948e876608
S "mbqi"
C 30
R
P 0x7f948e876608
C 361
R
P 0x7f948e876608
$ |mbqi|
C 219
R
P 0x7f948e876608
C 361
R
P 0x7f948e876608
P 0x7f948ffbecb8
$ |mbqi|
I 0
C 16
R
P 0x7f948e876608
C 361
R
P 0x7f948e876608
P 0x7f948feff898
P 0x7f948ffbecb8
C 439
R
P 0x7f948e876608
C 361
R
P 0x7f948e876608
P 0x7f948eb97a48
C 60
= 0x7f948eb97a78
R
P 0x7f948e876608
C 361
R
P 0x7f948e876608
P 0x7f948eb97a78
C 275
R
P 0x7f948e876608
C 361
R
P 0x7f948e876608
P 0x7f948eb97a78
C 9
R
P 0x7f948e876608
C 361
R
P 0x7f948e876608
P 0x7f948feff898
P 0x7f948eb97a78
C 447
R
P 0x7f948e876608
C 361
R
P 0x7f948e876608
P 0x7f948feff898
C 458
R
P 0x7f948e876608
C 361
R
P 0x7f948e876608
P 0x7f948feff898
C 464
= 0x7f948e885998
R
P 0x7f948e876608
C 361
R
P 0x7f948e876608
P 0x7f948e885998
C 274
R
P 0x7f948e876608
C 361
R
P 0x7f948e876608
P 0x7f948e885998
C 271
= 0x7f948e87fa38
R
P 0x7f948e876608
C 361
R
P 0x7f948e876608
P 0x7f948e87fa38
C 226
R
P 0x7f948e876608
C 361
R
P 0x7f948e876608
P 0x7f948e885998
C 277
R
P 0x7f948e876608
C 361
R
P 0x7f948e876608
P 0x7f948e885998
C 276
R
P 0x7f948e876608
C 361
R
P 0x7f948e876608
P 0x7f948e885998
C 275
R
P 0x7f948e876608
C 361
R
P 0x7f948e876608
P 0x7f948e885998
C 9
R
P 0x7f948e876608
C 361
R
P 0x7f948e876608
P 0x7f948e885998
C 352
R
P 0x7f948e876608
C 361
R
P 0x7f948e876608
P 0x7f948e880a58
C 234
R
P 0x7f948e876608
C 361
R
P 0x7f948e876608
P 0x7f948e880a58
U 0
C 236
= 0x7f9486ca16a0
R
P 0x7f948e876608
C 361
R
P 0x7f948e876608
P 0x7f9486ca16a0
C 274
R
P 0x7f948e876608
C 361
R
P 0x7f948e876608
P 0x7f9486ca16a0
C 9
R
P 0x7f948e876608
C 361
R
P 0x7f948e876608
P 0x7f948e880a58
U 1
C 236
= 0x7f9486ca1668
R
P 0x7f948e876608
C 361
R
P 0x7f948e876608
P 0x7f9486ca1668
C 274
R
P 0x7f948e876608
C 361
R
P 0x7f948e876608
P 0x7f9486ca1668
C 9
R
P 0x7f948e876608
C 361
R
P 0x7f948e876608
P 0x7f948e880a58
U 2
C 236
= 0x7f9486ca1630
R
P 0x7f948e876608
C 361
R
P 0x7f948e876608
P 0x7f9486ca1630
C 274
R
P 0x7f948e876608
C 361
R
P 0x7f948e876608
P 0x7f9486ca1630
C 9
R
P 0x7f948e876608
C 361
R
P 0x7f948e876608
P 0x7f9486ca16a0
U 1
P 0x7f948e880a78
p 1
C 50
= 0x7f948eb97b68
R
P 0x7f948e876608
C 361
R
P 0x7f948e876608
P 0x7f948eb97b68
C 274
R
P 0x7f948e876608
C 361
R
P 0x7f948e876608
P 0x7f948eb97b68
C 271
= 0x7f948e87fa18
R
P 0x7f948e876608
C 361
R
P 0x7f948e876608
P 0x7f948e87fa18
C 226
R
P 0x7f948e876608
C 361
R
P 0x7f948e876608
P 0x7f948eb97b68
C 277
R
P 0x7f948e876608
C 361
R
P 0x7f948e876608
P 0x7f948eb97b68
C 276
R
P 0x7f948e876608
C 361
R
P 0x7f948e876608
P 0x7f948eb97b68
C 275
R
P 0x7f948e876608
C 361
R
P 0x7f948e876608
P 0x7f948eb97b68
C 9
R
P 0x7f948e876608
C 361
R
P 0x7f948e876608
P 0x7f948eb97b68
C 352
R
P 0x7f948e876608
C 361
R
P 0x7f948e876608
C 431
= 0x7f948f6ee5a8
R
P 0x7f948e876608
C 361
R
P 0x7f948e876608
P 0x7f948f6ee5a8
C 440
R
P 0x7f948e876608
C 361
R
P 0x7f948e876608
C 13
= 0x7f948f6bda08
R
P 0x7f948e876608
C 361
R
P 0x7f948e876608
P 0x7f948f6bda08
C 14
R
P 0x7f948e876608
C 361
R
P 0x7f948e876608
S "mbqi"
C 30
R
P 0x7f948e876608
C 361
R
P 0x7f948e876608
$ |mbqi|
C 219
R
P 0x7f948e876608
C 361
R
P 0x7f948e876608
P 0x7f948f6bda08
$ |mbqi|
I 0
C 16
R
P 0x7f948e876608
C 361
R
P 0x7f948e876608
P 0x7f948f6ee5a8
P 0x7f948f6bda08
C 439
R
P 0x7f948e876608
C 361
R
P 0x7f948e876608
P 0x7f948eb97b68
C 60
= 0x7f948eb97b98
R
P 0x7f948e876608
C 361
R
P 0x7f948e876608
P 0x7f948eb97b98
C 275
R
P 0x7f948e876608
C 361
R
P 0x7f948e876608
P 0x7f948eb97b98
C 9
R
P 0x7f948e876608
C 361
R
P 0x7f948e876608
P 0x7f948f6ee5a8
P 0x7f948eb97b98
C 447
R
P 0x7f948e876608
C 361
R
P 0x7f948e876608
P 0x7f948f6ee5a8
C 458
R
P 0x7f948e876608
C 361
R
P 0x7f948e876608
P 0x7f948f6ee5a8
C 464
= 0x7f948e885a18
R
P 0x7f948e876608
C 361
R
P 0x7f948e876608
P 0x7f948e885a18
C 274
R
P 0x7f948e876608
C 361
R
P 0x7f948e876608
P 0x7f948e885a18
C 271
= 0x7f948e87fa38
R
P 0x7f948e876608
C 361
R
P 0x7f948e876608
P 0x7f948e87fa38
C 226
R
P 0x7f948e876608
C 361
R
P 0x7f948e876608
P 0x7f948e885a18
C 277
R
P 0x7f948e876608
C 361
R
P 0x7f948e876608
P 0x7f948e885a18
C 276
R
P 0x7f948e876608
C 361
R
P 0x7f948e876608
P 0x7f948e885a18
C 275
R
P 0x7f948e876608
C 361
R
P 0x7f948e876608
P 0x7f948e885a18
C 9
R
P 0x7f948e876608
C 361
R
P 0x7f948e876608
P 0x7f948e885a18
C 352
R
P 0x7f948e876608
C 361
R
P 0x7f948e876608
P 0x7f948e880a58
C 234
R
P 0x7f948e876608
C 361
R
P 0x7f948e876608
P 0x7f948e880a58
U 0
C 236
= 0x7f9486ca16a0
R
P 0x7f948e876608
C 361
R
P 0x7f948e876608
P 0x7f9486ca16a0
C 274
R
P 0x7f948e876608
C 361
R
P 0x7f948e876608
P 0x7f9486ca16a0
C 9
R
P 0x7f948e876608
C 361
R
P 0x7f948e876608
P 0x7f948e880a58
U 1
C 236
= 0x7f9486ca1668
R
P 0x7f948e876608
C 361
R
P 0x7f948e876608
P 0x7f9486ca1668
C 274
R
P 0x7f948e876608
C 361
R
P 0x7f948e876608
P 0x7f9486ca1668
C 9
R
P 0x7f948e876608
C 361
R
P 0x7f948e876608
P 0x7f948e880a58
U 2
C 236
= 0x7f9486ca1630
R
P 0x7f948e876608
C 361
R
P 0x7f948e876608
P 0x7f9486ca1630
C 274
R
P 0x7f948e876608
C 361
R
P 0x7f948e876608
P 0x7f9486ca1630
C 9
R
P 0x7f948e876608
C 361
R
P 0x7f948e876608
P 0x7f9486ca16a0
U 1
P 0x7f948e880ab8
p 1
C 50
= 0x7f948eb97c28
R
P 0x7f948e876608
C 361
R
P 0x7f948e876608
P 0x7f948eb97c28
C 274
R
P 0x7f948e876608
C 361
R
P 0x7f948e876608
P 0x7f948eb97c28
C 271
= 0x7f948e87fa18
R
P 0x7f948e876608
C 361
R
P 0x7f948e876608
P 0x7f948e87fa18
C 226
R
P 0x7f948e876608
C 361
R
P 0x7f948e876608
P 0x7f948eb97c28
C 277
R
P 0x7f948e876608
C 361
R
P 0x7f948e876608
P 0x7f948eb97c28
C 276
R
P 0x7f948e876608
C 361
R
P 0x7f948e876608
P 0x7f948eb97c28
C 275
R
P 0x7f948e876608
C 361
R
P 0x7f948e876608
P 0x7f948eb97c28
C 9
R
P 0x7f948e876608
C 361
R
P 0x7f948e876608
P 0x7f948eb97c28
C 352
R
P 0x7f948e876608
C 361
R
P 0x7f948e876608
C 431
= 0x7f948fdee438
R
P 0x7f948e876608
C 361
R
P 0x7f948e876608
P 0x7f948fdee438
C 440
R
P 0x7f948e876608
C 361
R
P 0x7f948e876608
C 13
= 0x7f948fdee528
R
P 0x7f948e876608
C 361
R
P 0x7f948e876608
P 0x7f948fdee528
C 14
R
P 0x7f948e876608
C 361
R
P 0x7f948e876608
S "mbqi"
C 30
R
P 0x7f948e876608
C 361
R
P 0x7f948e876608
$ |mbqi|
C 219
R
P 0x7f948e876608
C 361
R
P 0x7f948e876608
P 0x7f948fdee528
$ |mbqi|
I 0
C 16
R
P 0x7f948e876608
C 361
R
P 0x7f948e876608
P 0x7f948fdee438
P 0x7f948fdee528
C 439
R
P 0x7f948e876608
C 361
R
P 0x7f948e876608
P 0x7f948eb97c28
C 60
= 0x7f948eb97c58
R
P 0x7f948e876608
C 361
R
P 0x7f948e876608
P 0x7f948eb97c58
C 275
R
P 0x7f948e876608
C 361
R
P 0x7f948e876608
P 0x7f948eb97c58
C 9
R
P 0x7f948e876608
C 361
R
P 0x7f948e876608
P 0x7f948fdee438
P 0x7f948eb97c58
C 447
R
P 0x7f948e876608
C 361
R
P 0x7f948e876608
P 0x7f948fdee438
C 458
R
P 0x7f948e876608
C 361
R
P 0x7f948e876608
P 0x7f948fdee438
C 463
= 0x7f948f883168
R
P 0x7f948e876608
C 361
R
P 0x7f948e876608
P 0x7f948f883168
C 319
R
P 0x7f948e876608
C 361
R
P 0x7f948e876608
P 0x7f948f883168
C 356
R
P 0x7f948e876608
C 361
R
P 0x7f948e876608
P 0x7f948e880a58
C 234
R
P 0x7f948e876608
C 361
R
P 0x7f948e876608
P 0x7f948e880a58
U 0
C 236
= 0x7f9486ca16a0
R
P 0x7f948e876608
C 361
R
P 0x7f948e876608
P 0x7f9486ca16a0
C 274
R
P 0x7f948e876608
C 361
R
P 0x7f948e876608
P 0x7f9486ca16a0
C 9
R
P 0x7f948e876608
C 361
R
P 0x7f948e876608
P 0x7f948e880a58
U 1
C 236
= 0x7f9486ca1668
R
P 0x7f948e876608
C 361
R
P 0x7f948e876608
P 0x7f9486ca1668
C 274
R
P 0x7f948e876608
C 361
R
P 0x7f948e876608
P 0x7f9486ca1668
C 9
R
P 0x7f948e876608
C 361
R
P 0x7f948e876608
P 0x7f948e880a58
U 2
C 236
= 0x7f9486ca1630
R
P 0x7f948e876608
C 361
R
P 0x7f948e876608
P 0x7f9486ca1630
C 274
R
P 0x7f948e876608
C 361
R
P 0x7f948e876608
P 0x7f9486ca1630
C 9
R
P 0x7f948e876608
C 361
R
P 0x7f948e876608
P 0x7f9486ca16a0
U 1
P 0x7f948e880ab8
p 1
C 50
= 0x7f948eb97c28
R
P 0x7f948e876608
C 361
R
P 0x7f948e876608
P 0x7f948eb97c28
C 274
R
P 0x7f948e876608
C 361
R
P 0x7f948e876608
P 0x7f948eb97c28
C 271
= 0x7f948e87fa18
R
P 0x7f948e876608
C 361
R
P 0x7f948e876608
P 0x7f948e87fa18
C 226
R
P 0x7f948e876608
C 361
R
P 0x7f948e876608
P 0x7f948eb97c28
C 277
R
P 0x7f948e876608
C 361
R
P 0x7f948e876608
P 0x7f948eb97c28
C 276
R
P 0x7f948e876608
C 361
R
P 0x7f948e876608
P 0x7f948eb97c28
C 275
R
P 0x7f948e876608
C 361
R
P 0x7f948e876608
P 0x7f948eb97c28
C 9
R
P 0x7f948e876608
C 361
R
P 0x7f948e876608
P 0x7f948eb97c28
C 60
= 0x7f948eb97c58
R
P 0x7f948e876608
C 361
R
P 0x7f948e876608
P 0x7f948eb97c58
C 275
R
P 0x7f948e876608
C 361
R
P 0x7f948e876608
P 0x7f948eb97c58
C 9
R
P 0x7f948e876608
C 361
R
P 0x7f948e876608
P 0x7f948eb97c58
C 352
R
P 0x7f948e876608
C 361
R
P 0x7f948e876608
C 431
= 0x7f948f8830d8
R
P 0x7f948e876608
C 361
R
P 0x7f948e876608
P 0x7f948f8830d8
C 440
R
P 0x7f948e876608
C 361
R
P 0x7f948e876608
C 13
= 0x7f948f881f18
R
P 0x7f948e876608
C 361
R
P 0x7f948e876608
P 0x7f948f881f18
C 14
R
P 0x7f948e876608
C 361
R
P 0x7f948e876608
S "mbqi"
C 30
R
P 0x7f948e876608
C 361
R
P 0x7f948e876608
$ |mbqi|
C 219
R
P 0x7f948e876608
C 361
R
P 0x7f948e876608
P 0x7f948f881f18
$ |mbqi|
I 0
C 16
R
P 0x7f948e876608
C 361
R
P 0x7f948e876608
P 0x7f948f8830d8
P 0x7f948f881f18
C 439
R
P 0x7f948e876608
C 361
R
P 0x7f948e876608
P 0x7f948eb97c58
C 60
= 0x7f948eb97c88
R
P 0x7f948e876608
C 361
R
P 0x7f948e876608
P 0x7f948eb97c88
C 275
R
P 0x7f948e876608
C 361
R
P 0x7f948e876608
P 0x7f948eb97c88
C 9
R
P 0x7f948e876608
C 361
R
P 0x7f948e876608
P 0x7f948f8830d8
P 0x7f948eb97c88
C 447
R
P 0x7f948e876608
C 361
R
P 0x7f948e876608
P 0x7f948f8830d8
C 458
R
P 0x7f948e876608
C 361
R
P 0x7f948e876608
P 0x7f948f8830d8
C 464
= 0x7f948e885ad8
R
P 0x7f948e876608
C 361
R
P 0x7f948e876608
P 0x7f948e885ad8
C 274
R
P 0x7f948e876608
C 361
R
P 0x7f948e876608
P 0x7f948e885ad8
C 271
= 0x7f948e87fa38
R
P 0x7f948e876608
C 361
R
P 0x7f948e876608
P 0x7f948e87fa38
C 226
R
P 0x7f948e876608
C 361
R
P 0x7f948e876608
P 0x7f948e885ad8
C 277
R
P 0x7f948e876608
C 361
R
P 0x7f948e876608
P 0x7f948e885ad8
C 276
R
P 0x7f948e876608
C 361
R
P 0x7f948e876608
P 0x7f948e885ad8
C 275
R
P 0x7f948e876608
C 361
R
P 0x7f948e876608
P 0x7f948e885ad8
C 9
R
P 0x7f948e876608
C 361
R
P 0x7f948e876608
P 0x7f948e885ad8
C 352
R
P 0x7f948e876608
C 361
R
P 0x7f948e876608
S "fruity"
C 30
R
P 0x7f948e876608
C 361
R
P 0x7f948e876608
$ |fruity|
C 219
R
P 0x7f948e876608
C 361
R
P 0x7f948e876608
$ |fruity|
P 0x7f948e880a58
C 51
= 0x7f948e880b18
R
P 0x7f948e876608
C 361
R
P 0x7f948e876608
P 0x7f948e880b18
C 274
R
P 0x7f948e876608
C 361
R
P 0x7f948e876608
P 0x7f948e880b18
C 271
= 0x7f948e880a58
R
P 0x7f948e876608
C 361
R
P 0x7f948e876608
P 0x7f948e880a58
C 226
R
P 0x7f948e876608
C 361
R
P 0x7f948e876608
P 0x7f948e880b18
C 277
R
P 0x7f948e876608
C 361
R
P 0x7f948e876608
P 0x7f948e880b18
C 276
R
P 0x7f948e876608
C 361
R
P 0x7f948e876608
P 0x7f948e880b18
C 275
R
P 0x7f948e876608
C 361
R
P 0x7f948e876608
P 0x7f948e880b18
C 9
R
P 0x7f948e876608
C 361
R
P 0x7f948e876608
P 0x7f948e880b18
P 0x7f948e880a78
C 58
= 0x7f9486ca2740
R
P 0x7f948e876608
C 361
R
P 0x7f948e876608
P 0x7f9486ca2740
C 275
R
P 0x7f948e876608
C 361
R
P 0x7f948e876608
P 0x7f9486ca2740
C 9
R
P 0x7f948e876608
C 361
R
P 0x7f948e876608
P 0x7f948e880b18
P 0x7f948e880a98
C 58
= 0x7f9486ca2778
R
P 0x7f948e876608
C 361
R
P 0x7f948e876608
P 0x7f9486ca2778
C 275
R
P 0x7f948e876608
C 361
R
P 0x7f948e876608
P 0x7f9486ca2778
C 9
R
P 0x7f948e876608
C 361
R
P 0x7f948e876608
P 0x7f948e880b18
P 0x7f948e880ab8
C 58
= 0x7f9486ca27b0
R
P 0x7f948e876608
C 361
R
P 0x7f948e876608
P 0x7f9486ca27b0
C 275
R
P 0x7f948e876608
C 361
R
P 0x7f948e876608
P 0x7f9486ca27b0
C 9
R
P 0x7f948e876608
C 361
R
P 0x7f948e876608
U 3
P 0x7f9486ca2740
P 0x7f9486ca2778
P 0x7f9486ca27b0
p 3
C 66
= 0x7f948e885b18
R
P 0x7f948e876608
C 361
R
P 0x7f948e876608
P 0x7f948e885b18
C 275
R
P 0x7f948e876608
C 361
R
P 0x7f948e876608
P 0x7f948e885b18
C 9
R
P 0x7f948e876608
C 361
R
P 0x7f948e876608
P 0x7f948e885b18
C 352
R
P 0x7f948e876608
C 361
R
P 0x7f948e876608
C 431
= 0x7f94902a7aa8
R
P 0x7f948e876608
C 361
R
P 0x7f948e876608
P 0x7f94902a7aa8
C 440
R
P 0x7f948e876608
C 361
R
P 0x7f948e876608
C 13
= 0x7f94902a7b58
R
P 0x7f948e876608
C 361
R
P 0x7f948e876608
P 0x7f94902a7b58
C 14
R
P 0x7f948e876608
C 361
R
P 0x7f948e876608
S "mbqi"
C 30
R
P 0x7f948e876608
C 361
R
P 0x7f948e876608
$ |mbqi|
C 219
R
P 0x7f948e876608
C 361
R
P 0x7f948e876608
P 0x7f94902a7b58
$ |mbqi|
I 0
C 16
R
P 0x7f948e876608
C 361
R
P 0x7f948e876608
P 0x7f94902a7aa8
P 0x7f94902a7b58
C 439
R
P 0x7f948e876608
C 361
R
P 0x7f948e876608
P 0x7f948e885b18
C 60
= 0x7f948eb97d48
R
P 0x7f948e876608
C 361
R
P 0x7f948e876608
P 0x7f948eb97d48
C 275
R
P 0x7f948e876608
C 361
R
P 0x7f948e876608
P 0x7f948eb97d48
C 9
R
P 0x7f948e876608
C 361
R
P 0x7f948e876608
P 0x7f94902a7aa8
P 0x7f948eb97d48
C 447
R
P 0x7f948e876608
C 361
R
P 0x7f948e876608
P 0x7f94902a7aa8
C 458
R
P 0x7f948e876608
C 361
R
P 0x7f948e876608
P 0x7f94902a7aa8
C 464
= 0x7f948e885d18
R
P 0x7f948e876608
C 361
R
P 0x7f948e876608
P 0x7f948e885d18
C 274
R
P 0x7f948e876608
C 361
R
P 0x7f948e876608
P 0x7f948e885d18
C 271
= 0x7f948e87fa38
R
P 0x7f948e876608
C 361
R
P 0x7f948e876608
P 0x7f948e87fa38
C 226
R
P 0x7f948e876608
C 361
R
P 0x7f948e876608
P 0x7f948e885d18
C 277
R
P 0x7f948e876608
C 361
R
P 0x7f948e876608
P 0x7f948e885d18
C 276
R
P 0x7f948e876608
C 361
R
P 0x7f948e876608
P 0x7f948e885d18
C 275
R
P 0x7f948e876608
C 361
R
P 0x7f948e876608
P 0x7f948e885d18
C 9
R
P 0x7f948e876608
C 361
R
P 0x7f948e876608
P 0x7f948e885d18
C 352
R
P 0x7f948e876608
C 361
M "ListExample"
R
P 0x7f948e876608
C 33
= 0x7f948e87fad8
R
P 0x7f948e876608
C 361
R
P 0x7f948e876608
P 0x7f948e87fad8
C 274
R
P 0x7f948e876608
C 361
R
P 0x7f948e876608
P 0x7f948e87fad8
C 9
R
P 0x7f948e876608
C 361
R
P 0x7f948e876608
S "int_list"
C 30
R
P 0x7f948e876608
C 361
R
P 0x7f948e876608
$ |int_list|
C 219
R
P 0x7f948e876608
C 361
R
P 0x7f948e876608
$ |int_list|
P 0x7f948e87fad8
P 0x0
P 0x0
P 0x0
P 0x0
P 0x0
P 0x0
C 41
= 0x7f948e880b58
* 0x7f948eb98198 3
* 0x7f9486ca2a18 4
* 0x7f948e885d58 5
* 0x7f9486ca2a50 6
* 0x7f9486ca29a8 7
* 0x7f9486ca29e0 8
R
P 0x7f948e876608
C 361
R
P 0x7f948e876608
P 0x7f948e880b58
C 274
R
P 0x7f948e876608
C 361
R
P 0x7f948e876608
P 0x7f948e880b58
C 9
R
P 0x7f948e876608
C 361
R
P 0x7f948e876608
P 0x7f948e880b58
U 0
C 235
= 0x7f948eb98198
R
P 0x7f948e876608
C 361
R
P 0x7f948e876608
P 0x7f948eb98198
C 274
R
P 0x7f948e876608
C 361
R
P 0x7f948e876608
P 0x7f948eb98198
C 9
R
P 0x7f948e876608
C 361
R
P 0x7f948e876608
P 0x7f948eb98198
U 0
p 0
C 50
= 0x7f948e880b38
R
P 0x7f948e876608
C 361
R
P 0x7f948e876608
P 0x7f948e880b38
C 274
R
P 0x7f948e876608
C 361
R
P 0x7f948e876608
P 0x7f948e880b38
C 271
= 0x7f948e880b58
R
P 0x7f948e876608
C 361
R
P 0x7f948e876608
P 0x7f948e880b58
C 226
R
P 0x7f948e876608
C 361
R
P 0x7f948e876608
P 0x7f948e880b38
C 277
R
P 0x7f948e876608
C 361
R
P 0x7f948e876608
P 0x7f948e880b38
C 276
R
P 0x7f948e876608
C 361
R
P 0x7f948e876608
P 0x7f948e880b38
C 275
R
P 0x7f948e876608
C 361
R
P 0x7f948e876608
P 0x7f948e880b38
C 9
R
P 0x7f948e876608
C 361
R
P 0x7f948e876608
P 0x7f948e880b58
U 1
C 235
= 0x7f948e885d58
R
P 0x7f948e876608
C 361
R
P 0x7f948e876608
P 0x7f948e885d58
C 274
R
P 0x7f948e876608
C 361
R
P 0x7f948e876608
P 0x7f948e885d58
C 9
R
P 0x7f948e876608
C 361
R
P 0x7f948e876608
I 1
P 0x7f948e87fad8
C 154
= 0x7f948e8807d8
R
P 0x7f948e876608
C 361
R
P 0x7f948e876608
P 0x7f948e8807d8
C 275
R
P 0x7f948e876608
C 361
R
P 0x7f948e876608
P 0x7f948e8807d8
C 9
R
P 0x7f948e876608
C 361
R
P 0x7f948e876608
P 0x7f948e885d58
U 2
P 0x7f948e8807d8
P 0x7f948e880b38
p 2
C 50
= 0x7f9486ca2a50
R
P 0x7f948e876608
C 361
R
P 0x7f948e876608
P 0x7f9486ca2a50
C 274
R
P 0x7f948e876608
C 361
R
P 0x7f948e876608
P 0x7f9486ca2a50
C 271
= 0x7f948e880b58
R
P 0x7f948e876608
C 361
R
P 0x7f948e876608
P 0x7f948e880b58
C 226
R
P 0x7f948e876608
C 361
R
P 0x7f948e876608
P 0x7f9486ca2a50
C 277
R
P 0x7f948e876608
C 361
R
P 0x7f948e876608
P 0x7f9486ca2a50
C 276
R
P 0x7f948e876608
C 361
R
P 0x7f948e876608
P 0x7f9486ca2a50
C 275
R
P 0x7f948e876608
C 361
R
P 0x7f948e876608
P 0x7f9486ca2a50
C 9
R
P 0x7f948e876608
C 361
R
P 0x7f948e876608
P 0x7f948e880b58
U 1
C 235
= 0x7f948e885d58
R
P 0x7f948e876608
C 361
R
P 0x7f948e876608
P 0x7f948e885d58
C 274
R
P 0x7f948e876608
C 361
R
P 0x7f948e876608
P 0x7f948e885d58
C 9
R
P 0x7f948e876608
C 361
R
P 0x7f948e876608
I 2
P 0x7f948e87fad8
C 154
= 0x7f948e8808d8
R
P 0x7f948e876608
C 361
R
P 0x7f948e876608
P 0x7f948e8808d8
C 275
R
P 0x7f948e876608
C 361
R
P 0x7f948e876608
P 0x7f948e8808d8
C 9
R
P 0x7f948e876608
C 361
R
P 0x7f948e876608
P 0x7f948e885d58
U 2
P 0x7f948e8808d8
P 0x7f948e880b38
p 2
C 50
= 0x7f9486ca2a18
R
P 0x7f948e876608
C 361
R
P 0x7f948e876608
P 0x7f9486ca2a18
C 274
R
P 0x7f948e876608
C 361
R
P 0x7f948e876608
P 0x7f9486ca2a18
C 271
= 0x7f948e880b58
R
P 0x7f948e876608
C 361
R
P 0x7f948e876608
P 0x7f948e880b58
C 226
R
P 0x7f948e876608
C 361
R
P 0x7f948e876608
P 0x7f9486ca2a18
C 277
R
P 0x7f948e876608
C 361
R
P 0x7f948e876608
P 0x7f9486ca2a18
C 276
R
P 0x7f948e876608
C 361
R
P 0x7f948e876608
P 0x7f9486ca2a18
C 275
R
P 0x7f948e876608
C 361
R
P 0x7f948e876608
P 0x7f9486ca2a18
C 9
R
P 0x7f948e876608
C 361
R
P 0x7f948e876608
P 0x7f948e880b38
P 0x7f9486ca2a50
C 58
= 0x7f9486ca2938
R
P 0x7f948e876608
C 361
R
P 0x7f948e876608
P 0x7f9486ca2938
C 275
R
P 0x7f948e876608
C 361
R
P 0x7f948e876608
P 0x7f9486ca2938
C 9
R
P 0x7f948e876608
C 361
R
P 0x7f948e876608
P 0x7f9486ca2938
C 60
= 0x7f948eb981c8
R
P 0x7f948e876608
C 361
R
P 0x7f948e876608
P 0x7f948eb981c8
C 275
R
P 0x7f948e876608
C 361
R
P 0x7f948e876608
P 0x7f948eb981c8
C 9
R
P 0x7f948e876608
C 361
R
P 0x7f948e876608
P 0x7f948eb981c8
C 352
R
P 0x7f948e876608
C 361
R
P 0x7f948e876608
C 431
= 0x7f94901082d8
R
P 0x7f948e876608
C 361
R
P 0x7f948e876608
P 0x7f94901082d8
C 440
R
P 0x7f948e876608
C 361
R
P 0x7f948e876608
C 13
= 0x7f94901082a8
R
P 0x7f948e876608
C 361
R
P 0x7f948e876608
P 0x7f94901082a8
C 14
R
P 0x7f948e876608
C 361
R
P 0x7f948e876608
S "mbqi"
C 30
R
P 0x7f948e876608
C 361
R
P 0x7f948e876608
$ |mbqi|
C 219
R
P 0x7f948e876608
C 361
R
P 0x7f948e876608
P 0x7f94901082a8
$ |mbqi|
I 0
C 16
R
P 0x7f948e876608
C 361
R
P 0x7f948e876608
P 0x7f94901082d8
P 0x7f94901082a8
C 439
R
P 0x7f948e876608
C 361
R
P 0x7f948e876608
P 0x7f948eb981c8
C 60
= 0x7f948eb981f8
R
P 0x7f948e876608
C 361
R
P 0x7f948e876608
P 0x7f948eb981f8
C 275
R
P 0x7f948e876608
C 361
R
P 0x7f948e876608
P 0x7f948eb981f8
C 9
R
P 0x7f948e876608
C 361
R
P 0x7f948e876608
P 0x7f94901082d8
P 0x7f948eb981f8
C 447
R
P 0x7f948e876608
C 361
R
P 0x7f948e876608
P 0x7f94901082d8
C 458
R
P 0x7f948e876608
C 361
R
P 0x7f948e876608
P 0x7f94901082d8
C 464
= 0x7f9486cd8098
R
P 0x7f948e876608
C 361
R
P 0x7f948e876608
P 0x7f9486cd8098
C 274
R
P 0x7f948e876608
C 361
R
P 0x7f948e876608
P 0x7f9486cd8098
C 271
= 0x7f948e87fa38
R
P 0x7f948e876608
C 361
R
P 0x7f948e876608
P 0x7f948e87fa38
C 226
R
P 0x7f948e876608
C 361
R
P 0x7f948e876608
P 0x7f9486cd8098
C 277
R
P 0x7f948e876608
C 361
R
P 0x7f948e876608
P 0x7f9486cd8098
C 276
R
P 0x7f948e876608
C 361
R
P 0x7f948e876608
P 0x7f9486cd8098
C 275
R
P 0x7f948e876608
C 361
R
P 0x7f948e876608
P 0x7f9486cd8098
C 9
R
P 0x7f948e876608
C 361
R
P 0x7f948e876608
P 0x7f9486cd8098
C 352
R
P 0x7f948e876608
C 361
R
P 0x7f948e876608
P 0x7f9486ca2a50
P 0x7f9486ca2a18
C 58
= 0x7f9486cd5f30
R
P 0x7f948e876608
C 361
R
P 0x7f948e876608
P 0x7f9486cd5f30
C 275
R
P 0x7f948e876608
C 361
R
P 0x7f948e876608
P 0x7f9486cd5f30
C 9
R
P 0x7f948e876608
C 361
R
P 0x7f948e876608
P 0x7f9486cd5f30
C 60
= 0x7f948eb98288
R
P 0x7f948e876608
C 361
R
P 0x7f948e876608
P 0x7f948eb98288
C 275
R
P 0x7f948e876608
C 361
R
P 0x7f948e876608
P 0x7f948eb98288
C 9
R
P 0x7f948e876608
C 361
R
P 0x7f948e876608
P 0x7f948eb98288
C 352
R
P 0x7f948e876608
C 361
R
P 0x7f948e876608
C 431
= 0x7f94910050d8
R
P 0x7f948e876608
C 361
R
P 0x7f948e876608
P 0x7f94910050d8
C 440
R
P 0x7f948e876608
C 361
R
P 0x7f948e876608
C 13
= 0x7f94910050a8
R
P 0x7f948e876608
C 361
R
P 0x7f948e876608
P 0x7f94910050a8
C 14
R
P 0x7f948e876608
C 361
R
P 0x7f948e876608
S "mbqi"
C 30
R
P 0x7f948e876608
C 361
R
P 0x7f948e876608
$ |mbqi|
C 219
R
P 0x7f948e876608
C 361
R
P 0x7f948e876608
P 0x7f94910050a8
$ |mbqi|
I 0
C 16
R
P 0x7f948e876608
C 361
R
P 0x7f948e876608
P 0x7f94910050d8
P 0x7f94910050a8
C 439
R
P 0x7f948e876608
C 361
R
P 0x7f948e876608
P 0x7f948eb98288
C 60
= 0x7f948eb982b8
R
P 0x7f948e876608
C 361
R
P 0x7f948e876608
P 0x7f948eb982b8
C 275
R
P 0x7f948e876608
C 361
R
P 0x7f948e876608
P 0x7f948eb982b8
C 9
R
P 0x7f948e876608
C 361
R
P 0x7f948e876608
P 0x7f94910050d8
P 0x7f948eb982b8
C 447
R
P 0x7f948e876608
C 361
R
P 0x7f948e876608
P 0x7f94910050d8
C 458
R
P 0x7f948e876608
C 361
R
P 0x7f948e876608
P 0x7f94910050d8
C 464
= 0x7f9486cd8258
R
P 0x7f948e876608
C 361
R
P 0x7f948e876608
P 0x7f9486cd8258
C 274
R
P 0x7f948e876608
C 361
R
P 0x7f948e876608
P 0x7f9486cd8258
C 271
= 0x7f948e87fa38
R
P 0x7f948e876608
C 361
R
P 0x7f948e876608
P 0x7f948e87fa38
C 226
R
P 0x7f948e876608
C 361
R
P 0x7f948e876608
P 0x7f9486cd8258
C 277
R
P 0x7f948e876608
C 361
R
P 0x7f948e876608
P 0x7f9486cd8258
C 276
R
P 0x7f948e876608
C 361
R
P 0x7f948e876608
P 0x7f9486cd8258
C 275
R
P 0x7f948e876608
C 361
R
P 0x7f948e876608
P 0x7f9486cd8258
C 9
R
P 0x7f948e876608
C 361
R
P 0x7f948e876608
P 0x7f9486cd8258
C 352
R
P 0x7f948e876608
C 361
R
P 0x7f948e876608
S "x"
C 30
R
P 0x7f948e876608
C 361
R
P 0x7f948e876608
$ |x|
C 219
R
P 0x7f948e876608
C 361
R
P 0x7f948e876608
$ |x|
P 0x7f948e87fad8
C 51
= 0x7f948e880718
R
P 0x7f948e876608
C 361
R
P 0x7f948e876608
P 0x7f948e880718
C 274
R
P 0x7f948e876608
C 361
R
P 0x7f948e876608
P 0x7f948e880718
C 271
= 0x7f948e87fad8
R
P 0x7f948e876608
C 361
R
P 0x7f948e876608
P 0x7f948e87fad8
C 226
R
P 0x7f948e876608
C 361
R
P 0x7f948e876608
P 0x7f948e880718
C 277
R
P 0x7f948e876608
C 361
R
P 0x7f948e876608
P 0x7f948e880718
C 276
R
P 0x7f948e876608
C 361
R
P 0x7f948e876608
P 0x7f948e880718
C 275
R
P 0x7f948e876608
C 361
R
P 0x7f948e876608
P 0x7f948e880718
C 9
R
P 0x7f948e876608
C 361
R
P 0x7f948e876608
S "y"
C 30
R
P 0x7f948e876608
C 361
R
P 0x7f948e876608
$ |y|
C 219
R
P 0x7f948e876608
C 361
R
P 0x7f948e876608
$ |y|
P 0x7f948e87fad8
C 51
= 0x7f948e880738
R
P 0x7f948e876608
C 361
R
P 0x7f948e876608
P 0x7f948e880738
C 274
R
P 0x7f948e876608
C 361
R
P 0x7f948e876608
P 0x7f948e880738
C 271
= 0x7f948e87fad8
R
P 0x7f948e876608
C 361
R
P 0x7f948e876608
P 0x7f948e87fad8
C 226
R
P 0x7f948e876608
C 361
R
P 0x7f948e876608
P 0x7f948e880738
C 277
R
P 0x7f948e876608
C 361
R
P 0x7f948e876608
P 0x7f948e880738
C 276
R
P 0x7f948e876608
C 361
R
P 0x7f948e876608
P 0x7f948e880738
C 275
R
P 0x7f948e876608
C 361
R
P 0x7f948e876608
P 0x7f948e880738
C 9
R
P 0x7f948e876608
C 361
R
P 0x7f948e876608
P 0x7f948e880b58
U 1
C 235
= 0x7f948e885d58
R
P 0x7f948e876608
C 361
R
P 0x7f948e876608
P 0x7f948e885d58
C 274
R
P 0x7f948e876608
C 361
R
P 0x7f948e876608
P 0x7f948e885d58
C 9
R
P 0x7f948e876608
C 361
R
P 0x7f948e876608
P 0x7f948e885d58
U 2
P 0x7f948e880718
P 0x7f948e880b38
p 2
C 50
= 0x7f9486cd6390
R
P 0x7f948e876608
C 361
R
P 0x7f948e876608
P 0x7f9486cd6390
C 274
R
P 0x7f948e876608
C 361
R
P 0x7f948e876608
P 0x7f9486cd6390
C 271
= 0x7f948e880b58
R
P 0x7f948e876608
C 361
R
P 0x7f948e876608
P 0x7f948e880b58
C 226
R
P 0x7f948e876608
C 361
R
P 0x7f948e876608
P 0x7f9486cd6390
C 277
R
P 0x7f948e876608
C 361
R
P 0x7f948e876608
P 0x7f9486cd6390
C 276
R
P 0x7f948e876608
C 361
R
P 0x7f948e876608
P 0x7f9486cd6390
C 275
R
P 0x7f948e876608
C 361
R
P 0x7f948e876608
P 0x7f9486cd6390
C 9
R
P 0x7f948e876608
C 361
R
P 0x7f948e876608
P 0x7f948e880b58
U 1
C 235
= 0x7f948e885d58
R
P 0x7f948e876608
C 361
R
P 0x7f948e876608
P 0x7f948e885d58
C 274
R
P 0x7f948e876608
C 361
R
P 0x7f948e876608
P 0x7f948e885d58
C 9
R
P 0x7f948e876608
C 361
R
P 0x7f948e876608
P 0x7f948e885d58
U 2
P 0x7f948e880738
P 0x7f948e880b38
p 2
C 50
= 0x7f9486cd63c8
R
P 0x7f948e876608
C 361
R
P 0x7f948e876608
P 0x7f9486cd63c8
C 274
R
P 0x7f948e876608
C 361
R
P 0x7f948e876608
P 0x7f9486cd63c8
C 271
= 0x7f948e880b58
R
P 0x7f948e876608
C 361
R
P 0x7f948e876608
P 0x7f948e880b58
C 226
R
P 0x7f948e876608
C 361
R
P 0x7f948e876608
P 0x7f9486cd63c8
C 277
R
P 0x7f948e876608
C 361
R
P 0x7f948e876608
P 0x7f9486cd63c8
C 276
R
P 0x7f948e876608
C 361
R
P 0x7f948e876608
P 0x7f9486cd63c8
C 275
R
P 0x7f948e876608
C 361
R
P 0x7f948e876608
P 0x7f9486cd63c8
C 9
R
P 0x7f948e876608
C 361
R
P 0x7f948e876608
P 0x7f9486cd6390
P 0x7f9486cd63c8
C 58
= 0x7f9486cd6400
R
P 0x7f948e876608
C 361
R
P 0x7f948e876608
P 0x7f9486cd6400
C 275
R
P 0x7f948e876608
C 361
R
P 0x7f948e876608
P 0x7f9486cd6400
C 9
R
P 0x7f948e876608
C 361
R
P 0x7f948e876608
P 0x7f948e880718
P 0x7f948e880738
C 58
= 0x7f9486cd6438
R
P 0x7f948e876608
C 361
R
P 0x7f948e876608
P 0x7f9486cd6438
C 275
R
P 0x7f948e876608
C 361
R
P 0x7f948e876608
P 0x7f9486cd6438
C 9
R
P 0x7f948e876608
C 361
R
P 0x7f948e876608
P 0x7f9486cd6400
P 0x7f9486cd6438
C 63
= 0x7f9486cd6470
R
P 0x7f948e876608
C 361
R
P 0x7f948e876608
P 0x7f9486cd6470
C 275
R
P 0x7f948e876608
C 361
R
P 0x7f948e876608
P 0x7f9486cd6470
C 9
R
P 0x7f948e876608
C 361
R
P 0x7f948e876608
P 0x7f9486cd6470
C 352
R
P 0x7f948e876608
C 361
R
P 0x7f948e876608
C 431
= 0x7f948f996648
R
P 0x7f948e876608
C 361
R
P 0x7f948e876608
P 0x7f948f996648
C 440
R
P 0x7f948e876608
C 361
R
P 0x7f948e876608
C 13
= 0x7f948f93b478
R
P 0x7f948e876608
C 361
R
P 0x7f948e876608
P 0x7f948f93b478
C 14
R
P 0x7f948e876608
C 361
R
P 0x7f948e876608
S "mbqi"
C 30
R
P 0x7f948e876608
C 361
R
P 0x7f948e876608
$ |mbqi|
C 219
R
P 0x7f948e876608
C 361
R
P 0x7f948e876608
P 0x7f948f93b478
$ |mbqi|
I 0
C 16
R
P 0x7f948e876608
C 361
R
P 0x7f948e876608
P 0x7f948f996648
P 0x7f948f93b478
C 439
R
P 0x7f948e876608
C 361
R
P 0x7f948e876608
P 0x7f9486cd6470
C 60
= 0x7f948eb98408
R
P 0x7f948e876608
C 361
R
P 0x7f948e876608
P 0x7f948eb98408
C 275
R
P 0x7f948e876608
C 361
R
P 0x7f948e876608
P 0x7f948eb98408
C 9
R
P 0x7f948e876608
C 361
R
P 0x7f948e876608
P 0x7f948f996648
P 0x7f948eb98408
C 447
R
P 0x7f948e876608
C 361
R
P 0x7f948e876608
P 0x7f948f996648
C 458
R
P 0x7f948e876608
C 361
R
P 0x7f948e876608
P 0x7f948f996648
C 464
= 0x7f9486cd8398
R
P 0x7f948e876608
C 361
R
P 0x7f948e876608
P 0x7f9486cd8398
C 274
R
P 0x7f948e876608
C 361
R
P 0x7f948e876608
P 0x7f9486cd8398
C 271
= 0x7f948e87fa38
R
P 0x7f948e876608
C 361
R
P 0x7f948e876608
P 0x7f948e87fa38
C 226
R
P 0x7f948e876608
C 361
R
P 0x7f948e876608
P 0x7f9486cd8398
C 277
R
P 0x7f948e876608
C 361
R
P 0x7f948e876608
P 0x7f9486cd8398
C 276
R
P 0x7f948e876608
C 361
R
P 0x7f948e876608
P 0x7f9486cd8398
C 275
R
P 0x7f948e876608
C 361
R
P 0x7f948e876608
P 0x7f9486cd8398
C 9
R
P 0x7f948e876608
C 361
R
P 0x7f948e876608
P 0x7f9486cd8398
C 352
R
P 0x7f948e876608
C 361
R
P 0x7f948e876608
S "u"
C 30
R
P 0x7f948e876608
C 361
R
P 0x7f948e876608
$ |u|
C 219
R
P 0x7f948e876608
C 361
R
P 0x7f948e876608
$ |u|
P 0x7f948e880b58
C 51
= 0x7f948e8809d8
R
P 0x7f948e876608
C 361
R
P 0x7f948e876608
P 0x7f948e8809d8
C 274
R
P 0x7f948e876608
C 361
R
P 0x7f948e876608
P 0x7f948e8809d8
C 271
= 0x7f948e880b58
R
P 0x7f948e876608
C 361
R
P 0x7f948e876608
P 0x7f948e880b58
C 226
R
P 0x7f948e876608
C 361
R
P 0x7f948e876608
P 0x7f948e8809d8
C 277
R
P 0x7f948e876608
C 361
R
P 0x7f948e876608
P 0x7f948e8809d8
C 276
R
P 0x7f948e876608
C 361
R
P 0x7f948e876608
P 0x7f948e8809d8
C 275
R
P 0x7f948e876608
C 361
R
P 0x7f948e876608
P 0x7f948e8809d8
C 9
R
P 0x7f948e876608
C 361
R
P 0x7f948e876608
S "v"
C 30
R
P 0x7f948e876608
C 361
R
P 0x7f948e876608
$ |v|
C 219
R
P 0x7f948e876608
C 361
R
P 0x7f948e876608
$ |v|
P 0x7f948e880b58
C 51
= 0x7f948e8809b8
R
P 0x7f948e876608
C 361
R
P 0x7f948e876608
P 0x7f948e8809b8
C 274
R
P 0x7f948e876608
C 361
R
P 0x7f948e876608
P 0x7f948e8809b8
C 271
= 0x7f948e880b58
R
P 0x7f948e876608
C 361
R
P 0x7f948e876608
P 0x7f948e880b58
C 226
R
P 0x7f948e876608
C 361
R
P 0x7f948e876608
P 0x7f948e8809b8
C 277
R
P 0x7f948e876608
C 361
R
P 0x7f948e876608
P 0x7f948e8809b8
C 276
R
P 0x7f948e876608
C 361
R
P 0x7f948e876608
P 0x7f948e8809b8
C 275
R
P 0x7f948e876608
C 361
R
P 0x7f948e876608
P 0x7f948e8809b8
C 9
R
P 0x7f948e876608
C 361
R
P 0x7f948e876608
P 0x7f948e880b58
U 1
C 235
= 0x7f948e885d58
R
P 0x7f948e876608
C 361
R
P 0x7f948e876608
P 0x7f948e885d58
C 274
R
P 0x7f948e876608
C 361
R
P 0x7f948e876608
P 0x7f948e885d58
C 9
R
P 0x7f948e876608
C 361
R
P 0x7f948e876608
P 0x7f948e885d58
U 2
P 0x7f948e880718
P 0x7f948e8809d8
p 2
C 50
= 0x7f9486cd6828
R
P 0x7f948e876608
C 361
R
P 0x7f948e876608
P 0x7f9486cd6828
C 274
R
P 0x7f948e876608
C 361
R
P 0x7f948e876608
P 0x7f9486cd6828
C 271
= 0x7f948e880b58
R
P 0x7f948e876608
C 361
R
P 0x7f948e876608
P 0x7f948e880b58
C 226
R
P 0x7f948e876608
C 361
R
P 0x7f948e876608
P 0x7f9486cd6828
C 277
R
P 0x7f948e876608
C 361
R
P 0x7f948e876608
P 0x7f9486cd6828
C 276
R
P 0x7f948e876608
C 361
R
P 0x7f948e876608
P 0x7f9486cd6828
C 275
R
P 0x7f948e876608
C 361
R
P 0x7f948e876608
P 0x7f9486cd6828
C 9
R
P 0x7f948e876608
C 361
R
P 0x7f948e876608
P 0x7f948e880b58
U 1
C 235
= 0x7f948e885d58
R
P 0x7f948e876608
C 361
R
P 0x7f948e876608
P 0x7f948e885d58
C 274
R
P 0x7f948e876608
C 361
R
P 0x7f948e876608
P 0x7f948e885d58
C 9
R
P 0x7f948e876608
C 361
R
P 0x7f948e876608
P 0x7f948e885d58
U 2
P 0x7f948e880738
P 0x7f948e8809b8
p 2
C 50
= 0x7f9486cd6860
R
P 0x7f948e876608
C 361
R
P 0x7f948e876608
P 0x7f9486cd6860
C 274
R
P 0x7f948e876608
C 361
R
P 0x7f948e876608
P 0x7f9486cd6860
C 271
= 0x7f948e880b58
R
P 0x7f948e876608
C 361
R
P 0x7f948e876608
P 0x7f948e880b58
C 226
R
P 0x7f948e876608
C 361
R
P 0x7f948e876608
P 0x7f9486cd6860
C 277
R
P 0x7f948e876608
C 361
R
P 0x7f948e876608
P 0x7f9486cd6860
C 276
R
P 0x7f948e876608
C 361
R
P 0x7f948e876608
P 0x7f9486cd6860
C 275
R
P 0x7f948e876608
C 361
R
P 0x7f948e876608
P 0x7f9486cd6860
C 9
R
P 0x7f948e876608
C 361
R
P 0x7f948e876608
P 0x7f9486cd6828
P 0x7f9486cd6860
C 58
= 0x7f9486cd6898
R
P 0x7f948e876608
C 361
R
P 0x7f948e876608
P 0x7f9486cd6898
C 275
R
P 0x7f948e876608
C 361
R
P 0x7f948e876608
P 0x7f9486cd6898
C 9
R
P 0x7f948e876608
C 361
R
P 0x7f948e876608
P 0x7f948e8809d8
P 0x7f948e8809b8
C 58
= 0x7f9486cd68d0
R
P 0x7f948e876608
C 361
R
P 0x7f948e876608
P 0x7f9486cd68d0
C 275
R
P 0x7f948e876608
C 361
R
P 0x7f948e876608
P 0x7f9486cd68d0
C 9
R
P 0x7f948e876608
C 361
R
P 0x7f948e876608
P 0x7f9486cd6898
P 0x7f9486cd68d0
C 63
= 0x7f9486cd6908
R
P 0x7f948e876608
C 361
R
P 0x7f948e876608
P 0x7f9486cd6908
C 275
R
P 0x7f948e876608
C 361
R
P 0x7f948e876608
P 0x7f9486cd6908
C 9
R
P 0x7f948e876608
C 361
R
P 0x7f948e876608
P 0x7f9486cd6908
C 352
R
P 0x7f948e876608
C 361
R
P 0x7f948e876608
C 431
= 0x7f9491199678
R
P 0x7f948e876608
C 361
R
P 0x7f948e876608
P 0x7f9491199678
C 440
R
P 0x7f948e876608
C 361
R
P 0x7f948e876608
C 13
= 0x7f949119a7e8
R
P 0x7f948e876608
C 361
R
P 0x7f948e876608
P 0x7f949119a7e8
C 14
R
P 0x7f948e876608
C 361
R
P 0x7f948e876608
S "mbqi"
C 30
R
P 0x7f948e876608
C 361
R
P 0x7f948e876608
$ |mbqi|
C 219
R
P 0x7f948e876608
C 361
R
P 0x7f948e876608
P 0x7f949119a7e8
$ |mbqi|
I 0
C 16
R
P 0x7f948e876608
C 361
R
P 0x7f948e876608
P 0x7f9491199678
P 0x7f949119a7e8
C 439
R
P 0x7f948e876608
C 361
R
P 0x7f948e876608
P 0x7f9486cd6908
C 60
= 0x7f948eb98558
R
P 0x7f948e876608
C 361
R
P 0x7f948e876608
P 0x7f948eb98558
C 275
R
P 0x7f948e876608
C 361
R
P 0x7f948e876608
P 0x7f948eb98558
C 9
R
P 0x7f948e876608
C 361
R
P 0x7f948e876608
P 0x7f9491199678
P 0x7f948eb98558
C 447
R
P 0x7f948e876608
C 361
R
P 0x7f948e876608
P 0x7f9491199678
C 458
R
P 0x7f948e876608
C 361
R
P 0x7f948e876608
P 0x7f9491199678
C 464
= 0x7f9486cd8498
R
P 0x7f948e876608
C 361
R
P 0x7f948e876608
P 0x7f9486cd8498
C 274
R
P 0x7f948e876608
C 361
R
P 0x7f948e876608
P 0x7f9486cd8498
C 271
= 0x7f948e87fa38
R
P 0x7f948e876608
C 361
R
P 0x7f948e876608
P 0x7f948e87fa38
C 226
R
P 0x7f948e876608
C 361
R
P 0x7f948e876608
P 0x7f9486cd8498
C 277
R
P 0x7f948e876608
C 361
R
P 0x7f948e876608
P 0x7f9486cd8498
C 276
R
P 0x7f948e876608
C 361
R
P 0x7f948e876608
P 0x7f9486cd8498
C 275
R
P 0x7f948e876608
C 361
R
P 0x7f948e876608
P 0x7f9486cd8498
C 9
R
P 0x7f948e876608
C 361
R
P 0x7f948e876608
P 0x7f9486cd8498
C 352
R
P 0x7f948e876608
C 361
R
P 0x7f948e876608
P 0x7f9486cd6828
P 0x7f9486cd6860
C 58
= 0x7f9486cd6898
R
P 0x7f948e876608
C 361
R
P 0x7f948e876608
P 0x7f9486cd6898
C 275
R
P 0x7f948e876608
C 361
R
P 0x7f948e876608
P 0x7f9486cd6898
C 9
R
P 0x7f948e876608
C 361
R
P 0x7f948e876608
P 0x7f948e880718
P 0x7f948e880738
C 58
= 0x7f9486cd6438
R
P 0x7f948e876608
C 361
R
P 0x7f948e876608
P 0x7f9486cd6438
C 275
R
P 0x7f948e876608
C 361
R
P 0x7f948e876608
P 0x7f9486cd6438
C 9
R
P 0x7f948e876608
C 361
R
P 0x7f948e876608
P 0x7f9486cd6898
P 0x7f9486cd6438
C 63
= 0x7f9486cd6c18
R
P 0x7f948e876608
C 361
R
P 0x7f948e876608
P 0x7f9486cd6c18
C 275
R
P 0x7f948e876608
C 361
R
P 0x7f948e876608
P 0x7f9486cd6c18
C 9
R
P 0x7f948e876608
C 361
R
P 0x7f948e876608
P 0x7f9486cd6c18
C 352
R
P 0x7f948e876608
C 361
R
P 0x7f948e876608
C 431
= 0x7f9490463b18
R
P 0x7f948e876608
C 361
R
P 0x7f948e876608
P 0x7f9490463b18
C 440
R
P 0x7f948e876608
C 361
R
P 0x7f948e876608
C 13
= 0x7f949045ce48
R
P 0x7f948e876608
C 361
R
P 0x7f948e876608
P 0x7f949045ce48
C 14
R
P 0x7f948e876608
C 361
R
P 0x7f948e876608
S "mbqi"
C 30
R
P 0x7f948e876608
C 361
R
P 0x7f948e876608
$ |mbqi|
C 219
R
P 0x7f948e876608
C 361
R
P 0x7f948e876608
P 0x7f949045ce48
$ |mbqi|
I 0
C 16
R
P 0x7f948e876608
C 361
R
P 0x7f948e876608
P 0x7f9490463b18
P 0x7f949045ce48
C 439
R
P 0x7f948e876608
C 361
R
P 0x7f948e876608
P 0x7f9486cd6c18
C 60
= 0x7f948eb986d8
R
P 0x7f948e876608
C 361
R
P 0x7f948e876608
P 0x7f948eb986d8
C 275
R
P 0x7f948e876608
C 361
R
P 0x7f948e876608
P 0x7f948eb986d8
C 9
R
P 0x7f948e876608
C 361
R
P 0x7f948e876608
P 0x7f9490463b18
P 0x7f948eb986d8
C 447
R
P 0x7f948e876608
C 361
R
P 0x7f948e876608
P 0x7f9490463b18
C 458
R
P 0x7f948e876608
C 361
R
P 0x7f948e876608
P 0x7f9490463b18
C 464
= 0x7f9486cd8558
R
P 0x7f948e876608
C 361
R
P 0x7f948e876608
P 0x7f9486cd8558
C 274
R
P 0x7f948e876608
C 361
R
P 0x7f948e876608
P 0x7f9486cd8558
C 271
= 0x7f948e87fa38
R
P 0x7f948e876608
C 361
R
P 0x7f948e876608
P 0x7f948e87fa38
C 226
R
P 0x7f948e876608
C 361
R
P 0x7f948e876608
P 0x7f9486cd8558
C 277
R
P 0x7f948e876608
C 361
R
P 0x7f948e876608
P 0x7f9486cd8558
C 276
R
P 0x7f948e876608
C 361
R
P 0x7f948e876608
P 0x7f9486cd8558
C 275
R
P 0x7f948e876608
C 361
R
P 0x7f948e876608
P 0x7f9486cd8558
C 9
R
P 0x7f948e876608
C 361
R
P 0x7f948e876608
P 0x7f9486cd8558
C 352
R
P 0x7f948e876608
C 361
R
P 0x7f948e876608
P 0x7f948e880b58
U 0
C 236
= 0x7f9486cd6eb8
R
P 0x7f948e876608
C 361
R
P 0x7f948e876608
P 0x7f9486cd6eb8
C 274
R
P 0x7f948e876608
C 361
R
P 0x7f948e876608
P 0x7f9486cd6eb8
C 9
R
P 0x7f948e876608
C 361
R
P 0x7f948e876608
P 0x7f9486cd6eb8
U 1
P 0x7f948e8809d8
p 1
C 50
= 0x7f948eb987f8
R
P 0x7f948e876608
C 361
R
P 0x7f948e876608
P 0x7f948eb987f8
C 274
R
P 0x7f948e876608
C 361
R
P 0x7f948e876608
P 0x7f948eb987f8
C 271
= 0x7f948e87fa18
R
P 0x7f948e876608
C 361
R
P 0x7f948e876608
P 0x7f948e87fa18
C 226
R
P 0x7f948e876608
C 361
R
P 0x7f948e876608
P 0x7f948eb987f8
C 277
R
P 0x7f948e876608
C 361
R
P 0x7f948e876608
P 0x7f948eb987f8
C 276
R
P 0x7f948e876608
C 361
R
P 0x7f948e876608
P 0x7f948eb987f8
C 275
R
P 0x7f948e876608
C 361
R
P 0x7f948e876608
P 0x7f948eb987f8
C 9
R
P 0x7f948e876608
C 361
R
P 0x7f948e876608
P 0x7f948e880b58
U 1
C 236
= 0x7f9486cd6ef0
R
P 0x7f948e876608
C 361
R
P 0x7f948e876608
P 0x7f9486cd6ef0
C 274
R
P 0x7f948e876608
C 361
R
P 0x7f948e876608
P 0x7f9486cd6ef0
C 9
R
P 0x7f948e876608
C 361
R
P 0x7f948e876608
P 0x7f9486cd6ef0
U 1
P 0x7f948e8809d8
p 1
C 50
= 0x7f948eb98828
R
P 0x7f948e876608
C 361
R
P 0x7f948e876608
P 0x7f948eb98828
C 274
R
P 0x7f948e876608
C 361
R
P 0x7f948e876608
P 0x7f948eb98828
C 271
= 0x7f948e87fa18
R
P 0x7f948e876608
C 361
R
P 0x7f948e876608
P 0x7f948e87fa18
C 226
R
P 0x7f948e876608
C 361
R
P 0x7f948e876608
P 0x7f948eb98828
C 277
R
P 0x7f948e876608
C 361
R
P 0x7f948e876608
P 0x7f948eb98828
C 276
R
P 0x7f948e876608
C 361
R
P 0x7f948e876608
P 0x7f948eb98828
C 275
R
P 0x7f948e876608
C 361
R
P 0x7f948e876608
P 0x7f948eb98828
C 9
R
P 0x7f948e876608
C 361
R
P 0x7f948e876608
U 2
P 0x7f948eb987f8
P 0x7f948eb98828
p 2
C 66
= 0x7f9486cd6f28
R
P 0x7f948e876608
C 361
R
P 0x7f948e876608
P 0x7f9486cd6f28
C 275
R
P 0x7f948e876608
C 361
R
P 0x7f948e876608
P 0x7f9486cd6f28
C 9
R
P 0x7f948e876608
C 361
R
P 0x7f948e876608
P 0x7f9486cd6f28
C 352
R
P 0x7f948e876608
C 361
R
P 0x7f948e876608
C 431
= 0x7f94905ea2e8
R
P 0x7f948e876608
C 361
R
P 0x7f948e876608
P 0x7f94905ea2e8
C 440
R
P 0x7f948e876608
C 361
R
P 0x7f948e876608
C 13
= 0x7f94905dee88
R
P 0x7f948e876608
C 361
R
P 0x7f948e876608
P 0x7f94905dee88
C 14
R
P 0x7f948e876608
C 361
R
P 0x7f948e876608
S "mbqi"
C 30
R
P 0x7f948e876608
C 361
R
P 0x7f948e876608
$ |mbqi|
C 219
R
P 0x7f948e876608
C 361
R
P 0x7f948e876608
P 0x7f94905dee88
$ |mbqi|
I 0
C 16
R
P 0x7f948e876608
C 361
R
P 0x7f948e876608
P 0x7f94905ea2e8
P 0x7f94905dee88
C 439
R
P 0x7f948e876608
C 361
R
P 0x7f948e876608
P 0x7f9486cd6f28
C 60
= 0x7f948eb98858
R
P 0x7f948e876608
C 361
R
P 0x7f948e876608
P 0x7f948eb98858
C 275
R
P 0x7f948e876608
C 361
R
P 0x7f948e876608
P 0x7f948eb98858
C 9
R
P 0x7f948e876608
C 361
R
P 0x7f948e876608
P 0x7f94905ea2e8
P 0x7f948eb98858
C 447
R
P 0x7f948e876608
C 361
R
P 0x7f948e876608
P 0x7f94905ea2e8
C 458
R
P 0x7f948e876608
C 361
R
P 0x7f948e876608
P 0x7f94905ea2e8
C 464
= 0x7f9486cd8658
R
P 0x7f948e876608
C 361
R
P 0x7f948e876608
P 0x7f9486cd8658
C 274
R
P 0x7f948e876608
C 361
R
P 0x7f948e876608
P 0x7f9486cd8658
C 271
= 0x7f948e87fa38
R
P 0x7f948e876608
C 361
R
P 0x7f948e876608
P 0x7f948e87fa38
C 226
R
P 0x7f948e876608
C 361
R
P 0x7f948e876608
P 0x7f9486cd8658
C 277
R
P 0x7f948e876608
C 361
R
P 0x7f948e876608
P 0x7f9486cd8658
C 276
R
P 0x7f948e876608
C 361
R
P 0x7f948e876608
P 0x7f9486cd8658
C 275
R
P 0x7f948e876608
C 361
R
P 0x7f948e876608
P 0x7f9486cd8658
C 9
R
P 0x7f948e876608
C 361
R
P 0x7f948e876608
P 0x7f9486cd8658
C 352
R
P 0x7f948e876608
C 361
R
P 0x7f948e876608
P 0x7f948e8809d8
P 0x7f9486cd6828
C 58
= 0x7f9486cd70e8
R
P 0x7f948e876608
C 361
R
P 0x7f948e876608
P 0x7f9486cd70e8
C 275
R
P 0x7f948e876608
C 361
R
P 0x7f948e876608
P 0x7f9486cd70e8
C 9
R
P 0x7f948e876608
C 361
R
P 0x7f948e876608
P 0x7f9486cd70e8
C 60
= 0x7f948eb989a8
R
P 0x7f948e876608
C 361
R
P 0x7f948e876608
P 0x7f948eb989a8
C 275
R
P 0x7f948e876608
C 361
R
P 0x7f948e876608
P 0x7f948eb989a8
C 9
R
P 0x7f948e876608
C 361
R
P 0x7f948e876608
P 0x7f948eb989a8
C 352
R
P 0x7f948e876608
C 361
R
P 0x7f948e876608
C 431
= 0x7f9491671408
R
P 0x7f948e876608
C 361
R
P 0x7f948e876608
P 0x7f9491671408
C 440
R
P 0x7f948e876608
C 361
R
P 0x7f948e876608
C 13
= 0x7f94916714b8
R
P 0x7f948e876608
C 361
R
P 0x7f948e876608
P 0x7f94916714b8
C 14
R
P 0x7f948e876608
C 361
R
P 0x7f948e876608
S "mbqi"
C 30
R
P 0x7f948e876608
C 361
R
P 0x7f948e876608
$ |mbqi|
C 219
R
P 0x7f948e876608
C 361
R
P 0x7f948e876608
P 0x7f94916714b8
$ |mbqi|
I 0
C 16
R
P 0x7f948e876608
C 361
R
P 0x7f948e876608
P 0x7f9491671408
P 0x7f94916714b8
C 439
R
P 0x7f948e876608
C 361
R
P 0x7f948e876608
P 0x7f948eb989a8
C 60
= 0x7f948eb989d8
R
P 0x7f948e876608
C 361
R
P 0x7f948e876608
P 0x7f948eb989d8
C 275
R
P 0x7f948e876608
C 361
R
P 0x7f948e876608
P 0x7f948eb989d8
C 9
R
P 0x7f948e876608
C 361
R
P 0x7f948e876608
P 0x7f9491671408
P 0x7f948eb989d8
C 447
R
P 0x7f948e876608
C 361
R
P 0x7f948e876608
P 0x7f9491671408
C 458
R
P 0x7f948e876608
C 361
R
P 0x7f948e876608
P 0x7f9491671408
C 464
= 0x7f9486cd7238
R
P 0x7f948e876608
C 361
R
P 0x7f948e876608
P 0x7f9486cd7238
C 274
R
P 0x7f948e876608
C 361
R
P 0x7f948e876608
P 0x7f9486cd7238
C 271
= 0x7f948e87fa38
R
P 0x7f948e876608
C 361
R
P 0x7f948e876608
P 0x7f948e87fa38
C 226
R
P 0x7f948e876608
C 361
R
P 0x7f948e876608
P 0x7f9486cd7238
C 277
R
P 0x7f948e876608
C 361
R
P 0x7f948e876608
P 0x7f9486cd7238
C 276
R
P 0x7f948e876608
C 361
R
P 0x7f948e876608
P 0x7f9486cd7238
C 275
R
P 0x7f948e876608
C 361
R
P 0x7f948e876608
P 0x7f9486cd7238
C 9
R
P 0x7f948e876608
C 361
R
P 0x7f948e876608
P 0x7f9486cd7238
C 352
R
P 0x7f948e876608
C 361
R
P 0x7f948e876608
P 0x7f948e880b58
U 1
C 235
= 0x7f948e885d58
R
P 0x7f948e876608
C 361
R
P 0x7f948e876608
P 0x7f948e885d58
C 274
R
P 0x7f948e876608
C 361
R
P 0x7f948e876608
P 0x7f948e885d58
C 9
R
P 0x7f948e876608
C 361
R
P 0x7f948e876608
P 0x7f948e880b58
U 1
U 0
C 237
= 0x7f9486ca29a8
R
P 0x7f948e876608
C 361
R
P 0x7f948e876608
P 0x7f9486ca29a8
C 274
R
P 0x7f948e876608
C 361
R
P 0x7f948e876608
P 0x7f9486ca29a8
C 9
R
P 0x7f948e876608
C 361
R
P 0x7f948e876608
P 0x7f9486ca29a8
U 1
P 0x7f948e8809d8
p 1
C 50
= 0x7f948eb98a98
R
P 0x7f948e876608
C 361
R
P 0x7f948e876608
P 0x7f948eb98a98
C 274
R
P 0x7f948e876608
C 361
R
P 0x7f948e876608
P 0x7f948eb98a98
C 271
= 0x7f948e87fad8
R
P 0x7f948e876608
C 361
R
P 0x7f948e876608
P 0x7f948e87fad8
C 226
R
P 0x7f948e876608
C 361
R
P 0x7f948e876608
P 0x7f948eb98a98
C 277
R
P 0x7f948e876608
C 361
R
P 0x7f948e876608
P 0x7f948eb98a98
C 276
R
P 0x7f948e876608
C 361
R
P 0x7f948e876608
P 0x7f948eb98a98
C 275
R
P 0x7f948e876608
C 361
R
P 0x7f948e876608
P 0x7f948eb98a98
C 9
R
P 0x7f948e876608
C 361
R
P 0x7f948e876608
P 0x7f948e880b58
U 1
U 1
C 237
= 0x7f9486ca29e0
R
P 0x7f948e876608
C 361
R
P 0x7f948e876608
P 0x7f9486ca29e0
C 274
R
P 0x7f948e876608
C 361
R
P 0x7f948e876608
P 0x7f9486ca29e0
C 9
R
P 0x7f948e876608
C 361
R
P 0x7f948e876608
P 0x7f9486ca29e0
U 1
P 0x7f948e8809d8
p 1
C 50
= 0x7f948eb98ac8
R
P 0x7f948e876608
C 361
R
P 0x7f948e876608
P 0x7f948eb98ac8
C 274
R
P 0x7f948e876608
C 361
R
P 0x7f948e876608
P 0x7f948eb98ac8
C 271
= 0x7f948e880b58
R
P 0x7f948e876608
C 361
R
P 0x7f948e876608
P 0x7f948e880b58
C 226
R
P 0x7f948e876608
C 361
R
P 0x7f948e876608
P 0x7f948eb98ac8
C 277
R
P 0x7f948e876608
C 361
R
P 0x7f948e876608
P 0x7f948eb98ac8
C 276
R
P 0x7f948e876608
C 361
R
P 0x7f948e876608
P 0x7f948eb98ac8
C 275
R
P 0x7f948e876608
C 361
R
P 0x7f948e876608
P 0x7f948eb98ac8
C 9
R
P 0x7f948e876608
C 361
R
P 0x7f948e876608
P 0x7f948e885d58
U 2
P 0x7f948eb98a98
P 0x7f948eb98ac8
p 2
C 50
= 0x7f9486cd70b0
R
P 0x7f948e876608
C 361
R
P 0x7f948e876608
P 0x7f9486cd70b0
C 274
R
P 0x7f948e876608
C 361
R
P 0x7f948e876608
P 0x7f9486cd70b0
C 271
= 0x7f948e880b58
R
P 0x7f948e876608
C 361
R
P 0x7f948e876608
P 0x7f948e880b58
C 226
R
P 0x7f948e876608
C 361
R
P 0x7f948e876608
P 0x7f9486cd70b0
C 277
R
P 0x7f948e876608
C 361
R
P 0x7f948e876608
P 0x7f9486cd70b0
C 276
R
P 0x7f948e876608
C 361
R
P 0x7f948e876608
P 0x7f9486cd70b0
C 275
R
P 0x7f948e876608
C 361
R
P 0x7f948e876608
P 0x7f9486cd70b0
C 9
R
P 0x7f948e876608
C 361
R
P 0x7f948e876608
P 0x7f948e8809d8
P 0x7f9486cd70b0
C 58
= 0x7f9486cd7190
R
P 0x7f948e876608
C 361
R
P 0x7f948e876608
P 0x7f9486cd7190
C 275
R
P 0x7f948e876608
C 361
R
P 0x7f948e876608
P 0x7f9486cd7190
C 9
R
P 0x7f948e876608
C 361
R
P 0x7f948e876608
P 0x7f948e880b58
U 1
C 236
= 0x7f9486cd6ef0
R
P 0x7f948e876608
C 361
R
P 0x7f948e876608
P 0x7f9486cd6ef0
C 274
R
P 0x7f948e876608
C 361
R
P 0x7f948e876608
P 0x7f9486cd6ef0
C 9
R
P 0x7f948e876608
C 361
R
P 0x7f948e876608
P 0x7f9486cd6ef0
U 1
P 0x7f948e8809d8
p 1
C 50
= 0x7f948eb98828
R
P 0x7f948e876608
C 361
R
P 0x7f948e876608
P 0x7f948eb98828
C 274
R
P 0x7f948e876608
C 361
R
P 0x7f948e876608
P 0x7f948eb98828
C 271
= 0x7f948e87fa18
R
P 0x7f948e876608
C 361
R
P 0x7f948e876608
P 0x7f948e87fa18
C 226
R
P 0x7f948e876608
C 361
R
P 0x7f948e876608
P 0x7f948eb98828
C 277
R
P 0x7f948e876608
C 361
R
P 0x7f948e876608
P 0x7f948eb98828
C 276
R
P 0x7f948e876608
C 361
R
P 0x7f948e876608
P 0x7f948eb98828
C 275
R
P 0x7f948e876608
C 361
R
P 0x7f948e876608
P 0x7f948eb98828
C 9
R
P 0x7f948e876608
C 361
R
P 0x7f948e876608
P 0x7f948eb98828
P 0x7f9486cd7190
C 63
= 0x7f9486cd7270
R
P 0x7f948e876608
C 361
R
P 0x7f948e876608
P 0x7f9486cd7270
C 275
R
P 0x7f948e876608
C 361
R
P 0x7f948e876608
P 0x7f9486cd7270
C 9
R
P 0x7f948e876608
C 361
R
P 0x7f948e876608
P 0x7f9486cd7270
C 352
R
P 0x7f948e876608
C 361
R
P 0x7f948e876608
P 0x7f9486cd7270
C 352
R
P 0x7f948e876608
C 361
R
P 0x7f948e876608
C 431
= 0x7f9491430928
R
P 0x7f948e876608
C 361
R
P 0x7f948e876608
P 0x7f9491430928
C 440
R
P 0x7f948e876608
C 361
R
P 0x7f948e876608
C 13
= 0x7f94911ed908
R
P 0x7f948e876608
C 361
R
P 0x7f948e876608
P 0x7f94911ed908
C 14
R
P 0x7f948e876608
C 361
R
P 0x7f948e876608
S "mbqi"
C 30
R
P 0x7f948e876608
C 361
R
P 0x7f948e876608
$ |mbqi|
C 219
R
P 0x7f948e876608
C 361
R
P 0x7f948e876608
P 0x7f94911ed908
$ |mbqi|
I 0
C 16
R
P 0x7f948e876608
C 361
R
P 0x7f948e876608
P 0x7f9491430928
P 0x7f94911ed908
C 439
R
P 0x7f948e876608
C 361
R
P 0x7f948e876608
P 0x7f9486cd7270
C 60
= 0x7f948eb98af8
R
P 0x7f948e876608
C 361
R
P 0x7f948e876608
P 0x7f948eb98af8
C 275
R
P 0x7f948e876608
C 361
R
P 0x7f948e876608
P 0x7f948eb98af8
C 9
R
P 0x7f948e876608
C 361
R
P 0x7f948e876608
P 0x7f9491430928
P 0x7f948eb98af8
C 447
R
P 0x7f948e876608
C 361
R
P 0x7f948e876608
P 0x7f9491430928
C 458
R
P 0x7f948e876608
C 361
R
P 0x7f948e876608
P 0x7f9491430928
C 464
= 0x7f948e88a970
R
P 0x7f948e876608
C 361
R
P 0x7f948e876608
P 0x7f948e88a970
C 274
R
P 0x7f948e876608
C 361
R
P 0x7f948e876608
P 0x7f948e88a970
C 271
= 0x7f948e87fa38
R
P 0x7f948e876608
C 361
R
P 0x7f948e876608
P 0x7f948e87fa38
C 226
R
P 0x7f948e876608
C 361
R
P 0x7f948e876608
P 0x7f948e88a970
C 277
R
P 0x7f948e876608
C 361
R
P 0x7f948e876608
P 0x7f948e88a970
C 276
R
P 0x7f948e876608
C 361
R
P 0x7f948e876608
P 0x7f948e88a970
C 275
R
P 0x7f948e876608
C 361
R
P 0x7f948e876608
P 0x7f948e88a970
C 9
R
P 0x7f948e876608
C 361
R
P 0x7f948e876608
P 0x7f948e88a970
C 352
R
P 0x7f948e876608
C 361
R
P 0x7f948e876608
P 0x7f9486cd7190
C 352
R
P 0x7f948e876608
C 361
R
P 0x7f948e876608
C 431
= 0x7f949127a358
R
P 0x7f948e876608
C 361
R
P 0x7f948e876608
P 0x7f949127a358
C 440
R
P 0x7f948e876608
C 361
R
P 0x7f948e876608
C 13
= 0x7f949127a458
R
P 0x7f948e876608
C 361
R
P 0x7f948e876608
P 0x7f949127a458
C 14
R
P 0x7f948e876608
C 361
R
P 0x7f948e876608
S "mbqi"
C 30
R
P 0x7f948e876608
C 361
R
P 0x7f948e876608
$ |mbqi|
C 219
R
P 0x7f948e876608
C 361
R
P 0x7f948e876608
P 0x7f949127a458
$ |mbqi|
I 0
C 16
R
P 0x7f948e876608
C 361
R
P 0x7f948e876608
P 0x7f949127a358
P 0x7f949127a458
C 439
R
P 0x7f948e876608
C 361
R
P 0x7f948e876608
P 0x7f9486cd7190
C 60
= 0x7f948eb98be8
R
P 0x7f948e876608
C 361
R
P 0x7f948e876608
P 0x7f948eb98be8
C 275
R
P 0x7f948e876608
C 361
R
P 0x7f948e876608
P 0x7f948eb98be8
C 9
R
P 0x7f948e876608
C 361
R
P 0x7f948e876608
P 0x7f949127a358
P 0x7f948eb98be8
C 447
R
P 0x7f948e876608
C 361
R
P 0x7f948e876608
P 0x7f949127a358
C 458
R
P 0x7f948e876608
C 361
R
P 0x7f948e876608
P 0x7f949127a358
C 463
= 0x7f949129c8f8
R
P 0x7f948e876608
C 361
R
P 0x7f948e876608
P 0x7f949129c8f8
C 319
R
P 0x7f948e876608
C 361
R
P 0x7f948e876608
P 0x7f949129c8f8
C 356
R
P 0x7f948e876608
C 361
M "TreeExample"
R
P 0x7f948e876608
S "nil"
C 30
R
P 0x7f948e876608
C 361
R
P 0x7f948e876608
$ |nil|
C 219
R
P 0x7f948e876608
C 361
R
P 0x7f948e876608
S "is_nil"
C 30
R
P 0x7f948e876608
C 361
R
P 0x7f948e876608
$ |is_nil|
C 219
R
P 0x7f948e876608
C 361
R
P 0x7f948e876608
$ |nil|
$ |is_nil|
U 0
s 0
p 0
u 0
C 42
= 0x7f949129c8a8
R
P 0x7f948e876608
C 361
R
P 0x7f948e876608
S "cons"
C 30
R
P 0x7f948e876608
C 361
R
P 0x7f948e876608
$ |cons|
C 219
R
P 0x7f948e876608
C 361
R
P 0x7f948e876608
S "is_cons"
C 30
R
P 0x7f948e876608
C 361
R
P 0x7f948e876608
$ |is_cons|
C 219
R
P 0x7f948e876608
C 361
R
P 0x7f948e876608
S "car"
C 30
R
P 0x7f948e876608
C 361
R
P 0x7f948e876608
$ |car|
C 219
R
P 0x7f948e876608
C 361
R
P 0x7f948e876608
S "cdr"
C 30
R
P 0x7f948e876608
C 361
R
P 0x7f948e876608
$ |cdr|
C 219
R
P 0x7f948e876608
C 361
R
P 0x7f948e876608
$ |cons|
$ |is_cons|
U 2
$ |car|
$ |cdr|
s 2
P 0x0
P 0x0
p 2
U 0
U 0
u 2
C 42
= 0x7f949129ac88
R
P 0x7f948e876608
C 361
R
P 0x7f948e876608
S "cell"
C 30
R
P 0x7f948e876608
C 361
R
P 0x7f948e876608
$ |cell|
C 219
R
P 0x7f948e876608
C 361
R
P 0x7f948e876608
$ |cell|
U 2
P 0x7f949129c8a8
P 0x7f949129ac88
p 2
C 44
= 0x7f948e8809f8
@ 0x7f949129c8a8 3 0
@ 0x7f949129ac88 3 1
R
P 0x7f948e876608
C 361
R
P 0x7f948e876608
P 0x7f948e8809f8
C 274
R
P 0x7f948e876608
C 361
R
P 0x7f948e876608
P 0x7f948e8809f8
C 9
R
P 0x7f948e876608
C 361
R
P 0x7f948e876608
P 0x7f949129c8a8
U 0
P 0x0
P 0x0
p 0
C 48
* 0x7f948eb98ca8 3
* 0x7f9486cd74a0 4
R
P 0x7f948e876608
C 361
R
P 0x7f948e876608
P 0x7f948eb98ca8
C 274
R
P 0x7f948e876608
C 361
R
P 0x7f948e876608
P 0x7f948eb98ca8
C 9
R
P 0x7f948e876608
C 361
R
P 0x7f948e876608
P 0x7f949129c8a8
U 0
P 0x0
P 0x0
p 0
C 48
* 0x7f948eb98ca8 3
* 0x7f9486cd74a0 4
R
P 0x7f948e876608
C 361
R
P 0x7f948e876608
P 0x7f9486cd74a0
C 274
R
P 0x7f948e876608
C 361
R
P 0x7f948e876608
P 0x7f9486cd74a0
C 9
R
P 0x7f948e876608
C 361
R
P 0x7f948e876608
P 0x7f949129ac88
U 2
P 0x0
P 0x0
P 0x0
P 0x0
p 2
C 48
* 0x7f9486cd87d8 3
* 0x7f9486cd74d8 4
@ 0x7f9486cd7510 5 0
@ 0x7f9486cd7548 5 1
R
P 0x7f948e876608
C 361
R
P 0x7f948e876608
P 0x7f9486cd87d8
C 274
R
P 0x7f948e876608
C 361
R
P 0x7f948e876608
P 0x7f9486cd87d8
C 9
R
P 0x7f948e876608
C 361
R
P 0x7f948e876608
P 0x7f949129ac88
U 2
P 0x0
P 0x0
P 0x0
P 0x0
p 2
C 48
* 0x7f9486cd87d8 3
* 0x7f9486cd7548 4
@ 0x7f9486cd7510 5 0
@ 0x7f9486cd74d8 5 1
R
P 0x7f948e876608
C 361
R
P 0x7f948e876608
P 0x7f9486cd7548
C 274
R
P 0x7f948e876608
C 361
R
P 0x7f948e876608
P 0x7f9486cd7548
C 9
R
P 0x7f948e876608
C 361
R
P 0x7f948e876608
P 0x7f949129ac88
U 2
P 0x0
P 0x0
P 0x0
P 0x0
p 2
C 48
* 0x7f9486cd87d8 3
* 0x7f9486cd7548 4
@ 0x7f9486cd74d8 5 0
@ 0x7f9486cd7510 5 1
R
P 0x7f948e876608
C 361
R
P 0x7f948e876608
P 0x7f9486cd74d8
C 274
R
P 0x7f948e876608
C 361
R
P 0x7f948e876608
P 0x7f9486cd74d8
C 9
R
P 0x7f948e876608
C 361
R
P 0x7f948e876608
P 0x7f9486cd7510
C 274
R
P 0x7f948e876608
C 361
R
P 0x7f948e876608
P 0x7f9486cd7510
C 9
R
P 0x7f948e876608
C 361
R
P 0x7f948e876608
P 0x7f948eb98ca8
U 0
p 0
C 50
= 0x7f948e880a18
R
P 0x7f948e876608
C 361
R
P 0x7f948e876608
P 0x7f948e880a18
C 274
R
P 0x7f948e876608
C 361
R
P 0x7f948e876608
P 0x7f948e880a18
C 271
= 0x7f948e8809f8
R
P 0x7f948e876608
C 361
R
P 0x7f948e876608
P 0x7f948e8809f8
C 226
R
P 0x7f948e876608
C 361
R
P 0x7f948e876608
P 0x7f948e880a18
C 277
R
P 0x7f948e876608
C 361
R
P 0x7f948e876608
P 0x7f948e880a18
C 276
R
P 0x7f948e876608
C 361
R
P 0x7f948e876608
P 0x7f948e880a18
C 275
R
P 0x7f948e876608
C 361
R
P 0x7f948e876608
P 0x7f948e880a18
C 9
R
P 0x7f948e876608
C 361
R
P 0x7f948e876608
P 0x7f9486cd87d8
U 2
P 0x7f948e880a18
P 0x7f948e880a18
p 2
C 50
= 0x7f9486cd7430
R
P 0x7f948e876608
C 361
R
P 0x7f948e876608
P 0x7f9486cd7430
C 274
R
P 0x7f948e876608
C 361
R
P 0x7f948e876608
P 0x7f9486cd7430
C 271
= 0x7f948e8809f8
R
P 0x7f948e876608
C 361
R
P 0x7f948e876608
P 0x7f948e8809f8
C 226
R
P 0x7f948e876608
C 361
R
P 0x7f948e876608
P 0x7f9486cd7430
C 277
R
P 0x7f948e876608
C 361
R
P 0x7f948e876608
P 0x7f9486cd7430
C 276
R
P 0x7f948e876608
C 361
R
P 0x7f948e876608
P 0x7f9486cd7430
C 275
R
P 0x7f948e876608
C 361
R
P 0x7f948e876608
P 0x7f9486cd7430
C 9
R
P 0x7f948e876608
C 361
R
P 0x7f948e876608
P 0x7f9486cd87d8
U 2
P 0x7f9486cd7430
P 0x7f948e880a18
p 2
C 50
= 0x7f9486cd7468
R
P 0x7f948e876608
C 361
R
P 0x7f948e876608
P 0x7f9486cd7468
C 274
R
P 0x7f948e876608
C 361
R
P 0x7f948e876608
P 0x7f9486cd7468
C 271
= 0x7f948e8809f8
R
P 0x7f948e876608
C 361
R
P 0x7f948e876608
P 0x7f948e8809f8
C 226
R
P 0x7f948e876608
C 361
R
P 0x7f948e876608
P 0x7f9486cd7468
C 277
R
P 0x7f948e876608
C 361
R
P 0x7f948e876608
P 0x7f9486cd7468
C 276
R
P 0x7f948e876608
C 361
R
P 0x7f948e876608
P 0x7f9486cd7468
C 275
R
P 0x7f948e876608
C 361
R
P 0x7f948e876608
P 0x7f9486cd7468
C 9
R
P 0x7f948e876608
C 361
R
P 0x7f948e876608
P 0x7f948e880a18
P 0x7f9486cd7430
C 58
= 0x7f9486cd75b8
R
P 0x7f948e876608
C 361
R
P 0x7f948e876608
P 0x7f9486cd75b8
C 275
R
P 0x7f948e876608
C 361
R
P 0x7f948e876608
P 0x7f9486cd75b8
C 9
R
P 0x7f948e876608
C 361
R
P 0x7f948e876608
P 0x7f9486cd75b8
C 60
= 0x7f948eb98d08
R
P 0x7f948e876608
C 361
R
P 0x7f948e876608
P 0x7f948eb98d08
C 275
R
P 0x7f948e876608
C 361
R
P 0x7f948e876608
P 0x7f948eb98d08
C 9
R
P 0x7f948e876608
C 361
R
P 0x7f948e876608
P 0x7f948eb98d08
C 352
R
P 0x7f948e876608
C 361
R
P 0x7f948e876608
C 431
= 0x7f949129acd8
R
P 0x7f948e876608
C 361
R
P 0x7f948e876608
P 0x7f949129acd8
C 440
R
P 0x7f948e876608
C 361
R
P 0x7f948e876608
C 13
= 0x7f949129b438
R
P 0x7f948e876608
C 361
R
P 0x7f948e876608
P 0x7f949129b438
C 14
R
P 0x7f948e876608
C 361
R
P 0x7f948e876608
S "mbqi"
C 30
R
P 0x7f948e876608
C 361
R
P 0x7f948e876608
$ |mbqi|
C 219
R
P 0x7f948e876608
C 361
R
P 0x7f948e876608
P 0x7f949129b438
$ |mbqi|
I 0
C 16
R
P 0x7f948e876608
C 361
R
P 0x7f948e876608
P 0x7f949129acd8
P 0x7f949129b438
C 439
R
P 0x7f948e876608
C 361
R
P 0x7f948e876608
P 0x7f948eb98d08
C 60
= 0x7f948eb98d38
R
P 0x7f948e876608
C 361
R
P 0x7f948e876608
P 0x7f948eb98d38
C 275
R
P 0x7f948e876608
C 361
R
P 0x7f948e876608
P 0x7f948eb98d38
C 9
R
P 0x7f948e876608
C 361
R
P 0x7f948e876608
P 0x7f949129acd8
P 0x7f948eb98d38
C 447
R
P 0x7f948e876608
C 361
R
P 0x7f948e876608
P 0x7f949129acd8
C 458
R
P 0x7f948e876608
C 361
R
P 0x7f948e876608
P 0x7f949129acd8
C 464
= 0x7f9486cd88d8
R
P 0x7f948e876608
C 361
R
P 0x7f948e876608
P 0x7f9486cd88d8
C 274
R
P 0x7f948e876608
C 361
R
P 0x7f948e876608
P 0x7f9486cd88d8
C 271
= 0x7f948e87fa38
R
P 0x7f948e876608
C 361
R
P 0x7f948e876608
P 0x7f948e87fa38
C 226
R
P 0x7f948e876608
C 361
R
P 0x7f948e876608
P 0x7f9486cd88d8
C 277
R
P 0x7f948e876608
C 361
R
P 0x7f948e876608
P 0x7f9486cd88d8
C 276
R
P 0x7f948e876608
C 361
R
P 0x7f948e876608
P 0x7f9486cd88d8
C 275
R
P 0x7f948e876608
C 361
R
P 0x7f948e876608
P 0x7f9486cd88d8
C 9
R
P 0x7f948e876608
C 361
R
P 0x7f948e876608
P 0x7f9486cd88d8
C 352
R
P 0x7f948e876608
C 361
R
P 0x7f948e876608
S "u"
C 30
R
P 0x7f948e876608
C 361
R
P 0x7f948e876608
$ |u|
C 219
R
P 0x7f948e876608
C 361
R
P 0x7f948e876608
$ |u|
P 0x7f948e8809f8
C 51
= 0x7f948e880ad8
R
P 0x7f948e876608
C 361
R
P 0x7f948e876608
P 0x7f948e880ad8
C 274
R
P 0x7f948e876608
C 361
R
P 0x7f948e876608
P 0x7f948e880ad8
C 271
= 0x7f948e8809f8
R
P 0x7f948e876608
C 361
R
P 0x7f948e876608
P 0x7f948e8809f8
C 226
R
P 0x7f948e876608
C 361
R
P 0x7f948e876608
P 0x7f948e880ad8
C 277
R
P 0x7f948e876608
C 361
R
P 0x7f948e876608
P 0x7f948e880ad8
C 276
R
P 0x7f948e876608
C 361
R
P 0x7f948e876608
P 0x7f948e880ad8
C 275
R
P 0x7f948e876608
C 361
R
P 0x7f948e876608
P 0x7f948e880ad8
C 9
R
P 0x7f948e876608
C 361
R
P 0x7f948e876608
S "v"
C 30
R
P 0x7f948e876608
C 361
R
P 0x7f948e876608
$ |v|
C 219
R
P 0x7f948e876608
C 361
R
P 0x7f948e876608
$ |v|
P 0x7f948e8809f8
C 51
= 0x7f948e880af8
R
P 0x7f948e876608
C 361
R
P 0x7f948e876608
P 0x7f948e880af8
C 274
R
P 0x7f948e876608
C 361
R
P 0x7f948e876608
P 0x7f948e880af8
C 271
= 0x7f948e8809f8
R
P 0x7f948e876608
C 361
R
P 0x7f948e876608
P 0x7f948e8809f8
C 226
R
P 0x7f948e876608
C 361
R
P 0x7f948e876608
P 0x7f948e880af8
C 277
R
P 0x7f948e876608
C 361
R
P 0x7f948e876608
P 0x7f948e880af8
C 276
R
P 0x7f948e876608
C 361
R
P 0x7f948e876608
P 0x7f948e880af8
C 275
R
P 0x7f948e876608
C 361
R
P 0x7f948e876608
P 0x7f948e880af8
C 9
R
P 0x7f948e876608
C 361
R
P 0x7f948e876608
S "x"
C 30
R
P 0x7f948e876608
C 361
R
P 0x7f948e876608
$ |x|
C 219
R
P 0x7f948e876608
C 361
R
P 0x7f948e876608
$ |x|
P 0x7f948e8809f8
C 51
= 0x7f948e880b78
R
P 0x7f948e876608
C 361
R
P 0x7f948e876608
P 0x7f948e880b78
C 274
R
P 0x7f948e876608
C 361
R
P 0x7f948e876608
P 0x7f948e880b78
C 271
= 0x7f948e8809f8
R
P 0x7f948e876608
C 361
R
P 0x7f948e876608
P 0x7f948e8809f8
C 226
R
P 0x7f948e876608
C 361
R
P 0x7f948e876608
P 0x7f948e880b78
C 277
R
P 0x7f948e876608
C 361
R
P 0x7f948e876608
P 0x7f948e880b78
C 276
R
P 0x7f948e876608
C 361
R
P 0x7f948e876608
P 0x7f948e880b78
C 275
R
P 0x7f948e876608
C 361
R
P 0x7f948e876608
P 0x7f948e880b78
C 9
R
P 0x7f948e876608
C 361
R
P 0x7f948e876608
S "y"
C 30
R
P 0x7f948e876608
C 361
R
P 0x7f948e876608
$ |y|
C 219
R
P 0x7f948e876608
C 361
R
P 0x7f948e876608
$ |y|
P 0x7f948e8809f8
C 51
= 0x7f948e880bb8
R
P 0x7f948e876608
C 361
R
P 0x7f948e876608
P 0x7f948e880bb8
C 274
R
P 0x7f948e876608
C 361
R
P 0x7f948e876608
P 0x7f948e880bb8
C 271
= 0x7f948e8809f8
R
P 0x7f948e876608
C 361
R
P 0x7f948e876608
P 0x7f948e8809f8
C 226
R
P 0x7f948e876608
C 361
R
P 0x7f948e876608
P 0x7f948e880bb8
C 277
R
P 0x7f948e876608
C 361
R
P 0x7f948e876608
P 0x7f948e880bb8
C 276
R
P 0x7f948e876608
C 361
R
P 0x7f948e876608
P 0x7f948e880bb8
C 275
R
P 0x7f948e876608
C 361
R
P 0x7f948e876608
P 0x7f948e880bb8
C 9
R
P 0x7f948e876608
C 361
R
P 0x7f948e876608
P 0x7f9486cd87d8
U 2
P 0x7f948e880b78
P 0x7f948e880ad8
p 2
C 50
= 0x7f9486cd7778
R
P 0x7f948e876608
C 361
R
P 0x7f948e876608
P 0x7f9486cd7778
C 274
R
P 0x7f948e876608
C 361
R
P 0x7f948e876608
P 0x7f9486cd7778
C 271
= 0x7f948e8809f8
R
P 0x7f948e876608
C 361
R
P 0x7f948e876608
P 0x7f948e8809f8
C 226
R
P 0x7f948e876608
C 361
R
P 0x7f948e876608
P 0x7f9486cd7778
C 277
R
P 0x7f948e876608
C 361
R
P 0x7f948e876608
P 0x7f9486cd7778
C 276
R
P 0x7f948e876608
C 361
R
P 0x7f948e876608
P 0x7f9486cd7778
C 275
R
P 0x7f948e876608
C 361
R
P 0x7f948e876608
P 0x7f9486cd7778
C 9
R
P 0x7f948e876608
C 361
R
P 0x7f948e876608
P 0x7f9486cd87d8
U 2
P 0x7f948e880bb8
P 0x7f948e880af8
p 2
C 50
= 0x7f9486cd77b0
R
P 0x7f948e876608
C 361
R
P 0x7f948e876608
P 0x7f9486cd77b0
C 274
R
P 0x7f948e876608
C 361
R
P 0x7f948e876608
P 0x7f9486cd77b0
C 271
= 0x7f948e8809f8
R
P 0x7f948e876608
C 361
R
P 0x7f948e876608
P 0x7f948e8809f8
C 226
R
P 0x7f948e876608
C 361
R
P 0x7f948e876608
P 0x7f9486cd77b0
C 277
R
P 0x7f948e876608
C 361
R
P 0x7f948e876608
P 0x7f9486cd77b0
C 276
R
P 0x7f948e876608
C 361
R
P 0x7f948e876608
P 0x7f9486cd77b0
C 275
R
P 0x7f948e876608
C 361
R
P 0x7f948e876608
P 0x7f9486cd77b0
C 9
R
P 0x7f948e876608
C 361
R
P 0x7f948e876608
P 0x7f9486cd7778
P 0x7f9486cd77b0
C 58
= 0x7f9486cd77e8
R
P 0x7f948e876608
C 361
R
P 0x7f948e876608
P 0x7f9486cd77e8
C 275
R
P 0x7f948e876608
C 361
R
P 0x7f948e876608
P 0x7f9486cd77e8
C 9
R
P 0x7f948e876608
C 361
R
P 0x7f948e876608
P 0x7f948e880ad8
P 0x7f948e880af8
C 58
= 0x7f9486cd7820
R
P 0x7f948e876608
C 361
R
P 0x7f948e876608
P 0x7f9486cd7820
C 275
R
P 0x7f948e876608
C 361
R
P 0x7f948e876608
P 0x7f9486cd7820
C 9
R
P 0x7f948e876608
C 361
R
P 0x7f948e876608
P 0x7f9486cd77e8
P 0x7f9486cd7820
C 63
= 0x7f9486cd7858
R
P 0x7f948e876608
C 361
R
P 0x7f948e876608
P 0x7f9486cd7858
C 275
R
P 0x7f948e876608
C 361
R
P 0x7f948e876608
P 0x7f9486cd7858
C 9
R
P 0x7f948e876608
C 361
R
P 0x7f948e876608
P 0x7f9486cd7858
C 352
R
P 0x7f948e876608
C 361
R
P 0x7f948e876608
C 431
= 0x7f94912f2af8
R
P 0x7f948e876608
C 361
R
P 0x7f948e876608
P 0x7f94912f2af8
C 440
R
P 0x7f948e876608
C 361
R
P 0x7f948e876608
C 13
= 0x7f94912f2ac8
R
P 0x7f948e876608
C 361
R
P 0x7f948e876608
P 0x7f94912f2ac8
C 14
R
P 0x7f948e876608
C 361
R
P 0x7f948e876608
S "mbqi"
C 30
R
P 0x7f948e876608
C 361
R
P 0x7f948e876608
$ |mbqi|
C 219
R
P 0x7f948e876608
C 361
R
P 0x7f948e876608
P 0x7f94912f2ac8
$ |mbqi|
I 0
C 16
R
P 0x7f948e876608
C 361
R
P 0x7f948e876608
P 0x7f94912f2af8
P 0x7f94912f2ac8
C 439
R
P 0x7f948e876608
C 361
R
P 0x7f948e876608
P 0x7f9486cd7858
C 60
= 0x7f948eb98e88
R
P 0x7f948e876608
C 361
R
P 0x7f948e876608
P 0x7f948eb98e88
C 275
R
P 0x7f948e876608
C 361
R
P 0x7f948e876608
P 0x7f948eb98e88
C 9
R
P 0x7f948e876608
C 361
R
P 0x7f948e876608
P 0x7f94912f2af8
P 0x7f948eb98e88
C 447
R
P 0x7f948e876608
C 361
R
P 0x7f948e876608
P 0x7f94912f2af8
C 458
R
P 0x7f948e876608
C 361
R
P 0x7f948e876608
P 0x7f94912f2af8
C 464
= 0x7f9486cd8998
R
P 0x7f948e876608
C 361
R
P 0x7f948e876608
P 0x7f9486cd8998
C 274
R
P 0x7f948e876608
C 361
R
P 0x7f948e876608
P 0x7f9486cd8998
C 271
= 0x7f948e87fa38
R
P 0x7f948e876608
C 361
R
P 0x7f948e876608
P 0x7f948e87fa38
C 226
R
P 0x7f948e876608
C 361
R
P 0x7f948e876608
P 0x7f9486cd8998
C 277
R
P 0x7f948e876608
C 361
R
P 0x7f948e876608
P 0x7f9486cd8998
C 276
R
P 0x7f948e876608
C 361
R
P 0x7f948e876608
P 0x7f9486cd8998
C 275
R
P 0x7f948e876608
C 361
R
P 0x7f948e876608
P 0x7f9486cd8998
C 9
R
P 0x7f948e876608
C 361
R
P 0x7f948e876608
P 0x7f9486cd8998
C 352
R
P 0x7f948e876608
C 361
R
P 0x7f948e876608
P 0x7f9486cd7778
P 0x7f9486cd77b0
C 58
= 0x7f9486cd77e8
R
P 0x7f948e876608
C 361
R
P 0x7f948e876608
P 0x7f9486cd77e8
C 275
R
P 0x7f948e876608
C 361
R
P 0x7f948e876608
P 0x7f9486cd77e8
C 9
R
P 0x7f948e876608
C 361
R
P 0x7f948e876608
P 0x7f948e880b78
P 0x7f948e880bb8
C 58
= 0x7f9486cd7890
R
P 0x7f948e876608
C 361
R
P 0x7f948e876608
P 0x7f9486cd7890
C 275
R
P 0x7f948e876608
C 361
R
P 0x7f948e876608
P 0x7f9486cd7890
C 9
R
P 0x7f948e876608
C 361
R
P 0x7f948e876608
P 0x7f9486cd77e8
P 0x7f9486cd7890
C 63
= 0x7f9486cd7ba0
R
P 0x7f948e876608
C 361
R
P 0x7f948e876608
P 0x7f9486cd7ba0
C 275
R
P 0x7f948e876608
C 361
R
P 0x7f948e876608
P 0x7f9486cd7ba0
C 9
R
P 0x7f948e876608
C 361
R
P 0x7f948e876608
P 0x7f9486cd7ba0
C 352
R
P 0x7f948e876608
C 361
R
P 0x7f948e876608
C 431
= 0x7f94906cc0d8
R
P 0x7f948e876608
C 361
R
P 0x7f948e876608
P 0x7f94906cc0d8
C 440
R
P 0x7f948e876608
C 361
R
P 0x7f948e876608
C 13
= 0x7f94906c8b28
R
P 0x7f948e876608
C 361
R
P 0x7f948e876608
P 0x7f94906c8b28
C 14
R
P 0x7f948e876608
C 361
R
P 0x7f948e876608
S "mbqi"
C 30
R
P 0x7f948e876608
C 361
R
P 0x7f948e876608
$ |mbqi|
C 219
R
P 0x7f948e876608
C 361
R
P 0x7f948e876608
P 0x7f94906c8b28
$ |mbqi|
I 0
C 16
R
P 0x7f948e876608
C 361
R
P 0x7f948e876608
P 0x7f94906cc0d8
P 0x7f94906c8b28
C 439
R
P 0x7f948e876608
C 361
R
P 0x7f948e876608
P 0x7f9486cd7ba0
C 60
= 0x7f948eb99008
R
P 0x7f948e876608
C 361
R
P 0x7f948e876608
P 0x7f948eb99008
C 275
R
P 0x7f948e876608
C 361
R
P 0x7f948e876608
P 0x7f948eb99008
C 9
R
P 0x7f948e876608
C 361
R
P 0x7f948e876608
P 0x7f94906cc0d8
P 0x7f948eb99008
C 447
R
P 0x7f948e876608
C 361
R
P 0x7f948e876608
P 0x7f94906cc0d8
C 458
R
P 0x7f948e876608
C 361
R
P 0x7f948e876608
P 0x7f94906cc0d8
C 464
= 0x7f9486cd8a58
R
P 0x7f948e876608
C 361
R
P 0x7f948e876608
P 0x7f9486cd8a58
C 274
R
P 0x7f948e876608
C 361
R
P 0x7f948e876608
P 0x7f9486cd8a58
C 271
= 0x7f948e87fa38
R
P 0x7f948e876608
C 361
R
P 0x7f948e876608
P 0x7f948e87fa38
C 226
R
P 0x7f948e876608
C 361
R
P 0x7f948e876608
P 0x7f9486cd8a58
C 277
R
P 0x7f948e876608
C 361
R
P 0x7f948e876608
P 0x7f9486cd8a58
C 276
R
P 0x7f948e876608
C 361
R
P 0x7f948e876608
P 0x7f9486cd8a58
C 275
R
P 0x7f948e876608
C 361
R
P 0x7f948e876608
P 0x7f9486cd8a58
C 9
R
P 0x7f948e876608
C 361
R
P 0x7f948e876608
P 0x7f9486cd8a58
C 352
R
P 0x7f948e876608
C 361
R
P 0x7f948e876608
P 0x7f9486cd74a0
U 1
P 0x7f948e880ad8
p 1
C 50
= 0x7f948eb99128
R
P 0x7f948e876608
C 361
R
P 0x7f948e876608
P 0x7f948eb99128
C 274
R
P 0x7f948e876608
C 361
R
P 0x7f948e876608
P 0x7f948eb99128
C 271
= 0x7f948e87fa18
R
P 0x7f948e876608
C 361
R
P 0x7f948e876608
P 0x7f948e87fa18
C 226
R
P 0x7f948e876608
C 361
R
P 0x7f948e876608
P 0x7f948eb99128
C 277
R
P 0x7f948e876608
C 361
R
P 0x7f948e876608
P 0x7f948eb99128
C 276
R
P 0x7f948e876608
C 361
R
P 0x7f948e876608
P 0x7f948eb99128
C 275
R
P 0x7f948e876608
C 361
R
P 0x7f948e876608
P 0x7f948eb99128
C 9
R
P 0x7f948e876608
C 361
R
P 0x7f948e876608
P 0x7f9486cd7548
U 1
P 0x7f948e880ad8
p 1
C 50
= 0x7f948eb99158
R
P 0x7f948e876608
C 361
R
P 0x7f948e876608
P 0x7f948eb99158
C 274
R
P 0x7f948e876608
C 361
R
P 0x7f948e876608
P 0x7f948eb99158
C 271
= 0x7f948e87fa18
R
P 0x7f948e876608
C 361
R
P 0x7f948e876608
P 0x7f948e87fa18
C 226
R
P 0x7f948e876608
C 361
R
P 0x7f948e876608
P 0x7f948eb99158
C 277
R
P 0x7f948e876608
C 361
R
P 0x7f948e876608
P 0x7f948eb99158
C 276
R
P 0x7f948e876608
C 361
R
P 0x7f948e876608
P 0x7f948eb99158
C 275
R
P 0x7f948e876608
C 361
R
P 0x7f948e876608
P 0x7f948eb99158
C 9
R
P 0x7f948e876608
C 361
R
P 0x7f948e876608
U 2
P 0x7f948eb99128
P 0x7f948eb99158
p 2
C 66
= 0x7f948eeb8488
R
P 0x7f948e876608
C 361
R
P 0x7f948e876608
P 0x7f948eeb8488
C 275
R
P 0x7f948e876608
C 361
R
P 0x7f948e876608
P 0x7f948eeb8488
C 9
R
P 0x7f948e876608
C 361
R
P 0x7f948e876608
P 0x7f948eeb8488
C 352
R
P 0x7f948e876608
C 361
R
P 0x7f948e876608
C 431
= 0x7f94928e9398
R
P 0x7f948e876608
C 361
R
P 0x7f948e876608
P 0x7f94928e9398
C 440
R
P 0x7f948e876608
C 361
R
P 0x7f948e876608
C 13
= 0x7f94918a8f18
R
P 0x7f948e876608
C 361
R
P 0x7f948e876608
P 0x7f94918a8f18
C 14
R
P 0x7f948e876608
C 361
R
P 0x7f948e876608
S "mbqi"
C 30
R
P 0x7f948e876608
C 361
R
P 0x7f948e876608
$ |mbqi|
C 219
R
P 0x7f948e876608
C 361
R
P 0x7f948e876608
P 0x7f94918a8f18
$ |mbqi|
I 0
C 16
R
P 0x7f948e876608
C 361
R
P 0x7f948e876608
P 0x7f94928e9398
P 0x7f94918a8f18
C 439
R
P 0x7f948e876608
C 361
R
P 0x7f948e876608
P 0x7f948eeb8488
C 60
= 0x7f948eb99188
R
P 0x7f948e876608
C 361
R
P 0x7f948e876608
P 0x7f948eb99188
C 275
R
P 0x7f948e876608
C 361
R
P 0x7f948e876608
P 0x7f948eb99188
C 9
R
P 0x7f948e876608
C 361
R
P 0x7f948e876608
P 0x7f94928e9398
P 0x7f948eb99188
C 447
R
P 0x7f948e876608
C 361
R
P 0x7f948e876608
P 0x7f94928e9398
C 458
R
P 0x7f948e876608
C 361
R
P 0x7f948e876608
P 0x7f94928e9398
C 464
= 0x7f9486cd8b18
R
P 0x7f948e876608
C 361
R
P 0x7f948e876608
P 0x7f9486cd8b18
C 274
R
P 0x7f948e876608
C 361
R
P 0x7f948e876608
P 0x7f9486cd8b18
C 271
= 0x7f948e87fa38
R
P 0x7f948e876608
C 361
R
P 0x7f948e876608
P 0x7f948e87fa38
C 226
R
P 0x7f948e876608
C 361
R
P 0x7f948e876608
P 0x7f9486cd8b18
C 277
R
P 0x7f948e876608
C 361
R
P 0x7f948e876608
P 0x7f9486cd8b18
C 276
R
P 0x7f948e876608
C 361
R
P 0x7f948e876608
P 0x7f9486cd8b18
C 275
R
P 0x7f948e876608
C 361
R
P 0x7f948e876608
P 0x7f9486cd8b18
C 9
R
P 0x7f948e876608
C 361
R
P 0x7f948e876608
P 0x7f9486cd8b18
C 352
R
P 0x7f948e876608
C 361
R
P 0x7f948e876608
P 0x7f948e880ad8
P 0x7f9486cd7778
C 58
= 0x7f948eeb8648
R
P 0x7f948e876608
C 361
R
P 0x7f948e876608
P 0x7f948eeb8648
C 275
R
P 0x7f948e876608
C 361
R
P 0x7f948e876608
P 0x7f948eeb8648
C 9
R
P 0x7f948e876608
C 361
R
P 0x7f948e876608
P 0x7f948eeb8648
C 60
= 0x7f948eb992d8
R
P 0x7f948e876608
C 361
R
P 0x7f948e876608
P 0x7f948eb992d8
C 275
R
P 0x7f948e876608
C 361
R
P 0x7f948e876608
P 0x7f948eb992d8
C 9
R
P 0x7f948e876608
C 361
R
P 0x7f948e876608
P 0x7f948eb992d8
C 352
R
P 0x7f948e876608
C 361
R
P 0x7f948e876608
C 431
= 0x7f94929fd268
R
P 0x7f948e876608
C 361
R
P 0x7f948e876608
P 0x7f94929fd268
C 440
R
P 0x7f948e876608
C 361
R
P 0x7f948e876608
C 13
= 0x7f94929c7398
R
P 0x7f948e876608
C 361
R
P 0x7f948e876608
P 0x7f94929c7398
C 14
R
P 0x7f948e876608
C 361
R
P 0x7f948e876608
S "mbqi"
C 30
R
P 0x7f948e876608
C 361
R
P 0x7f948e876608
$ |mbqi|
C 219
R
P 0x7f948e876608
C 361
R
P 0x7f948e876608
P 0x7f94929c7398
$ |mbqi|
I 0
C 16
R
P 0x7f948e876608
C 361
R
P 0x7f948e876608
P 0x7f94929fd268
P 0x7f94929c7398
C 439
R
P 0x7f948e876608
C 361
R
P 0x7f948e876608
P 0x7f948eb992d8
C 60
= 0x7f948eb99308
R
P 0x7f948e876608
C 361
R
P 0x7f948e876608
P 0x7f948eb99308
C 275
R
P 0x7f948e876608
C 361
R
P 0x7f948e876608
P 0x7f948eb99308
C 9
R
P 0x7f948e876608
C 361
R
P 0x7f948e876608
P 0x7f94929fd268
P 0x7f948eb99308
C 447
R
P 0x7f948e876608
C 361
R
P 0x7f948e876608
P 0x7f94929fd268
C 458
R
P 0x7f948e876608
C 361
R
P 0x7f948e876608
P 0x7f94929fd268
C 464
= 0x7f948eeb8798
R
P 0x7f948e876608
C 361
R
P 0x7f948e876608
P 0x7f948eeb8798
C 274
R
P 0x7f948e876608
C 361
R
P 0x7f948e876608
P 0x7f948eeb8798
C 271
= 0x7f948e87fa38
R
P 0x7f948e876608
C 361
R
P 0x7f948e876608
P 0x7f948e87fa38
C 226
R
P 0x7f948e876608
C 361
R
P 0x7f948e876608
P 0x7f948eeb8798
C 277
R
P 0x7f948e876608
C 361
R
P 0x7f948e876608
P 0x7f948eeb8798
C 276
R
P 0x7f948e876608
C 361
R
P 0x7f948e876608
P 0x7f948eeb8798
C 275
R
P 0x7f948e876608
C 361
R
P 0x7f948e876608
P 0x7f948eeb8798
C 9
R
P 0x7f948e876608
C 361
R
P 0x7f948e876608
P 0x7f948eeb8798
C 352
R
P 0x7f948e876608
C 361
R
P 0x7f948e876608
P 0x7f9486cd74d8
U 1
P 0x7f948e880ad8
p 1
C 50
= 0x7f948eb993c8
R
P 0x7f948e876608
C 361
R
P 0x7f948e876608
P 0x7f948eb993c8
C 274
R
P 0x7f948e876608
C 361
R
P 0x7f948e876608
P 0x7f948eb993c8
C 271
= 0x7f948e8809f8
R
P 0x7f948e876608
C 361
R
P 0x7f948e876608
P 0x7f948e8809f8
C 226
R
P 0x7f948e876608
C 361
R
P 0x7f948e876608
P 0x7f948eb993c8
C 277
R
P 0x7f948e876608
C 361
R
P 0x7f948e876608
P 0x7f948eb993c8
C 276
R
P 0x7f948e876608
C 361
R
P 0x7f948e876608
P 0x7f948eb993c8
C 275
R
P 0x7f948e876608
C 361
R
P 0x7f948e876608
P 0x7f948eb993c8
C 9
R
P 0x7f948e876608
C 361
R
P 0x7f948e876608
P 0x7f9486cd7510
U 1
P 0x7f948e880ad8
p 1
C 50
= 0x7f948eb993f8
R
P 0x7f948e876608
C 361
R
P 0x7f948e876608
P 0x7f948eb993f8
C 274
R
P 0x7f948e876608
C 361
R
P 0x7f948e876608
P 0x7f948eb993f8
C 271
= 0x7f948e8809f8
R
P 0x7f948e876608
C 361
R
P 0x7f948e876608
P 0x7f948e8809f8
C 226
R
P 0x7f948e876608
C 361
R
P 0x7f948e876608
P 0x7f948eb993f8
C 277
R
P 0x7f948e876608
C 361
R
P 0x7f948e876608
P 0x7f948eb993f8
C 276
R
P 0x7f948e876608
C 361
R
P 0x7f948e876608
P 0x7f948eb993f8
C 275
R
P 0x7f948e876608
C 361
R
P 0x7f948e876608
P 0x7f948eb993f8
C 9
R
P 0x7f948e876608
C 361
R
P 0x7f948e876608
P 0x7f9486cd87d8
U 2
P 0x7f948eb993c8
P 0x7f948eb993f8
p 2
C 50
= 0x7f948eeb8610
R
P 0x7f948e876608
C 361
R
P 0x7f948e876608
P 0x7f948eeb8610
C 274
R
P 0x7f948e876608
C 361
R
P 0x7f948e876608
P 0x7f948eeb8610
C 271
= 0x7f948e8809f8
R
P 0x7f948e876608
C 361
R
P 0x7f948e876608
P 0x7f948e8809f8
C 226
R
P 0x7f948e876608
C 361
R
P 0x7f948e876608
P 0x7f948eeb8610
C 277
R
P 0x7f948e876608
C 361
R
P 0x7f948e876608
P 0x7f948eeb8610
C 276
R
P 0x7f948e876608
C 361
R
P 0x7f948e876608
P 0x7f948eeb8610
C 275
R
P 0x7f948e876608
C 361
R
P 0x7f948e876608
P 0x7f948eeb8610
C 9
R
P 0x7f948e876608
C 361
R
P 0x7f948e876608
P 0x7f948e880ad8
P 0x7f948eeb8610
C 58
= 0x7f948eeb86f0
R
P 0x7f948e876608
C 361
R
P 0x7f948e876608
P 0x7f948eeb86f0
C 275
R
P 0x7f948e876608
C 361
R
P 0x7f948e876608
P 0x7f948eeb86f0
C 9
R
P 0x7f948e876608
C 361
R
P 0x7f948e876608
P 0x7f9486cd7548
U 1
P 0x7f948e880ad8
p 1
C 50
= 0x7f948eb99158
R
P 0x7f948e876608
C 361
R
P 0x7f948e876608
P 0x7f948eb99158
C 274
R
P 0x7f948e876608
C 361
R
P 0x7f948e876608
P 0x7f948eb99158
C 271
= 0x7f948e87fa18
R
P 0x7f948e876608
C 361
R
P 0x7f948e876608
P 0x7f948e87fa18
C 226
R
P 0x7f948e876608
C 361
R
P 0x7f948e876608
P 0x7f948eb99158
C 277
R
P 0x7f948e876608
C 361
R
P 0x7f948e876608
P 0x7f948eb99158
C 276
R
P 0x7f948e876608
C 361
R
P 0x7f948e876608
P 0x7f948eb99158
C 275
R
P 0x7f948e876608
C 361
R
P 0x7f948e876608
P 0x7f948eb99158
C 9
R
P 0x7f948e876608
C 361
R
P 0x7f948e876608
P 0x7f948eb99158
P 0x7f948eeb86f0
C 63
= 0x7f948eeb87d0
R
P 0x7f948e876608
C 361
R
P 0x7f948e876608
P 0x7f948eeb87d0
C 275
R
P 0x7f948e876608
C 361
R
P 0x7f948e876608
P 0x7f948eeb87d0
C 9
R
P 0x7f948e876608
C 361
R
P 0x7f948e876608
P 0x7f948eeb87d0
C 352
R
P 0x7f948e876608
C 361
R
P 0x7f948e876608
P 0x7f948eeb87d0
C 352
R
P 0x7f948e876608
C 361
R
P 0x7f948e876608
C 431
= 0x7f9491cf0538
R
P 0x7f948e876608
C 361
R
P 0x7f948e876608
P 0x7f9491cf0538
C 440
R
P 0x7f948e876608
C 361
R
P 0x7f948e876608
C 13
= 0x7f9491cef738
R
P 0x7f948e876608
C 361
R
P 0x7f948e876608
P 0x7f9491cef738
C 14
R
P 0x7f948e876608
C 361
R
P 0x7f948e876608
S "mbqi"
C 30
R
P 0x7f948e876608
C 361
R
P 0x7f948e876608
$ |mbqi|
C 219
R
P 0x7f948e876608
C 361
R
P 0x7f948e876608
P 0x7f9491cef738
$ |mbqi|
I 0
C 16
R
P 0x7f948e876608
C 361
R
P 0x7f948e876608
P 0x7f9491cf0538
P 0x7f9491cef738
C 439
R
P 0x7f948e876608
C 361
R
P 0x7f948e876608
P 0x7f948eeb87d0
C 60
= 0x7f948eb99428
R
P 0x7f948e876608
C 361
R
P 0x7f948e876608
P 0x7f948eb99428
C 275
R
P 0x7f948e876608
C 361
R
P 0x7f948e876608
P 0x7f948eb99428
C 9
R
P 0x7f948e876608
C 361
R
P 0x7f948e876608
P 0x7f9491cf0538
P 0x7f948eb99428
C 447
R
P 0x7f948e876608
C 361
R
P 0x7f948e876608
P 0x7f9491cf0538
C 458
R
P 0x7f948e876608
C 361
R
P 0x7f948e876608
P 0x7f9491cf0538
C 464
= 0x7f948e88a9b8
R
P 0x7f948e876608
C 361
R
P 0x7f948e876608
P 0x7f948e88a9b8
C 274
R
P 0x7f948e876608
C 361
R
P 0x7f948e876608
P 0x7f948e88a9b8
C 271
= 0x7f948e87fa38
R
P 0x7f948e876608
C 361
R
P 0x7f948e876608
P 0x7f948e87fa38
C 226
R
P 0x7f948e876608
C 361
R
P 0x7f948e876608
P 0x7f948e88a9b8
C 277
R
P 0x7f948e876608
C 361
R
P 0x7f948e876608
P 0x7f948e88a9b8
C 276
R
P 0x7f948e876608
C 361
R
P 0x7f948e876608
P 0x7f948e88a9b8
C 275
R
P 0x7f948e876608
C 361
R
P 0x7f948e876608
P 0x7f948e88a9b8
C 9
R
P 0x7f948e876608
C 361
R
P 0x7f948e876608
P 0x7f948e88a9b8
C 352
R
P 0x7f948e876608
C 361
R
P 0x7f948e876608
P 0x7f948eeb86f0
C 352
R
P 0x7f948e876608
C 361
R
P 0x7f948e876608
C 431
= 0x7f9492d3a7b8
R
P 0x7f948e876608
C 361
R
P 0x7f948e876608
P 0x7f9492d3a7b8
C 440
R
P 0x7f948e876608
C 361
R
P 0x7f948e876608
C 13
= 0x7f9492d9f178
R
P 0x7f948e876608
C 361
R
P 0x7f948e876608
P 0x7f9492d9f178
C 14
R
P 0x7f948e876608
C 361
R
P 0x7f948e876608
S "mbqi"
C 30
R
P 0x7f948e876608
C 361
R
P 0x7f948e876608
$ |mbqi|
C 219
R
P 0x7f948e876608
C 361
R
P 0x7f948e876608
P 0x7f9492d9f178
$ |mbqi|
I 0
C 16
R
P 0x7f948e876608
C 361
R
P 0x7f948e876608
P 0x7f9492d3a7b8
P 0x7f9492d9f178
C 439
R
P 0x7f948e876608
C 361
R
P 0x7f948e876608
P 0x7f948eeb86f0
C 60
= 0x7f948eb99518
R
P 0x7f948e876608
C 361
R
P 0x7f948e876608
P 0x7f948eb99518
C 275
R
P 0x7f948e876608
C 361
R
P 0x7f948e876608
P 0x7f948eb99518
C 9
R
P 0x7f948e876608
C 361
R
P 0x7f948e876608
P 0x7f9492d3a7b8
P 0x7f948eb99518
C 447
R
P 0x7f948e876608
C 361
R
P 0x7f948e876608
P 0x7f9492d3a7b8
C 458
R
P 0x7f948e876608
C 361
R
P 0x7f948e876608
P 0x7f9492d3a7b8
C 463
= 0x7f9492db3758
R
P 0x7f948e876608
C 361
R
P 0x7f948e876608
P 0x7f9492db3758
C 319
R
P 0x7f948e876608
C 361
R
P 0x7f948e876608
P 0x7f9492db3758
C 356
R
P 0x7f948e876608
C 361
M "ForestExample"
R
P 0x7f948e876608
S "head"
C 30
R
P 0x7f948e876608
C 361
R
P 0x7f948e876608
$ |head|
C 219
R
P 0x7f948e876608
C 361
R
P 0x7f948e876608
S "tail"
C 30
R
P 0x7f948e876608
C 361
R
P 0x7f948e876608
$ |tail|
C 219
R
P 0x7f948e876608
C 361
R
P 0x7f948e876608
S "car"
C 30
R
P 0x7f948e876608
C 361
R
P 0x7f948e876608
$ |car|
C 219
R
P 0x7f948e876608
C 361
R
P 0x7f948e876608
S "cdr"
C 30
R
P 0x7f948e876608
C 361
R
P 0x7f948e876608
$ |cdr|
C 219
R
P 0x7f948e876608
C 361
R
P 0x7f948e876608
S "forest"
C 30
R
P 0x7f948e876608
C 361
R
P 0x7f948e876608
$ |forest|
C 219
R
P 0x7f948e876608
C 361
R
P 0x7f948e876608
S "tree"
C 30
R
P 0x7f948e876608
C 361
R
P 0x7f948e876608
$ |tree|
C 219
R
P 0x7f948e876608
C 361
R
P 0x7f948e876608
S "nil"
C 30
R
P 0x7f948e876608
C 361
R
P 0x7f948e876608
$ |nil|
C 219
R
P 0x7f948e876608
C 361
R
P 0x7f948e876608
S "is_nil"
C 30
R
P 0x7f948e876608
C 361
R
P 0x7f948e876608
$ |is_nil|
C 219
R
P 0x7f948e876608
C 361
R
P 0x7f948e876608
$ |nil|
$ |is_nil|
U 0
s 0
p 0
u 0
C 42
= 0x7f9492d5afc8
R
P 0x7f948e876608
C 361
R
P 0x7f948e876608
S "cons1"
C 30
R
P 0x7f948e876608
C 361
R
P 0x7f948e876608
$ |cons1|
C 219
R
P 0x7f948e876608
C 361
R
P 0x7f948e876608
S "is_cons1"
C 30
R
P 0x7f948e876608
C 361
R
P 0x7f948e876608
$ |is_cons1|
C 219
R
P 0x7f948e876608
C 361
R
P 0x7f948e876608
$ |cons1|
$ |is_cons1|
U 2
$ |head|
$ |tail|
s 2
P 0x0
P 0x0
p 2
U 1
U 0
u 2
C 42
= 0x7f9492addc08
R
P 0x7f948e876608
C 361
R
P 0x7f948e876608
S "nil2"
C 30
R
P 0x7f948e876608
C 361
R
P 0x7f948e876608
$ |nil2|
C 219
R
P 0x7f948e876608
C 361
R
P 0x7f948e876608
S "is_nil2"
C 30
R
P 0x7f948e876608
C 361
R
P 0x7f948e876608
$ |is_nil2|
C 219
R
P 0x7f948e876608
C 361
R
P 0x7f948e876608
$ |nil2|
$ |is_nil2|
U 0
s 0
p 0
u 0
C 42
= 0x7f9492ae6518
R
P 0x7f948e876608
C 361
R
P 0x7f948e876608
S "cons2"
C 30
R
P 0x7f948e876608
C 361
R
P 0x7f948e876608
$ |cons2|
C 219
R
P 0x7f948e876608
C 361
R
P 0x7f948e876608
S "is_cons2"
C 30
R
P 0x7f948e876608
C 361
R
P 0x7f948e876608
$ |is_cons2|
C 219
R
P 0x7f948e876608
C 361
R
P 0x7f948e876608
$ |cons2|
$ |is_cons2|
U 2
$ |car|
$ |cdr|
s 2
P 0x0
P 0x0
p 2
U 0
U 0
u 2
C 42
= 0x7f9492ad2608
R
P 0x7f948e876608
C 361
R
P 0x7f948e876608
U 2
P 0x7f9492d5afc8
P 0x7f9492addc08
p 2
C 45
= 0x7f948c09fcc8
R
P 0x7f948e876608
C 361
R
P 0x7f948e876608
U 2
P 0x7f9492ae6518
P 0x7f9492ad2608
p 2
C 45
= 0x7f948c09fea8
R
P 0x7f948e876608
C 361
R
P 0x7f948e876608
U 2
$ |forest|
$ |tree|
s 2
P 0x0
P 0x0
p 2
P 0x7f948c09fcc8
P 0x7f948c09fea8
p 2
C 47
@ 0x7f948e880bd8 3 0
@ 0x7f948e880bf8 3 1
@ 0x7f948c09fcc8 4 0
@ 0x7f948c09fea8 4 1
R
P 0x7f948e876608
C 361
R
P 0x7f948e876608
P 0x7f948e880bd8
C 274
R
P 0x7f948e876608
C 361
R
P 0x7f948e876608
P 0x7f948e880bd8
C 9
R
P 0x7f948e876608
C 361
R
P 0x7f948e876608
P 0x7f948e880bf8
C 274
R
P 0x7f948e876608
C 361
R
P 0x7f948e876608
P 0x7f948e880bf8
C 9
R
P 0x7f948e876608
C 361
R
P 0x7f948e876608
P 0x7f9492d5afc8
U 0
P 0x0
P 0x0
p 0
C 48
* 0x7f948eb995d8 3
* 0x7f948eeb8a70 4
R
P 0x7f948e876608
C 361
R
P 0x7f948e876608
P 0x7f948eb995d8
C 274
R
P 0x7f948e876608
C 361
R
P 0x7f948e876608
P 0x7f948eb995d8
C 9
R
P 0x7f948e876608
C 361
R
P 0x7f948e876608
P 0x7f9492d5afc8
U 0
P 0x0
P 0x0
p 0
C 48
* 0x7f948eb995d8 3
* 0x7f948eeb8a70 4
R
P 0x7f948e876608
C 361
R
P 0x7f948e876608
P 0x7f948eeb8a70
C 274
R
P 0x7f948e876608
C 361
R
P 0x7f948e876608
P 0x7f948eeb8a70
C 9
R
P 0x7f948e876608
C 361
R
P 0x7f948e876608
P 0x7f9492addc08
U 2
P 0x0
P 0x0
P 0x0
P 0x0
p 2
C 48
* 0x7f9486cd8c98 3
* 0x7f948eeb8aa8 4
@ 0x7f948eeb8a00 5 0
@ 0x7f948eeb8a38 5 1
R
P 0x7f948e876608
C 361
R
P 0x7f948e876608
P 0x7f9486cd8c98
C 274
R
P 0x7f948e876608
C 361
R
P 0x7f948e876608
P 0x7f9486cd8c98
C 9
R
P 0x7f948e876608
C 361
R
P 0x7f948e876608
P 0x7f9492addc08
U 2
P 0x0
P 0x0
P 0x0
P 0x0
p 2
C 48
* 0x7f9486cd8c98 3
* 0x7f948eeb8a38 4
@ 0x7f948eeb8a00 5 0
@ 0x7f948eeb8aa8 5 1
R
P 0x7f948e876608
C 361
R
P 0x7f948e876608
P 0x7f948eeb8a38
C 274
R
P 0x7f948e876608
C 361
R
P 0x7f948e876608
P 0x7f948eeb8a38
C 9
R
P 0x7f948e876608
C 361
R
P 0x7f948e876608
P 0x7f9492addc08
U 2
P 0x0
P 0x0
P 0x0
P 0x0
p 2
C 48
* 0x7f9486cd8c98 3
* 0x7f948eeb8a38 4
@ 0x7f948eeb8aa8 5 0
@ 0x7f948eeb8a00 5 1
R
P 0x7f948e876608
C 361
R
P 0x7f948e876608
P 0x7f948eeb8aa8
C 274
R
P 0x7f948e876608
C 361
R
P 0x7f948e876608
P 0x7f948eeb8aa8
C 9
R
P 0x7f948e876608
C 361
R
P 0x7f948e876608
P 0x7f948eeb8a00
C 274
R
P 0x7f948e876608
C 361
R
P 0x7f948e876608
P 0x7f948eeb8a00
C 9
R
P 0x7f948e876608
C 361
R
P 0x7f948e876608
P 0x7f9492ae6518
U 0
P 0x0
P 0x0
p 0
C 48
* 0x7f948eb99638 3
* 0x7f948eeb8990 4
R
P 0x7f948e876608
C 361
R
P 0x7f948e876608
P 0x7f948eb99638
C 274
R
P 0x7f948e876608
C 361
R
P 0x7f948e876608
P 0x7f948eb99638
C 9
R
P 0x7f948e876608
C 361
R
P 0x7f948e876608
P 0x7f9492ae6518
U 0
P 0x0
P 0x0
p 0
C 48
* 0x7f948eb99638 3
* 0x7f948eeb8990 4
R
P 0x7f948e876608
C 361
R
P 0x7f948e876608
P 0x7f948eeb8990
C 274
R
P 0x7f948e876608
C 361
R
P 0x7f948e876608
P 0x7f948eeb8990
C 9
R
P 0x7f948e876608
C 361
R
P 0x7f948e876608
P 0x7f9492ad2608
U 2
P 0x0
P 0x0
P 0x0
P 0x0
p 2
C 48
* 0x7f9486cd8cd8 3
* 0x7f948eeb89c8 4
@ 0x7f948eeb8b18 5 0
@ 0x7f948eeb8b50 5 1
R
P 0x7f948e876608
C 361
R
P 0x7f948e876608
P 0x7f9486cd8cd8
C 274
R
P 0x7f948e876608
C 361
R
P 0x7f948e876608
P 0x7f9486cd8cd8
C 9
R
P 0x7f948e876608
C 361
R
P 0x7f948e876608
P 0x7f9492ad2608
U 2
P 0x0
P 0x0
P 0x0
P 0x0
p 2
C 48
* 0x7f9486cd8cd8 3
* 0x7f948eeb8b50 4
@ 0x7f948eeb8b18 5 0
@ 0x7f948eeb89c8 5 1
R
P 0x7f948e876608
C 361
R
P 0x7f948e876608
P 0x7f948eeb8b50
C 274
R
P 0x7f948e876608
C 361
R
P 0x7f948e876608
P 0x7f948eeb8b50
C 9
R
P 0x7f948e876608
C 361
R
P 0x7f948e876608
P 0x7f9492ad2608
U 2
P 0x0
P 0x0
P 0x0
P 0x0
p 2
C 48
* 0x7f9486cd8cd8 3
* 0x7f948eeb8b50 4
@ 0x7f948eeb89c8 5 0
@ 0x7f948eeb8b18 5 1
R
P 0x7f948e876608
C 361
R
P 0x7f948e876608
P 0x7f948eeb89c8
C 274
R
P 0x7f948e876608
C 361
R
P 0x7f948e876608
P 0x7f948eeb89c8
C 9
R
P 0x7f948e876608
C 361
R
P 0x7f948e876608
P 0x7f948eeb8b18
C 274
R
P 0x7f948e876608
C 361
R
P 0x7f948e876608
P 0x7f948eeb8b18
C 9
R
P 0x7f948e876608
C 361
R
P 0x7f948e876608
P 0x7f948eb995d8
U 0
p 0
C 50
= 0x7f948e880c18
R
P 0x7f948e876608
C 361
R
P 0x7f948e876608
P 0x7f948e880c18
C 274
R
P 0x7f948e876608
C 361
R
P 0x7f948e876608
P 0x7f948e880c18
C 271
= 0x7f948e880bd8
R
P 0x7f948e876608
C 361
R
P 0x7f948e876608
P 0x7f948e880bd8
C 226
R
P 0x7f948e876608
C 361
R
P 0x7f948e876608
P 0x7f948e880c18
C 277
R
P 0x7f948e876608
C 361
R
P 0x7f948e876608
P 0x7f948e880c18
C 276
R
P 0x7f948e876608
C 361
R
P 0x7f948e876608
P 0x7f948e880c18
C 275
R
P 0x7f948e876608
C 361
R
P 0x7f948e876608
P 0x7f948e880c18
C 9
R
P 0x7f948e876608
C 361
R
P 0x7f948e876608
P 0x7f948eb99638
U 0
p 0
C 50
= 0x7f948e880c38
R
P 0x7f948e876608
C 361
R
P 0x7f948e876608
P 0x7f948e880c38
C 274
R
P 0x7f948e876608
C 361
R
P 0x7f948e876608
P 0x7f948e880c38
C 271
= 0x7f948e880bf8
R
P 0x7f948e876608
C 361
R
P 0x7f948e876608
P 0x7f948e880bf8
C 226
R
P 0x7f948e876608
C 361
R
P 0x7f948e876608
P 0x7f948e880c38
C 277
R
P 0x7f948e876608
C 361
R
P 0x7f948e876608
P 0x7f948e880c38
C 276
R
P 0x7f948e876608
C 361
R
P 0x7f948e876608
P 0x7f948e880c38
C 275
R
P 0x7f948e876608
C 361
R
P 0x7f948e876608
P 0x7f948e880c38
C 9
R
P 0x7f948e876608
C 361
R
P 0x7f948e876608
P 0x7f9486cd8c98
U 2
P 0x7f948e880c38
P 0x7f948e880c18
p 2
C 50
= 0x7f948eeb8b88
R
P 0x7f948e876608
C 361
R
P 0x7f948e876608
P 0x7f948eeb8b88
C 274
R
P 0x7f948e876608
C 361
R
P 0x7f948e876608
P 0x7f948eeb8b88
C 271
= 0x7f948e880bd8
R
P 0x7f948e876608
C 361
R
P 0x7f948e876608
P 0x7f948e880bd8
C 226
R
P 0x7f948e876608
C 361
R
P 0x7f948e876608
P 0x7f948eeb8b88
C 277
R
P 0x7f948e876608
C 361
R
P 0x7f948e876608
P 0x7f948eeb8b88
C 276
R
P 0x7f948e876608
C 361
R
P 0x7f948e876608
P 0x7f948eeb8b88
C 275
R
P 0x7f948e876608
C 361
R
P 0x7f948e876608
P 0x7f948eeb8b88
C 9
R
P 0x7f948e876608
C 361
R
P 0x7f948e876608
P 0x7f9486cd8cd8
U 2
P 0x7f948e880c18
P 0x7f948e880c18
p 2
C 50
= 0x7f948eeb8bc0
R
P 0x7f948e876608
C 361
R
P 0x7f948e876608
P 0x7f948eeb8bc0
C 274
R
P 0x7f948e876608
C 361
R
P 0x7f948e876608
P 0x7f948eeb8bc0
C 271
= 0x7f948e880bf8
R
P 0x7f948e876608
C 361
R
P 0x7f948e876608
P 0x7f948e880bf8
C 226
R
P 0x7f948e876608
C 361
R
P 0x7f948e876608
P 0x7f948eeb8bc0
C 277
R
P 0x7f948e876608
C 361
R
P 0x7f948e876608
P 0x7f948eeb8bc0
C 276
R
P 0x7f948e876608
C 361
R
P 0x7f948e876608
P 0x7f948eeb8bc0
C 275
R
P 0x7f948e876608
C 361
R
P 0x7f948e876608
P 0x7f948eeb8bc0
C 9
R
P 0x7f948e876608
C 361
R
P 0x7f948e876608
P 0x7f9486cd8cd8
U 2
P 0x7f948eeb8b88
P 0x7f948e880c18
p 2
C 50
= 0x7f948eeb8bf8
R
P 0x7f948e876608
C 361
R
P 0x7f948e876608
P 0x7f948eeb8bf8
C 274
R
P 0x7f948e876608
C 361
R
P 0x7f948e876608
P 0x7f948eeb8bf8
C 271
= 0x7f948e880bf8
R
P 0x7f948e876608
C 361
R
P 0x7f948e876608
P 0x7f948e880bf8
C 226
R
P 0x7f948e876608
C 361
R
P 0x7f948e876608
P 0x7f948eeb8bf8
C 277
R
P 0x7f948e876608
C 361
R
P 0x7f948e876608
P 0x7f948eeb8bf8
C 276
R
P 0x7f948e876608
C 361
R
P 0x7f948e876608
P 0x7f948eeb8bf8
C 275
R
P 0x7f948e876608
C 361
R
P 0x7f948e876608
P 0x7f948eeb8bf8
C 9
R
P 0x7f948e876608
C 361
R
P 0x7f948e876608
P 0x7f9486cd8cd8
U 2
P 0x7f948eeb8b88
P 0x7f948eeb8b88
p 2
C 50
= 0x7f948eeb8c30
R
P 0x7f948e876608
C 361
R
P 0x7f948e876608
P 0x7f948eeb8c30
C 274
R
P 0x7f948e876608
C 361
R
P 0x7f948e876608
P 0x7f948eeb8c30
C 271
= 0x7f948e880bf8
R
P 0x7f948e876608
C 361
R
P 0x7f948e876608
P 0x7f948e880bf8
C 226
R
P 0x7f948e876608
C 361
R
P 0x7f948e876608
P 0x7f948eeb8c30
C 277
R
P 0x7f948e876608
C 361
R
P 0x7f948e876608
P 0x7f948eeb8c30
C 276
R
P 0x7f948e876608
C 361
R
P 0x7f948e876608
P 0x7f948eeb8c30
C 275
R
P 0x7f948e876608
C 361
R
P 0x7f948e876608
P 0x7f948eeb8c30
C 9
R
P 0x7f948e876608
C 361
R
P 0x7f948e876608
P 0x7f9486cd8cd8
U 2
P 0x7f948e880c18
P 0x7f948eeb8b88
p 2
C 50
= 0x7f948eeb8c68
R
P 0x7f948e876608
C 361
R
P 0x7f948e876608
P 0x7f948eeb8c68
C 274
R
P 0x7f948e876608
C 361
R
P 0x7f948e876608
P 0x7f948eeb8c68
C 271
= 0x7f948e880bf8
R
P 0x7f948e876608
C 361
R
P 0x7f948e876608
P 0x7f948e880bf8
C 226
R
P 0x7f948e876608
C 361
R
P 0x7f948e876608
P 0x7f948eeb8c68
C 277
R
P 0x7f948e876608
C 361
R
P 0x7f948e876608
P 0x7f948eeb8c68
C 276
R
P 0x7f948e876608
C 361
R
P 0x7f948e876608
P 0x7f948eeb8c68
C 275
R
P 0x7f948e876608
C 361
R
P 0x7f948e876608
P 0x7f948eeb8c68
C 9
R
P 0x7f948e876608
C 361
R
P 0x7f948e876608
P 0x7f9486cd8c98
U 2
P 0x7f948eeb8bc0
P 0x7f948e880c18
p 2
C 50
= 0x7f948eeb8ca0
R
P 0x7f948e876608
C 361
R
P 0x7f948e876608
P 0x7f948eeb8ca0
C 274
R
P 0x7f948e876608
C 361
R
P 0x7f948e876608
P 0x7f948eeb8ca0
C 271
= 0x7f948e880bd8
R
P 0x7f948e876608
C 361
R
P 0x7f948e876608
P 0x7f948e880bd8
C 226
R
P 0x7f948e876608
C 361
R
P 0x7f948e876608
P 0x7f948eeb8ca0
C 277
R
P 0x7f948e876608
C 361
R
P 0x7f948e876608
P 0x7f948eeb8ca0
C 276
R
P 0x7f948e876608
C 361
R
P 0x7f948e876608
P 0x7f948eeb8ca0
C 275
R
P 0x7f948e876608
C 361
R
P 0x7f948e876608
P 0x7f948eeb8ca0
C 9
R
P 0x7f948e876608
C 361
R
P 0x7f948e876608
P 0x7f9486cd8c98
U 2
P 0x7f948eeb8bc0
P 0x7f948eeb8b88
p 2
C 50
= 0x7f948eeb8cd8
R
P 0x7f948e876608
C 361
R
P 0x7f948e876608
P 0x7f948eeb8cd8
C 274
R
P 0x7f948e876608
C 361
R
P 0x7f948e876608
P 0x7f948eeb8cd8
C 271
= 0x7f948e880bd8
R
P 0x7f948e876608
C 361
R
P 0x7f948e876608
P 0x7f948e880bd8
C 226
R
P 0x7f948e876608
C 361
R
P 0x7f948e876608
P 0x7f948eeb8cd8
C 277
R
P 0x7f948e876608
C 361
R
P 0x7f948e876608
P 0x7f948eeb8cd8
C 276
R
P 0x7f948e876608
C 361
R
P 0x7f948e876608
P 0x7f948eeb8cd8
C 275
R
P 0x7f948e876608
C 361
R
P 0x7f948e876608
P 0x7f948eeb8cd8
C 9
R
P 0x7f948e876608
C 361
R
P 0x7f948e876608
P 0x7f948e880c18
P 0x7f948eeb8b88
C 58
= 0x7f948eeb8d10
R
P 0x7f948e876608
C 361
R
P 0x7f948e876608
P 0x7f948eeb8d10
C 275
R
P 0x7f948e876608
C 361
R
P 0x7f948e876608
P 0x7f948eeb8d10
C 9
R
P 0x7f948e876608
C 361
R
P 0x7f948e876608
P 0x7f948eeb8d10
C 60
= 0x7f948eb99668
R
P 0x7f948e876608
C 361
R
P 0x7f948e876608
P 0x7f948eb99668
C 275
R
P 0x7f948e876608
C 361
R
P 0x7f948e876608
P 0x7f948eb99668
C 9
R
P 0x7f948e876608
C 361
R
P 0x7f948e876608
P 0x7f948eb99668
C 352
R
P 0x7f948e876608
C 361
R
P 0x7f948e876608
C 431
= 0x7f9492a9abc8
R
P 0x7f948e876608
C 361
R
P 0x7f948e876608
P 0x7f9492a9abc8
C 440
R
P 0x7f948e876608
C 361
R
P 0x7f948e876608
C 13
= 0x7f9492cbf168
R
P 0x7f948e876608
C 361
R
P 0x7f948e876608
P 0x7f9492cbf168
C 14
R
P 0x7f948e876608
C 361
R
P 0x7f948e876608
S "mbqi"
C 30
R
P 0x7f948e876608
C 361
R
P 0x7f948e876608
$ |mbqi|
C 219
R
P 0x7f948e876608
C 361
R
P 0x7f948e876608
P 0x7f9492cbf168
$ |mbqi|
I 0
C 16
R
P 0x7f948e876608
C 361
R
P 0x7f948e876608
P 0x7f9492a9abc8
P 0x7f9492cbf168
C 439
R
P 0x7f948e876608
C 361
R
P 0x7f948e876608
P 0x7f948eb99668
C 60
= 0x7f948eb99698
R
P 0x7f948e876608
C 361
R
P 0x7f948e876608
P 0x7f948eb99698
C 275
R
P 0x7f948e876608
C 361
R
P 0x7f948e876608
P 0x7f948eb99698
C 9
R
P 0x7f948e876608
C 361
R
P 0x7f948e876608
P 0x7f9492a9abc8
P 0x7f948eb99698
C 447
R
P 0x7f948e876608
C 361
R
P 0x7f948e876608
P 0x7f9492a9abc8
C 458
R
P 0x7f948e876608
C 361
R
P 0x7f948e876608
P 0x7f9492a9abc8
C 464
= 0x7f9486cd8dd8
R
P 0x7f948e876608
C 361
R
P 0x7f948e876608
P 0x7f9486cd8dd8
C 274
R
P 0x7f948e876608
C 361
R
P 0x7f948e876608
P 0x7f9486cd8dd8
C 271
= 0x7f948e87fa38
R
P 0x7f948e876608
C 361
R
P 0x7f948e876608
P 0x7f948e87fa38
C 226
R
P 0x7f948e876608
C 361
R
P 0x7f948e876608
P 0x7f9486cd8dd8
C 277
R
P 0x7f948e876608
C 361
R
P 0x7f948e876608
P 0x7f9486cd8dd8
C 276
R
P 0x7f948e876608
C 361
R
P 0x7f948e876608
P 0x7f9486cd8dd8
C 275
R
P 0x7f948e876608
C 361
R
P 0x7f948e876608
P 0x7f9486cd8dd8
C 9
R
P 0x7f948e876608
C 361
R
P 0x7f948e876608
P 0x7f9486cd8dd8
C 352
R
P 0x7f948e876608
C 361
R
P 0x7f948e876608
P 0x7f948e880c38
P 0x7f948eeb8bc0
C 58
= 0x7f948eeb8ed0
R
P 0x7f948e876608
C 361
R
P 0x7f948e876608
P 0x7f948eeb8ed0
C 275
R
P 0x7f948e876608
C 361
R
P 0x7f948e876608
P 0x7f948eeb8ed0
C 9
R
P 0x7f948e876608
C 361
R
P 0x7f948e876608
P 0x7f948eeb8ed0
C 60
= 0x7f948eb99728
R
P 0x7f948e876608
C 361
R
P 0x7f948e876608
P 0x7f948eb99728
C 275
R
P 0x7f948e876608
C 361
R
P 0x7f948e876608
P 0x7f948eb99728
C 9
R
P 0x7f948e876608
C 361
R
P 0x7f948e876608
P 0x7f948eb99728
C 352
R
P 0x7f948e876608
C 361
R
P 0x7f948e876608
C 431
= 0x7f94938be228
R
P 0x7f948e876608
C 361
R
P 0x7f948e876608
P 0x7f94938be228
C 440
R
P 0x7f948e876608
C 361
R
P 0x7f948e876608
C 13
= 0x7f94938a3ee8
R
P 0x7f948e876608
C 361
R
P 0x7f948e876608
P 0x7f94938a3ee8
C 14
R
P 0x7f948e876608
C 361
R
P 0x7f948e876608
S "mbqi"
C 30
R
P 0x7f948e876608
C 361
R
P 0x7f948e876608
$ |mbqi|
C 219
R
P 0x7f948e876608
C 361
R
P 0x7f948e876608
P 0x7f94938a3ee8
$ |mbqi|
I 0
C 16
R
P 0x7f948e876608
C 361
R
P 0x7f948e876608
P 0x7f94938be228
P 0x7f94938a3ee8
C 439
R
P 0x7f948e876608
C 361
R
P 0x7f948e876608
P 0x7f948eb99728
C 60
= 0x7f948eb99758
R
P 0x7f948e876608
C 361
R
P 0x7f948e876608
P 0x7f948eb99758
C 275
R
P 0x7f948e876608
C 361
R
P 0x7f948e876608
P 0x7f948eb99758
C 9
R
P 0x7f948e876608
C 361
R
P 0x7f948e876608
P 0x7f94938be228
P 0x7f948eb99758
C 447
R
P 0x7f948e876608
C 361
R
P 0x7f948e876608
P 0x7f94938be228
C 458
R
P 0x7f948e876608
C 361
R
P 0x7f948e876608
P 0x7f94938be228
C 464
= 0x7f9486cd8ed8
R
P 0x7f948e876608
C 361
R
P 0x7f948e876608
P 0x7f9486cd8ed8
C 274
R
P 0x7f948e876608
C 361
R
P 0x7f948e876608
P 0x7f9486cd8ed8
C 271
= 0x7f948e87fa38
R
P 0x7f948e876608
C 361
R
P 0x7f948e876608
P 0x7f948e87fa38
C 226
R
P 0x7f948e876608
C 361
R
P 0x7f948e876608
P 0x7f9486cd8ed8
C 277
R
P 0x7f948e876608
C 361
R
P 0x7f948e876608
P 0x7f9486cd8ed8
C 276
R
P 0x7f948e876608
C 361
R
P 0x7f948e876608
P 0x7f9486cd8ed8
C 275
R
P 0x7f948e876608
C 361
R
P 0x7f948e876608
P 0x7f9486cd8ed8
C 9
R
P 0x7f948e876608
C 361
R
P 0x7f948e876608
P 0x7f9486cd8ed8
C 352
R
P 0x7f948e876608
C 361
R
P 0x7f948e876608
S "u"
C 30
R
P 0x7f948e876608
C 361
R
P 0x7f948e876608
$ |u|
C 219
R
P 0x7f948e876608
C 361
R
P 0x7f948e876608
$ |u|
P 0x7f948e880bd8
C 51
= 0x7f948e880c58
R
P 0x7f948e876608
C 361
R
P 0x7f948e876608
P 0x7f948e880c58
C 274
R
P 0x7f948e876608
C 361
R
P 0x7f948e876608
P 0x7f948e880c58
C 271
= 0x7f948e880bd8
R
P 0x7f948e876608
C 361
R
P 0x7f948e876608
P 0x7f948e880bd8
C 226
R
P 0x7f948e876608
C 361
R
P 0x7f948e876608
P 0x7f948e880c58
C 277
R
P 0x7f948e876608
C 361
R
P 0x7f948e876608
P 0x7f948e880c58
C 276
R
P 0x7f948e876608
C 361
R
P 0x7f948e876608
P 0x7f948e880c58
C 275
R
P 0x7f948e876608
C 361
R
P 0x7f948e876608
P 0x7f948e880c58
C 9
R
P 0x7f948e876608
C 361
R
P 0x7f948e876608
S "v"
C 30
R
P 0x7f948e876608
C 361
R
P 0x7f948e876608
$ |v|
C 219
R
P 0x7f948e876608
C 361
R
P 0x7f948e876608
$ |v|
P 0x7f948e880bd8
C 51
= 0x7f948e880c78
R
P 0x7f948e876608
C 361
R
P 0x7f948e876608
P 0x7f948e880c78
C 274
R
P 0x7f948e876608
C 361
R
P 0x7f948e876608
P 0x7f948e880c78
C 271
= 0x7f948e880bd8
R
P 0x7f948e876608
C 361
R
P 0x7f948e876608
P 0x7f948e880bd8
C 226
R
P 0x7f948e876608
C 361
R
P 0x7f948e876608
P 0x7f948e880c78
C 277
R
P 0x7f948e876608
C 361
R
P 0x7f948e876608
P 0x7f948e880c78
C 276
R
P 0x7f948e876608
C 361
R
P 0x7f948e876608
P 0x7f948e880c78
C 275
R
P 0x7f948e876608
C 361
R
P 0x7f948e876608
P 0x7f948e880c78
C 9
R
P 0x7f948e876608
C 361
R
P 0x7f948e876608
S "x"
C 30
R
P 0x7f948e876608
C 361
R
P 0x7f948e876608
$ |x|
C 219
R
P 0x7f948e876608
C 361
R
P 0x7f948e876608
$ |x|
P 0x7f948e880bf8
C 51
= 0x7f948e880c98
R
P 0x7f948e876608
C 361
R
P 0x7f948e876608
P 0x7f948e880c98
C 274
R
P 0x7f948e876608
C 361
R
P 0x7f948e876608
P 0x7f948e880c98
C 271
= 0x7f948e880bf8
R
P 0x7f948e876608
C 361
R
P 0x7f948e876608
P 0x7f948e880bf8
C 226
R
P 0x7f948e876608
C 361
R
P 0x7f948e876608
P 0x7f948e880c98
C 277
R
P 0x7f948e876608
C 361
R
P 0x7f948e876608
P 0x7f948e880c98
C 276
R
P 0x7f948e876608
C 361
R
P 0x7f948e876608
P 0x7f948e880c98
C 275
R
P 0x7f948e876608
C 361
R
P 0x7f948e876608
P 0x7f948e880c98
C 9
R
P 0x7f948e876608
C 361
R
P 0x7f948e876608
S "y"
C 30
R
P 0x7f948e876608
C 361
R
P 0x7f948e876608
$ |y|
C 219
R
P 0x7f948e876608
C 361
R
P 0x7f948e876608
$ |y|
P 0x7f948e880bf8
C 51
= 0x7f948e880cb8
R
P 0x7f948e876608
C 361
R
P 0x7f948e876608
P 0x7f948e880cb8
C 274
R
P 0x7f948e876608
C 361
R
P 0x7f948e876608
P 0x7f948e880cb8
C 271
= 0x7f948e880bf8
R
P 0x7f948e876608
C 361
R
P 0x7f948e876608
P 0x7f948e880bf8
C 226
R
P 0x7f948e876608
C 361
R
P 0x7f948e876608
P 0x7f948e880cb8
C 277
R
P 0x7f948e876608
C 361
R
P 0x7f948e876608
P 0x7f948e880cb8
C 276
R
P 0x7f948e876608
C 361
R
P 0x7f948e876608
P 0x7f948e880cb8
C 275
R
P 0x7f948e876608
C 361
R
P 0x7f948e876608
P 0x7f948e880cb8
C 9
R
P 0x7f948e876608
C 361
R
P 0x7f948e876608
P 0x7f9486cd8c98
U 2
P 0x7f948e880c98
P 0x7f948e880c58
p 2
C 50
= 0x7f948eeb9090
R
P 0x7f948e876608
C 361
R
P 0x7f948e876608
P 0x7f948eeb9090
C 274
R
P 0x7f948e876608
C 361
R
P 0x7f948e876608
P 0x7f948eeb9090
C 271
= 0x7f948e880bd8
R
P 0x7f948e876608
C 361
R
P 0x7f948e876608
P 0x7f948e880bd8
C 226
R
P 0x7f948e876608
C 361
R
P 0x7f948e876608
P 0x7f948eeb9090
C 277
R
P 0x7f948e876608
C 361
R
P 0x7f948e876608
P 0x7f948eeb9090
C 276
R
P 0x7f948e876608
C 361
R
P 0x7f948e876608
P 0x7f948eeb9090
C 275
R
P 0x7f948e876608
C 361
R
P 0x7f948e876608
P 0x7f948eeb9090
C 9
R
P 0x7f948e876608
C 361
R
P 0x7f948e876608
P 0x7f9486cd8c98
U 2
P 0x7f948e880cb8
P 0x7f948e880c78
p 2
C 50
= 0x7f948eeb90c8
R
P 0x7f948e876608
C 361
R
P 0x7f948e876608
P 0x7f948eeb90c8
C 274
R
P 0x7f948e876608
C 361
R
P 0x7f948e876608
P 0x7f948eeb90c8
C 271
= 0x7f948e880bd8
R
P 0x7f948e876608
C 361
R
P 0x7f948e876608
P 0x7f948e880bd8
C 226
R
P 0x7f948e876608
C 361
R
P 0x7f948e876608
P 0x7f948eeb90c8
C 277
R
P 0x7f948e876608
C 361
R
P 0x7f948e876608
P 0x7f948eeb90c8
C 276
R
P 0x7f948e876608
C 361
R
P 0x7f948e876608
P 0x7f948eeb90c8
C 275
R
P 0x7f948e876608
C 361
R
P 0x7f948e876608
P 0x7f948eeb90c8
C 9
R
P 0x7f948e876608
C 361
R
P 0x7f948e876608
P 0x7f948eeb9090
P 0x7f948eeb90c8
C 58
= 0x7f948eeb9100
R
P 0x7f948e876608
C 361
R
P 0x7f948e876608
P 0x7f948eeb9100
C 275
R
P 0x7f948e876608
C 361
R
P 0x7f948e876608
P 0x7f948eeb9100
C 9
R
P 0x7f948e876608
C 361
R
P 0x7f948e876608
P 0x7f948e880c58
P 0x7f948e880c78
C 58
= 0x7f948eeb9138
R
P 0x7f948e876608
C 361
R
P 0x7f948e876608
P 0x7f948eeb9138
C 275
R
P 0x7f948e876608
C 361
R
P 0x7f948e876608
P 0x7f948eeb9138
C 9
R
P 0x7f948e876608
C 361
R
P 0x7f948e876608
P 0x7f948eeb9100
P 0x7f948eeb9138
C 63
= 0x7f948eeb9170
R
P 0x7f948e876608
C 361
R
P 0x7f948e876608
P 0x7f948eeb9170
C 275
R
P 0x7f948e876608
C 361
R
P 0x7f948e876608
P 0x7f948eeb9170
C 9
R
P 0x7f948e876608
C 361
R
P 0x7f948e876608
P 0x7f948eeb9170
C 352
R
P 0x7f948e876608
C 361
R
P 0x7f948e876608
C 431
= 0x7f9491eed388
R
P 0x7f948e876608
C 361
R
P 0x7f948e876608
P 0x7f9491eed388
C 440
R
P 0x7f948e876608
C 361
R
P 0x7f948e876608
C 13
= 0x7f9491fee4a8
R
P 0x7f948e876608
C 361
R
P 0x7f948e876608
P 0x7f9491fee4a8
C 14
R
P 0x7f948e876608
C 361
R
P 0x7f948e876608
S "mbqi"
C 30
R
P 0x7f948e876608
C 361
R
P 0x7f948e876608
$ |mbqi|
C 219
R
P 0x7f948e876608
C 361
R
P 0x7f948e876608
P 0x7f9491fee4a8
$ |mbqi|
I 0
C 16
R
P 0x7f948e876608
C 361
R
P 0x7f948e876608
P 0x7f9491eed388
P 0x7f9491fee4a8
C 439
R
P 0x7f948e876608
C 361
R
P 0x7f948e876608
P 0x7f948eeb9170
C 60
= 0x7f948eb998a8
R
P 0x7f948e876608
C 361
R
P 0x7f948e876608
P 0x7f948eb998a8
C 275
R
P 0x7f948e876608
C 361
R
P 0x7f948e876608
P 0x7f948eb998a8
C 9
R
P 0x7f948e876608
C 361
R
P 0x7f948e876608
P 0x7f9491eed388
P 0x7f948eb998a8
C 447
R
P 0x7f948e876608
C 361
R
P 0x7f948e876608
P 0x7f9491eed388
C 458
R
P 0x7f948e876608
C 361
R
P 0x7f948e876608
P 0x7f9491eed388
C 464
= 0x7f9486cd8f98
R
P 0x7f948e876608
C 361
R
P 0x7f948e876608
P 0x7f9486cd8f98
C 274
R
P 0x7f948e876608
C 361
R
P 0x7f948e876608
P 0x7f9486cd8f98
C 271
= 0x7f948e87fa38
R
P 0x7f948e876608
C 361
R
P 0x7f948e876608
P 0x7f948e87fa38
C 226
R
P 0x7f948e876608
C 361
R
P 0x7f948e876608
P 0x7f9486cd8f98
C 277
R
P 0x7f948e876608
C 361
R
P 0x7f948e876608
P 0x7f9486cd8f98
C 276
R
P 0x7f948e876608
C 361
R
P 0x7f948e876608
P 0x7f9486cd8f98
C 275
R
P 0x7f948e876608
C 361
R
P 0x7f948e876608
P 0x7f9486cd8f98
C 9
R
P 0x7f948e876608
C 361
R
P 0x7f948e876608
P 0x7f9486cd8f98
C 352
R
P 0x7f948e876608
C 361
R
P 0x7f948e876608
P 0x7f948eeb9090
P 0x7f948eeb90c8
C 58
= 0x7f948eeb9100
R
P 0x7f948e876608
C 361
R
P 0x7f948e876608
P 0x7f948eeb9100
C 275
R
P 0x7f948e876608
C 361
R
P 0x7f948e876608
P 0x7f948eeb9100
C 9
R
P 0x7f948e876608
C 361
R
P 0x7f948e876608
P 0x7f948e880c98
P 0x7f948e880cb8
C 58
= 0x7f948eeb91a8
R
P 0x7f948e876608
C 361
R
P 0x7f948e876608
P 0x7f948eeb91a8
C 275
R
P 0x7f948e876608
C 361
R
P 0x7f948e876608
P 0x7f948eeb91a8
C 9
R
P 0x7f948e876608
C 361
R
P 0x7f948e876608
P 0x7f948eeb9100
P 0x7f948eeb91a8
C 63
= 0x7f948eeb94b8
R
P 0x7f948e876608
C 361
R
P 0x7f948e876608
P 0x7f948eeb94b8
C 275
R
P 0x7f948e876608
C 361
R
P 0x7f948e876608
P 0x7f948eeb94b8
C 9
R
P 0x7f948e876608
C 361
R
P 0x7f948e876608
P 0x7f948eeb94b8
C 352
R
P 0x7f948e876608
C 361
R
P 0x7f948e876608
C 431
= 0x7f9493d0cb58
R
P 0x7f948e876608
C 361
R
P 0x7f948e876608
P 0x7f9493d0cb58
C 440
R
P 0x7f948e876608
C 361
R
P 0x7f948e876608
C 13
= 0x7f9493d0cc78
R
P 0x7f948e876608
C 361
R
P 0x7f948e876608
P 0x7f9493d0cc78
C 14
R
P 0x7f948e876608
C 361
R
P 0x7f948e876608
S "mbqi"
C 30
R
P 0x7f948e876608
C 361
R
P 0x7f948e876608
$ |mbqi|
C 219
R
P 0x7f948e876608
C 361
R
P 0x7f948e876608
P 0x7f9493d0cc78
$ |mbqi|
I 0
C 16
R
P 0x7f948e876608
C 361
R
P 0x7f948e876608
P 0x7f9493d0cb58
P 0x7f9493d0cc78
C 439
R
P 0x7f948e876608
C 361
R
P 0x7f948e876608
P 0x7f948eeb94b8
C 60
= 0x7f9490b96248
R
P 0x7f948e876608
C 361
R
P 0x7f948e876608
P 0x7f9490b96248
C 275
R
P 0x7f948e876608
C 361
R
P 0x7f948e876608
P 0x7f9490b96248
C 9
R
P 0x7f948e876608
C 361
R
P 0x7f948e876608
P 0x7f9493d0cb58
P 0x7f9490b96248
C 447
R
P 0x7f948e876608
C 361
R
P 0x7f948e876608
P 0x7f9493d0cb58
C 458
R
P 0x7f948e876608
C 361
R
P 0x7f948e876608
P 0x7f9493d0cb58
C 464
= 0x7f9486cd9058
R
P 0x7f948e876608
C 361
R
P 0x7f948e876608
P 0x7f9486cd9058
C 274
R
P 0x7f948e876608
C 361
R
P 0x7f948e876608
P 0x7f9486cd9058
C 271
= 0x7f948e87fa38
R
P 0x7f948e876608
C 361
R
P 0x7f948e876608
P 0x7f948e87fa38
C 226
R
P 0x7f948e876608
C 361
R
P 0x7f948e876608
P 0x7f9486cd9058
C 277
R
P 0x7f948e876608
C 361
R
P 0x7f948e876608
P 0x7f9486cd9058
C 276
R
P 0x7f948e876608
C 361
R
P 0x7f948e876608
P 0x7f9486cd9058
C 275
R
P 0x7f948e876608
C 361
R
P 0x7f948e876608
P 0x7f9486cd9058
C 9
R
P 0x7f948e876608
C 361
R
P 0x7f948e876608
P 0x7f9486cd9058
C 352
R
P 0x7f948e876608
C 361
R
P 0x7f948e876608
P 0x7f948eeb8a70
U 1
P 0x7f948e880c58
p 1
C 50
= 0x7f9490b96368
R
P 0x7f948e876608
C 361
R
P 0x7f948e876608
P 0x7f9490b96368
C 274
R
P 0x7f948e876608
C 361
R
P 0x7f948e876608
P 0x7f9490b96368
C 271
= 0x7f948e87fa18
R
P 0x7f948e876608
C 361
R
P 0x7f948e876608
P 0x7f948e87fa18
C 226
R
P 0x7f948e876608
C 361
R
P 0x7f948e876608
P 0x7f9490b96368
C 277
R
P 0x7f948e876608
C 361
R
P 0x7f948e876608
P 0x7f9490b96368
C 276
R
P 0x7f948e876608
C 361
R
P 0x7f948e876608
P 0x7f9490b96368
C 275
R
P 0x7f948e876608
C 361
R
P 0x7f948e876608
P 0x7f9490b96368
C 9
R
P 0x7f948e876608
C 361
R
P 0x7f948e876608
P 0x7f948eeb8a38
U 1
P 0x7f948e880c58
p 1
C 50
= 0x7f9490b96398
R
P 0x7f948e876608
C 361
R
P 0x7f948e876608
P 0x7f9490b96398
C 274
R
P 0x7f948e876608
C 361
R
P 0x7f948e876608
P 0x7f9490b96398
C 271
= 0x7f948e87fa18
R
P 0x7f948e876608
C 361
R
P 0x7f948e876608
P 0x7f948e87fa18
C 226
R
P 0x7f948e876608
C 361
R
P 0x7f948e876608
P 0x7f9490b96398
C 277
R
P 0x7f948e876608
C 361
R
P 0x7f948e876608
P 0x7f9490b96398
C 276
R
P 0x7f948e876608
C 361
R
P 0x7f948e876608
P 0x7f9490b96398
C 275
R
P 0x7f948e876608
C 361
R
P 0x7f948e876608
P 0x7f9490b96398
C 9
R
P 0x7f948e876608
C 361
R
P 0x7f948e876608
U 2
P 0x7f9490b96368
P 0x7f9490b96398
p 2
C 66
= 0x7f948eeb9758
R
P 0x7f948e876608
C 361
R
P 0x7f948e876608
P 0x7f948eeb9758
C 275
R
P 0x7f948e876608
C 361
R
P 0x7f948e876608
P 0x7f948eeb9758
C 9
R
P 0x7f948e876608
C 361
R
P 0x7f948e876608
P 0x7f948eeb9758
C 352
R
P 0x7f948e876608
C 361
R
P 0x7f948e876608
C 431
= 0x7f9492c41218
R
P 0x7f948e876608
C 361
R
P 0x7f948e876608
P 0x7f9492c41218
C 440
R
P 0x7f948e876608
C 361
R
P 0x7f948e876608
C 13
= 0x7f9492c41318
R
P 0x7f948e876608
C 361
R
P 0x7f948e876608
P 0x7f9492c41318
C 14
R
P 0x7f948e876608
C 361
R
P 0x7f948e876608
S "mbqi"
C 30
R
P 0x7f948e876608
C 361
R
P 0x7f948e876608
$ |mbqi|
C 219
R
P 0x7f948e876608
C 361
R
P 0x7f948e876608
P 0x7f9492c41318
$ |mbqi|
I 0
C 16
R
P 0x7f948e876608
C 361
R
P 0x7f948e876608
P 0x7f9492c41218
P 0x7f9492c41318
C 439
R
P 0x7f948e876608
C 361
R
P 0x7f948e876608
P 0x7f948eeb9758
C 60
= 0x7f9490b963c8
R
P 0x7f948e876608
C 361
R
P 0x7f948e876608
P 0x7f9490b963c8
C 275
R
P 0x7f948e876608
C 361
R
P 0x7f948e876608
P 0x7f9490b963c8
C 9
R
P 0x7f948e876608
C 361
R
P 0x7f948e876608
P 0x7f9492c41218
P 0x7f9490b963c8
C 447
R
P 0x7f948e876608
C 361
R
P 0x7f948e876608
P 0x7f9492c41218
C 458
R
P 0x7f948e876608
C 361
R
P 0x7f948e876608
P 0x7f9492c41218
C 464
= 0x7f9486cd9118
R
P 0x7f948e876608
C 361
R
P 0x7f948e876608
P 0x7f9486cd9118
C 274
R
P 0x7f948e876608
C 361
R
P 0x7f948e876608
P 0x7f9486cd9118
C 271
= 0x7f948e87fa38
R
P 0x7f948e876608
C 361
R
P 0x7f948e876608
P 0x7f948e87fa38
C 226
R
P 0x7f948e876608
C 361
R
P 0x7f948e876608
P 0x7f9486cd9118
C 277
R
P 0x7f948e876608
C 361
R
P 0x7f948e876608
P 0x7f9486cd9118
C 276
R
P 0x7f948e876608
C 361
R
P 0x7f948e876608
P 0x7f9486cd9118
C 275
R
P 0x7f948e876608
C 361
R
P 0x7f948e876608
P 0x7f9486cd9118
C 9
R
P 0x7f948e876608
C 361
R
P 0x7f948e876608
P 0x7f9486cd9118
C 352
R
P 0x7f948e876608
C 361
R
P 0x7f948e876608
P 0x7f948e880c58
P 0x7f948eeb9090
C 58
= 0x7f948eeb9918
R
P 0x7f948e876608
C 361
R
P 0x7f948e876608
P 0x7f948eeb9918
C 275
R
P 0x7f948e876608
C 361
R
P 0x7f948e876608
P 0x7f948eeb9918
C 9
R
P 0x7f948e876608
C 361
R
P 0x7f948e876608
P 0x7f948eeb9918
C 60
= 0x7f9490b96518
R
P 0x7f948e876608
C 361
R
P 0x7f948e876608
P 0x7f9490b96518
C 275
R
P 0x7f948e876608
C 361
R
P 0x7f948e876608
P 0x7f9490b96518
C 9
R
P 0x7f948e876608
C 361
R
P 0x7f948e876608
P 0x7f9490b96518
C 352
R
P 0x7f948e876608
C 361
R
P 0x7f948e876608
C 431
= 0x7f9493e54fc8
R
P 0x7f948e876608
C 361
R
P 0x7f948e876608
P 0x7f9493e54fc8
C 440
R
P 0x7f948e876608
C 361
R
P 0x7f948e876608
C 13
= 0x7f9493e550c8
R
P 0x7f948e876608
C 361
R
P 0x7f948e876608
P 0x7f9493e550c8
C 14
R
P 0x7f948e876608
C 361
R
P 0x7f948e876608
S "mbqi"
C 30
R
P 0x7f948e876608
C 361
R
P 0x7f948e876608
$ |mbqi|
C 219
R
P 0x7f948e876608
C 361
R
P 0x7f948e876608
P 0x7f9493e550c8
$ |mbqi|
I 0
C 16
R
P 0x7f948e876608
C 361
R
P 0x7f948e876608
P 0x7f9493e54fc8
P 0x7f9493e550c8
C 439
R
P 0x7f948e876608
C 361
R
P 0x7f948e876608
P 0x7f9490b96518
C 60
= 0x7f9490b96548
R
P 0x7f948e876608
C 361
R
P 0x7f948e876608
P 0x7f9490b96548
C 275
R
P 0x7f948e876608
C 361
R
P 0x7f948e876608
P 0x7f9490b96548
C 9
R
P 0x7f948e876608
C 361
R
P 0x7f948e876608
P 0x7f9493e54fc8
P 0x7f9490b96548
C 447
R
P 0x7f948e876608
C 361
R
P 0x7f948e876608
P 0x7f9493e54fc8
C 458
R
P 0x7f948e876608
C 361
R
P 0x7f948e876608
P 0x7f9493e54fc8
C 464
= 0x7f948eeb9a68
R
P 0x7f948e876608
C 361
R
P 0x7f948e876608
P 0x7f948eeb9a68
C 274
R
P 0x7f948e876608
C 361
R
P 0x7f948e876608
P 0x7f948eeb9a68
C 271
= 0x7f948e87fa38
R
P 0x7f948e876608
C 361
R
P 0x7f948e876608
P 0x7f948e87fa38
C 226
R
P 0x7f948e876608
C 361
R
P 0x7f948e876608
P 0x7f948eeb9a68
C 277
R
P 0x7f948e876608
C 361
R
P 0x7f948e876608
P 0x7f948eeb9a68
C 276
R
P 0x7f948e876608
C 361
R
P 0x7f948e876608
P 0x7f948eeb9a68
C 275
R
P 0x7f948e876608
C 361
R
P 0x7f948e876608
P 0x7f948eeb9a68
C 9
R
P 0x7f948e876608
C 361
R
P 0x7f948e876608
P 0x7f948eeb9a68
C 352
R
P 0x7f948e876608
C 361
M "UnsatCoreAndProofExample"
R
P 0x7f948e876608
C 431
= 0x7f9492e7ab88
R
P 0x7f948e876608
C 361
R
P 0x7f948e876608
P 0x7f9492e7ab88
C 440
R
P 0x7f948e876608
C 361
R
P 0x7f948e876608
S "PredA"
C 30
R
P 0x7f948e876608
C 361
R
P 0x7f948e876608
$ |PredA|
C 219
R
P 0x7f948e876608
C 361
R
P 0x7f948e876608
C 32
= 0x7f948e87fa18
R
P 0x7f948e876608
C 361
R
P 0x7f948e876608
P 0x7f948e87fa18
C 274
R
P 0x7f948e876608
C 361
R
P 0x7f948e876608
P 0x7f948e87fa18
C 9
R
P 0x7f948e876608
C 361
R
P 0x7f948e876608
$ |PredA|
P 0x7f948e87fa18
C 51
= 0x7f948e880cd8
R
P 0x7f948e876608
C 361
R
P 0x7f948e876608
P 0x7f948e880cd8
C 274
R
P 0x7f948e876608
C 361
R
P 0x7f948e876608
P 0x7f948e880cd8
C 271
= 0x7f948e87fa18
R
P 0x7f948e876608
C 361
R
P 0x7f948e876608
P 0x7f948e87fa18
C 226
R
P 0x7f948e876608
C 361
R
P 0x7f948e876608
P 0x7f948e880cd8
C 277
R
P 0x7f948e876608
C 361
R
P 0x7f948e876608
P 0x7f948e880cd8
C 276
R
P 0x7f948e876608
C 361
R
P 0x7f948e876608
P 0x7f948e880cd8
C 275
R
P 0x7f948e876608
C 361
R
P 0x7f948e876608
P 0x7f948e880cd8
C 9
R
P 0x7f948e876608
C 361
R
P 0x7f948e876608
S "PredB"
C 30
R
P 0x7f948e876608
C 361
R
P 0x7f948e876608
$ |PredB|
C 219
R
P 0x7f948e876608
C 361
R
P 0x7f948e876608
$ |PredB|
P 0x7f948e87fa18
C 51
= 0x7f948e880cf8
R
P 0x7f948e876608
C 361
R
P 0x7f948e876608
P 0x7f948e880cf8
C 274
R
P 0x7f948e876608
C 361
R
P 0x7f948e876608
P 0x7f948e880cf8
C 271
= 0x7f948e87fa18
R
P 0x7f948e876608
C 361
R
P 0x7f948e876608
P 0x7f948e87fa18
C 226
R
P 0x7f948e876608
C 361
R
P 0x7f948e876608
P 0x7f948e880cf8
C 277
R
P 0x7f948e876608
C 361
R
P 0x7f948e876608
P 0x7f948e880cf8
C 276
R
P 0x7f948e876608
C 361
R
P 0x7f948e876608
P 0x7f948e880cf8
C 275
R
P 0x7f948e876608
C 361
R
P 0x7f948e876608
P 0x7f948e880cf8
C 9
R
P 0x7f948e876608
C 361
R
P 0x7f948e876608
S "PredC"
C 30
R
P 0x7f948e876608
C 361
R
P 0x7f948e876608
$ |PredC|
C 219
R
P 0x7f948e876608
C 361
R
P 0x7f948e876608
$ |PredC|
P 0x7f948e87fa18
C 51
= 0x7f948e880d18
R
P 0x7f948e876608
C 361
R
P 0x7f948e876608
P 0x7f948e880d18
C 274
R
P 0x7f948e876608
C 361
R
P 0x7f948e876608
P 0x7f948e880d18
C 271
= 0x7f948e87fa18
R
P 0x7f948e876608
C 361
R
P 0x7f948e876608
P 0x7f948e87fa18
C 226
R
P 0x7f948e876608
C 361
R
P 0x7f948e876608
P 0x7f948e880d18
C 277
R
P 0x7f948e876608
C 361
R
P 0x7f948e876608
P 0x7f948e880d18
C 276
R
P 0x7f948e876608
C 361
R
P 0x7f948e876608
P 0x7f948e880d18
C 275
R
P 0x7f948e876608
C 361
R
P 0x7f948e876608
P 0x7f948e880d18
C 9
R
P 0x7f948e876608
C 361
R
P 0x7f948e876608
S "PredD"
C 30
R
P 0x7f948e876608
C 361
R
P 0x7f948e876608
$ |PredD|
C 219
R
P 0x7f948e876608
C 361
R
P 0x7f948e876608
$ |PredD|
P 0x7f948e87fa18
C 51
= 0x7f948e880d38
R
P 0x7f948e876608
C 361
R
P 0x7f948e876608
P 0x7f948e880d38
C 274
R
P 0x7f948e876608
C 361
R
P 0x7f948e876608
P 0x7f948e880d38
C 271
= 0x7f948e87fa18
R
P 0x7f948e876608
C 361
R
P 0x7f948e876608
P 0x7f948e87fa18
C 226
R
P 0x7f948e876608
C 361
R
P 0x7f948e876608
P 0x7f948e880d38
C 277
R
P 0x7f948e876608
C 361
R
P 0x7f948e876608
P 0x7f948e880d38
C 276
R
P 0x7f948e876608
C 361
R
P 0x7f948e876608
P 0x7f948e880d38
C 275
R
P 0x7f948e876608
C 361
R
P 0x7f948e876608
P 0x7f948e880d38
C 9
R
P 0x7f948e876608
C 361
R
P 0x7f948e876608
S "P1"
C 30
R
P 0x7f948e876608
C 361
R
P 0x7f948e876608
$ |P1|
C 219
R
P 0x7f948e876608
C 361
R
P 0x7f948e876608
$ |P1|
P 0x7f948e87fa18
C 51
= 0x7f948e880d58
R
P 0x7f948e876608
C 361
R
P 0x7f948e876608
P 0x7f948e880d58
C 274
R
P 0x7f948e876608
C 361
R
P 0x7f948e876608
P 0x7f948e880d58
C 271
= 0x7f948e87fa18
R
P 0x7f948e876608
C 361
R
P 0x7f948e876608
P 0x7f948e87fa18
C 226
R
P 0x7f948e876608
C 361
R
P 0x7f948e876608
P 0x7f948e880d58
C 277
R
P 0x7f948e876608
C 361
R
P 0x7f948e876608
P 0x7f948e880d58
C 276
R
P 0x7f948e876608
C 361
R
P 0x7f948e876608
P 0x7f948e880d58
C 275
R
P 0x7f948e876608
C 361
R
P 0x7f948e876608
P 0x7f948e880d58
C 9
R
P 0x7f948e876608
C 361
R
P 0x7f948e876608
S "P2"
C 30
R
P 0x7f948e876608
C 361
R
P 0x7f948e876608
$ |P2|
C 219
R
P 0x7f948e876608
C 361
R
P 0x7f948e876608
$ |P2|
P 0x7f948e87fa18
C 51
= 0x7f948e880d78
R
P 0x7f948e876608
C 361
R
P 0x7f948e876608
P 0x7f948e880d78
C 274
R
P 0x7f948e876608
C 361
R
P 0x7f948e876608
P 0x7f948e880d78
C 271
= 0x7f948e87fa18
R
P 0x7f948e876608
C 361
R
P 0x7f948e876608
P 0x7f948e87fa18
C 226
R
P 0x7f948e876608
C 361
R
P 0x7f948e876608
P 0x7f948e880d78
C 277
R
P 0x7f948e876608
C 361
R
P 0x7f948e876608
P 0x7f948e880d78
C 276
R
P 0x7f948e876608
C 361
R
P 0x7f948e876608
P 0x7f948e880d78
C 275
R
P 0x7f948e876608
C 361
R
P 0x7f948e876608
P 0x7f948e880d78
C 9
R
P 0x7f948e876608
C 361
R
P 0x7f948e876608
S "P3"
C 30
R
P 0x7f948e876608
C 361
R
P 0x7f948e876608
$ |P3|
C 219
R
P 0x7f948e876608
C 361
R
P 0x7f948e876608
$ |P3|
P 0x7f948e87fa18
C 51
= 0x7f948e880d98
R
P 0x7f948e876608
C 361
R
P 0x7f948e876608
P 0x7f948e880d98
C 274
R
P 0x7f948e876608
C 361
R
P 0x7f948e876608
P 0x7f948e880d98
C 271
= 0x7f948e87fa18
R
P 0x7f948e876608
C 361
R
P 0x7f948e876608
P 0x7f948e87fa18
C 226
R
P 0x7f948e876608
C 361
R
P 0x7f948e876608
P 0x7f948e880d98
C 277
R
P 0x7f948e876608
C 361
R
P 0x7f948e876608
P 0x7f948e880d98
C 276
R
P 0x7f948e876608
C 361
R
P 0x7f948e876608
P 0x7f948e880d98
C 275
R
P 0x7f948e876608
C 361
R
P 0x7f948e876608
P 0x7f948e880d98
C 9
R
P 0x7f948e876608
C 361
R
P 0x7f948e876608
S "P4"
C 30
R
P 0x7f948e876608
C 361
R
P 0x7f948e876608
$ |P4|
C 219
R
P 0x7f948e876608
C 361
R
P 0x7f948e876608
$ |P4|
P 0x7f948e87fa18
C 51
= 0x7f948e880db8
R
P 0x7f948e876608
C 361
R
P 0x7f948e876608
P 0x7f948e880db8
C 274
R
P 0x7f948e876608
C 361
R
P 0x7f948e876608
P 0x7f948e880db8
C 271
= 0x7f948e87fa18
R
P 0x7f948e876608
C 361
R
P 0x7f948e876608
P 0x7f948e87fa18
C 226
R
P 0x7f948e876608
C 361
R
P 0x7f948e876608
P 0x7f948e880db8
C 277
R
P 0x7f948e876608
C 361
R
P 0x7f948e876608
P 0x7f948e880db8
C 276
R
P 0x7f948e876608
C 361
R
P 0x7f948e876608
P 0x7f948e880db8
C 275
R
P 0x7f948e876608
C 361
R
P 0x7f948e876608
P 0x7f948e880db8
C 9
R
P 0x7f948e876608
C 361
R
P 0x7f948e876608
P 0x7f948e880d58
C 60
= 0x7f9490b96788
R
P 0x7f948e876608
C 361
R
P 0x7f948e876608
P 0x7f9490b96788
C 275
R
P 0x7f948e876608
C 361
R
P 0x7f948e876608
P 0x7f9490b96788
C 9
R
P 0x7f948e876608
C 361
R
P 0x7f948e876608
P 0x7f948e880d78
C 60
= 0x7f9490b967b8
R
P 0x7f948e876608
C 361
R
P 0x7f948e876608
P 0x7f9490b967b8
C 275
R
P 0x7f948e876608
C 361
R
P 0x7f948e876608
P 0x7f9490b967b8
C 9
R
P 0x7f948e876608
C 361
R
P 0x7f948e876608
P 0x7f948e880d98
C 60
= 0x7f9490b967e8
R
P 0x7f948e876608
C 361
R
P 0x7f948e876608
P 0x7f9490b967e8
C 275
R
P 0x7f948e876608
C 361
R
P 0x7f948e876608
P 0x7f9490b967e8
C 9
R
P 0x7f948e876608
C 361
R
P 0x7f948e876608
P 0x7f948e880db8
C 60
= 0x7f9490b96818
R
P 0x7f948e876608
C 361
R
P 0x7f948e876608
P 0x7f9490b96818
C 275
R
P 0x7f948e876608
C 361
R
P 0x7f948e876608
P 0x7f9490b96818
C 9
R
P 0x7f948e876608
C 361
R
P 0x7f948e876608
U 3
P 0x7f948e880cd8
P 0x7f948e880cf8
P 0x7f948e880d18
p 3
C 65
= 0x7f9486cd91d8
R
P 0x7f948e876608
C 361
R
P 0x7f948e876608
P 0x7f9486cd91d8
C 275
R
P 0x7f948e876608
C 361
R
P 0x7f948e876608
P 0x7f9486cd91d8
C 9
R
P 0x7f948e876608
C 361
R
P 0x7f948e876608
P 0x7f948e880cf8
C 60
= 0x7f9490b96848
R
P 0x7f948e876608
C 361
R
P 0x7f948e876608
P 0x7f9490b96848
C 275
R
P 0x7f948e876608
C 361
R
P 0x7f948e876608
P 0x7f9490b96848
C 9
R
P 0x7f948e876608
C 361
R
P 0x7f948e876608
U 3
P 0x7f948e880cd8
P 0x7f9490b96848
P 0x7f948e880d18
p 3
C 65
= 0x7f9486cd9218
R
P 0x7f948e876608
C 361
R
P 0x7f948e876608
P 0x7f9486cd9218
C 275
R
P 0x7f948e876608
C 361
R
P 0x7f948e876608
P 0x7f9486cd9218
C 9
R
P 0x7f948e876608
C 361
R
P 0x7f948e876608
P 0x7f948e880cd8
C 60
= 0x7f9490b96878
R
P 0x7f948e876608
C 361
R
P 0x7f948e876608
P 0x7f9490b96878
C 275
R
P 0x7f948e876608
C 361
R
P 0x7f948e876608
P 0x7f9490b96878
C 9
R
P 0x7f948e876608
C 361
R
P 0x7f948e876608
P 0x7f948e880d18
C 60
= 0x7f9490b968a8
R
P 0x7f948e876608
C 361
R
P 0x7f948e876608
P 0x7f9490b968a8
C 275
R
P 0x7f948e876608
C 361
R
P 0x7f948e876608
P 0x7f9490b968a8
C 9
R
P 0x7f948e876608
C 361
R
P 0x7f948e876608
U 2
P 0x7f9490b96878
P 0x7f9490b968a8
p 2
C 66
= 0x7f948eeb98e0
R
P 0x7f948e876608
C 361
R
P 0x7f948e876608
P 0x7f948eeb98e0
C 275
R
P 0x7f948e876608
C 361
R
P 0x7f948e876608
P 0x7f948eeb98e0
C 9
R
P 0x7f948e876608
C 361
R
P 0x7f948e876608
U 2
P 0x7f9486cd91d8
P 0x7f948e880d58
p 2
C 66
= 0x7f948eeb99c0
R
P 0x7f948e876608
C 361
R
P 0x7f948e876608
P 0x7f948eeb99c0
C 275
R
P 0x7f948e876608
C 361
R
P 0x7f948e876608
P 0x7f948eeb99c0
C 9
R
P 0x7f948e876608
C 361
R
P 0x7f948e876608
P 0x7f9492e7ab88
P 0x7f948eeb99c0
C 447
R
P 0x7f948e876608
C 361
R
P 0x7f948e876608
U 2
P 0x7f9486cd9218
P 0x7f948e880d78
p 2
C 66
= 0x7f948eeb9b10
R
P 0x7f948e876608
C 361
R
P 0x7f948e876608
P 0x7f948eeb9b10
C 275
R
P 0x7f948e876608
C 361
R
P 0x7f948e876608
P 0x7f948eeb9b10
C 9
R
P 0x7f948e876608
C 361
R
P 0x7f948e876608
P 0x7f9492e7ab88
P 0x7f948eeb9b10
C 447
R
P 0x7f948e876608
C 361
R
P 0x7f948e876608
U 2
P 0x7f948eeb98e0
P 0x7f948e880d98
p 2
C 66
= 0x7f948eeb9bb8
R
P 0x7f948e876608
C 361
R
P 0x7f948e876608
P 0x7f948eeb9bb8
C 275
R
P 0x7f948e876608
C 361
R
P 0x7f948e876608
P 0x7f948eeb9bb8
C 9
R
P 0x7f948e876608
C 361
R
P 0x7f948e876608
P 0x7f9492e7ab88
P 0x7f948eeb9bb8
C 447
R
P 0x7f948e876608
C 361
R
P 0x7f948e876608
U 2
P 0x7f948e880d38
P 0x7f948e880db8
p 2
C 66
= 0x7f948eeb9c28
R
P 0x7f948e876608
C 361
R
P 0x7f948e876608
P 0x7f948eeb9c28
C 275
R
P 0x7f948e876608
C 361
R
P 0x7f948e876608
P 0x7f948eeb9c28
C 9
R
P 0x7f948e876608
C 361
R
P 0x7f948e876608
P 0x7f9492e7ab88
P 0x7f948eeb9c28
C 447
R
P 0x7f948e876608
C 361
R
P 0x7f948e876608
P 0x7f9492e7ab88
U 4
P 0x7f9490b96788
P 0x7f9490b967b8
P 0x7f9490b967e8
P 0x7f9490b96818
p 4
C 459
R
P 0x7f948e876608
C 361
R
P 0x7f948e876608
P 0x7f9492e7ab88
C 464
= 0x7f948e88aa90
R
P 0x7f948e876608
C 361
R
P 0x7f948e876608
P 0x7f948e88aa90
C 274
R
P 0x7f948e876608
C 361
R
P 0x7f948e876608
P 0x7f948e88aa90
C 271
= 0x7f948e87fa38
R
P 0x7f948e876608
C 361
R
P 0x7f948e876608
P 0x7f948e87fa38
C 226
R
P 0x7f948e876608
C 361
R
P 0x7f948e876608
P 0x7f948e88aa90
C 277
R
P 0x7f948e876608
C 361
R
P 0x7f948e876608
P 0x7f948e88aa90
C 276
R
P 0x7f948e876608
C 361
R
P 0x7f948e876608
P 0x7f948e88aa90
C 275
R
P 0x7f948e876608
C 361
R
P 0x7f948e876608
P 0x7f948e88aa90
C 9
R
P 0x7f948e876608
C 361
R
P 0x7f948e876608
P 0x7f948e88aa90
C 352
R
P 0x7f948e876608
C 361
R
P 0x7f948e876608
P 0x7f9492e7ab88
C 465
= 0x7f9493d25c48
R
P 0x7f948e876608
C 361
R
P 0x7f948e876608
P 0x7f9493d25c48
C 481
R
P 0x7f948e876608
C 361
R
P 0x7f948e876608
P 0x7f9493d25c48
C 483
R
P 0x7f948e876608
C 361
R
P 0x7f948e876608
P 0x7f9493d25c48
U 0
C 484
= 0x7f9490b96788
R
P 0x7f948e876608
C 361
R
P 0x7f948e876608
P 0x7f9490b96788
C 9
R
P 0x7f948e876608
C 361
R
P 0x7f948e876608
P 0x7f9490b96788
C 274
R
P 0x7f948e876608
C 361
R
P 0x7f948e876608
P 0x7f9490b96788
C 271
= 0x7f948e87fa18
R
P 0x7f948e876608
C 361
R
P 0x7f948e876608
P 0x7f948e87fa18
C 226
R
P 0x7f948e876608
C 361
R
P 0x7f948e876608
P 0x7f9490b96788
C 277
R
P 0x7f948e876608
C 361
R
P 0x7f948e876608
P 0x7f9490b96788
C 276
R
P 0x7f948e876608
C 361
R
P 0x7f948e876608
P 0x7f9490b96788
C 275
R
P 0x7f948e876608
C 361
R
P 0x7f948e876608
P 0x7f9490b96788
C 9
R
P 0x7f948e876608
C 361
R
P 0x7f948e876608
P 0x7f9493d25c48
U 1
C 484
= 0x7f9490b967b8
R
P 0x7f948e876608
C 361
R
P 0x7f948e876608
P 0x7f9490b967b8
C 9
R
P 0x7f948e876608
C 361
R
P 0x7f948e876608
P 0x7f9490b967b8
C 274
R
P 0x7f948e876608
C 361
R
P 0x7f948e876608
P 0x7f9490b967b8
C 271
= 0x7f948e87fa18
R
P 0x7f948e876608
C 361
R
P 0x7f948e876608
P 0x7f948e87fa18
C 226
R
P 0x7f948e876608
C 361
R
P 0x7f948e876608
P 0x7f9490b967b8
C 277
R
P 0x7f948e876608
C 361
R
P 0x7f948e876608
P 0x7f9490b967b8
C 276
R
P 0x7f948e876608
C 361
R
P 0x7f948e876608
P 0x7f9490b967b8
C 275
R
P 0x7f948e876608
C 361
R
P 0x7f948e876608
P 0x7f9490b967b8
C 9
R
P 0x7f948e876608
C 361
R
P 0x7f948e876608
P 0x7f9490b96788
C 352
R
P 0x7f948e876608
C 361
R
P 0x7f948e876608
P 0x7f9490b967b8
C 352
R
P 0x7f948e876608
C 361
M "UnsatCoreAndProofExample2"
R
P 0x7f948e876608
C 431
= 0x7f9494153038
R
P 0x7f948e876608
C 361
R
P 0x7f948e876608
P 0x7f9494153038
C 440
R
P 0x7f948e876608
C 361
R
P 0x7f948e876608
S "PredA"
C 30
R
P 0x7f948e876608
C 361
R
P 0x7f948e876608
$ |PredA|
C 219
R
P 0x7f948e876608
C 361
R
P 0x7f948e876608
$ |PredA|
P 0x7f948e87fa18
C 51
= 0x7f948e880cd8
R
P 0x7f948e876608
C 361
R
P 0x7f948e876608
P 0x7f948e880cd8
C 274
R
P 0x7f948e876608
C 361
R
P 0x7f948e876608
P 0x7f948e880cd8
C 271
= 0x7f948e87fa18
R
P 0x7f948e876608
C 361
R
P 0x7f948e876608
P 0x7f948e87fa18
C 226
R
P 0x7f948e876608
C 361
R
P 0x7f948e876608
P 0x7f948e880cd8
C 277
R
P 0x7f948e876608
C 361
R
P 0x7f948e876608
P 0x7f948e880cd8
C 276
R
P 0x7f948e876608
C 361
R
P 0x7f948e876608
P 0x7f948e880cd8
C 275
R
P 0x7f948e876608
C 361
R
P 0x7f948e876608
P 0x7f948e880cd8
C 9
R
P 0x7f948e876608
C 361
R
P 0x7f948e876608
S "PredB"
C 30
R
P 0x7f948e876608
C 361
R
P 0x7f948e876608
$ |PredB|
C 219
R
P 0x7f948e876608
C 361
R
P 0x7f948e876608
$ |PredB|
P 0x7f948e87fa18
C 51
= 0x7f948e880cf8
R
P 0x7f948e876608
C 361
R
P 0x7f948e876608
P 0x7f948e880cf8
C 274
R
P 0x7f948e876608
C 361
R
P 0x7f948e876608
P 0x7f948e880cf8
C 271
= 0x7f948e87fa18
R
P 0x7f948e876608
C 361
R
P 0x7f948e876608
P 0x7f948e87fa18
C 226
R
P 0x7f948e876608
C 361
R
P 0x7f948e876608
P 0x7f948e880cf8
C 277
R
P 0x7f948e876608
C 361
R
P 0x7f948e876608
P 0x7f948e880cf8
C 276
R
P 0x7f948e876608
C 361
R
P 0x7f948e876608
P 0x7f948e880cf8
C 275
R
P 0x7f948e876608
C 361
R
P 0x7f948e876608
P 0x7f948e880cf8
C 9
R
P 0x7f948e876608
C 361
R
P 0x7f948e876608
S "PredC"
C 30
R
P 0x7f948e876608
C 361
R
P 0x7f948e876608
$ |PredC|
C 219
R
P 0x7f948e876608
C 361
R
P 0x7f948e876608
$ |PredC|
P 0x7f948e87fa18
C 51
= 0x7f948e880d18
R
P 0x7f948e876608
C 361
R
P 0x7f948e876608
P 0x7f948e880d18
C 274
R
P 0x7f948e876608
C 361
R
P 0x7f948e876608
P 0x7f948e880d18
C 271
= 0x7f948e87fa18
R
P 0x7f948e876608
C 361
R
P 0x7f948e876608
P 0x7f948e87fa18
C 226
R
P 0x7f948e876608
C 361
R
P 0x7f948e876608
P 0x7f948e880d18
C 277
R
P 0x7f948e876608
C 361
R
P 0x7f948e876608
P 0x7f948e880d18
C 276
R
P 0x7f948e876608
C 361
R
P 0x7f948e876608
P 0x7f948e880d18
C 275
R
P 0x7f948e876608
C 361
R
P 0x7f948e876608
P 0x7f948e880d18
C 9
R
P 0x7f948e876608
C 361
R
P 0x7f948e876608
S "PredD"
C 30
R
P 0x7f948e876608
C 361
R
P 0x7f948e876608
$ |PredD|
C 219
R
P 0x7f948e876608
C 361
R
P 0x7f948e876608
$ |PredD|
P 0x7f948e87fa18
C 51
= 0x7f948e880d38
R
P 0x7f948e876608
C 361
R
P 0x7f948e876608
P 0x7f948e880d38
C 274
R
P 0x7f948e876608
C 361
R
P 0x7f948e876608
P 0x7f948e880d38
C 271
= 0x7f948e87fa18
R
P 0x7f948e876608
C 361
R
P 0x7f948e876608
P 0x7f948e87fa18
C 226
R
P 0x7f948e876608
C 361
R
P 0x7f948e876608
P 0x7f948e880d38
C 277
R
P 0x7f948e876608
C 361
R
P 0x7f948e876608
P 0x7f948e880d38
C 276
R
P 0x7f948e876608
C 361
R
P 0x7f948e876608
P 0x7f948e880d38
C 275
R
P 0x7f948e876608
C 361
R
P 0x7f948e876608
P 0x7f948e880d38
C 9
R
P 0x7f948e876608
C 361
R
P 0x7f948e876608
U 3
P 0x7f948e880cd8
P 0x7f948e880cf8
P 0x7f948e880d18
p 3
C 65
= 0x7f9486cd91d8
R
P 0x7f948e876608
C 361
R
P 0x7f948e876608
P 0x7f9486cd91d8
C 275
R
P 0x7f948e876608
C 361
R
P 0x7f948e876608
P 0x7f9486cd91d8
C 9
R
P 0x7f948e876608
C 361
R
P 0x7f948e876608
P 0x7f948e880cf8
C 60
= 0x7f9490b96848
R
P 0x7f948e876608
C 361
R
P 0x7f948e876608
P 0x7f9490b96848
C 275
R
P 0x7f948e876608
C 361
R
P 0x7f948e876608
P 0x7f9490b96848
C 9
R
P 0x7f948e876608
C 361
R
P 0x7f948e876608
U 3
P 0x7f948e880cd8
P 0x7f9490b96848
P 0x7f948e880d18
p 3
C 65
= 0x7f9486cd9218
R
P 0x7f948e876608
C 361
R
P 0x7f948e876608
P 0x7f9486cd9218
C 275
R
P 0x7f948e876608
C 361
R
P 0x7f948e876608
P 0x7f9486cd9218
C 9
R
P 0x7f948e876608
C 361
R
P 0x7f948e876608
P 0x7f948e880cd8
C 60
= 0x7f9490b96878
R
P 0x7f948e876608
C 361
R
P 0x7f948e876608
P 0x7f9490b96878
C 275
R
P 0x7f948e876608
C 361
R
P 0x7f948e876608
P 0x7f9490b96878
C 9
R
P 0x7f948e876608
C 361
R
P 0x7f948e876608
P 0x7f948e880d18
C 60
= 0x7f9490b968a8
R
P 0x7f948e876608
C 361
R
P 0x7f948e876608
P 0x7f9490b968a8
C 275
R
P 0x7f948e876608
C 361
R
P 0x7f948e876608
P 0x7f9490b968a8
C 9
R
P 0x7f948e876608
C 361
R
P 0x7f948e876608
U 2
P 0x7f9490b96878
P 0x7f9490b968a8
p 2
C 66
= 0x7f948eeb98e0
R
P 0x7f948e876608
C 361
R
P 0x7f948e876608
P 0x7f948eeb98e0
C 275
R
P 0x7f948e876608
C 361
R
P 0x7f948e876608
P 0x7f948eeb98e0
C 9
R
P 0x7f948e876608
C 361
R
P 0x7f948e876608
S "P1"
C 30
R
P 0x7f948e876608
C 361
R
P 0x7f948e876608
$ |P1|
C 219
R
P 0x7f948e876608
C 361
R
P 0x7f948e876608
$ |P1|
P 0x7f948e87fa18
C 51
= 0x7f948e880d58
R
P 0x7f948e876608
C 361
R
P 0x7f948e876608
P 0x7f948e880d58
C 274
R
P 0x7f948e876608
C 361
R
P 0x7f948e876608
P 0x7f948e880d58
C 271
= 0x7f948e87fa18
R
P 0x7f948e876608
C 361
R
P 0x7f948e876608
P 0x7f948e87fa18
C 226
R
P 0x7f948e876608
C 361
R
P 0x7f948e876608
P 0x7f948e880d58
C 277
R
P 0x7f948e876608
C 361
R
P 0x7f948e876608
P 0x7f948e880d58
C 276
R
P 0x7f948e876608
C 361
R
P 0x7f948e876608
P 0x7f948e880d58
C 275
R
P 0x7f948e876608
C 361
R
P 0x7f948e876608
P 0x7f948e880d58
C 9
R
P 0x7f948e876608
C 361
R
P 0x7f948e876608
S "P2"
C 30
R
P 0x7f948e876608
C 361
R
P 0x7f948e876608
$ |P2|
C 219
R
P 0x7f948e876608
C 361
R
P 0x7f948e876608
$ |P2|
P 0x7f948e87fa18
C 51
= 0x7f948e880d78
R
P 0x7f948e876608
C 361
R
P 0x7f948e876608
P 0x7f948e880d78
C 274
R
P 0x7f948e876608
C 361
R
P 0x7f948e876608
P 0x7f948e880d78
C 271
= 0x7f948e87fa18
R
P 0x7f948e876608
C 361
R
P 0x7f948e876608
P 0x7f948e87fa18
C 226
R
P 0x7f948e876608
C 361
R
P 0x7f948e876608
P 0x7f948e880d78
C 277
R
P 0x7f948e876608
C 361
R
P 0x7f948e876608
P 0x7f948e880d78
C 276
R
P 0x7f948e876608
C 361
R
P 0x7f948e876608
P 0x7f948e880d78
C 275
R
P 0x7f948e876608
C 361
R
P 0x7f948e876608
P 0x7f948e880d78
C 9
R
P 0x7f948e876608
C 361
R
P 0x7f948e876608
S "P3"
C 30
R
P 0x7f948e876608
C 361
R
P 0x7f948e876608
$ |P3|
C 219
R
P 0x7f948e876608
C 361
R
P 0x7f948e876608
$ |P3|
P 0x7f948e87fa18
C 51
= 0x7f948e880d98
R
P 0x7f948e876608
C 361
R
P 0x7f948e876608
P 0x7f948e880d98
C 274
R
P 0x7f948e876608
C 361
R
P 0x7f948e876608
P 0x7f948e880d98
C 271
= 0x7f948e87fa18
R
P 0x7f948e876608
C 361
R
P 0x7f948e876608
P 0x7f948e87fa18
C 226
R
P 0x7f948e876608
C 361
R
P 0x7f948e876608
P 0x7f948e880d98
C 277
R
P 0x7f948e876608
C 361
R
P 0x7f948e876608
P 0x7f948e880d98
C 276
R
P 0x7f948e876608
C 361
R
P 0x7f948e876608
P 0x7f948e880d98
C 275
R
P 0x7f948e876608
C 361
R
P 0x7f948e876608
P 0x7f948e880d98
C 9
R
P 0x7f948e876608
C 361
R
P 0x7f948e876608
S "P4"
C 30
R
P 0x7f948e876608
C 361
R
P 0x7f948e876608
$ |P4|
C 219
R
P 0x7f948e876608
C 361
R
P 0x7f948e876608
$ |P4|
P 0x7f948e87fa18
C 51
= 0x7f948e880db8
R
P 0x7f948e876608
C 361
R
P 0x7f948e876608
P 0x7f948e880db8
C 274
R
P 0x7f948e876608
C 361
R
P 0x7f948e876608
P 0x7f948e880db8
C 271
= 0x7f948e87fa18
R
P 0x7f948e876608
C 361
R
P 0x7f948e876608
P 0x7f948e87fa18
C 226
R
P 0x7f948e876608
C 361
R
P 0x7f948e876608
P 0x7f948e880db8
C 277
R
P 0x7f948e876608
C 361
R
P 0x7f948e876608
P 0x7f948e880db8
C 276
R
P 0x7f948e876608
C 361
R
P 0x7f948e876608
P 0x7f948e880db8
C 275
R
P 0x7f948e876608
C 361
R
P 0x7f948e876608
P 0x7f948e880db8
C 9
R
P 0x7f948e876608
C 361
R
P 0x7f948e876608
P 0x7f9494153038
P 0x7f9486cd91d8
P 0x7f948e880d58
C 448
R
P 0x7f948e876608
C 361
R
P 0x7f948e876608
P 0x7f9494153038
P 0x7f9486cd9218
P 0x7f948e880d78
C 448
R
P 0x7f948e876608
C 361
R
P 0x7f948e876608
P 0x7f9494153038
P 0x7f948eeb98e0
P 0x7f948e880d98
C 448
R
P 0x7f948e876608
C 361
R
P 0x7f948e876608
P 0x7f9494153038
P 0x7f948e880d38
P 0x7f948e880db8
C 448
R
P 0x7f948e876608
C 361
R
P 0x7f948e876608
P 0x7f9494153038
C 458
R
P 0x7f948e876608
C 361
R
P 0x7f948e876608
P 0x7f9494153038
C 465
= 0x7f9492a98828
R
P 0x7f948e876608
C 361
R
P 0x7f948e876608
P 0x7f9492a98828
C 481
R
P 0x7f948e876608
C 361
R
P 0x7f948e876608
P 0x7f9492a98828
C 483
R
P 0x7f948e876608
C 361
R
P 0x7f948e876608
P 0x7f9492a98828
U 0
C 484
= 0x7f948e880d58
R
P 0x7f948e876608
C 361
R
P 0x7f948e876608
P 0x7f948e880d58
C 9
R
P 0x7f948e876608
C 361
R
P 0x7f948e876608
P 0x7f948e880d58
C 274
R
P 0x7f948e876608
C 361
R
P 0x7f948e876608
P 0x7f948e880d58
C 271
= 0x7f948e87fa18
R
P 0x7f948e876608
C 361
R
P 0x7f948e876608
P 0x7f948e87fa18
C 226
R
P 0x7f948e876608
C 361
R
P 0x7f948e876608
P 0x7f948e880d58
C 277
R
P 0x7f948e876608
C 361
R
P 0x7f948e876608
P 0x7f948e880d58
C 276
R
P 0x7f948e876608
C 361
R
P 0x7f948e876608
P 0x7f948e880d58
C 275
R
P 0x7f948e876608
C 361
R
P 0x7f948e876608
P 0x7f948e880d58
C 9
R
P 0x7f948e876608
C 361
R
P 0x7f948e876608
P 0x7f9492a98828
U 1
C 484
= 0x7f948e880d78
R
P 0x7f948e876608
C 361
R
P 0x7f948e876608
P 0x7f948e880d78
C 9
R
P 0x7f948e876608
C 361
R
P 0x7f948e876608
P 0x7f948e880d78
C 274
R
P 0x7f948e876608
C 361
R
P 0x7f948e876608
P 0x7f948e880d78
C 271
= 0x7f948e87fa18
R
P 0x7f948e876608
C 361
R
P 0x7f948e876608
P 0x7f948e87fa18
C 226
R
P 0x7f948e876608
C 361
R
P 0x7f948e876608
P 0x7f948e880d78
C 277
R
P 0x7f948e876608
C 361
R
P 0x7f948e876608
P 0x7f948e880d78
C 276
R
P 0x7f948e876608
C 361
R
P 0x7f948e876608
P 0x7f948e880d78
C 275
R
P 0x7f948e876608
C 361
R
P 0x7f948e876608
P 0x7f948e880d78
C 9
R
P 0x7f948e876608
C 361
R
P 0x7f948e876608
P 0x7f948e880d58
C 352
R
P 0x7f948e876608
C 361
R
P 0x7f948e876608
P 0x7f948e880d78
C 352
R
P 0x7f948e876608
C 361
R
C 3
= 0x7f949414dfc8
R
P 0x7f949414dfc8
S "auto-config"
S "false"
C 5
R
P 0x7f949414dfc8
S "proof"
S "true"
C 5
R
P 0x7f949414dfc8
C 7
= 0x7f948998c408
R
P 0x7f949414dfc8
C 4
R
P 0x7f948998c408
U 2
C 351
R
P 0x7f948998c408
C 361
M "QuantifierExample3"
R
P 0x7f948998c408
C 33
= 0x7f9489981cd8
R
P 0x7f948998c408
C 361
R
P 0x7f948998c408
P 0x7f9489981cd8
C 274
R
P 0x7f948998c408
C 361
R
P 0x7f948998c408
P 0x7f9489981cd8
C 9
R
P 0x7f948998c408
C 361
R
P 0x7f948998c408
S "f"
C 30
R
P 0x7f948998c408
C 361
R
P 0x7f948998c408
$ |f|
C 219
R
P 0x7f948998c408
C 361
R
P 0x7f948998c408
$ |f|
U 2
P 0x7f9489981cd8
P 0x7f9489981cd8
p 2
P 0x7f9489981cd8
C 49
= 0x7f9489954658
R
P 0x7f948998c408
C 361
R
P 0x7f948998c408
P 0x7f9489954658
C 274
R
P 0x7f948998c408
C 361
R
P 0x7f948998c408
P 0x7f9489954658
C 9
R
P 0x7f948998c408
C 361
R
P 0x7f948998c408
P 0x7f9489954658
C 251
R
P 0x7f948998c408
C 361
R
P 0x7f948998c408
P 0x7f9489954658
U 0
C 253
= 0x7f9489981cd8
R
P 0x7f948998c408
C 361
R
P 0x7f948998c408
P 0x7f9489981cd8
C 226
R
P 0x7f948998c408
C 361
R
P 0x7f948998c408
P 0x7f9489981cd8
C 274
R
P 0x7f948998c408
C 361
R
P 0x7f948998c408
P 0x7f9489981cd8
C 9
R
P 0x7f948998c408
C 361
R
P 0x7f948998c408
P 0x7f9489954658
U 1
C 253
= 0x7f9489981cd8
R
P 0x7f948998c408
C 361
R
P 0x7f948998c408
P 0x7f9489981cd8
C 226
R
P 0x7f948998c408
C 361
R
P 0x7f948998c408
P 0x7f9489981cd8
C 274
R
P 0x7f948998c408
C 361
R
P 0x7f948998c408
P 0x7f9489981cd8
C 9
R
P 0x7f948998c408
C 361
R
P 0x7f948998c408
P 0x7f9489954658
C 251
R
P 0x7f948998c408
C 361
R
P 0x7f948998c408
P 0x7f9489954658
C 254
= 0x7f9489981cd8
R
P 0x7f948998c408
C 361
R
P 0x7f948998c408
P 0x7f9489981cd8
C 226
R
P 0x7f948998c408
C 361
R
P 0x7f948998c408
P 0x7f9489981cd8
C 274
R
P 0x7f948998c408
C 361
R
P 0x7f948998c408
P 0x7f9489981cd8
C 9
R
P 0x7f948998c408
C 361
R
P 0x7f948998c408
S "f_fresh"
C 30
R
P 0x7f948998c408
C 361
R
P 0x7f948998c408
$ |f_fresh|
C 219
R
P 0x7f948998c408
C 361
R
P 0x7f948998c408
$ |f_fresh|
U 1
P 0x7f9489981cd8
p 1
P 0x7f9489981cd8
C 49
= 0x7f948989c8e8
R
P 0x7f948998c408
C 361
R
P 0x7f948998c408
P 0x7f948989c8e8
C 274
R
P 0x7f948998c408
C 361
R
P 0x7f948998c408
P 0x7f948989c8e8
C 9
R
P 0x7f948998c408
C 361
R
P 0x7f948998c408
S "x_0"
C 30
R
P 0x7f948998c408
C 361
R
P 0x7f948998c408
$ |x_0|
C 219
R
P 0x7f948998c408
C 361
R
P 0x7f948998c408
U 0
P 0x7f9489981cd8
C 208
= 0x7f94899825f8
R
P 0x7f948998c408
C 361
R
P 0x7f948998c408
P 0x7f94899825f8
C 274
R
P 0x7f948998c408
C 361
R
P 0x7f948998c408
P 0x7f94899825f8
C 271
= 0x7f9489981cd8
R
P 0x7f948998c408
C 361
R
P 0x7f948998c408
P 0x7f9489981cd8
C 226
R
P 0x7f948998c408
C 361
R
P 0x7f948998c408
P 0x7f94899825f8
C 277
R
P 0x7f948998c408
C 361
R
P 0x7f948998c408
P 0x7f94899825f8
C 276
R
P 0x7f948998c408
C 361
R
P 0x7f948998c408
P 0x7f94899825f8
C 275
R
P 0x7f948998c408
C 361
R
P 0x7f948998c408
P 0x7f94899825f8
C 274
R
P 0x7f948998c408
C 361
R
P 0x7f948998c408
P 0x7f94899825f8
C 9
R
P 0x7f948998c408
C 361
R
P 0x7f948998c408
S "x_1"
C 30
R
P 0x7f948998c408
C 361
R
P 0x7f948998c408
$ |x_1|
C 219
R
P 0x7f948998c408
C 361
R
P 0x7f948998c408
U 1
P 0x7f9489981cd8
C 208
= 0x7f9489982618
R
P 0x7f948998c408
C 361
R
P 0x7f948998c408
P 0x7f9489982618
C 274
R
P 0x7f948998c408
C 361
R
P 0x7f948998c408
P 0x7f9489982618
C 271
= 0x7f9489981cd8
R
P 0x7f948998c408
C 361
R
P 0x7f948998c408
P 0x7f9489981cd8
C 226
R
P 0x7f948998c408
C 361
R
P 0x7f948998c408
P 0x7f9489982618
C 277
R
P 0x7f948998c408
C 361
R
P 0x7f948998c408
P 0x7f9489982618
C 276
R
P 0x7f948998c408
C 361
R
P 0x7f948998c408
P 0x7f9489982618
C 275
R
P 0x7f948998c408
C 361
R
P 0x7f948998c408
P 0x7f9489982618
C 274
R
P 0x7f948998c408
C 361
R
P 0x7f948998c408
P 0x7f9489982618
C 9
R
P 0x7f948998c408
C 361
R
P 0x7f948998c408
P 0x7f9489954658
U 2
P 0x7f94899825f8
P 0x7f9489982618
p 2
C 50
= 0x7f948989c920
R
P 0x7f948998c408
C 361
R
P 0x7f948998c408
P 0x7f948989c920
C 274
R
P 0x7f948998c408
C 361
R
P 0x7f948998c408
P 0x7f948989c920
C 271
= 0x7f9489981cd8
R
P 0x7f948998c408
C 361
R
P 0x7f948998c408
P 0x7f9489981cd8
C 226
R
P 0x7f948998c408
C 361
R
P 0x7f948998c408
P 0x7f948989c920
C 277
R
P 0x7f948998c408
C 361
R
P 0x7f948998c408
P 0x7f948989c920
C 276
R
P 0x7f948998c408
C 361
R
P 0x7f948998c408
P 0x7f948989c920
C 275
R
P 0x7f948998c408
C 361
R
P 0x7f948998c408
P 0x7f948989c920
C 9
R
P 0x7f948998c408
C 361
R
P 0x7f948998c408
P 0x7f948989c8e8
U 1
P 0x7f948989c920
p 1
C 50
= 0x7f948995a168
R
P 0x7f948998c408
C 361
R
P 0x7f948998c408
P 0x7f948995a168
C 274
R
P 0x7f948998c408
C 361
R
P 0x7f948998c408
P 0x7f948995a168
C 271
= 0x7f9489981cd8
R
P 0x7f948998c408
C 361
R
P 0x7f948998c408
P 0x7f9489981cd8
C 226
R
P 0x7f948998c408
C 361
R
P 0x7f948998c408
P 0x7f948995a168
C 277
R
P 0x7f948998c408
C 361
R
P 0x7f948998c408
P 0x7f948995a168
C 276
R
P 0x7f948998c408
C 361
R
P 0x7f948998c408
P 0x7f948995a168
C 275
R
P 0x7f948998c408
C 361
R
P 0x7f948998c408
P 0x7f948995a168
C 9
R
P 0x7f948998c408
C 361
R
P 0x7f948998c408
P 0x7f948995a168
P 0x7f9489982618
C 58
= 0x7f948989c958
R
P 0x7f948998c408
C 361
R
P 0x7f948998c408
P 0x7f948989c958
C 275
R
P 0x7f948998c408
C 361
R
P 0x7f948998c408
P 0x7f948989c958
C 9
R
P 0x7f948998c408
C 361
R
P 0x7f948998c408
U 1
P 0x7f948989c920
p 1
C 207
= 0x7f948995a198
R
P 0x7f948998c408
C 361
R
P 0x7f948998c408
P 0x7f948995a198
C 9
R
P 0x7f948998c408
C 361
R
P 0x7f948998c408
I 1
U 1
N
N
U 1
P 0x7f948995a198
p 1
U 0
p 0
U 2
P 0x7f9489981cd8
P 0x7f9489981cd8
p 2
$ |x_0|
$ |x_1|
s 2
P 0x7f948989c958
C 212
= 0x7f949249f618
R
P 0x7f948998c408
C 361
R
P 0x7f948998c408
P 0x7f949249f618
C 274
R
P 0x7f948998c408
C 361
R
P 0x7f948998c408
P 0x7f949249f618
C 275
R
P 0x7f948998c408
C 361
R
P 0x7f948998c408
P 0x7f949249f618
C 274
R
P 0x7f948998c408
C 361
R
P 0x7f948998c408
P 0x7f949249f618
C 274
R
P 0x7f948998c408
C 361
R
P 0x7f948998c408
P 0x7f949249f618
C 9
R
P 0x7f948998c408
C 361
R
P 0x7f948998c408
S "x"
C 30
R
P 0x7f948998c408
C 361
R
P 0x7f948998c408
$ |x|
C 219
R
P 0x7f948998c408
C 361
R
P 0x7f948998c408
$ |x|
P 0x7f9489981cd8
C 51
= 0x7f9489982638
R
P 0x7f948998c408
C 361
R
P 0x7f948998c408
P 0x7f9489982638
C 274
R
P 0x7f948998c408
C 361
R
P 0x7f948998c408
P 0x7f9489982638
C 271
= 0x7f9489981cd8
R
P 0x7f948998c408
C 361
R
P 0x7f948998c408
P 0x7f9489981cd8
C 226
R
P 0x7f948998c408
C 361
R
P 0x7f948998c408
P 0x7f9489982638
C 277
R
P 0x7f948998c408
C 361
R
P 0x7f948998c408
P 0x7f9489982638
C 276
R
P 0x7f948998c408
C 361
R
P 0x7f948998c408
P 0x7f9489982638
C 275
R
P 0x7f948998c408
C 361
R
P 0x7f948998c408
P 0x7f9489982638
C 9
R
P 0x7f948998c408
C 361
R
P 0x7f948998c408
S "y"
C 30
R
P 0x7f948998c408
C 361
R
P 0x7f948998c408
$ |y|
C 219
R
P 0x7f948998c408
C 361
R
P 0x7f948998c408
$ |y|
P 0x7f9489981cd8
C 51
= 0x7f9489982658
R
P 0x7f948998c408
C 361
R
P 0x7f948998c408
P 0x7f9489982658
C 274
R
P 0x7f948998c408
C 361
R
P 0x7f948998c408
P 0x7f9489982658
C 271
= 0x7f9489981cd8
R
P 0x7f948998c408
C 361
R
P 0x7f948998c408
P 0x7f9489981cd8
C 226
R
P 0x7f948998c408
C 361
R
P 0x7f948998c408
P 0x7f9489982658
C 277
R
P 0x7f948998c408
C 361
R
P 0x7f948998c408
P 0x7f9489982658
C 276
R
P 0x7f948998c408
C 361
R
P 0x7f948998c408
P 0x7f9489982658
C 275
R
P 0x7f948998c408
C 361
R
P 0x7f948998c408
P 0x7f9489982658
C 9
R
P 0x7f948998c408
C 361
R
P 0x7f948998c408
S "v"
C 30
R
P 0x7f948998c408
C 361
R
P 0x7f948998c408
$ |v|
C 219
R
P 0x7f948998c408
C 361
R
P 0x7f948998c408
$ |v|
P 0x7f9489981cd8
C 51
= 0x7f9489982678
R
P 0x7f948998c408
C 361
R
P 0x7f948998c408
P 0x7f9489982678
C 274
R
P 0x7f948998c408
C 361
R
P 0x7f948998c408
P 0x7f9489982678
C 271
= 0x7f9489981cd8
R
P 0x7f948998c408
C 361
R
P 0x7f948998c408
P 0x7f9489981cd8
C 226
R
P 0x7f948998c408
C 361
R
P 0x7f948998c408
P 0x7f9489982678
C 277
R
P 0x7f948998c408
C 361
R
P 0x7f948998c408
P 0x7f9489982678
C 276
R
P 0x7f948998c408
C 361
R
P 0x7f948998c408
P 0x7f9489982678
C 275
R
P 0x7f948998c408
C 361
R
P 0x7f948998c408
P 0x7f9489982678
C 9
R
P 0x7f948998c408
C 361
R
P 0x7f948998c408
S "w"
C 30
R
P 0x7f948998c408
C 361
R
P 0x7f948998c408
$ |w|
C 219
R
P 0x7f948998c408
C 361
R
P 0x7f948998c408
$ |w|
P 0x7f9489981cd8
C 51
= 0x7f9489982698
R
P 0x7f948998c408
C 361
R
P 0x7f948998c408
P 0x7f9489982698
C 274
R
P 0x7f948998c408
C 361
R
P 0x7f948998c408
P 0x7f9489982698
C 271
= 0x7f9489981cd8
R
P 0x7f948998c408
C 361
R
P 0x7f948998c408
P 0x7f9489981cd8
C 226
R
P 0x7f948998c408
C 361
R
P 0x7f948998c408
P 0x7f9489982698
C 277
R
P 0x7f948998c408
C 361
R
P 0x7f948998c408
P 0x7f9489982698
C 276
R
P 0x7f948998c408
C 361
R
P 0x7f948998c408
P 0x7f9489982698
C 275
R
P 0x7f948998c408
C 361
R
P 0x7f948998c408
P 0x7f9489982698
C 9
R
P 0x7f948998c408
C 361
R
P 0x7f948998c408
P 0x7f9489954658
U 2
P 0x7f9489982638
P 0x7f9489982658
p 2
C 50
= 0x7f948989c9c8
R
P 0x7f948998c408
C 361
R
P 0x7f948998c408
P 0x7f948989c9c8
C 274
R
P 0x7f948998c408
C 361
R
P 0x7f948998c408
P 0x7f948989c9c8
C 271
= 0x7f9489981cd8
R
P 0x7f948998c408
C 361
R
P 0x7f948998c408
P 0x7f9489981cd8
C 226
R
P 0x7f948998c408
C 361
R
P 0x7f948998c408
P 0x7f948989c9c8
C 277
R
P 0x7f948998c408
C 361
R
P 0x7f948998c408
P 0x7f948989c9c8
C 276
R
P 0x7f948998c408
C 361
R
P 0x7f948998c408
P 0x7f948989c9c8
C 275
R
P 0x7f948998c408
C 361
R
P 0x7f948998c408
P 0x7f948989c9c8
C 9
R
P 0x7f948998c408
C 361
R
P 0x7f948998c408
P 0x7f9489954658
U 2
P 0x7f9489982698
P 0x7f9489982678
p 2
C 50
= 0x7f948989ca00
R
P 0x7f948998c408
C 361
R
P 0x7f948998c408
P 0x7f948989ca00
C 274
R
P 0x7f948998c408
C 361
R
P 0x7f948998c408
P 0x7f948989ca00
C 271
= 0x7f9489981cd8
R
P 0x7f948998c408
C 361
R
P 0x7f948998c408
P 0x7f9489981cd8
C 226
R
P 0x7f948998c408
C 361
R
P 0x7f948998c408
P 0x7f948989ca00
C 277
R
P 0x7f948998c408
C 361
R
P 0x7f948998c408
P 0x7f948989ca00
C 276
R
P 0x7f948998c408
C 361
R
P 0x7f948998c408
P 0x7f948989ca00
C 275
R
P 0x7f948998c408
C 361
R
P 0x7f948998c408
P 0x7f948989ca00
C 9
R
P 0x7f948998c408
C 361
R
P 0x7f948998c408
P 0x7f948989c9c8
P 0x7f948989ca00
C 58
= 0x7f948989ca38
R
P 0x7f948998c408
C 361
R
P 0x7f948998c408
P 0x7f948989ca38
C 275
R
P 0x7f948998c408
C 361
R
P 0x7f948998c408
P 0x7f948989ca38
C 9
R
P 0x7f948998c408
C 361
R
P 0x7f948998c408
P 0x7f9489982658
P 0x7f9489982678
C 58
= 0x7f948989ca70
R
P 0x7f948998c408
C 361
R
P 0x7f948998c408
P 0x7f948989ca70
C 275
R
P 0x7f948998c408
C 361
R
P 0x7f948998c408
P 0x7f948989ca70
C 9
R
P 0x7f948998c408
C 361
R
P 0x7f948998c408
P 0x7f948989ca70
C 352
R
P 0x7f948998c408
C 361
R
P 0x7f948998c408
C 431
= 0x7f949414c4c8
R
P 0x7f948998c408
C 361
R
P 0x7f948998c408
P 0x7f949414c4c8
C 440
R
P 0x7f948998c408
C 361
R
P 0x7f948998c408
C 13
= 0x7f949414c868
R
P 0x7f948998c408
C 361
R
P 0x7f948998c408
P 0x7f949414c868
C 14
R
P 0x7f948998c408
C 361
R
P 0x7f948998c408
S "mbqi"
C 30
R
P 0x7f948998c408
C 361
R
P 0x7f948998c408
$ |mbqi|
C 219
R
P 0x7f948998c408
C 361
R
P 0x7f948998c408
P 0x7f949414c868
$ |mbqi|
I 0
C 16
R
P 0x7f948998c408
C 361
R
P 0x7f948998c408
P 0x7f949414c4c8
P 0x7f949414c868
C 439
R
P 0x7f948998c408
C 361
R
P 0x7f948998c408
P 0x7f949414c4c8
P 0x7f949249f618
C 447
R
P 0x7f948998c408
C 361
R
P 0x7f948998c408
P 0x7f949414c4c8
P 0x7f948989ca38
C 447
R
P 0x7f948998c408
C 361
R
P 0x7f948998c408
P 0x7f948989ca70
C 60
= 0x7f948995a378
R
P 0x7f948998c408
C 361
R
P 0x7f948998c408
P 0x7f948995a378
C 275
R
P 0x7f948998c408
C 361
R
P 0x7f948998c408
P 0x7f948995a378
C 9
R
P 0x7f948998c408
C 361
R
P 0x7f948998c408
P 0x7f949414c4c8
P 0x7f948995a378
C 447
R
P 0x7f948998c408
C 361
R
P 0x7f948998c408
P 0x7f949414c4c8
C 458
R
P 0x7f948998c408
C 361
R
P 0x7f948998c408
P 0x7f949414c4c8
C 464
= 0x7f9493164468
R
P 0x7f948998c408
C 361
R
P 0x7f948998c408
P 0x7f9493164468
C 274
R
P 0x7f948998c408
C 361
R
P 0x7f948998c408
P 0x7f9493164468
C 271
= 0x7f9489981c38
R
P 0x7f948998c408
C 361
R
P 0x7f948998c408
P 0x7f9489981c38
C 226
R
P 0x7f948998c408
C 361
R
P 0x7f948998c408
P 0x7f9493164468
C 277
R
P 0x7f948998c408
C 361
R
P 0x7f948998c408
P 0x7f9493164468
C 276
R
P 0x7f948998c408
C 361
R
P 0x7f948998c408
P 0x7f9493164468
C 275
R
P 0x7f948998c408
C 361
R
P 0x7f948998c408
P 0x7f9493164468
C 9
R
P 0x7f948998c408
C 361
R
P 0x7f948998c408
P 0x7f9493164468
C 352
R
P 0x7f948998c408
C 361
R
P 0x7f948998c408
P 0x7f9489982638
P 0x7f9489982698
C 58
= 0x7f948989d4b8
R
P 0x7f948998c408
C 361
R
P 0x7f948998c408
P 0x7f948989d4b8
C 275
R
P 0x7f948998c408
C 361
R
P 0x7f948998c408
P 0x7f948989d4b8
C 9
R
P 0x7f948998c408
C 361
R
P 0x7f948998c408
P 0x7f948989d4b8
C 352
R
P 0x7f948998c408
C 361
R
P 0x7f948998c408
C 431
= 0x7f94883d9578
R
P 0x7f948998c408
C 361
R
P 0x7f948998c408
P 0x7f94883d9578
C 440
R
P 0x7f948998c408
C 361
R
P 0x7f948998c408
C 13
= 0x7f94883d9628
R
P 0x7f948998c408
C 361
R
P 0x7f948998c408
P 0x7f94883d9628
C 14
R
P 0x7f948998c408
C 361
R
P 0x7f948998c408
S "mbqi"
C 30
R
P 0x7f948998c408
C 361
R
P 0x7f948998c408
$ |mbqi|
C 219
R
P 0x7f948998c408
C 361
R
P 0x7f948998c408
P 0x7f94883d9628
$ |mbqi|
I 0
C 16
R
P 0x7f948998c408
C 361
R
P 0x7f948998c408
P 0x7f94883d9578
P 0x7f94883d9628
C 439
R
P 0x7f948998c408
C 361
R
P 0x7f948998c408
P 0x7f94883d9578
P 0x7f949249f618
C 447
R
P 0x7f948998c408
C 361
R
P 0x7f948998c408
P 0x7f94883d9578
P 0x7f948989ca38
C 447
R
P 0x7f948998c408
C 361
R
P 0x7f948998c408
P 0x7f948989d4b8
C 60
= 0x7f948995ac18
R
P 0x7f948998c408
C 361
R
P 0x7f948998c408
P 0x7f948995ac18
C 275
R
P 0x7f948998c408
C 361
R
P 0x7f948998c408
P 0x7f948995ac18
C 9
R
P 0x7f948998c408
C 361
R
P 0x7f948998c408
P 0x7f94883d9578
P 0x7f948995ac18
C 447
R
P 0x7f948998c408
C 361
R
P 0x7f948998c408
P 0x7f94883d9578
C 458
R
P 0x7f948998c408
C 361
R
P 0x7f948998c408
P 0x7f94883d9578
C 466
R
P 0x7f948998c408
C 361
M "QuantifierExample4"
R
P 0x7f948998c408
S "f"
C 30
R
P 0x7f948998c408
C 361
R
P 0x7f948998c408
$ |f|
C 219
R
P 0x7f948998c408
C 361
R
P 0x7f948998c408
$ |f|
U 2
P 0x7f9489981cd8
P 0x7f9489981cd8
p 2
P 0x7f9489981cd8
C 49
= 0x7f9489954658
R
P 0x7f948998c408
C 361
R
P 0x7f948998c408
P 0x7f9489954658
C 274
R
P 0x7f948998c408
C 361
R
P 0x7f948998c408
P 0x7f9489954658
C 9
R
P 0x7f948998c408
C 361
R
P 0x7f948998c408
P 0x7f9489954658
C 251
R
P 0x7f948998c408
C 361
R
P 0x7f948998c408
P 0x7f9489954658
U 0
C 253
= 0x7f9489981cd8
R
P 0x7f948998c408
C 361
R
P 0x7f948998c408
P 0x7f9489981cd8
C 226
R
P 0x7f948998c408
C 361
R
P 0x7f948998c408
P 0x7f9489981cd8
C 274
R
P 0x7f948998c408
C 361
R
P 0x7f948998c408
P 0x7f9489981cd8
C 9
R
P 0x7f948998c408
C 361
R
P 0x7f948998c408
P 0x7f9489954658
U 1
C 253
= 0x7f9489981cd8
R
P 0x7f948998c408
C 361
R
P 0x7f948998c408
P 0x7f9489981cd8
C 226
R
P 0x7f948998c408
C 361
R
P 0x7f948998c408
P 0x7f9489981cd8
C 274
R
P 0x7f948998c408
C 361
R
P 0x7f948998c408
P 0x7f9489981cd8
C 9
R
P 0x7f948998c408
C 361
R
P 0x7f948998c408
P 0x7f9489954658
C 251
R
P 0x7f948998c408
C 361
R
P 0x7f948998c408
P 0x7f9489954658
C 254
= 0x7f9489981cd8
R
P 0x7f948998c408
C 361
R
P 0x7f948998c408
P 0x7f9489981cd8
C 226
R
P 0x7f948998c408
C 361
R
P 0x7f948998c408
P 0x7f9489981cd8
C 274
R
P 0x7f948998c408
C 361
R
P 0x7f948998c408
P 0x7f9489981cd8
C 9
R
P 0x7f948998c408
C 361
R
P 0x7f948998c408
S "f_fresh"
C 30
R
P 0x7f948998c408
C 361
R
P 0x7f948998c408
$ |f_fresh|
C 219
R
P 0x7f948998c408
C 361
R
P 0x7f948998c408
$ |f_fresh|
U 1
P 0x7f9489981cd8
p 1
P 0x7f9489981cd8
C 49
= 0x7f948989c8e8
R
P 0x7f948998c408
C 361
R
P 0x7f948998c408
P 0x7f948989c8e8
C 274
R
P 0x7f948998c408
C 361
R
P 0x7f948998c408
P 0x7f948989c8e8
C 9
R
P 0x7f948998c408
C 361
R
P 0x7f948998c408
S "x_0"
C 30
R
P 0x7f948998c408
C 361
R
P 0x7f948998c408
$ |x_0|
C 219
R
P 0x7f948998c408
C 361
R
P 0x7f948998c408
$ |x_0|
P 0x7f9489981cd8
C 51
= 0x7f94899828f8
R
P 0x7f948998c408
C 361
R
P 0x7f948998c408
P 0x7f94899828f8
C 274
R
P 0x7f948998c408
C 361
R
P 0x7f948998c408
P 0x7f94899828f8
C 271
= 0x7f9489981cd8
R
P 0x7f948998c408
C 361
R
P 0x7f948998c408
P 0x7f9489981cd8
C 226
R
P 0x7f948998c408
C 361
R
P 0x7f948998c408
P 0x7f94899828f8
C 277
R
P 0x7f948998c408
C 361
R
P 0x7f948998c408
P 0x7f94899828f8
C 276
R
P 0x7f948998c408
C 361
R
P 0x7f948998c408
P 0x7f94899828f8
C 275
R
P 0x7f948998c408
C 361
R
P 0x7f948998c408
P 0x7f94899828f8
C 9
R
P 0x7f948998c408
C 361
R
P 0x7f948998c408
S "x_1"
C 30
R
P 0x7f948998c408
C 361
R
P 0x7f948998c408
$ |x_1|
C 219
R
P 0x7f948998c408
C 361
R
P 0x7f948998c408
$ |x_1|
P 0x7f9489981cd8
C 51
= 0x7f94899829f8
R
P 0x7f948998c408
C 361
R
P 0x7f948998c408
P 0x7f94899829f8
C 274
R
P 0x7f948998c408
C 361
R
P 0x7f948998c408
P 0x7f94899829f8
C 271
= 0x7f9489981cd8
R
P 0x7f948998c408
C 361
R
P 0x7f948998c408
P 0x7f9489981cd8
C 226
R
P 0x7f948998c408
C 361
R
P 0x7f948998c408
P 0x7f94899829f8
C 277
R
P 0x7f948998c408
C 361
R
P 0x7f948998c408
P 0x7f94899829f8
C 276
R
P 0x7f948998c408
C 361
R
P 0x7f948998c408
P 0x7f94899829f8
C 275
R
P 0x7f948998c408
C 361
R
P 0x7f948998c408
P 0x7f94899829f8
C 9
R
P 0x7f948998c408
C 361
R
P 0x7f948998c408
P 0x7f9489954658
U 2
P 0x7f94899828f8
P 0x7f94899829f8
p 2
C 50
= 0x7f948989d4f0
R
P 0x7f948998c408
C 361
R
P 0x7f948998c408
P 0x7f948989d4f0
C 274
R
P 0x7f948998c408
C 361
R
P 0x7f948998c408
P 0x7f948989d4f0
C 271
= 0x7f9489981cd8
R
P 0x7f948998c408
C 361
R
P 0x7f948998c408
P 0x7f9489981cd8
C 226
R
P 0x7f948998c408
C 361
R
P 0x7f948998c408
P 0x7f948989d4f0
C 277
R
P 0x7f948998c408
C 361
R
P 0x7f948998c408
P 0x7f948989d4f0
C 276
R
P 0x7f948998c408
C 361
R
P 0x7f948998c408
P 0x7f948989d4f0
C 275
R
P 0x7f948998c408
C 361
R
P 0x7f948998c408
P 0x7f948989d4f0
C 9
R
P 0x7f948998c408
C 361
R
P 0x7f948998c408
P 0x7f948989c8e8
U 1
P 0x7f948989d4f0
p 1
C 50
= 0x7f948995ad38
R
P 0x7f948998c408
C 361
R
P 0x7f948998c408
P 0x7f948995ad38
C 274
R
P 0x7f948998c408
C 361
R
P 0x7f948998c408
P 0x7f948995ad38
C 271
= 0x7f9489981cd8
R
P 0x7f948998c408
C 361
R
P 0x7f948998c408
P 0x7f9489981cd8
C 226
R
P 0x7f948998c408
C 361
R
P 0x7f948998c408
P 0x7f948995ad38
C 277
R
P 0x7f948998c408
C 361
R
P 0x7f948998c408
P 0x7f948995ad38
C 276
R
P 0x7f948998c408
C 361
R
P 0x7f948998c408
P 0x7f948995ad38
C 275
R
P 0x7f948998c408
C 361
R
P 0x7f948998c408
P 0x7f948995ad38
C 9
R
P 0x7f948998c408
C 361
R
P 0x7f948998c408
P 0x7f948995ad38
P 0x7f94899829f8
C 58
= 0x7f948989e088
R
P 0x7f948998c408
C 361
R
P 0x7f948998c408
P 0x7f948989e088
C 275
R
P 0x7f948998c408
C 361
R
P 0x7f948998c408
P 0x7f948989e088
C 9
R
P 0x7f948998c408
C 361
R
P 0x7f948998c408
U 1
P 0x7f948989d4f0
p 1
C 207
= 0x7f948995aca8
R
P 0x7f948998c408
C 361
R
P 0x7f948998c408
P 0x7f948995aca8
C 9
R
P 0x7f948998c408
C 361
R
P 0x7f948998c408
I 1
U 1
N
N
U 2
P 0x7f94899828f8
P 0x7f94899829f8
p 2
U 1
P 0x7f948995aca8
p 1
U 0
p 0
P 0x7f948989e088
C 216
= 0x7f949249f780
R
P 0x7f948998c408
C 361
R
P 0x7f948998c408
P 0x7f949249f780
C 274
R
P 0x7f948998c408
C 361
R
P 0x7f948998c408
P 0x7f949249f780
C 275
R
P 0x7f948998c408
C 361
R
P 0x7f948998c408
P 0x7f949249f780
C 274
R
P 0x7f948998c408
C 361
R
P 0x7f948998c408
P 0x7f949249f780
C 274
R
P 0x7f948998c408
C 361
R
P 0x7f948998c408
P 0x7f949249f780
C 9
R
P 0x7f948998c408
C 361
R
P 0x7f948998c408
S "x"
C 30
R
P 0x7f948998c408
C 361
R
P 0x7f948998c408
$ |x|
C 219
R
P 0x7f948998c408
C 361
R
P 0x7f948998c408
$ |x|
P 0x7f9489981cd8
C 51
= 0x7f9489982638
R
P 0x7f948998c408
C 361
R
P 0x7f948998c408
P 0x7f9489982638
C 274
R
P 0x7f948998c408
C 361
R
P 0x7f948998c408
P 0x7f9489982638
C 271
= 0x7f9489981cd8
R
P 0x7f948998c408
C 361
R
P 0x7f948998c408
P 0x7f9489981cd8
C 226
R
P 0x7f948998c408
C 361
R
P 0x7f948998c408
P 0x7f9489982638
C 277
R
P 0x7f948998c408
C 361
R
P 0x7f948998c408
P 0x7f9489982638
C 276
R
P 0x7f948998c408
C 361
R
P 0x7f948998c408
P 0x7f9489982638
C 275
R
P 0x7f948998c408
C 361
R
P 0x7f948998c408
P 0x7f9489982638
C 9
R
P 0x7f948998c408
C 361
R
P 0x7f948998c408
S "y"
C 30
R
P 0x7f948998c408
C 361
R
P 0x7f948998c408
$ |y|
C 219
R
P 0x7f948998c408
C 361
R
P 0x7f948998c408
$ |y|
P 0x7f9489981cd8
C 51
= 0x7f9489982658
R
P 0x7f948998c408
C 361
R
P 0x7f948998c408
P 0x7f9489982658
C 274
R
P 0x7f948998c408
C 361
R
P 0x7f948998c408
P 0x7f9489982658
C 271
= 0x7f9489981cd8
R
P 0x7f948998c408
C 361
R
P 0x7f948998c408
P 0x7f9489981cd8
C 226
R
P 0x7f948998c408
C 361
R
P 0x7f948998c408
P 0x7f9489982658
C 277
R
P 0x7f948998c408
C 361
R
P 0x7f948998c408
P 0x7f9489982658
C 276
R
P 0x7f948998c408
C 361
R
P 0x7f948998c408
P 0x7f9489982658
C 275
R
P 0x7f948998c408
C 361
R
P 0x7f948998c408
P 0x7f9489982658
C 9
R
P 0x7f948998c408
C 361
R
P 0x7f948998c408
S "v"
C 30
R
P 0x7f948998c408
C 361
R
P 0x7f948998c408
$ |v|
C 219
R
P 0x7f948998c408
C 361
R
P 0x7f948998c408
$ |v|
P 0x7f9489981cd8
C 51
= 0x7f9489982678
R
P 0x7f948998c408
C 361
R
P 0x7f948998c408
P 0x7f9489982678
C 274
R
P 0x7f948998c408
C 361
R
P 0x7f948998c408
P 0x7f9489982678
C 271
= 0x7f9489981cd8
R
P 0x7f948998c408
C 361
R
P 0x7f948998c408
P 0x7f9489981cd8
C 226
R
P 0x7f948998c408
C 361
R
P 0x7f948998c408
P 0x7f9489982678
C 277
R
P 0x7f948998c408
C 361
R
P 0x7f948998c408
P 0x7f9489982678
C 276
R
P 0x7f948998c408
C 361
R
P 0x7f948998c408
P 0x7f9489982678
C 275
R
P 0x7f948998c408
C 361
R
P 0x7f948998c408
P 0x7f9489982678
C 9
R
P 0x7f948998c408
C 361
R
P 0x7f948998c408
S "w"
C 30
R
P 0x7f948998c408
C 361
R
P 0x7f948998c408
$ |w|
C 219
R
P 0x7f948998c408
C 361
R
P 0x7f948998c408
$ |w|
P 0x7f9489981cd8
C 51
= 0x7f9489982698
R
P 0x7f948998c408
C 361
R
P 0x7f948998c408
P 0x7f9489982698
C 274
R
P 0x7f948998c408
C 361
R
P 0x7f948998c408
P 0x7f9489982698
C 271
= 0x7f9489981cd8
R
P 0x7f948998c408
C 361
R
P 0x7f948998c408
P 0x7f9489981cd8
C 226
R
P 0x7f948998c408
C 361
R
P 0x7f948998c408
P 0x7f9489982698
C 277
R
P 0x7f948998c408
C 361
R
P 0x7f948998c408
P 0x7f9489982698
C 276
R
P 0x7f948998c408
C 361
R
P 0x7f948998c408
P 0x7f9489982698
C 275
R
P 0x7f948998c408
C 361
R
P 0x7f948998c408
P 0x7f9489982698
C 9
R
P 0x7f948998c408
C 361
R
P 0x7f948998c408
P 0x7f9489954658
U 2
P 0x7f9489982638
P 0x7f9489982658
p 2
C 50
= 0x7f948989c9c8
R
P 0x7f948998c408
C 361
R
P 0x7f948998c408
P 0x7f948989c9c8
C 274
R
P 0x7f948998c408
C 361
R
P 0x7f948998c408
P 0x7f948989c9c8
C 271
= 0x7f9489981cd8
R
P 0x7f948998c408
C 361
R
P 0x7f948998c408
P 0x7f9489981cd8
C 226
R
P 0x7f948998c408
C 361
R
P 0x7f948998c408
P 0x7f948989c9c8
C 277
R
P 0x7f948998c408
C 361
R
P 0x7f948998c408
P 0x7f948989c9c8
C 276
R
P 0x7f948998c408
C 361
R
P 0x7f948998c408
P 0x7f948989c9c8
C 275
R
P 0x7f948998c408
C 361
R
P 0x7f948998c408
P 0x7f948989c9c8
C 9
R
P 0x7f948998c408
C 361
R
P 0x7f948998c408
P 0x7f9489954658
U 2
P 0x7f9489982698
P 0x7f9489982678
p 2
C 50
= 0x7f948989ca00
R
P 0x7f948998c408
C 361
R
P 0x7f948998c408
P 0x7f948989ca00
C 274
R
P 0x7f948998c408
C 361
R
P 0x7f948998c408
P 0x7f948989ca00
C 271
= 0x7f9489981cd8
R
P 0x7f948998c408
C 361
R
P 0x7f948998c408
P 0x7f9489981cd8
C 226
R
P 0x7f948998c408
C 361
R
P 0x7f948998c408
P 0x7f948989ca00
C 277
R
P 0x7f948998c408
C 361
R
P 0x7f948998c408
P 0x7f948989ca00
C 276
R
P 0x7f948998c408
C 361
R
P 0x7f948998c408
P 0x7f948989ca00
C 275
R
P 0x7f948998c408
C 361
R
P 0x7f948998c408
P 0x7f948989ca00
C 9
R
P 0x7f948998c408
C 361
R
P 0x7f948998c408
P 0x7f948989c9c8
P 0x7f948989ca00
C 58
= 0x7f948989ca38
R
P 0x7f948998c408
C 361
R
P 0x7f948998c408
P 0x7f948989ca38
C 275
R
P 0x7f948998c408
C 361
R
P 0x7f948998c408
P 0x7f948989ca38
C 9
R
P 0x7f948998c408
C 361
R
P 0x7f948998c408
P 0x7f9489982658
P 0x7f9489982678
C 58
= 0x7f948989ca70
R
P 0x7f948998c408
C 361
R
P 0x7f948998c408
P 0x7f948989ca70
C 275
R
P 0x7f948998c408
C 361
R
P 0x7f948998c408
P 0x7f948989ca70
C 9
R
P 0x7f948998c408
C 361
R
P 0x7f948998c408
P 0x7f948989ca70
C 352
R
P 0x7f948998c408
C 361
R
P 0x7f948998c408
C 431
= 0x7f9494358f28
R
P 0x7f948998c408
C 361
R
P 0x7f948998c408
P 0x7f9494358f28
C 440
R
P 0x7f948998c408
C 361
R
P 0x7f948998c408
C 13
= 0x7f9494358fd8
R
P 0x7f948998c408
C 361
R
P 0x7f948998c408
P 0x7f9494358fd8
C 14
R
P 0x7f948998c408
C 361
R
P 0x7f948998c408
S "mbqi"
C 30
R
P 0x7f948998c408
C 361
R
P 0x7f948998c408
$ |mbqi|
C 219
R
P 0x7f948998c408
C 361
R
P 0x7f948998c408
P 0x7f9494358fd8
$ |mbqi|
I 0
C 16
R
P 0x7f948998c408
C 361
R
P 0x7f948998c408
P 0x7f9494358f28
P 0x7f9494358fd8
C 439
R
P 0x7f948998c408
C 361
R
P 0x7f948998c408
P 0x7f9494358f28
P 0x7f949249f780
C 447
R
P 0x7f948998c408
C 361
R
P 0x7f948998c408
P 0x7f9494358f28
P 0x7f948989ca38
C 447
R
P 0x7f948998c408
C 361
R
P 0x7f948998c408
P 0x7f948989ca70
C 60
= 0x7f948995a378
R
P 0x7f948998c408
C 361
R
P 0x7f948998c408
P 0x7f948995a378
C 275
R
P 0x7f948998c408
C 361
R
P 0x7f948998c408
P 0x7f948995a378
C 9
R
P 0x7f948998c408
C 361
R
P 0x7f948998c408
P 0x7f9494358f28
P 0x7f948995a378
C 447
R
P 0x7f948998c408
C 361
R
P 0x7f948998c408
P 0x7f9494358f28
C 458
R
P 0x7f948998c408
C 361
R
P 0x7f948998c408
P 0x7f9494358f28
C 464
= 0x7f9493164508
R
P 0x7f948998c408
C 361
R
P 0x7f948998c408
P 0x7f9493164508
C 274
R
P 0x7f948998c408
C 361
R
P 0x7f948998c408
P 0x7f9493164508
C 271
= 0x7f9489981c38
R
P 0x7f948998c408
C 361
R
P 0x7f948998c408
P 0x7f9489981c38
C 226
R
P 0x7f948998c408
C 361
R
P 0x7f948998c408
P 0x7f9493164508
C 277
R
P 0x7f948998c408
C 361
R
P 0x7f948998c408
P 0x7f9493164508
C 276
R
P 0x7f948998c408
C 361
R
P 0x7f948998c408
P 0x7f9493164508
C 275
R
P 0x7f948998c408
C 361
R
P 0x7f948998c408
P 0x7f9493164508
C 9
R
P 0x7f948998c408
C 361
R
P 0x7f948998c408
P 0x7f9493164508
C 352
R
P 0x7f948998c408
C 361
R
P 0x7f948998c408
P 0x7f9489982638
P 0x7f9489982698
C 58
= 0x7f948989d4b8
R
P 0x7f948998c408
C 361
R
P 0x7f948998c408
P 0x7f948989d4b8
C 275
R
P 0x7f948998c408
C 361
R
P 0x7f948998c408
P 0x7f948989d4b8
C 9
R
P 0x7f948998c408
C 361
R
P 0x7f948998c408
P 0x7f948989d4b8
C 352
R
P 0x7f948998c408
C 361
R
P 0x7f948998c408
C 431
= 0x7f94880ac558
R
P 0x7f948998c408
C 361
R
P 0x7f948998c408
P 0x7f94880ac558
C 440
R
P 0x7f948998c408
C 361
R
P 0x7f948998c408
C 13
= 0x7f94880a3348
R
P 0x7f948998c408
C 361
R
P 0x7f948998c408
P 0x7f94880a3348
C 14
R
P 0x7f948998c408
C 361
R
P 0x7f948998c408
S "mbqi"
C 30
R
P 0x7f948998c408
C 361
R
P 0x7f948998c408
$ |mbqi|
C 219
R
P 0x7f948998c408
C 361
R
P 0x7f948998c408
P 0x7f94880a3348
$ |mbqi|
I 0
C 16
R
P 0x7f948998c408
C 361
R
P 0x7f948998c408
P 0x7f94880ac558
P 0x7f94880a3348
C 439
R
P 0x7f948998c408
C 361
R
P 0x7f948998c408
P 0x7f94880ac558
P 0x7f949249f780
C 447
R
P 0x7f948998c408
C 361
R
P 0x7f948998c408
P 0x7f94880ac558
P 0x7f948989ca38
C 447
R
P 0x7f948998c408
C 361
R
P 0x7f948998c408
P 0x7f948989d4b8
C 60
= 0x7f948995ac18
R
P 0x7f948998c408
C 361
R
P 0x7f948998c408
P 0x7f948995ac18
C 275
R
P 0x7f948998c408
C 361
R
P 0x7f948998c408
P 0x7f948995ac18
C 9
R
P 0x7f948998c408
C 361
R
P 0x7f948998c408
P 0x7f94880ac558
P 0x7f948995ac18
C 447
R
P 0x7f948998c408
C 361
R
P 0x7f948998c408
P 0x7f94880ac558
C 458
R
P 0x7f948998c408
C 361
R
P 0x7f948998c408
P 0x7f94880ac558
C 466
R
P 0x7f948998c408
C 361
R
P 0x0
C 7
= 0x7f9492588808
R
P 0x7f9492588808
U 2
C 351
R
P 0x7f9492588808
C 361
R
P 0x0
C 7
= 0x7f9493134208
R
P 0x7f9493134208
U 2
C 351
R
P 0x7f9493134208
C 361
R
P 0x7f9492588808
C 33
= 0x7f94925a08d8
R
P 0x7f9492588808
C 361
R
P 0x7f9492588808
P 0x7f94925a08d8
C 274
R
P 0x7f9492588808
C 361
R
P 0x7f9492588808
P 0x7f94925a08d8
C 9
R
P 0x7f9492588808
C 361
R
P 0x7f9493134208
C 33
= 0x7f949316f4d8
R
P 0x7f9493134208
C 361
R
P 0x7f9493134208
P 0x7f949316f4d8
C 274
R
P 0x7f9493134208
C 361
R
P 0x7f9493134208
P 0x7f949316f4d8
C 9
R
P 0x7f9493134208
C 361
R
P 0x7f9492588808
P 0x7f94925a08d8
P 0x7f9493134208
C 317
= 0x7f949316f4d8
R
P 0x7f9492588808
C 361
R
P 0x7f9493134208
P 0x7f949316f4d8
C 274
R
P 0x7f9493134208
C 361
R
P 0x7f9493134208
P 0x7f949316f4d8
C 226
R
P 0x7f9493134208
C 361
R
P 0x7f9493134208
P 0x7f949316f4d8
C 274
R
P 0x7f9493134208
C 361
R
P 0x7f9493134208
P 0x7f949316f4d8
C 9
R
P 0x7f9493134208
C 361
R
P 0x7f9493134208
C 361
R
P 0x7f9492588808
S "e1"
C 30
R
P 0x7f9492588808
C 361
R
P 0x7f9492588808
$ |e1|
C 219
R
P 0x7f9492588808
C 361
R
P 0x7f9492588808
$ |e1|
P 0x7f94925a08d8
C 51
= 0x7f94925a11f8
R
P 0x7f9492588808
C 361
R
P 0x7f9492588808
P 0x7f94925a11f8
C 274
R
P 0x7f9492588808
C 361
R
P 0x7f9492588808
P 0x7f94925a11f8
C 271
= 0x7f94925a08d8
R
P 0x7f9492588808
C 361
R
P 0x7f9492588808
P 0x7f94925a08d8
C 226
R
P 0x7f9492588808
C 361
R
P 0x7f9492588808
P 0x7f94925a11f8
C 277
R
P 0x7f9492588808
C 361
R
P 0x7f9492588808
P 0x7f94925a11f8
C 276
R
P 0x7f9492588808
C 361
R
P 0x7f9492588808
P 0x7f94925a11f8
C 275
R
P 0x7f9492588808
C 361
R
P 0x7f9492588808
P 0x7f94925a11f8
C 9
R
P 0x7f9492588808
C 361
R
P 0x7f9493134208
S "e1"
C 30
R
P 0x7f9493134208
C 361
R
P 0x7f9493134208
$ |e1|
C 219
R
P 0x7f9493134208
C 361
R
P 0x7f9493134208
$ |e1|
P 0x7f949316f4d8
C 51
= 0x7f949316fdf8
R
P 0x7f9493134208
C 361
R
P 0x7f9493134208
P 0x7f949316fdf8
C 274
R
P 0x7f9493134208
C 361
R
P 0x7f9493134208
P 0x7f949316fdf8
C 271
= 0x7f949316f4d8
R
P 0x7f9493134208
C 361
R
P 0x7f9493134208
P 0x7f949316f4d8
C 226
R
P 0x7f9493134208
C 361
R
P 0x7f9493134208
P 0x7f949316fdf8
C 277
R
P 0x7f9493134208
C 361
R
P 0x7f9493134208
P 0x7f949316fdf8
C 276
R
P 0x7f9493134208
C 361
R
P 0x7f9493134208
P 0x7f949316fdf8
C 275
R
P 0x7f9493134208
C 361
R
P 0x7f9493134208
P 0x7f949316fdf8
C 9
R
P 0x7f9493134208
C 361
R
P 0x7f9492588808
P 0x7f94925a11f8
P 0x7f9493134208
C 317
= 0x7f949316fdf8
R
P 0x7f9492588808
C 361
R
P 0x7f9493134208
P 0x7f949316fdf8
C 274
R
P 0x7f9493134208
C 361
R
P 0x7f9493134208
P 0x7f949316fdf8
C 274
R
P 0x7f9493134208
C 361
R
P 0x7f9493134208
P 0x7f949316fdf8
C 271
= 0x7f949316f4d8
R
P 0x7f9493134208
C 361
R
P 0x7f9493134208
P 0x7f949316f4d8
C 226
R
P 0x7f9493134208
C 361
R
P 0x7f9493134208
P 0x7f949316fdf8
C 277
R
P 0x7f9493134208
C 361
R
P 0x7f9493134208
P 0x7f949316fdf8
C 276
R
P 0x7f9493134208
C 361
R
P 0x7f9493134208
P 0x7f949316fdf8
C 275
R
P 0x7f9493134208
C 361
R
P 0x7f9493134208
P 0x7f949316fdf8
C 9
R
P 0x7f9493134208
C 361
R
P 0x7f9493134208
C 361
